<?xml version="1.0"?>
<link_info>
   <banner>TMS320C2000 Linker PC v6.2.0</banner>
   <copyright>Copyright (c) 1996-2013 Texas Instruments Incorporated</copyright>
   <link_time>0x56cc6185</link_time>
   <link_errors>0x0</link_errors>
   <output_file>LED.out</output_file>
   <entry_point>
      <name>_c_int00</name>
      <address>0xaf38</address>
   </entry_point>
   <input_file_list>
      <input_file id="fl-2">
         <path>.\</path>
         <kind>object</kind>
         <file>pwm.obj</file>
         <name>pwm.obj</name>
      </input_file>
      <input_file id="fl-3">
         <path>.\</path>
         <kind>object</kind>
         <file>nrf24l01.obj</file>
         <name>nrf24l01.obj</name>
      </input_file>
      <input_file id="fl-4">
         <path>.\</path>
         <kind>object</kind>
         <file>hardware_I2C.obj</file>
         <name>hardware_I2C.obj</name>
      </input_file>
      <input_file id="fl-5">
         <path>.\</path>
         <kind>object</kind>
         <file>flow.obj</file>
         <name>flow.obj</name>
      </input_file>
      <input_file id="fl-6">
         <path>.\</path>
         <kind>object</kind>
         <file>fast_math.obj</file>
         <name>fast_math.obj</name>
      </input_file>
      <input_file id="fl-7">
         <path>.\</path>
         <kind>object</kind>
         <file>control.obj</file>
         <name>control.obj</name>
      </input_file>
      <input_file id="fl-8">
         <path>.\</path>
         <kind>object</kind>
         <file>capture.obj</file>
         <name>capture.obj</name>
      </input_file>
      <input_file id="fl-9">
         <path>.\</path>
         <kind>object</kind>
         <file>MS5611.obj</file>
         <name>MS5611.obj</name>
      </input_file>
      <input_file id="fl-a">
         <path>.\</path>
         <kind>object</kind>
         <file>MPU6050.obj</file>
         <name>MPU6050.obj</name>
      </input_file>
      <input_file id="fl-b">
         <path>.\</path>
         <kind>object</kind>
         <file>LED.obj</file>
         <name>LED.obj</name>
      </input_file>
      <input_file id="fl-c">
         <path>.\</path>
         <kind>object</kind>
         <file>IMU.obj</file>
         <name>IMU.obj</name>
      </input_file>
      <input_file id="fl-d">
         <path>.\</path>
         <kind>object</kind>
         <file>I2C.obj</file>
         <name>I2C.obj</name>
      </input_file>
      <input_file id="fl-e">
         <path>.\</path>
         <kind>object</kind>
         <file>Data_Transfer.obj</file>
         <name>Data_Transfer.obj</name>
      </input_file>
      <input_file id="fl-f">
         <path>.\</path>
         <kind>object</kind>
         <file>DSP2833x_usDelay.obj</file>
         <name>DSP2833x_usDelay.obj</name>
      </input_file>
      <input_file id="fl-10">
         <path>.\</path>
         <kind>object</kind>
         <file>DSP2833x_Xintf.obj</file>
         <name>DSP2833x_Xintf.obj</name>
      </input_file>
      <input_file id="fl-11">
         <path>.\</path>
         <kind>object</kind>
         <file>DSP2833x_SysCtrl.obj</file>
         <name>DSP2833x_SysCtrl.obj</name>
      </input_file>
      <input_file id="fl-12">
         <path>.\</path>
         <kind>object</kind>
         <file>DSP2833x_Spi.obj</file>
         <name>DSP2833x_Spi.obj</name>
      </input_file>
      <input_file id="fl-13">
         <path>.\</path>
         <kind>object</kind>
         <file>DSP2833x_Sci.obj</file>
         <name>DSP2833x_Sci.obj</name>
      </input_file>
      <input_file id="fl-14">
         <path>.\</path>
         <kind>object</kind>
         <file>DSP2833x_PieVect.obj</file>
         <name>DSP2833x_PieVect.obj</name>
      </input_file>
      <input_file id="fl-15">
         <path>.\</path>
         <kind>object</kind>
         <file>DSP2833x_PieCtrl.obj</file>
         <name>DSP2833x_PieCtrl.obj</name>
      </input_file>
      <input_file id="fl-16">
         <path>.\</path>
         <kind>object</kind>
         <file>DSP2833x_I2C.obj</file>
         <name>DSP2833x_I2C.obj</name>
      </input_file>
      <input_file id="fl-17">
         <path>.\</path>
         <kind>object</kind>
         <file>DSP2833x_GlobalVariableDefs.obj</file>
         <name>DSP2833x_GlobalVariableDefs.obj</name>
      </input_file>
      <input_file id="fl-18">
         <path>.\</path>
         <kind>object</kind>
         <file>DSP2833x_EPwm.obj</file>
         <name>DSP2833x_EPwm.obj</name>
      </input_file>
      <input_file id="fl-19">
         <path>.\</path>
         <kind>object</kind>
         <file>DSP2833x_ECap.obj</file>
         <name>DSP2833x_ECap.obj</name>
      </input_file>
      <input_file id="fl-1a">
         <path>.\</path>
         <kind>object</kind>
         <file>DSP2833x_DefaultIsr.obj</file>
         <name>DSP2833x_DefaultIsr.obj</name>
      </input_file>
      <input_file id="fl-1b">
         <path>.\</path>
         <kind>object</kind>
         <file>DSP2833x_CpuTimers.obj</file>
         <name>DSP2833x_CpuTimers.obj</name>
      </input_file>
      <input_file id="fl-1c">
         <path>.\</path>
         <kind>object</kind>
         <file>DSP2833x_CodeStartBranch.obj</file>
         <name>DSP2833x_CodeStartBranch.obj</name>
      </input_file>
      <input_file id="fl-1d">
         <path>.\</path>
         <kind>object</kind>
         <file>DSP2833x_ADC_cal.obj</file>
         <name>DSP2833x_ADC_cal.obj</name>
      </input_file>
      <input_file id="fl-22">
         <path>C:\ti\ccsv5\tools\compiler\c2000_6.2.0\lib\</path>
         <kind>archive</kind>
         <file>rts2800_fpu32.lib</file>
         <name>asin.obj</name>
      </input_file>
      <input_file id="fl-23">
         <path>C:\ti\ccsv5\tools\compiler\c2000_6.2.0\lib\</path>
         <kind>archive</kind>
         <file>rts2800_fpu32.lib</file>
         <name>atan2.obj</name>
      </input_file>
      <input_file id="fl-24">
         <path>C:\ti\ccsv5\tools\compiler\c2000_6.2.0\lib\</path>
         <kind>archive</kind>
         <file>rts2800_fpu32.lib</file>
         <name>atan.obj</name>
      </input_file>
      <input_file id="fl-25">
         <path>C:\ti\ccsv5\tools\compiler\c2000_6.2.0\lib\</path>
         <kind>archive</kind>
         <file>rts2800_fpu32.lib</file>
         <name>boot.obj</name>
      </input_file>
      <input_file id="fl-26">
         <path>C:\ti\ccsv5\tools\compiler\c2000_6.2.0\lib\</path>
         <kind>archive</kind>
         <file>rts2800_fpu32.lib</file>
         <name>errno.obj</name>
      </input_file>
      <input_file id="fl-27">
         <path>C:\ti\ccsv5\tools\compiler\c2000_6.2.0\lib\</path>
         <kind>archive</kind>
         <file>rts2800_fpu32.lib</file>
         <name>exit.obj</name>
      </input_file>
      <input_file id="fl-28">
         <path>C:\ti\ccsv5\tools\compiler\c2000_6.2.0\lib\</path>
         <kind>archive</kind>
         <file>rts2800_fpu32.lib</file>
         <name>frexp.obj</name>
      </input_file>
      <input_file id="fl-29">
         <path>C:\ti\ccsv5\tools\compiler\c2000_6.2.0\lib\</path>
         <kind>archive</kind>
         <file>rts2800_fpu32.lib</file>
         <name>fs_div.obj</name>
      </input_file>
      <input_file id="fl-2a">
         <path>C:\ti\ccsv5\tools\compiler\c2000_6.2.0\lib\</path>
         <kind>archive</kind>
         <file>rts2800_fpu32.lib</file>
         <name>fs_toll.obj</name>
      </input_file>
      <input_file id="fl-2b">
         <path>C:\ti\ccsv5\tools\compiler\c2000_6.2.0\lib\</path>
         <kind>archive</kind>
         <file>rts2800_fpu32.lib</file>
         <name>i_div.obj</name>
      </input_file>
      <input_file id="fl-2c">
         <path>C:\ti\ccsv5\tools\compiler\c2000_6.2.0\lib\</path>
         <kind>archive</kind>
         <file>rts2800_fpu32.lib</file>
         <name>l_div.obj</name>
      </input_file>
      <input_file id="fl-2d">
         <path>C:\ti\ccsv5\tools\compiler\c2000_6.2.0\lib\</path>
         <kind>archive</kind>
         <file>rts2800_fpu32.lib</file>
         <name>ll_mpy.obj</name>
      </input_file>
      <input_file id="fl-2e">
         <path>C:\ti\ccsv5\tools\compiler\c2000_6.2.0\lib\</path>
         <kind>archive</kind>
         <file>rts2800_fpu32.lib</file>
         <name>ll_tofs.obj</name>
      </input_file>
      <input_file id="fl-2f">
         <path>C:\ti\ccsv5\tools\compiler\c2000_6.2.0\lib\</path>
         <kind>archive</kind>
         <file>rts2800_fpu32.lib</file>
         <name>_lock.obj</name>
      </input_file>
      <input_file id="fl-30">
         <path>C:\ti\ccsv5\tools\compiler\c2000_6.2.0\lib\</path>
         <kind>archive</kind>
         <file>rts2800_fpu32.lib</file>
         <name>memcpy_ff.obj</name>
      </input_file>
      <input_file id="fl-31">
         <path>C:\ti\ccsv5\tools\compiler\c2000_6.2.0\lib\</path>
         <kind>archive</kind>
         <file>rts2800_fpu32.lib</file>
         <name>sqrt.obj</name>
      </input_file>
      <input_file id="fl-32">
         <path>C:\ti\ccsv5\tools\compiler\c2000_6.2.0\lib\</path>
         <kind>archive</kind>
         <file>rts2800_fpu32.lib</file>
         <name>args_main.obj</name>
      </input_file>
   </input_file_list>
   <object_component_list>
      <object_component id="oc-10e">
         <name>codestart</name>
         <load_address>0x0</load_address>
         <run_address>0x0</run_address>
         <size>0x2</size>
         <input_file_ref idref="fl-1c"/>
      </object_component>
      <object_component id="oc-a7">
         <name>ramfuncs</name>
         <load_address>0xb60f</load_address>
         <run_address>0xb60f</run_address>
         <size>0x1b</size>
         <input_file_ref idref="fl-11"/>
      </object_component>
      <object_component id="oc-9c">
         <name>ramfuncs</name>
         <load_address>0xb62a</load_address>
         <run_address>0xb62a</run_address>
         <size>0x4</size>
         <input_file_ref idref="fl-f"/>
      </object_component>
      <object_component id="oc-63">
         <name>.text</name>
         <load_address>0x8000</load_address>
         <run_address>0x8000</run_address>
         <size>0x9e3</size>
         <input_file_ref idref="fl-7"/>
      </object_component>
      <object_component id="oc-88">
         <name>.text</name>
         <load_address>0x89e3</load_address>
         <run_address>0x89e3</run_address>
         <size>0x975</size>
         <input_file_ref idref="fl-c"/>
      </object_component>
      <object_component id="oc-103">
         <name>.text:retain</name>
         <load_address>0x9358</load_address>
         <run_address>0x9358</run_address>
         <size>0x323</size>
         <input_file_ref idref="fl-1a"/>
      </object_component>
      <object_component id="oc-79">
         <name>.text</name>
         <load_address>0x967b</load_address>
         <run_address>0x967b</run_address>
         <size>0x2a8</size>
         <input_file_ref idref="fl-a"/>
      </object_component>
      <object_component id="oc-80">
         <name>.text</name>
         <load_address>0x9923</load_address>
         <run_address>0x9923</run_address>
         <size>0x26a</size>
         <input_file_ref idref="fl-b"/>
      </object_component>
      <object_component id="oc-72">
         <name>.text</name>
         <load_address>0x9b8d</load_address>
         <run_address>0x9b8d</run_address>
         <size>0x26a</size>
         <input_file_ref idref="fl-9"/>
      </object_component>
      <object_component id="oc-96">
         <name>.text</name>
         <load_address>0x9df7</load_address>
         <run_address>0x9df7</run_address>
         <size>0x20b</size>
         <input_file_ref idref="fl-e"/>
      </object_component>
      <object_component id="oc-5e">
         <name>.text</name>
         <load_address>0xa002</load_address>
         <run_address>0xa002</run_address>
         <size>0x1f6</size>
         <input_file_ref idref="fl-6"/>
      </object_component>
      <object_component id="oc-4c">
         <name>.text</name>
         <load_address>0xa1f8</load_address>
         <run_address>0xa1f8</run_address>
         <size>0x1cd</size>
         <input_file_ref idref="fl-3"/>
      </object_component>
      <object_component id="oc-53">
         <name>.text</name>
         <load_address>0xa3c5</load_address>
         <run_address>0xa3c5</run_address>
         <size>0x173</size>
         <input_file_ref idref="fl-4"/>
      </object_component>
      <object_component id="oc-8f">
         <name>.text</name>
         <load_address>0xa538</load_address>
         <run_address>0xa538</run_address>
         <size>0x16f</size>
         <input_file_ref idref="fl-d"/>
      </object_component>
      <object_component id="oc-a0">
         <name>.text</name>
         <load_address>0xa6a7</load_address>
         <run_address>0xa6a7</run_address>
         <size>0xf6</size>
         <input_file_ref idref="fl-10"/>
      </object_component>
      <object_component id="oc-a5">
         <name>.text</name>
         <load_address>0xa79d</load_address>
         <run_address>0xa79d</run_address>
         <size>0xf3</size>
         <input_file_ref idref="fl-11"/>
      </object_component>
      <object_component id="oc-6a">
         <name>.text</name>
         <load_address>0xa890</load_address>
         <run_address>0xa890</run_address>
         <size>0xf0</size>
         <input_file_ref idref="fl-8"/>
      </object_component>
      <object_component id="oc-47">
         <name>.text</name>
         <load_address>0xa980</load_address>
         <run_address>0xa980</run_address>
         <size>0xd7</size>
         <input_file_ref idref="fl-2"/>
      </object_component>
      <object_component id="oc-6e">
         <name>.text:retain</name>
         <load_address>0xaa57</load_address>
         <run_address>0xaa57</run_address>
         <size>0xcb</size>
         <input_file_ref idref="fl-8"/>
      </object_component>
      <object_component id="oc-11b">
         <name>.text</name>
         <load_address>0xab22</load_address>
         <run_address>0xab22</run_address>
         <size>0xc4</size>
         <input_file_ref idref="fl-23"/>
      </object_component>
      <object_component id="oc-f8">
         <name>.text</name>
         <load_address>0xabe6</load_address>
         <run_address>0xabe6</run_address>
         <size>0xa1</size>
         <input_file_ref idref="fl-18"/>
      </object_component>
      <object_component id="oc-13a">
         <name>.text</name>
         <load_address>0xac87</load_address>
         <run_address>0xac87</run_address>
         <size>0x88</size>
         <input_file_ref idref="fl-29"/>
      </object_component>
      <object_component id="oc-107">
         <name>.text</name>
         <load_address>0xad0f</load_address>
         <run_address>0xad0f</run_address>
         <size>0x7c</size>
         <input_file_ref idref="fl-1b"/>
      </object_component>
      <object_component id="oc-116">
         <name>.text</name>
         <load_address>0xad8b</load_address>
         <run_address>0xad8b</run_address>
         <size>0x77</size>
         <input_file_ref idref="fl-22"/>
      </object_component>
      <object_component id="oc-120">
         <name>.text</name>
         <load_address>0xae02</load_address>
         <run_address>0xae02</run_address>
         <size>0x6f</size>
         <input_file_ref idref="fl-24"/>
      </object_component>
      <object_component id="oc-84">
         <name>.text:retain</name>
         <load_address>0xae71</load_address>
         <run_address>0xae71</run_address>
         <size>0x65</size>
         <input_file_ref idref="fl-b"/>
      </object_component>
      <object_component id="oc-fd">
         <name>.text</name>
         <load_address>0xaed6</load_address>
         <run_address>0xaed6</run_address>
         <size>0x62</size>
         <input_file_ref idref="fl-19"/>
      </object_component>
      <object_component id="oc-46">
         <name>.text</name>
         <load_address>0xaf38</load_address>
         <run_address>0xaf38</run_address>
         <size>0x46</size>
         <input_file_ref idref="fl-25"/>
      </object_component>
      <object_component id="oc-b0">
         <name>.text</name>
         <load_address>0xaf7e</load_address>
         <run_address>0xaf7e</run_address>
         <size>0x43</size>
         <input_file_ref idref="fl-13"/>
      </object_component>
      <object_component id="oc-ab">
         <name>.text</name>
         <load_address>0xafc1</load_address>
         <run_address>0xafc1</run_address>
         <size>0x2c</size>
         <input_file_ref idref="fl-12"/>
      </object_component>
      <object_component id="oc-146">
         <name>.text</name>
         <load_address>0xafed</load_address>
         <run_address>0xafed</run_address>
         <size>0x2a</size>
         <input_file_ref idref="fl-2c"/>
      </object_component>
      <object_component id="oc-bb">
         <name>.text</name>
         <load_address>0xb017</load_address>
         <run_address>0xb017</run_address>
         <size>0x28</size>
         <input_file_ref idref="fl-15"/>
      </object_component>
      <object_component id="oc-c0">
         <name>.text</name>
         <load_address>0xb03f</load_address>
         <run_address>0xb03f</run_address>
         <size>0x26</size>
         <input_file_ref idref="fl-16"/>
      </object_component>
      <object_component id="oc-13e">
         <name>.text</name>
         <load_address>0xb065</load_address>
         <run_address>0xb065</run_address>
         <size>0x26</size>
         <input_file_ref idref="fl-2a"/>
      </object_component>
      <object_component id="oc-15e">
         <name>.text</name>
         <load_address>0xb08c</load_address>
         <run_address>0xb08c</run_address>
         <size>0x23</size>
         <input_file_ref idref="fl-31"/>
      </object_component>
      <object_component id="oc-142">
         <name>.text</name>
         <load_address>0xb0af</load_address>
         <run_address>0xb0af</run_address>
         <size>0x22</size>
         <input_file_ref idref="fl-2b"/>
      </object_component>
      <object_component id="oc-159">
         <name>.text</name>
         <load_address>0xb0d1</load_address>
         <run_address>0xb0d1</run_address>
         <size>0x21</size>
         <input_file_ref idref="fl-30"/>
      </object_component>
      <object_component id="oc-b5">
         <name>.text</name>
         <load_address>0xb0f2</load_address>
         <run_address>0xb0f2</run_address>
         <size>0x20</size>
         <input_file_ref idref="fl-14"/>
      </object_component>
      <object_component id="oc-14e">
         <name>.text</name>
         <load_address>0xb112</load_address>
         <run_address>0xb112</run_address>
         <size>0x20</size>
         <input_file_ref idref="fl-2e"/>
      </object_component>
      <object_component id="oc-163">
         <name>.text</name>
         <load_address>0xb132</load_address>
         <run_address>0xb132</run_address>
         <size>0x19</size>
         <input_file_ref idref="fl-32"/>
      </object_component>
      <object_component id="oc-12e">
         <name>.text</name>
         <load_address>0xb14b</load_address>
         <run_address>0xb14b</run_address>
         <size>0x19</size>
         <input_file_ref idref="fl-27"/>
      </object_component>
      <object_component id="oc-135">
         <name>.text</name>
         <load_address>0xb164</load_address>
         <run_address>0xb164</run_address>
         <size>0x16</size>
         <input_file_ref idref="fl-28"/>
      </object_component>
      <object_component id="oc-14a">
         <name>.text</name>
         <load_address>0xb17a</load_address>
         <run_address>0xb17a</run_address>
         <size>0x14</size>
         <input_file_ref idref="fl-2d"/>
      </object_component>
      <object_component id="oc-152">
         <name>.text</name>
         <load_address>0xb18e</load_address>
         <run_address>0xb18e</run_address>
         <size>0x9</size>
         <input_file_ref idref="fl-2f"/>
      </object_component>
      <object_component id="oc-10d">
         <name>.text</name>
         <load_address>0xb197</load_address>
         <run_address>0xb197</run_address>
         <size>0x8</size>
         <input_file_ref idref="fl-1c"/>
      </object_component>
      <object_component id="oc-65">
         <name>.cinit</name>
         <load_address>0xb19f</load_address>
         <run_address>0xb19f</run_address>
         <size>0x24a</size>
         <input_file_ref idref="fl-7"/>
      </object_component>
      <object_component id="oc-8a">
         <name>.cinit</name>
         <load_address>0xb3e9</load_address>
         <run_address>0xb3e9</run_address>
         <size>0x8d</size>
         <input_file_ref idref="fl-c"/>
      </object_component>
      <object_component id="oc-82">
         <name>.cinit</name>
         <load_address>0xb476</load_address>
         <run_address>0xb476</run_address>
         <size>0x7d</size>
         <input_file_ref idref="fl-b"/>
      </object_component>
      <object_component id="oc-4e">
         <name>.cinit</name>
         <load_address>0xb4f3</load_address>
         <run_address>0xb4f3</run_address>
         <size>0x58</size>
         <input_file_ref idref="fl-3"/>
      </object_component>
      <object_component id="oc-6c">
         <name>.cinit</name>
         <load_address>0xb54b</load_address>
         <run_address>0xb54b</run_address>
         <size>0x54</size>
         <input_file_ref idref="fl-8"/>
      </object_component>
      <object_component id="oc-74">
         <name>.cinit</name>
         <load_address>0xb59f</load_address>
         <run_address>0xb59f</run_address>
         <size>0x27</size>
         <input_file_ref idref="fl-9"/>
      </object_component>
      <object_component id="oc-7b">
         <name>.cinit</name>
         <load_address>0xb5c6</load_address>
         <run_address>0xb5c6</run_address>
         <size>0x17</size>
         <input_file_ref idref="fl-a"/>
      </object_component>
      <object_component id="oc-55">
         <name>.cinit</name>
         <load_address>0xb5dd</load_address>
         <run_address>0xb5dd</run_address>
         <size>0xc</size>
         <input_file_ref idref="fl-4"/>
      </object_component>
      <object_component id="oc-154">
         <name>.cinit</name>
         <load_address>0xb5e9</load_address>
         <run_address>0xb5e9</run_address>
         <size>0xa</size>
         <input_file_ref idref="fl-2f"/>
      </object_component>
      <object_component id="oc-130">
         <name>.cinit</name>
         <load_address>0xb5f3</load_address>
         <run_address>0xb5f3</run_address>
         <size>0xa</size>
         <input_file_ref idref="fl-27"/>
      </object_component>
      <object_component id="oc-91">
         <name>.cinit</name>
         <load_address>0xb5fd</load_address>
         <run_address>0xb5fd</run_address>
         <size>0x8</size>
         <input_file_ref idref="fl-d"/>
      </object_component>
      <object_component id="oc-5b">
         <name>.cinit</name>
         <load_address>0xb605</load_address>
         <run_address>0xb605</run_address>
         <size>0x4</size>
         <input_file_ref idref="fl-5"/>
      </object_component>
      <object_component id="oc-12b">
         <name>.cinit</name>
         <load_address>0xb609</load_address>
         <run_address>0xb609</run_address>
         <size>0x4</size>
         <input_file_ref idref="fl-26"/>
      </object_component>
      <object_component id="oc-125">
         <name>.stack</name>
         <uninitialized>true</uninitialized>
         <run_address>0x400</run_address>
         <size>0x0</size>
         <input_file_ref idref="fl-25"/>
      </object_component>
      <object_component id="oc-1b9">
         <name>.stack</name>
         <uninitialized>true</uninitialized>
         <run_address>0x400</run_address>
         <size>0x0</size>
      </object_component>
      <object_component id="oc-4f">
         <name>.ebss</name>
         <uninitialized>true</uninitialized>
         <run_address>0xc400</run_address>
         <size>0x60</size>
         <input_file_ref idref="fl-3"/>
      </object_component>
      <object_component id="oc-56">
         <name>.ebss</name>
         <uninitialized>true</uninitialized>
         <run_address>0xc3f2</run_address>
         <size>0x9</size>
         <input_file_ref idref="fl-4"/>
      </object_component>
      <object_component id="oc-5c">
         <name>.ebss</name>
         <uninitialized>true</uninitialized>
         <run_address>0xc462</run_address>
         <size>0x2</size>
         <input_file_ref idref="fl-5"/>
      </object_component>
      <object_component id="oc-66">
         <name>.ebss</name>
         <uninitialized>true</uninitialized>
         <run_address>0xc000</run_address>
         <size>0x224</size>
         <input_file_ref idref="fl-7"/>
      </object_component>
      <object_component id="oc-6d">
         <name>.ebss</name>
         <uninitialized>true</uninitialized>
         <run_address>0xc500</run_address>
         <size>0x22</size>
         <input_file_ref idref="fl-8"/>
      </object_component>
      <object_component id="oc-75">
         <name>.ebss</name>
         <uninitialized>true</uninitialized>
         <run_address>0xc4c0</run_address>
         <size>0x32</size>
         <input_file_ref idref="fl-9"/>
      </object_component>
      <object_component id="oc-7c">
         <name>.ebss</name>
         <uninitialized>true</uninitialized>
         <run_address>0xc35a</run_address>
         <size>0x26</size>
         <input_file_ref idref="fl-a"/>
      </object_component>
      <object_component id="oc-83">
         <name>.ebss</name>
         <uninitialized>true</uninitialized>
         <run_address>0xc240</run_address>
         <size>0x11a</size>
         <input_file_ref idref="fl-b"/>
      </object_component>
      <object_component id="oc-8b">
         <name>.ebss</name>
         <uninitialized>true</uninitialized>
         <run_address>0xc380</run_address>
         <size>0x72</size>
         <input_file_ref idref="fl-c"/>
      </object_component>
      <object_component id="oc-92">
         <name>.ebss</name>
         <uninitialized>true</uninitialized>
         <run_address>0xc460</run_address>
         <size>0x2</size>
         <input_file_ref idref="fl-d"/>
      </object_component>
      <object_component id="oc-98">
         <name>.ebss</name>
         <uninitialized>true</uninitialized>
         <run_address>0xc480</run_address>
         <size>0x3e</size>
         <input_file_ref idref="fl-e"/>
      </object_component>
      <object_component id="oc-109">
         <name>.ebss</name>
         <uninitialized>true</uninitialized>
         <run_address>0xc224</run_address>
         <size>0x18</size>
         <input_file_ref idref="fl-1b"/>
      </object_component>
      <object_component id="oc-12c">
         <name>.ebss</name>
         <uninitialized>true</uninitialized>
         <run_address>0xc3fb</run_address>
         <size>0x1</size>
         <input_file_ref idref="fl-26"/>
      </object_component>
      <object_component id="oc-131">
         <name>.ebss</name>
         <uninitialized>true</uninitialized>
         <run_address>0xc3fc</run_address>
         <size>0x4</size>
         <input_file_ref idref="fl-27"/>
      </object_component>
      <object_component id="oc-155">
         <name>.ebss</name>
         <uninitialized>true</uninitialized>
         <run_address>0xc23c</run_address>
         <size>0x4</size>
         <input_file_ref idref="fl-2f"/>
      </object_component>
      <object_component id="oc-b7">
         <name>.econst</name>
         <load_address>0xc522</load_address>
         <run_address>0xc522</run_address>
         <size>0x100</size>
         <input_file_ref idref="fl-14"/>
      </object_component>
      <object_component id="oc-16b">
         <name>.econst:_a$1</name>
         <load_address>0xc622</load_address>
         <run_address>0xc622</run_address>
         <size>0x8</size>
         <input_file_ref idref="fl-24"/>
      </object_component>
      <object_component id="oc-16a">
         <name>.econst:_a$1</name>
         <load_address>0xc62a</load_address>
         <run_address>0xc62a</run_address>
         <size>0x8</size>
         <input_file_ref idref="fl-23"/>
      </object_component>
      <object_component id="oc-168">
         <name>.econst:.string:_$P$T0$1</name>
         <load_address>0xc632</load_address>
         <run_address>0xc632</run_address>
         <size>0x5</size>
         <input_file_ref idref="fl-3"/>
      </object_component>
      <object_component id="oc-169">
         <name>.econst:_c$1</name>
         <load_address>0xc638</load_address>
         <run_address>0xc638</run_address>
         <size>0x4</size>
         <input_file_ref idref="fl-22"/>
      </object_component>
      <object_component id="oc-126">
         <name>.reset</name>
         <load_address>0x3fffc0</load_address>
         <run_address>0x3fffc0</run_address>
         <size>0x2</size>
         <input_file_ref idref="fl-25"/>
      </object_component>
      <object_component id="oc-112">
         <name>.adc_cal</name>
         <load_address>0x380080</load_address>
         <run_address>0x380080</run_address>
         <size>0x7</size>
         <input_file_ref idref="fl-1d"/>
      </object_component>
      <object_component id="oc-f6">
         <name>PieVectTableFile</name>
         <uninitialized>true</uninitialized>
         <run_address>0xd00</run_address>
         <size>0x100</size>
         <input_file_ref idref="fl-17"/>
      </object_component>
      <object_component id="oc-f2">
         <name>DevEmuRegsFile</name>
         <uninitialized>true</uninitialized>
         <run_address>0x880</run_address>
         <size>0xd0</size>
         <input_file_ref idref="fl-17"/>
      </object_component>
      <object_component id="oc-c8">
         <name>FlashRegsFile</name>
         <uninitialized>true</uninitialized>
         <run_address>0xa80</run_address>
         <size>0x8</size>
         <input_file_ref idref="fl-17"/>
      </object_component>
      <object_component id="oc-d2">
         <name>CsmRegsFile</name>
         <uninitialized>true</uninitialized>
         <run_address>0xae0</run_address>
         <size>0x10</size>
         <input_file_ref idref="fl-17"/>
      </object_component>
      <object_component id="oc-d1">
         <name>AdcMirrorFile</name>
         <uninitialized>true</uninitialized>
         <run_address>0xb00</run_address>
         <size>0x10</size>
         <input_file_ref idref="fl-17"/>
      </object_component>
      <object_component id="oc-d5">
         <name>XintfRegsFile</name>
         <uninitialized>true</uninitialized>
         <run_address>0xb20</run_address>
         <size>0x1e</size>
         <input_file_ref idref="fl-17"/>
      </object_component>
      <object_component id="oc-c9">
         <name>CpuTimer0RegsFile</name>
         <uninitialized>true</uninitialized>
         <run_address>0xc00</run_address>
         <size>0x8</size>
         <input_file_ref idref="fl-17"/>
      </object_component>
      <object_component id="oc-c7">
         <name>CpuTimer1RegsFile</name>
         <uninitialized>true</uninitialized>
         <run_address>0xc08</run_address>
         <size>0x8</size>
         <input_file_ref idref="fl-17"/>
      </object_component>
      <object_component id="oc-c6">
         <name>CpuTimer2RegsFile</name>
         <uninitialized>true</uninitialized>
         <run_address>0xc10</run_address>
         <size>0x8</size>
         <input_file_ref idref="fl-17"/>
      </object_component>
      <object_component id="oc-d3">
         <name>PieCtrlRegsFile</name>
         <uninitialized>true</uninitialized>
         <run_address>0xce0</run_address>
         <size>0x1a</size>
         <input_file_ref idref="fl-17"/>
      </object_component>
      <object_component id="oc-f3">
         <name>DmaRegsFile</name>
         <uninitialized>true</uninitialized>
         <run_address>0x1000</run_address>
         <size>0xe0</size>
         <input_file_ref idref="fl-17"/>
      </object_component>
      <object_component id="oc-e5">
         <name>McbspaRegsFile</name>
         <uninitialized>true</uninitialized>
         <run_address>0x5000</run_address>
         <size>0x25</size>
         <input_file_ref idref="fl-17"/>
      </object_component>
      <object_component id="oc-e6">
         <name>McbspbRegsFile</name>
         <uninitialized>true</uninitialized>
         <run_address>0x5040</run_address>
         <size>0x25</size>
         <input_file_ref idref="fl-17"/>
      </object_component>
      <object_component id="oc-e9">
         <name>ECanaRegsFile</name>
         <uninitialized>true</uninitialized>
         <run_address>0x6000</run_address>
         <size>0x34</size>
         <input_file_ref idref="fl-17"/>
      </object_component>
      <object_component id="oc-ec">
         <name>ECanaLAMRegsFile</name>
         <uninitialized>true</uninitialized>
         <run_address>0x6040</run_address>
         <size>0x40</size>
         <input_file_ref idref="fl-17"/>
      </object_component>
      <object_component id="oc-f5">
         <name>ECanaMboxesFile</name>
         <uninitialized>true</uninitialized>
         <run_address>0x6100</run_address>
         <size>0x100</size>
         <input_file_ref idref="fl-17"/>
      </object_component>
      <object_component id="oc-ed">
         <name>ECanaMOTSRegsFile</name>
         <uninitialized>true</uninitialized>
         <run_address>0x6080</run_address>
         <size>0x40</size>
         <input_file_ref idref="fl-17"/>
      </object_component>
      <object_component id="oc-ea">
         <name>ECanaMOTORegsFile</name>
         <uninitialized>true</uninitialized>
         <run_address>0x60c0</run_address>
         <size>0x40</size>
         <input_file_ref idref="fl-17"/>
      </object_component>
      <object_component id="oc-e8">
         <name>ECanbRegsFile</name>
         <uninitialized>true</uninitialized>
         <run_address>0x6200</run_address>
         <size>0x34</size>
         <input_file_ref idref="fl-17"/>
      </object_component>
      <object_component id="oc-f0">
         <name>ECanbLAMRegsFile</name>
         <uninitialized>true</uninitialized>
         <run_address>0x6240</run_address>
         <size>0x40</size>
         <input_file_ref idref="fl-17"/>
      </object_component>
      <object_component id="oc-f4">
         <name>ECanbMboxesFile</name>
         <uninitialized>true</uninitialized>
         <run_address>0x6300</run_address>
         <size>0x100</size>
         <input_file_ref idref="fl-17"/>
      </object_component>
      <object_component id="oc-eb">
         <name>ECanbMOTSRegsFile</name>
         <uninitialized>true</uninitialized>
         <run_address>0x6280</run_address>
         <size>0x40</size>
         <input_file_ref idref="fl-17"/>
      </object_component>
      <object_component id="oc-ee">
         <name>ECanbMOTORegsFile</name>
         <uninitialized>true</uninitialized>
         <run_address>0x62c0</run_address>
         <size>0x40</size>
         <input_file_ref idref="fl-17"/>
      </object_component>
      <object_component id="oc-e0">
         <name>EPwm1RegsFile</name>
         <uninitialized>true</uninitialized>
         <run_address>0x6800</run_address>
         <size>0x22</size>
         <input_file_ref idref="fl-17"/>
      </object_component>
      <object_component id="oc-df">
         <name>EPwm2RegsFile</name>
         <uninitialized>true</uninitialized>
         <run_address>0x6840</run_address>
         <size>0x22</size>
         <input_file_ref idref="fl-17"/>
      </object_component>
      <object_component id="oc-e1">
         <name>EPwm3RegsFile</name>
         <uninitialized>true</uninitialized>
         <run_address>0x6880</run_address>
         <size>0x22</size>
         <input_file_ref idref="fl-17"/>
      </object_component>
      <object_component id="oc-e3">
         <name>EPwm4RegsFile</name>
         <uninitialized>true</uninitialized>
         <run_address>0x68c0</run_address>
         <size>0x22</size>
         <input_file_ref idref="fl-17"/>
      </object_component>
      <object_component id="oc-e2">
         <name>EPwm5RegsFile</name>
         <uninitialized>true</uninitialized>
         <run_address>0x6900</run_address>
         <size>0x22</size>
         <input_file_ref idref="fl-17"/>
      </object_component>
      <object_component id="oc-e4">
         <name>EPwm6RegsFile</name>
         <uninitialized>true</uninitialized>
         <run_address>0x6940</run_address>
         <size>0x22</size>
         <input_file_ref idref="fl-17"/>
      </object_component>
      <object_component id="oc-dc">
         <name>ECap1RegsFile</name>
         <uninitialized>true</uninitialized>
         <run_address>0x6a00</run_address>
         <size>0x20</size>
         <input_file_ref idref="fl-17"/>
      </object_component>
      <object_component id="oc-d8">
         <name>ECap2RegsFile</name>
         <uninitialized>true</uninitialized>
         <run_address>0x6a20</run_address>
         <size>0x20</size>
         <input_file_ref idref="fl-17"/>
      </object_component>
      <object_component id="oc-d9">
         <name>ECap3RegsFile</name>
         <uninitialized>true</uninitialized>
         <run_address>0x6a40</run_address>
         <size>0x20</size>
         <input_file_ref idref="fl-17"/>
      </object_component>
      <object_component id="oc-d6">
         <name>ECap4RegsFile</name>
         <uninitialized>true</uninitialized>
         <run_address>0x6a60</run_address>
         <size>0x20</size>
         <input_file_ref idref="fl-17"/>
      </object_component>
      <object_component id="oc-d7">
         <name>ECap5RegsFile</name>
         <uninitialized>true</uninitialized>
         <run_address>0x6a80</run_address>
         <size>0x20</size>
         <input_file_ref idref="fl-17"/>
      </object_component>
      <object_component id="oc-dd">
         <name>ECap6RegsFile</name>
         <uninitialized>true</uninitialized>
         <run_address>0x6aa0</run_address>
         <size>0x20</size>
         <input_file_ref idref="fl-17"/>
      </object_component>
      <object_component id="oc-f1">
         <name>EQep1RegsFile</name>
         <uninitialized>true</uninitialized>
         <run_address>0x6b00</run_address>
         <size>0x40</size>
         <input_file_ref idref="fl-17"/>
      </object_component>
      <object_component id="oc-ef">
         <name>EQep2RegsFile</name>
         <uninitialized>true</uninitialized>
         <run_address>0x6b40</run_address>
         <size>0x40</size>
         <input_file_ref idref="fl-17"/>
      </object_component>
      <object_component id="oc-e7">
         <name>GpioCtrlRegsFile</name>
         <uninitialized>true</uninitialized>
         <run_address>0x6f80</run_address>
         <size>0x2e</size>
         <input_file_ref idref="fl-17"/>
      </object_component>
      <object_component id="oc-da">
         <name>GpioDataRegsFile</name>
         <uninitialized>true</uninitialized>
         <run_address>0x6fc0</run_address>
         <size>0x20</size>
         <input_file_ref idref="fl-17"/>
      </object_component>
      <object_component id="oc-cb">
         <name>GpioIntRegsFile</name>
         <uninitialized>true</uninitialized>
         <run_address>0x6fe0</run_address>
         <size>0xa</size>
         <input_file_ref idref="fl-17"/>
      </object_component>
      <object_component id="oc-db">
         <name>SysCtrlRegsFile</name>
         <uninitialized>true</uninitialized>
         <run_address>0x7010</run_address>
         <size>0x20</size>
         <input_file_ref idref="fl-17"/>
      </object_component>
      <object_component id="oc-ce">
         <name>SpiaRegsFile</name>
         <uninitialized>true</uninitialized>
         <run_address>0x7040</run_address>
         <size>0x10</size>
         <input_file_ref idref="fl-17"/>
      </object_component>
      <object_component id="oc-cf">
         <name>SciaRegsFile</name>
         <uninitialized>true</uninitialized>
         <run_address>0x7050</run_address>
         <size>0x10</size>
         <input_file_ref idref="fl-17"/>
      </object_component>
      <object_component id="oc-d0">
         <name>XIntruptRegsFile</name>
         <uninitialized>true</uninitialized>
         <run_address>0x7070</run_address>
         <size>0x10</size>
         <input_file_ref idref="fl-17"/>
      </object_component>
      <object_component id="oc-d4">
         <name>AdcRegsFile</name>
         <uninitialized>true</uninitialized>
         <run_address>0x7100</run_address>
         <size>0x1e</size>
         <input_file_ref idref="fl-17"/>
      </object_component>
      <object_component id="oc-cd">
         <name>ScibRegsFile</name>
         <uninitialized>true</uninitialized>
         <run_address>0x7750</run_address>
         <size>0x10</size>
         <input_file_ref idref="fl-17"/>
      </object_component>
      <object_component id="oc-cc">
         <name>ScicRegsFile</name>
         <uninitialized>true</uninitialized>
         <run_address>0x7770</run_address>
         <size>0x10</size>
         <input_file_ref idref="fl-17"/>
      </object_component>
      <object_component id="oc-de">
         <name>I2caRegsFile</name>
         <uninitialized>true</uninitialized>
         <run_address>0x7900</run_address>
         <size>0x22</size>
         <input_file_ref idref="fl-17"/>
      </object_component>
      <object_component id="oc-ca">
         <name>CsmPwlFile</name>
         <uninitialized>true</uninitialized>
         <run_address>0x33fff8</run_address>
         <size>0x8</size>
         <input_file_ref idref="fl-17"/>
      </object_component>
      <object_component id="oc-48">
         <name>.debug_info</name>
         <load_address>0x0</load_address>
         <run_address>0x0</run_address>
         <size>0x2491</size>
         <input_file_ref idref="fl-2"/>
      </object_component>
      <object_component id="oc-4d">
         <name>.debug_info</name>
         <load_address>0x2491</load_address>
         <run_address>0x2491</run_address>
         <size>0x3545</size>
         <input_file_ref idref="fl-3"/>
      </object_component>
      <object_component id="oc-54">
         <name>.debug_info</name>
         <load_address>0x59d6</load_address>
         <run_address>0x59d6</run_address>
         <size>0x144e</size>
         <input_file_ref idref="fl-4"/>
      </object_component>
      <object_component id="oc-5a">
         <name>.debug_info</name>
         <load_address>0x6e24</load_address>
         <run_address>0x6e24</run_address>
         <size>0x363</size>
         <input_file_ref idref="fl-5"/>
      </object_component>
      <object_component id="oc-5f">
         <name>.debug_info</name>
         <load_address>0x7187</load_address>
         <run_address>0x7187</run_address>
         <size>0x90b</size>
         <input_file_ref idref="fl-6"/>
      </object_component>
      <object_component id="oc-64">
         <name>.debug_info</name>
         <load_address>0x7a92</load_address>
         <run_address>0x7a92</run_address>
         <size>0x1ce7</size>
         <input_file_ref idref="fl-7"/>
      </object_component>
      <object_component id="oc-6b">
         <name>.debug_info</name>
         <load_address>0x9779</load_address>
         <run_address>0x9779</run_address>
         <size>0x172d</size>
         <input_file_ref idref="fl-8"/>
      </object_component>
      <object_component id="oc-73">
         <name>.debug_info</name>
         <load_address>0xaea6</load_address>
         <run_address>0xaea6</run_address>
         <size>0xf1c</size>
         <input_file_ref idref="fl-9"/>
      </object_component>
      <object_component id="oc-7a">
         <name>.debug_info</name>
         <load_address>0xbdc2</load_address>
         <run_address>0xbdc2</run_address>
         <size>0x14fa</size>
         <input_file_ref idref="fl-a"/>
      </object_component>
      <object_component id="oc-81">
         <name>.debug_info</name>
         <load_address>0xd2bc</load_address>
         <run_address>0xd2bc</run_address>
         <size>0x4f67</size>
         <input_file_ref idref="fl-b"/>
      </object_component>
      <object_component id="oc-89">
         <name>.debug_info</name>
         <load_address>0x12223</load_address>
         <run_address>0x12223</run_address>
         <size>0x12b6</size>
         <input_file_ref idref="fl-c"/>
      </object_component>
      <object_component id="oc-90">
         <name>.debug_info</name>
         <load_address>0x134d9</load_address>
         <run_address>0x134d9</run_address>
         <size>0x2d5b</size>
         <input_file_ref idref="fl-d"/>
      </object_component>
      <object_component id="oc-97">
         <name>.debug_info</name>
         <load_address>0x16234</load_address>
         <run_address>0x16234</run_address>
         <size>0x87a</size>
         <input_file_ref idref="fl-e"/>
      </object_component>
      <object_component id="oc-9d">
         <name>.debug_info</name>
         <load_address>0x16aae</load_address>
         <run_address>0x16aae</run_address>
         <size>0xd3</size>
         <input_file_ref idref="fl-f"/>
      </object_component>
      <object_component id="oc-a1">
         <name>.debug_info</name>
         <load_address>0x16b81</load_address>
         <run_address>0x16b81</run_address>
         <size>0x21bc</size>
         <input_file_ref idref="fl-10"/>
      </object_component>
      <object_component id="oc-a6">
         <name>.debug_info</name>
         <load_address>0x18d3d</load_address>
         <run_address>0x18d3d</run_address>
         <size>0x1eef</size>
         <input_file_ref idref="fl-11"/>
      </object_component>
      <object_component id="oc-ac">
         <name>.debug_info</name>
         <load_address>0x1ac2c</load_address>
         <run_address>0x1ac2c</run_address>
         <size>0x1c45</size>
         <input_file_ref idref="fl-12"/>
      </object_component>
      <object_component id="oc-b1">
         <name>.debug_info</name>
         <load_address>0x1c871</load_address>
         <run_address>0x1c871</run_address>
         <size>0x1cff</size>
         <input_file_ref idref="fl-13"/>
      </object_component>
      <object_component id="oc-b6">
         <name>.debug_info</name>
         <load_address>0x1e570</load_address>
         <run_address>0x1e570</run_address>
         <size>0x227f</size>
         <input_file_ref idref="fl-14"/>
      </object_component>
      <object_component id="oc-bc">
         <name>.debug_info</name>
         <load_address>0x207ef</load_address>
         <run_address>0x207ef</run_address>
         <size>0xb15</size>
         <input_file_ref idref="fl-15"/>
      </object_component>
      <object_component id="oc-c1">
         <name>.debug_info</name>
         <load_address>0x21304</load_address>
         <run_address>0x21304</run_address>
         <size>0x2481</size>
         <input_file_ref idref="fl-16"/>
      </object_component>
      <object_component id="oc-c5">
         <name>.debug_info</name>
         <load_address>0x23785</load_address>
         <run_address>0x23785</run_address>
         <size>0x12d7d</size>
         <input_file_ref idref="fl-17"/>
      </object_component>
      <object_component id="oc-f9">
         <name>.debug_info</name>
         <load_address>0x36502</load_address>
         <run_address>0x36502</run_address>
         <size>0x1f65</size>
         <input_file_ref idref="fl-18"/>
      </object_component>
      <object_component id="oc-fe">
         <name>.debug_info</name>
         <load_address>0x38467</load_address>
         <run_address>0x38467</run_address>
         <size>0x1ea1</size>
         <input_file_ref idref="fl-19"/>
      </object_component>
      <object_component id="oc-102">
         <name>.debug_info</name>
         <load_address>0x3a308</load_address>
         <run_address>0x3a308</run_address>
         <size>0x22d4</size>
         <input_file_ref idref="fl-1a"/>
      </object_component>
      <object_component id="oc-108">
         <name>.debug_info</name>
         <load_address>0x3c5dc</load_address>
         <run_address>0x3c5dc</run_address>
         <size>0x961</size>
         <input_file_ref idref="fl-1b"/>
      </object_component>
      <object_component id="oc-10f">
         <name>.debug_info</name>
         <load_address>0x3cf3d</load_address>
         <run_address>0x3cf3d</run_address>
         <size>0x114</size>
         <input_file_ref idref="fl-1c"/>
      </object_component>
      <object_component id="oc-113">
         <name>.debug_info</name>
         <load_address>0x3d051</load_address>
         <run_address>0x3d051</run_address>
         <size>0xd3</size>
         <input_file_ref idref="fl-1d"/>
      </object_component>
      <object_component id="oc-117">
         <name>.debug_info</name>
         <load_address>0x3d124</load_address>
         <run_address>0x3d124</run_address>
         <size>0x45f</size>
         <input_file_ref idref="fl-22"/>
      </object_component>
      <object_component id="oc-11c">
         <name>.debug_info</name>
         <load_address>0x3d583</load_address>
         <run_address>0x3d583</run_address>
         <size>0x4f5</size>
         <input_file_ref idref="fl-23"/>
      </object_component>
      <object_component id="oc-121">
         <name>.debug_info</name>
         <load_address>0x3da78</load_address>
         <run_address>0x3da78</run_address>
         <size>0x44d</size>
         <input_file_ref idref="fl-24"/>
      </object_component>
      <object_component id="oc-127">
         <name>.debug_info</name>
         <load_address>0x3dec5</load_address>
         <run_address>0x3dec5</run_address>
         <size>0xde</size>
         <input_file_ref idref="fl-25"/>
      </object_component>
      <object_component id="oc-12a">
         <name>.debug_info</name>
         <load_address>0x3dfa3</load_address>
         <run_address>0x3dfa3</run_address>
         <size>0x355</size>
         <input_file_ref idref="fl-26"/>
      </object_component>
      <object_component id="oc-12f">
         <name>.debug_info</name>
         <load_address>0x3e2f8</load_address>
         <run_address>0x3e2f8</run_address>
         <size>0x488</size>
         <input_file_ref idref="fl-27"/>
      </object_component>
      <object_component id="oc-136">
         <name>.debug_info</name>
         <load_address>0x3e780</load_address>
         <run_address>0x3e780</run_address>
         <size>0x3d2</size>
         <input_file_ref idref="fl-28"/>
      </object_component>
      <object_component id="oc-13b">
         <name>.debug_info</name>
         <load_address>0x3eb52</load_address>
         <run_address>0x3eb52</run_address>
         <size>0xc0</size>
         <input_file_ref idref="fl-29"/>
      </object_component>
      <object_component id="oc-13f">
         <name>.debug_info</name>
         <load_address>0x3ec12</load_address>
         <run_address>0x3ec12</run_address>
         <size>0xd2</size>
         <input_file_ref idref="fl-2a"/>
      </object_component>
      <object_component id="oc-143">
         <name>.debug_info</name>
         <load_address>0x3ece4</load_address>
         <run_address>0x3ece4</run_address>
         <size>0xeb</size>
         <input_file_ref idref="fl-2b"/>
      </object_component>
      <object_component id="oc-147">
         <name>.debug_info</name>
         <load_address>0x3edcf</load_address>
         <run_address>0x3edcf</run_address>
         <size>0x14b</size>
         <input_file_ref idref="fl-2c"/>
      </object_component>
      <object_component id="oc-14b">
         <name>.debug_info</name>
         <load_address>0x3ef1a</load_address>
         <run_address>0x3ef1a</run_address>
         <size>0xc0</size>
         <input_file_ref idref="fl-2d"/>
      </object_component>
      <object_component id="oc-14f">
         <name>.debug_info</name>
         <load_address>0x3efda</load_address>
         <run_address>0x3efda</run_address>
         <size>0xc6</size>
         <input_file_ref idref="fl-2e"/>
      </object_component>
      <object_component id="oc-153">
         <name>.debug_info</name>
         <load_address>0x3f0a0</load_address>
         <run_address>0x3f0a0</run_address>
         <size>0x4ae</size>
         <input_file_ref idref="fl-2f"/>
      </object_component>
      <object_component id="oc-15a">
         <name>.debug_info</name>
         <load_address>0x3f54e</load_address>
         <run_address>0x3f54e</run_address>
         <size>0x455</size>
         <input_file_ref idref="fl-30"/>
      </object_component>
      <object_component id="oc-15f">
         <name>.debug_info</name>
         <load_address>0x3f9a3</load_address>
         <run_address>0x3f9a3</run_address>
         <size>0x3e0</size>
         <input_file_ref idref="fl-31"/>
      </object_component>
      <object_component id="oc-164">
         <name>.debug_info</name>
         <load_address>0x3fd83</load_address>
         <run_address>0x3fd83</run_address>
         <size>0x46f</size>
         <input_file_ref idref="fl-32"/>
      </object_component>
      <object_component id="oc-1ba">
         <name>.debug_info</name>
         <load_address>0x401f2</load_address>
         <run_address>0x401f2</run_address>
         <size>0x6f</size>
      </object_component>
      <object_component id="oc-49">
         <name>.debug_frame</name>
         <load_address>0x0</load_address>
         <run_address>0x0</run_address>
         <size>0x14e</size>
         <input_file_ref idref="fl-2"/>
      </object_component>
      <object_component id="oc-50">
         <name>.debug_frame</name>
         <load_address>0x14e</load_address>
         <run_address>0x14e</run_address>
         <size>0x298</size>
         <input_file_ref idref="fl-3"/>
      </object_component>
      <object_component id="oc-57">
         <name>.debug_frame</name>
         <load_address>0x3e6</load_address>
         <run_address>0x3e6</run_address>
         <size>0x181</size>
         <input_file_ref idref="fl-4"/>
      </object_component>
      <object_component id="oc-60">
         <name>.debug_frame</name>
         <load_address>0x567</load_address>
         <run_address>0x567</run_address>
         <size>0x1bd</size>
         <input_file_ref idref="fl-6"/>
      </object_component>
      <object_component id="oc-67">
         <name>.debug_frame</name>
         <load_address>0x724</load_address>
         <run_address>0x724</run_address>
         <size>0x1ad</size>
         <input_file_ref idref="fl-7"/>
      </object_component>
      <object_component id="oc-6f">
         <name>.debug_frame</name>
         <load_address>0x8d1</load_address>
         <run_address>0x8d1</run_address>
         <size>0x261</size>
         <input_file_ref idref="fl-8"/>
      </object_component>
      <object_component id="oc-76">
         <name>.debug_frame</name>
         <load_address>0xb32</load_address>
         <run_address>0xb32</run_address>
         <size>0x180</size>
         <input_file_ref idref="fl-9"/>
      </object_component>
      <object_component id="oc-7d">
         <name>.debug_frame</name>
         <load_address>0xcb2</load_address>
         <run_address>0xcb2</run_address>
         <size>0x25b</size>
         <input_file_ref idref="fl-a"/>
      </object_component>
      <object_component id="oc-85">
         <name>.debug_frame</name>
         <load_address>0xf0d</load_address>
         <run_address>0xf0d</run_address>
         <size>0x20a</size>
         <input_file_ref idref="fl-b"/>
      </object_component>
      <object_component id="oc-8c">
         <name>.debug_frame</name>
         <load_address>0x1117</load_address>
         <run_address>0x1117</run_address>
         <size>0x172</size>
         <input_file_ref idref="fl-c"/>
      </object_component>
      <object_component id="oc-93">
         <name>.debug_frame</name>
         <load_address>0x1289</load_address>
         <run_address>0x1289</run_address>
         <size>0x287</size>
         <input_file_ref idref="fl-d"/>
      </object_component>
      <object_component id="oc-99">
         <name>.debug_frame</name>
         <load_address>0x1510</load_address>
         <run_address>0x1510</run_address>
         <size>0xe0</size>
         <input_file_ref idref="fl-e"/>
      </object_component>
      <object_component id="oc-a2">
         <name>.debug_frame</name>
         <load_address>0x15f0</load_address>
         <run_address>0x15f0</run_address>
         <size>0xd6</size>
         <input_file_ref idref="fl-10"/>
      </object_component>
      <object_component id="oc-a8">
         <name>.debug_frame</name>
         <load_address>0x16c6</load_address>
         <run_address>0x16c6</run_address>
         <size>0x144</size>
         <input_file_ref idref="fl-11"/>
      </object_component>
      <object_component id="oc-ad">
         <name>.debug_frame</name>
         <load_address>0x180a</load_address>
         <run_address>0x180a</run_address>
         <size>0xd6</size>
         <input_file_ref idref="fl-12"/>
      </object_component>
      <object_component id="oc-b2">
         <name>.debug_frame</name>
         <load_address>0x18e0</load_address>
         <run_address>0x18e0</run_address>
         <size>0x106</size>
         <input_file_ref idref="fl-13"/>
      </object_component>
      <object_component id="oc-b8">
         <name>.debug_frame</name>
         <load_address>0x19e6</load_address>
         <run_address>0x19e6</run_address>
         <size>0xac</size>
         <input_file_ref idref="fl-14"/>
      </object_component>
      <object_component id="oc-bd">
         <name>.debug_frame</name>
         <load_address>0x1a92</load_address>
         <run_address>0x1a92</run_address>
         <size>0xbe</size>
         <input_file_ref idref="fl-15"/>
      </object_component>
      <object_component id="oc-c2">
         <name>.debug_frame</name>
         <load_address>0x1b50</load_address>
         <run_address>0x1b50</run_address>
         <size>0xbe</size>
         <input_file_ref idref="fl-16"/>
      </object_component>
      <object_component id="oc-fa">
         <name>.debug_frame</name>
         <load_address>0x1c0e</load_address>
         <run_address>0x1c0e</run_address>
         <size>0x17e</size>
         <input_file_ref idref="fl-18"/>
      </object_component>
      <object_component id="oc-ff">
         <name>.debug_frame</name>
         <load_address>0x1d8c</load_address>
         <run_address>0x1d8c</run_address>
         <size>0x14e</size>
         <input_file_ref idref="fl-19"/>
      </object_component>
      <object_component id="oc-104">
         <name>.debug_frame</name>
         <load_address>0x1eda</load_address>
         <run_address>0x1eda</run_address>
         <size>0xd1a</size>
         <input_file_ref idref="fl-1a"/>
      </object_component>
      <object_component id="oc-10a">
         <name>.debug_frame</name>
         <load_address>0x2bf4</load_address>
         <run_address>0x2bf4</run_address>
         <size>0xc5</size>
         <input_file_ref idref="fl-1b"/>
      </object_component>
      <object_component id="oc-118">
         <name>.debug_frame</name>
         <load_address>0x2cb9</load_address>
         <run_address>0x2cb9</run_address>
         <size>0xac</size>
         <input_file_ref idref="fl-22"/>
      </object_component>
      <object_component id="oc-11d">
         <name>.debug_frame</name>
         <load_address>0x2d65</load_address>
         <run_address>0x2d65</run_address>
         <size>0xc8</size>
         <input_file_ref idref="fl-23"/>
      </object_component>
      <object_component id="oc-122">
         <name>.debug_frame</name>
         <load_address>0x2e2d</load_address>
         <run_address>0x2e2d</run_address>
         <size>0xc8</size>
         <input_file_ref idref="fl-24"/>
      </object_component>
      <object_component id="oc-132">
         <name>.debug_frame</name>
         <load_address>0x2ef5</load_address>
         <run_address>0x2ef5</run_address>
         <size>0xc7</size>
         <input_file_ref idref="fl-27"/>
      </object_component>
      <object_component id="oc-137">
         <name>.debug_frame</name>
         <load_address>0x2fbc</load_address>
         <run_address>0x2fbc</run_address>
         <size>0xac</size>
         <input_file_ref idref="fl-28"/>
      </object_component>
      <object_component id="oc-156">
         <name>.debug_frame</name>
         <load_address>0x3068</load_address>
         <run_address>0x3068</run_address>
         <size>0xd6</size>
         <input_file_ref idref="fl-2f"/>
      </object_component>
      <object_component id="oc-15b">
         <name>.debug_frame</name>
         <load_address>0x313e</load_address>
         <run_address>0x313e</run_address>
         <size>0xa6</size>
         <input_file_ref idref="fl-30"/>
      </object_component>
      <object_component id="oc-160">
         <name>.debug_frame</name>
         <load_address>0x31e4</load_address>
         <run_address>0x31e4</run_address>
         <size>0xac</size>
         <input_file_ref idref="fl-31"/>
      </object_component>
      <object_component id="oc-165">
         <name>.debug_frame</name>
         <load_address>0x3290</load_address>
         <run_address>0x3290</run_address>
         <size>0xa6</size>
         <input_file_ref idref="fl-32"/>
      </object_component>
      <object_component id="oc-4a">
         <name>.debug_line</name>
         <load_address>0x0</load_address>
         <run_address>0x0</run_address>
         <size>0x104</size>
         <input_file_ref idref="fl-2"/>
      </object_component>
      <object_component id="oc-51">
         <name>.debug_line</name>
         <load_address>0x104</load_address>
         <run_address>0x104</run_address>
         <size>0x330</size>
         <input_file_ref idref="fl-3"/>
      </object_component>
      <object_component id="oc-58">
         <name>.debug_line</name>
         <load_address>0x434</load_address>
         <run_address>0x434</run_address>
         <size>0x1e5</size>
         <input_file_ref idref="fl-4"/>
      </object_component>
      <object_component id="oc-61">
         <name>.debug_line</name>
         <load_address>0x619</load_address>
         <run_address>0x619</run_address>
         <size>0x193</size>
         <input_file_ref idref="fl-6"/>
      </object_component>
      <object_component id="oc-68">
         <name>.debug_line</name>
         <load_address>0x7ac</load_address>
         <run_address>0x7ac</run_address>
         <size>0x3e1</size>
         <input_file_ref idref="fl-7"/>
      </object_component>
      <object_component id="oc-70">
         <name>.debug_line</name>
         <load_address>0xb8d</load_address>
         <run_address>0xb8d</run_address>
         <size>0x1ec</size>
         <input_file_ref idref="fl-8"/>
      </object_component>
      <object_component id="oc-77">
         <name>.debug_line</name>
         <load_address>0xd79</load_address>
         <run_address>0xd79</run_address>
         <size>0x1d4</size>
         <input_file_ref idref="fl-9"/>
      </object_component>
      <object_component id="oc-7e">
         <name>.debug_line</name>
         <load_address>0xf4d</load_address>
         <run_address>0xf4d</run_address>
         <size>0x256</size>
         <input_file_ref idref="fl-a"/>
      </object_component>
      <object_component id="oc-86">
         <name>.debug_line</name>
         <load_address>0x11a3</load_address>
         <run_address>0x11a3</run_address>
         <size>0x26d</size>
         <input_file_ref idref="fl-b"/>
      </object_component>
      <object_component id="oc-8d">
         <name>.debug_line</name>
         <load_address>0x1410</load_address>
         <run_address>0x1410</run_address>
         <size>0x22d</size>
         <input_file_ref idref="fl-c"/>
      </object_component>
      <object_component id="oc-94">
         <name>.debug_line</name>
         <load_address>0x163d</load_address>
         <run_address>0x163d</run_address>
         <size>0x2cb</size>
         <input_file_ref idref="fl-d"/>
      </object_component>
      <object_component id="oc-9a">
         <name>.debug_line</name>
         <load_address>0x1908</load_address>
         <run_address>0x1908</run_address>
         <size>0xe1</size>
         <input_file_ref idref="fl-e"/>
      </object_component>
      <object_component id="oc-9e">
         <name>.debug_line</name>
         <load_address>0x19e9</load_address>
         <run_address>0x19e9</run_address>
         <size>0x49</size>
         <input_file_ref idref="fl-f"/>
      </object_component>
      <object_component id="oc-a3">
         <name>.debug_line</name>
         <load_address>0x1a32</load_address>
         <run_address>0x1a32</run_address>
         <size>0xf6</size>
         <input_file_ref idref="fl-10"/>
      </object_component>
      <object_component id="oc-a9">
         <name>.debug_line</name>
         <load_address>0x1b28</load_address>
         <run_address>0x1b28</run_address>
         <size>0x166</size>
         <input_file_ref idref="fl-11"/>
      </object_component>
      <object_component id="oc-ae">
         <name>.debug_line</name>
         <load_address>0x1c8e</load_address>
         <run_address>0x1c8e</run_address>
         <size>0x83</size>
         <input_file_ref idref="fl-12"/>
      </object_component>
      <object_component id="oc-b3">
         <name>.debug_line</name>
         <load_address>0x1d11</load_address>
         <run_address>0x1d11</run_address>
         <size>0xc8</size>
         <input_file_ref idref="fl-13"/>
      </object_component>
      <object_component id="oc-b9">
         <name>.debug_line</name>
         <load_address>0x1dd9</load_address>
         <run_address>0x1dd9</run_address>
         <size>0x69</size>
         <input_file_ref idref="fl-14"/>
      </object_component>
      <object_component id="oc-be">
         <name>.debug_line</name>
         <load_address>0x1e42</load_address>
         <run_address>0x1e42</run_address>
         <size>0x87</size>
         <input_file_ref idref="fl-15"/>
      </object_component>
      <object_component id="oc-c3">
         <name>.debug_line</name>
         <load_address>0x1ec9</load_address>
         <run_address>0x1ec9</run_address>
         <size>0x76</size>
         <input_file_ref idref="fl-16"/>
      </object_component>
      <object_component id="oc-fb">
         <name>.debug_line</name>
         <load_address>0x1f3f</load_address>
         <run_address>0x1f3f</run_address>
         <size>0x15a</size>
         <input_file_ref idref="fl-18"/>
      </object_component>
      <object_component id="oc-100">
         <name>.debug_line</name>
         <load_address>0x2099</load_address>
         <run_address>0x2099</run_address>
         <size>0x124</size>
         <input_file_ref idref="fl-19"/>
      </object_component>
      <object_component id="oc-105">
         <name>.debug_line</name>
         <load_address>0x21bd</load_address>
         <run_address>0x21bd</run_address>
         <size>0x763</size>
         <input_file_ref idref="fl-1a"/>
      </object_component>
      <object_component id="oc-10b">
         <name>.debug_line</name>
         <load_address>0x2920</load_address>
         <run_address>0x2920</run_address>
         <size>0x89</size>
         <input_file_ref idref="fl-1b"/>
      </object_component>
      <object_component id="oc-110">
         <name>.debug_line</name>
         <load_address>0x29a9</load_address>
         <run_address>0x29a9</run_address>
         <size>0x62</size>
         <input_file_ref idref="fl-1c"/>
      </object_component>
      <object_component id="oc-114">
         <name>.debug_line</name>
         <load_address>0x2a0b</load_address>
         <run_address>0x2a0b</run_address>
         <size>0x4a</size>
         <input_file_ref idref="fl-1d"/>
      </object_component>
      <object_component id="oc-119">
         <name>.debug_line</name>
         <load_address>0x2a55</load_address>
         <run_address>0x2a55</run_address>
         <size>0x70</size>
         <input_file_ref idref="fl-22"/>
      </object_component>
      <object_component id="oc-11e">
         <name>.debug_line</name>
         <load_address>0x2ac5</load_address>
         <run_address>0x2ac5</run_address>
         <size>0xa5</size>
         <input_file_ref idref="fl-23"/>
      </object_component>
      <object_component id="oc-123">
         <name>.debug_line</name>
         <load_address>0x2b6a</load_address>
         <run_address>0x2b6a</run_address>
         <size>0x61</size>
         <input_file_ref idref="fl-24"/>
      </object_component>
      <object_component id="oc-128">
         <name>.debug_line</name>
         <load_address>0x2bcb</load_address>
         <run_address>0x2bcb</run_address>
         <size>0x71</size>
         <input_file_ref idref="fl-25"/>
      </object_component>
      <object_component id="oc-133">
         <name>.debug_line</name>
         <load_address>0x2c3c</load_address>
         <run_address>0x2c3c</run_address>
         <size>0x62</size>
         <input_file_ref idref="fl-27"/>
      </object_component>
      <object_component id="oc-138">
         <name>.debug_line</name>
         <load_address>0x2c9e</load_address>
         <run_address>0x2c9e</run_address>
         <size>0x44</size>
         <input_file_ref idref="fl-28"/>
      </object_component>
      <object_component id="oc-13c">
         <name>.debug_line</name>
         <load_address>0x2ce2</load_address>
         <run_address>0x2ce2</run_address>
         <size>0xaa</size>
         <input_file_ref idref="fl-29"/>
      </object_component>
      <object_component id="oc-140">
         <name>.debug_line</name>
         <load_address>0x2d8c</load_address>
         <run_address>0x2d8c</run_address>
         <size>0x5f</size>
         <input_file_ref idref="fl-2a"/>
      </object_component>
      <object_component id="oc-144">
         <name>.debug_line</name>
         <load_address>0x2deb</load_address>
         <run_address>0x2deb</run_address>
         <size>0x66</size>
         <input_file_ref idref="fl-2b"/>
      </object_component>
      <object_component id="oc-148">
         <name>.debug_line</name>
         <load_address>0x2e51</load_address>
         <run_address>0x2e51</run_address>
         <size>0x8b</size>
         <input_file_ref idref="fl-2c"/>
      </object_component>
      <object_component id="oc-14c">
         <name>.debug_line</name>
         <load_address>0x2edc</load_address>
         <run_address>0x2edc</run_address>
         <size>0x4a</size>
         <input_file_ref idref="fl-2d"/>
      </object_component>
      <object_component id="oc-150">
         <name>.debug_line</name>
         <load_address>0x2f26</load_address>
         <run_address>0x2f26</run_address>
         <size>0x53</size>
         <input_file_ref idref="fl-2e"/>
      </object_component>
      <object_component id="oc-157">
         <name>.debug_line</name>
         <load_address>0x2f79</load_address>
         <run_address>0x2f79</run_address>
         <size>0x5b</size>
         <input_file_ref idref="fl-2f"/>
      </object_component>
      <object_component id="oc-15c">
         <name>.debug_line</name>
         <load_address>0x2fd4</load_address>
         <run_address>0x2fd4</run_address>
         <size>0x5c</size>
         <input_file_ref idref="fl-30"/>
      </object_component>
      <object_component id="oc-161">
         <name>.debug_line</name>
         <load_address>0x3030</load_address>
         <run_address>0x3030</run_address>
         <size>0x4f</size>
         <input_file_ref idref="fl-31"/>
      </object_component>
      <object_component id="oc-166">
         <name>.debug_line</name>
         <load_address>0x307f</load_address>
         <run_address>0x307f</run_address>
         <size>0x50</size>
         <input_file_ref idref="fl-32"/>
      </object_component>
      <object_component id="oc-4b">
         <name>.debug_abbrev</name>
         <load_address>0x0</load_address>
         <run_address>0x0</run_address>
         <size>0x105</size>
         <input_file_ref idref="fl-2"/>
      </object_component>
      <object_component id="oc-52">
         <name>.debug_abbrev</name>
         <load_address>0x105</load_address>
         <run_address>0x105</run_address>
         <size>0x1bd</size>
         <input_file_ref idref="fl-3"/>
      </object_component>
      <object_component id="oc-59">
         <name>.debug_abbrev</name>
         <load_address>0x2c2</load_address>
         <run_address>0x2c2</run_address>
         <size>0x112</size>
         <input_file_ref idref="fl-4"/>
      </object_component>
      <object_component id="oc-5d">
         <name>.debug_abbrev</name>
         <load_address>0x3d4</load_address>
         <run_address>0x3d4</run_address>
         <size>0x49</size>
         <input_file_ref idref="fl-5"/>
      </object_component>
      <object_component id="oc-62">
         <name>.debug_abbrev</name>
         <load_address>0x41d</load_address>
         <run_address>0x41d</run_address>
         <size>0x96</size>
         <input_file_ref idref="fl-6"/>
      </object_component>
      <object_component id="oc-69">
         <name>.debug_abbrev</name>
         <load_address>0x4b3</load_address>
         <run_address>0x4b3</run_address>
         <size>0x142</size>
         <input_file_ref idref="fl-7"/>
      </object_component>
      <object_component id="oc-71">
         <name>.debug_abbrev</name>
         <load_address>0x5f5</load_address>
         <run_address>0x5f5</run_address>
         <size>0x105</size>
         <input_file_ref idref="fl-8"/>
      </object_component>
      <object_component id="oc-78">
         <name>.debug_abbrev</name>
         <load_address>0x6fa</load_address>
         <run_address>0x6fa</run_address>
         <size>0xed</size>
         <input_file_ref idref="fl-9"/>
      </object_component>
      <object_component id="oc-7f">
         <name>.debug_abbrev</name>
         <load_address>0x7e7</load_address>
         <run_address>0x7e7</run_address>
         <size>0x130</size>
         <input_file_ref idref="fl-a"/>
      </object_component>
      <object_component id="oc-87">
         <name>.debug_abbrev</name>
         <load_address>0x917</load_address>
         <run_address>0x917</run_address>
         <size>0x1c5</size>
         <input_file_ref idref="fl-b"/>
      </object_component>
      <object_component id="oc-8e">
         <name>.debug_abbrev</name>
         <load_address>0xadc</load_address>
         <run_address>0xadc</run_address>
         <size>0x157</size>
         <input_file_ref idref="fl-c"/>
      </object_component>
      <object_component id="oc-95">
         <name>.debug_abbrev</name>
         <load_address>0xc33</load_address>
         <run_address>0xc33</run_address>
         <size>0x135</size>
         <input_file_ref idref="fl-d"/>
      </object_component>
      <object_component id="oc-9b">
         <name>.debug_abbrev</name>
         <load_address>0xd68</load_address>
         <run_address>0xd68</run_address>
         <size>0xed</size>
         <input_file_ref idref="fl-e"/>
      </object_component>
      <object_component id="oc-9f">
         <name>.debug_abbrev</name>
         <load_address>0xe55</load_address>
         <run_address>0xe55</run_address>
         <size>0x2c</size>
         <input_file_ref idref="fl-f"/>
      </object_component>
      <object_component id="oc-a4">
         <name>.debug_abbrev</name>
         <load_address>0xe81</load_address>
         <run_address>0xe81</run_address>
         <size>0xdb</size>
         <input_file_ref idref="fl-10"/>
      </object_component>
      <object_component id="oc-aa">
         <name>.debug_abbrev</name>
         <load_address>0xf5c</load_address>
         <run_address>0xf5c</run_address>
         <size>0x166</size>
         <input_file_ref idref="fl-11"/>
      </object_component>
      <object_component id="oc-af">
         <name>.debug_abbrev</name>
         <load_address>0x10c2</load_address>
         <run_address>0x10c2</run_address>
         <size>0xdb</size>
         <input_file_ref idref="fl-12"/>
      </object_component>
      <object_component id="oc-b4">
         <name>.debug_abbrev</name>
         <load_address>0x119d</load_address>
         <run_address>0x119d</run_address>
         <size>0xdb</size>
         <input_file_ref idref="fl-13"/>
      </object_component>
      <object_component id="oc-ba">
         <name>.debug_abbrev</name>
         <load_address>0x1278</load_address>
         <run_address>0x1278</run_address>
         <size>0x107</size>
         <input_file_ref idref="fl-14"/>
      </object_component>
      <object_component id="oc-bf">
         <name>.debug_abbrev</name>
         <load_address>0x137f</load_address>
         <run_address>0x137f</run_address>
         <size>0xbb</size>
         <input_file_ref idref="fl-15"/>
      </object_component>
      <object_component id="oc-c4">
         <name>.debug_abbrev</name>
         <load_address>0x143a</load_address>
         <run_address>0x143a</run_address>
         <size>0xcd</size>
         <input_file_ref idref="fl-16"/>
      </object_component>
      <object_component id="oc-f7">
         <name>.debug_abbrev</name>
         <load_address>0x1507</load_address>
         <run_address>0x1507</run_address>
         <size>0xb3</size>
         <input_file_ref idref="fl-17"/>
      </object_component>
      <object_component id="oc-fc">
         <name>.debug_abbrev</name>
         <load_address>0x15ba</load_address>
         <run_address>0x15ba</run_address>
         <size>0x100</size>
         <input_file_ref idref="fl-18"/>
      </object_component>
      <object_component id="oc-101">
         <name>.debug_abbrev</name>
         <load_address>0x16ba</load_address>
         <run_address>0x16ba</run_address>
         <size>0xdb</size>
         <input_file_ref idref="fl-19"/>
      </object_component>
      <object_component id="oc-106">
         <name>.debug_abbrev</name>
         <load_address>0x1795</load_address>
         <run_address>0x1795</run_address>
         <size>0xd5</size>
         <input_file_ref idref="fl-1a"/>
      </object_component>
      <object_component id="oc-10c">
         <name>.debug_abbrev</name>
         <load_address>0x186a</load_address>
         <run_address>0x186a</run_address>
         <size>0xf0</size>
         <input_file_ref idref="fl-1b"/>
      </object_component>
      <object_component id="oc-111">
         <name>.debug_abbrev</name>
         <load_address>0x195a</load_address>
         <run_address>0x195a</run_address>
         <size>0x20</size>
         <input_file_ref idref="fl-1c"/>
      </object_component>
      <object_component id="oc-115">
         <name>.debug_abbrev</name>
         <load_address>0x197a</load_address>
         <run_address>0x197a</run_address>
         <size>0x2c</size>
         <input_file_ref idref="fl-1d"/>
      </object_component>
      <object_component id="oc-11a">
         <name>.debug_abbrev</name>
         <load_address>0x19a6</load_address>
         <run_address>0x19a6</run_address>
         <size>0xd2</size>
         <input_file_ref idref="fl-22"/>
      </object_component>
      <object_component id="oc-11f">
         <name>.debug_abbrev</name>
         <load_address>0x1a78</load_address>
         <run_address>0x1a78</run_address>
         <size>0xdb</size>
         <input_file_ref idref="fl-23"/>
      </object_component>
      <object_component id="oc-124">
         <name>.debug_abbrev</name>
         <load_address>0x1b53</load_address>
[...]
         <name>_InitEPwmSyncGpio</name>
         <value>0xac64</value>
         <object_component_ref idref="oc-f8"/>
      </symbol>
      <symbol id="sm-4c1">
         <name>_InitEPwm</name>
         <value>0xabe6</value>
         <object_component_ref idref="oc-f8"/>
      </symbol>
      <symbol id="sm-4cb">
         <name>_InitECap6Gpio</name>
         <value>0xaf2a</value>
         <object_component_ref idref="oc-fd"/>
      </symbol>
      <symbol id="sm-4cc">
         <name>_InitECap</name>
         <value>0xaed6</value>
         <object_component_ref idref="oc-fd"/>
      </symbol>
      <symbol id="sm-4cd">
         <name>_InitECap5Gpio</name>
         <value>0xaf1c</value>
         <object_component_ref idref="oc-fd"/>
      </symbol>
      <symbol id="sm-4ce">
         <name>_InitECap4Gpio</name>
         <value>0xaf0e</value>
         <object_component_ref idref="oc-fd"/>
      </symbol>
      <symbol id="sm-4cf">
         <name>_InitECap3Gpio</name>
         <value>0xaf00</value>
         <object_component_ref idref="oc-fd"/>
      </symbol>
      <symbol id="sm-4d0">
         <name>_InitECap2Gpio</name>
         <value>0xaef2</value>
         <object_component_ref idref="oc-fd"/>
      </symbol>
      <symbol id="sm-4d1">
         <name>_InitECap1Gpio</name>
         <value>0xaee4</value>
         <object_component_ref idref="oc-fd"/>
      </symbol>
      <symbol id="sm-4d2">
         <name>_InitECapGpio</name>
         <value>0xaed7</value>
         <object_component_ref idref="oc-fd"/>
      </symbol>
      <symbol id="sm-529">
         <name>_ILLEGAL_ISR</name>
         <value>0x9394</value>
         <object_component_ref idref="oc-103"/>
      </symbol>
      <symbol id="sm-52a">
         <name>_EPWM6_INT_ISR</name>
         <value>0x94ca</value>
         <object_component_ref idref="oc-103"/>
      </symbol>
      <symbol id="sm-52b">
         <name>_DATALOG_ISR</name>
         <value>0x936c</value>
         <object_component_ref idref="oc-103"/>
      </symbol>
      <symbol id="sm-52c">
         <name>_SPITXINTA_ISR</name>
         <value>0x952e</value>
         <object_component_ref idref="oc-103"/>
      </symbol>
      <symbol id="sm-52d">
         <name>_SPIRXINTA_ISR</name>
         <value>0x9524</value>
         <object_component_ref idref="oc-103"/>
      </symbol>
      <symbol id="sm-52e">
         <name>_DINTCH3_ISR</name>
         <value>0x9574</value>
         <object_component_ref idref="oc-103"/>
      </symbol>
      <symbol id="sm-52f">
         <name>_XINT4_ISR</name>
         <value>0x961e</value>
         <object_component_ref idref="oc-103"/>
      </symbol>
      <symbol id="sm-530">
         <name>_SEQ1INT_ISR</name>
         <value>0x9416</value>
         <object_component_ref idref="oc-103"/>
      </symbol>
      <symbol id="sm-531">
         <name>_ECAP3_INT_ISR</name>
         <value>0x94e8</value>
         <object_component_ref idref="oc-103"/>
      </symbol>
      <symbol id="sm-532">
         <name>_INT13_ISR</name>
         <value>0x9358</value>
         <object_component_ref idref="oc-103"/>
      </symbol>
      <symbol id="sm-533">
         <name>_MXINTA_ISR</name>
         <value>0x9556</value>
         <object_component_ref idref="oc-103"/>
      </symbol>
      <symbol id="sm-534">
         <name>_EPWM4_INT_ISR</name>
         <value>0x94b6</value>
         <object_component_ref idref="oc-103"/>
      </symbol>
      <symbol id="sm-535">
         <name>_USER5_ISR</name>
         <value>0x93c6</value>
         <object_component_ref idref="oc-103"/>
      </symbol>
      <symbol id="sm-536">
         <name>_XINT7_ISR</name>
         <value>0x963c</value>
         <object_component_ref idref="oc-103"/>
      </symbol>
      <symbol id="sm-537">
         <name>_EMPTY_ISR</name>
         <value>0x965a</value>
         <object_component_ref idref="oc-103"/>
      </symbol>
      <symbol id="sm-538">
         <name>_EPWM5_TZINT_ISR</name>
         <value>0x9484</value>
         <object_component_ref idref="oc-103"/>
      </symbol>
      <symbol id="sm-539">
         <name>_EPWM4_TZINT_ISR</name>
         <value>0x947a</value>
         <object_component_ref idref="oc-103"/>
      </symbol>
      <symbol id="sm-53a">
         <name>_ECAN0INTA_ISR</name>
         <value>0x95ec</value>
         <object_component_ref idref="oc-103"/>
      </symbol>
      <symbol id="sm-53b">
         <name>_EPWM6_TZINT_ISR</name>
         <value>0x948e</value>
         <object_component_ref idref="oc-103"/>
      </symbol>
      <symbol id="sm-53c">
         <name>_EMUINT_ISR</name>
         <value>0x9380</value>
         <object_component_ref idref="oc-103"/>
      </symbol>
      <symbol id="sm-53d">
         <name>_ECAP1_INT_ISR</name>
         <value>0x94d4</value>
         <object_component_ref idref="oc-103"/>
      </symbol>
      <symbol id="sm-53e">
         <name>_EPWM1_TZINT_ISR</name>
         <value>0x945c</value>
         <object_component_ref idref="oc-103"/>
      </symbol>
      <symbol id="sm-53f">
         <name>_EQEP2_INT_ISR</name>
         <value>0x951a</value>
         <object_component_ref idref="oc-103"/>
      </symbol>
      <symbol id="sm-540">
         <name>_USER11_ISR</name>
         <value>0x9402</value>
         <object_component_ref idref="oc-103"/>
      </symbol>
      <symbol id="sm-541">
         <name>_EPWM3_TZINT_ISR</name>
         <value>0x9470</value>
         <object_component_ref idref="oc-103"/>
      </symbol>
      <symbol id="sm-542">
         <name>_USER4_ISR</name>
         <value>0x93bc</value>
         <object_component_ref idref="oc-103"/>
      </symbol>
      <symbol id="sm-543">
         <name>_EPWM2_TZINT_ISR</name>
         <value>0x9466</value>
         <object_component_ref idref="oc-103"/>
      </symbol>
      <symbol id="sm-544">
         <name>_XINT6_ISR</name>
         <value>0x9632</value>
         <object_component_ref idref="oc-103"/>
      </symbol>
      <symbol id="sm-545">
         <name>_EPWM2_INT_ISR</name>
         <value>0x94a2</value>
         <object_component_ref idref="oc-103"/>
      </symbol>
      <symbol id="sm-546">
         <name>_ECAN0INTB_ISR</name>
         <value>0x9600</value>
         <object_component_ref idref="oc-103"/>
      </symbol>
      <symbol id="sm-547">
         <name>_TINT0_ISR</name>
         <value>0x9448</value>
         <object_component_ref idref="oc-103"/>
      </symbol>
      <symbol id="sm-548">
         <name>_WAKEINT_ISR</name>
         <value>0x9452</value>
         <object_component_ref idref="oc-103"/>
      </symbol>
      <symbol id="sm-549">
         <name>_DINTCH4_ISR</name>
         <value>0x957e</value>
         <object_component_ref idref="oc-103"/>
      </symbol>
      <symbol id="sm-54a">
         <name>_USER10_ISR</name>
         <value>0x93f8</value>
         <object_component_ref idref="oc-103"/>
      </symbol>
      <symbol id="sm-54b">
         <name>_USER7_ISR</name>
         <value>0x93da</value>
         <object_component_ref idref="oc-103"/>
      </symbol>
      <symbol id="sm-54c">
         <name>_XINT1_ISR</name>
         <value>0x942a</value>
         <object_component_ref idref="oc-103"/>
      </symbol>
      <symbol id="sm-54d">
         <name>_ECAP6_INT_ISR</name>
         <value>0x9506</value>
         <object_component_ref idref="oc-103"/>
      </symbol>
      <symbol id="sm-54e">
         <name>_INT14_ISR</name>
         <value>0x9362</value>
         <object_component_ref idref="oc-103"/>
      </symbol>
      <symbol id="sm-54f">
         <name>_MXINTB_ISR</name>
         <value>0x9542</value>
         <object_component_ref idref="oc-103"/>
      </symbol>
      <symbol id="sm-550">
         <name>_DINTCH5_ISR</name>
         <value>0x9588</value>
         <object_component_ref idref="oc-103"/>
      </symbol>
      <symbol id="sm-551">
         <name>_USER6_ISR</name>
         <value>0x93d0</value>
         <object_component_ref idref="oc-103"/>
      </symbol>
      <symbol id="sm-552">
         <name>_ECAP4_INT_ISR</name>
         <value>0x94f2</value>
         <object_component_ref idref="oc-103"/>
      </symbol>
      <symbol id="sm-553">
         <name>_MRINTA_ISR</name>
         <value>0x954c</value>
         <object_component_ref idref="oc-103"/>
      </symbol>
      <symbol id="sm-554">
         <name>_DINTCH6_ISR</name>
         <value>0x9592</value>
         <object_component_ref idref="oc-103"/>
      </symbol>
      <symbol id="sm-555">
         <name>_USER12_ISR</name>
         <value>0x940c</value>
         <object_component_ref idref="oc-103"/>
      </symbol>
      <symbol id="sm-556">
         <name>_ADCINT_ISR</name>
         <value>0x943e</value>
         <object_component_ref idref="oc-103"/>
      </symbol>
      <symbol id="sm-557">
         <name>_USER1_ISR</name>
         <value>0x939e</value>
         <object_component_ref idref="oc-103"/>
      </symbol>
      <symbol id="sm-558">
         <name>_XINT3_ISR</name>
         <value>0x9614</value>
         <object_component_ref idref="oc-103"/>
      </symbol>
      <symbol id="sm-559">
         <name>_EPWM5_INT_ISR</name>
         <value>0x94c0</value>
         <object_component_ref idref="oc-103"/>
      </symbol>
      <symbol id="sm-55a">
         <name>_NMI_ISR</name>
         <value>0x938a</value>
         <object_component_ref idref="oc-103"/>
      </symbol>
      <symbol id="sm-55b">
         <name>_SCITXINTB_ISR</name>
         <value>0x95e2</value>
         <object_component_ref idref="oc-103"/>
      </symbol>
      <symbol id="sm-55c">
         <name>_SCIRXINTB_ISR</name>
         <value>0x95d8</value>
         <object_component_ref idref="oc-103"/>
      </symbol>
      <symbol id="sm-55d">
         <name>_ECAN1INTA_ISR</name>
         <value>0x95f6</value>
         <object_component_ref idref="oc-103"/>
      </symbol>
      <symbol id="sm-55e">
         <name>_ECAP2_INT_ISR</name>
         <value>0x94de</value>
         <object_component_ref idref="oc-103"/>
      </symbol>
      <symbol id="sm-55f">
         <name>_PIE_RESERVED</name>
         <value>0x9667</value>
         <object_component_ref idref="oc-103"/>
      </symbol>
      <symbol id="sm-560">
         <name>_I2CINT1A_ISR</name>
         <value>0x959c</value>
         <object_component_ref idref="oc-103"/>
      </symbol>
      <symbol id="sm-561">
         <name>_XINT2_ISR</name>
         <value>0x9434</value>
         <object_component_ref idref="oc-103"/>
      </symbol>
      <symbol id="sm-562">
         <name>_I2CINT2A_ISR</name>
         <value>0x95a6</value>
         <object_component_ref idref="oc-103"/>
      </symbol>
      <symbol id="sm-563">
         <name>_SCITXINTC_ISR</name>
         <value>0x95ba</value>
         <object_component_ref idref="oc-103"/>
      </symbol>
      <symbol id="sm-564">
         <name>_SCIRXINTC_ISR</name>
         <value>0x95b0</value>
         <object_component_ref idref="oc-103"/>
      </symbol>
      <symbol id="sm-565">
         <name>_RTOSINT_ISR</name>
         <value>0x9376</value>
         <object_component_ref idref="oc-103"/>
      </symbol>
      <symbol id="sm-566">
         <name>_EPWM3_INT_ISR</name>
         <value>0x94ac</value>
         <object_component_ref idref="oc-103"/>
      </symbol>
      <symbol id="sm-567">
         <name>_ECAN1INTB_ISR</name>
         <value>0x960a</value>
         <object_component_ref idref="oc-103"/>
      </symbol>
      <symbol id="sm-568">
         <name>_USER9_ISR</name>
         <value>0x93ee</value>
         <object_component_ref idref="oc-103"/>
      </symbol>
      <symbol id="sm-569">
         <name>_USER3_ISR</name>
         <value>0x93b2</value>
         <object_component_ref idref="oc-103"/>
      </symbol>
      <symbol id="sm-56a">
         <name>_EQEP1_INT_ISR</name>
         <value>0x9510</value>
         <object_component_ref idref="oc-103"/>
      </symbol>
      <symbol id="sm-56b">
         <name>_MRINTB_ISR</name>
         <value>0x9538</value>
         <object_component_ref idref="oc-103"/>
      </symbol>
      <symbol id="sm-56c">
         <name>_DINTCH1_ISR</name>
         <value>0x9560</value>
         <object_component_ref idref="oc-103"/>
      </symbol>
      <symbol id="sm-56d">
         <name>_USER8_ISR</name>
         <value>0x93e4</value>
         <object_component_ref idref="oc-103"/>
      </symbol>
      <symbol id="sm-56e">
         <name>_EPWM1_INT_ISR</name>
         <value>0x9498</value>
         <object_component_ref idref="oc-103"/>
      </symbol>
      <symbol id="sm-56f">
         <name>_SEQ2INT_ISR</name>
         <value>0x9420</value>
         <object_component_ref idref="oc-103"/>
      </symbol>
      <symbol id="sm-570">
         <name>_USER2_ISR</name>
         <value>0x93a8</value>
         <object_component_ref idref="oc-103"/>
      </symbol>
      <symbol id="sm-571">
         <name>_LUF_ISR</name>
         <value>0x9650</value>
         <object_component_ref idref="oc-103"/>
      </symbol>
      <symbol id="sm-572">
         <name>_LVF_ISR</name>
         <value>0x9646</value>
         <object_component_ref idref="oc-103"/>
      </symbol>
      <symbol id="sm-573">
         <name>_SCITXINTA_ISR</name>
         <value>0x95ce</value>
         <object_component_ref idref="oc-103"/>
      </symbol>
      <symbol id="sm-574">
         <name>_SCIRXINTA_ISR</name>
         <value>0x95c4</value>
         <object_component_ref idref="oc-103"/>
      </symbol>
      <symbol id="sm-575">
         <name>_rsvd_ISR</name>
         <value>0x9671</value>
         <object_component_ref idref="oc-103"/>
      </symbol>
      <symbol id="sm-576">
         <name>_ECAP5_INT_ISR</name>
         <value>0x94fc</value>
         <object_component_ref idref="oc-103"/>
      </symbol>
      <symbol id="sm-577">
         <name>_DINTCH2_ISR</name>
         <value>0x956a</value>
         <object_component_ref idref="oc-103"/>
      </symbol>
      <symbol id="sm-578">
         <name>_XINT5_ISR</name>
         <value>0x9628</value>
         <object_component_ref idref="oc-103"/>
      </symbol>
      <symbol id="sm-584">
         <name>_CpuTimer2</name>
         <value>0xc22c</value>
         <object_component_ref idref="oc-109"/>
      </symbol>
      <symbol id="sm-585">
         <name>_CpuTimer0</name>
         <value>0xc234</value>
         <object_component_ref idref="oc-109"/>
      </symbol>
      <symbol id="sm-586">
         <name>_CpuTimer1</name>
         <value>0xc224</value>
         <object_component_ref idref="oc-109"/>
      </symbol>
      <symbol id="sm-587">
         <name>_InitCpuTimers</name>
         <value>0xad0f</value>
         <object_component_ref idref="oc-107"/>
      </symbol>
      <symbol id="sm-588">
         <name>_ConfigCpuTimer</name>
         <value>0xad50</value>
         <object_component_ref idref="oc-107"/>
      </symbol>
      <symbol id="sm-593">
         <name>code_start</name>
         <value>0x0</value>
         <object_component_ref idref="oc-10e"/>
      </symbol>
      <symbol id="sm-59b">
         <name>_ADC_cal</name>
         <value>0x380080</value>
         <object_component_ref idref="oc-112"/>
      </symbol>
      <symbol id="sm-5ad">
         <name>_asin</name>
         <value>0xad8b</value>
         <object_component_ref idref="oc-116"/>
      </symbol>
      <symbol id="sm-5c4">
         <name>_atan2</name>
         <value>0xab22</value>
         <object_component_ref idref="oc-11b"/>
      </symbol>
      <symbol id="sm-5d5">
         <name>_atan</name>
         <value>0xae02</value>
         <object_component_ref idref="oc-120"/>
      </symbol>
      <symbol id="sm-5e9">
         <name>_c_int00</name>
         <value>0xaf38</value>
         <object_component_ref idref="oc-46"/>
      </symbol>
      <symbol id="sm-5ea">
         <name>__stack</name>
         <value>0x400</value>
         <object_component_ref idref="oc-125"/>
      </symbol>
      <symbol id="sm-5f4">
         <name>_errno</name>
         <value>0xc3fb</value>
         <object_component_ref idref="oc-12c"/>
      </symbol>
      <symbol id="sm-605">
         <name>C$$EXIT</name>
         <value>0xb14b</value>
         <object_component_ref idref="oc-12e"/>
      </symbol>
      <symbol id="sm-606">
         <name>_exit</name>
         <value>0xb14d</value>
         <object_component_ref idref="oc-12e"/>
      </symbol>
      <symbol id="sm-607">
         <name>___TI_cleanup_ptr</name>
         <value>0xc3fc</value>
         <object_component_ref idref="oc-131"/>
      </symbol>
      <symbol id="sm-608">
         <name>_abort</name>
         <value>0xb14b</value>
         <object_component_ref idref="oc-12e"/>
      </symbol>
      <symbol id="sm-609">
         <name>___TI_dtors_ptr</name>
         <value>0xc3fe</value>
         <object_component_ref idref="oc-131"/>
      </symbol>
      <symbol id="sm-616">
         <name>_frexp</name>
         <value>0xb164</value>
         <object_component_ref idref="oc-135"/>
      </symbol>
      <symbol id="sm-623">
         <name>FS$$DIV</name>
         <value>0xac87</value>
         <object_component_ref idref="oc-13a"/>
      </symbol>
      <symbol id="sm-631">
         <name>FS$$TOLL</name>
         <value>0xb065</value>
         <object_component_ref idref="oc-13e"/>
      </symbol>
      <symbol id="sm-63b">
         <name>I$$MOD</name>
         <value>0xb0c0</value>
         <object_component_ref idref="oc-142"/>
      </symbol>
      <symbol id="sm-63c">
         <name>I$$DIV</name>
         <value>0xb0af</value>
         <object_component_ref idref="oc-142"/>
      </symbol>
      <symbol id="sm-644">
         <name>UL$$MOD</name>
         <value>0xb011</value>
         <object_component_ref idref="oc-146"/>
      </symbol>
      <symbol id="sm-645">
         <name>L$$MOD</name>
         <value>0xaffc</value>
         <object_component_ref idref="oc-146"/>
      </symbol>
      <symbol id="sm-646">
         <name>L$$DIV</name>
         <value>0xafed</value>
         <object_component_ref idref="oc-146"/>
      </symbol>
      <symbol id="sm-647">
         <name>UL$$DIV</name>
         <value>0xb00a</value>
         <object_component_ref idref="oc-146"/>
      </symbol>
      <symbol id="sm-64f">
         <name>LL$$MPY</name>
         <value>0xb17a</value>
         <object_component_ref idref="oc-14a"/>
      </symbol>
      <symbol id="sm-659">
         <name>LL$$TOFS</name>
         <value>0xb112</value>
         <object_component_ref idref="oc-14e"/>
      </symbol>
      <symbol id="sm-667">
         <name>__unlock</name>
         <value>0xc23c</value>
         <object_component_ref idref="oc-155"/>
      </symbol>
      <symbol id="sm-668">
         <name>__lock</name>
         <value>0xc23e</value>
         <object_component_ref idref="oc-155"/>
      </symbol>
      <symbol id="sm-669">
         <name>__register_lock</name>
         <value>0xb192</value>
         <object_component_ref idref="oc-152"/>
      </symbol>
      <symbol id="sm-66a">
         <name>__nop</name>
         <value>0xb196</value>
         <object_component_ref idref="oc-152"/>
      </symbol>
      <symbol id="sm-66b">
         <name>__register_unlock</name>
         <value>0xb18e</value>
         <object_component_ref idref="oc-152"/>
      </symbol>
      <symbol id="sm-67a">
         <name>___memcpy_ff</name>
         <value>0xb0d1</value>
         <object_component_ref idref="oc-159"/>
      </symbol>
      <symbol id="sm-688">
         <name>_sqrt</name>
         <value>0xb08c</value>
         <object_component_ref idref="oc-15e"/>
      </symbol>
      <symbol id="sm-694">
         <name>__args_main</name>
         <value>0xb132</value>
         <object_component_ref idref="oc-163"/>
      </symbol>
      <symbol id="sm-695">
         <name>__TI_args_main</name>
         <value>0x1</value>
      </symbol>
   </symbol_table>
   <title>Link successful</title>
</link_info>
