<?xml version="1.0"?>
<link_info>
   <banner>TMS320C2000 Linker PC v6.2.0</banner>
   <copyright>Copyright (c) 1996-2013 Texas Instruments Incorporated</copyright>
   <link_time>0x568b7606</link_time>
   <link_errors>0x0</link_errors>
   <output_file>LED.out</output_file>
   <entry_point>
      <name>_c_int00</name>
      <address>0xaba2</address>
   </entry_point>
   <input_file_list>
      <input_file id="fl-2">
         <path>.\</path>
         <kind>object</kind>
         <file>pwm.obj</file>
         <name>pwm.obj</name>
      </input_file>
      <input_file id="fl-3">
         <path>.\</path>
         <kind>object</kind>
         <file>nrf24l01.obj</file>
         <name>nrf24l01.obj</name>
      </input_file>
      <input_file id="fl-4">
         <path>.\</path>
         <kind>object</kind>
         <file>hardware_I2C.obj</file>
         <name>hardware_I2C.obj</name>
      </input_file>
      <input_file id="fl-5">
         <path>.\</path>
         <kind>object</kind>
         <file>fast_math.obj</file>
         <name>fast_math.obj</name>
      </input_file>
      <input_file id="fl-6">
         <path>.\</path>
         <kind>object</kind>
         <file>control.obj</file>
         <name>control.obj</name>
      </input_file>
      <input_file id="fl-7">
         <path>.\</path>
         <kind>object</kind>
         <file>capture.obj</file>
         <name>capture.obj</name>
      </input_file>
      <input_file id="fl-8">
         <path>.\</path>
         <kind>object</kind>
         <file>MPU6050.obj</file>
         <name>MPU6050.obj</name>
      </input_file>
      <input_file id="fl-9">
         <path>.\</path>
         <kind>object</kind>
         <file>LED.obj</file>
         <name>LED.obj</name>
      </input_file>
      <input_file id="fl-a">
         <path>.\</path>
         <kind>object</kind>
         <file>IMU.obj</file>
         <name>IMU.obj</name>
      </input_file>
      <input_file id="fl-b">
         <path>.\</path>
         <kind>object</kind>
         <file>I2C.obj</file>
         <name>I2C.obj</name>
      </input_file>
      <input_file id="fl-c">
         <path>.\</path>
         <kind>object</kind>
         <file>Data_Transfer.obj</file>
         <name>Data_Transfer.obj</name>
      </input_file>
      <input_file id="fl-d">
         <path>.\</path>
         <kind>object</kind>
         <file>DSP2833x_usDelay.obj</file>
         <name>DSP2833x_usDelay.obj</name>
      </input_file>
      <input_file id="fl-e">
         <path>.\</path>
         <kind>object</kind>
         <file>DSP2833x_Xintf.obj</file>
         <name>DSP2833x_Xintf.obj</name>
      </input_file>
      <input_file id="fl-f">
         <path>.\</path>
         <kind>object</kind>
         <file>DSP2833x_SysCtrl.obj</file>
         <name>DSP2833x_SysCtrl.obj</name>
      </input_file>
      <input_file id="fl-10">
         <path>.\</path>
         <kind>object</kind>
         <file>DSP2833x_Spi.obj</file>
         <name>DSP2833x_Spi.obj</name>
      </input_file>
      <input_file id="fl-11">
         <path>.\</path>
         <kind>object</kind>
         <file>DSP2833x_Sci.obj</file>
         <name>DSP2833x_Sci.obj</name>
      </input_file>
      <input_file id="fl-12">
         <path>.\</path>
         <kind>object</kind>
         <file>DSP2833x_PieVect.obj</file>
         <name>DSP2833x_PieVect.obj</name>
      </input_file>
      <input_file id="fl-13">
         <path>.\</path>
         <kind>object</kind>
         <file>DSP2833x_PieCtrl.obj</file>
         <name>DSP2833x_PieCtrl.obj</name>
      </input_file>
      <input_file id="fl-14">
         <path>.\</path>
         <kind>object</kind>
         <file>DSP2833x_I2C.obj</file>
         <name>DSP2833x_I2C.obj</name>
      </input_file>
      <input_file id="fl-15">
         <path>.\</path>
         <kind>object</kind>
         <file>DSP2833x_GlobalVariableDefs.obj</file>
         <name>DSP2833x_GlobalVariableDefs.obj</name>
      </input_file>
      <input_file id="fl-16">
         <path>.\</path>
         <kind>object</kind>
         <file>DSP2833x_EPwm.obj</file>
         <name>DSP2833x_EPwm.obj</name>
      </input_file>
      <input_file id="fl-17">
         <path>.\</path>
         <kind>object</kind>
         <file>DSP2833x_ECap.obj</file>
         <name>DSP2833x_ECap.obj</name>
      </input_file>
      <input_file id="fl-18">
         <path>.\</path>
         <kind>object</kind>
         <file>DSP2833x_DefaultIsr.obj</file>
         <name>DSP2833x_DefaultIsr.obj</name>
      </input_file>
      <input_file id="fl-19">
         <path>.\</path>
         <kind>object</kind>
         <file>DSP2833x_CpuTimers.obj</file>
         <name>DSP2833x_CpuTimers.obj</name>
      </input_file>
      <input_file id="fl-1a">
         <path>.\</path>
         <kind>object</kind>
         <file>DSP2833x_CodeStartBranch.obj</file>
         <name>DSP2833x_CodeStartBranch.obj</name>
      </input_file>
      <input_file id="fl-1b">
         <path>.\</path>
         <kind>object</kind>
         <file>DSP2833x_ADC_cal.obj</file>
         <name>DSP2833x_ADC_cal.obj</name>
      </input_file>
      <input_file id="fl-20">
         <path>C:\ti\ccsv5\tools\compiler\c2000_6.2.0\lib\</path>
         <kind>archive</kind>
         <file>rts2800_fpu32.lib</file>
         <name>asin.obj</name>
      </input_file>
      <input_file id="fl-21">
         <path>C:\ti\ccsv5\tools\compiler\c2000_6.2.0\lib\</path>
         <kind>archive</kind>
         <file>rts2800_fpu32.lib</file>
         <name>atan2.obj</name>
      </input_file>
      <input_file id="fl-22">
         <path>C:\ti\ccsv5\tools\compiler\c2000_6.2.0\lib\</path>
         <kind>archive</kind>
         <file>rts2800_fpu32.lib</file>
         <name>atan.obj</name>
      </input_file>
      <input_file id="fl-23">
         <path>C:\ti\ccsv5\tools\compiler\c2000_6.2.0\lib\</path>
         <kind>archive</kind>
         <file>rts2800_fpu32.lib</file>
         <name>boot.obj</name>
      </input_file>
      <input_file id="fl-24">
         <path>C:\ti\ccsv5\tools\compiler\c2000_6.2.0\lib\</path>
         <kind>archive</kind>
         <file>rts2800_fpu32.lib</file>
         <name>errno.obj</name>
      </input_file>
      <input_file id="fl-25">
         <path>C:\ti\ccsv5\tools\compiler\c2000_6.2.0\lib\</path>
         <kind>archive</kind>
         <file>rts2800_fpu32.lib</file>
         <name>exit.obj</name>
      </input_file>
      <input_file id="fl-26">
         <path>C:\ti\ccsv5\tools\compiler\c2000_6.2.0\lib\</path>
         <kind>archive</kind>
         <file>rts2800_fpu32.lib</file>
         <name>frexp.obj</name>
      </input_file>
      <input_file id="fl-27">
         <path>C:\ti\ccsv5\tools\compiler\c2000_6.2.0\lib\</path>
         <kind>archive</kind>
         <file>rts2800_fpu32.lib</file>
         <name>fs_div.obj</name>
      </input_file>
      <input_file id="fl-28">
         <path>C:\ti\ccsv5\tools\compiler\c2000_6.2.0\lib\</path>
         <kind>archive</kind>
         <file>rts2800_fpu32.lib</file>
         <name>i_div.obj</name>
      </input_file>
      <input_file id="fl-29">
         <path>C:\ti\ccsv5\tools\compiler\c2000_6.2.0\lib\</path>
         <kind>archive</kind>
         <file>rts2800_fpu32.lib</file>
         <name>l_div.obj</name>
      </input_file>
      <input_file id="fl-2a">
         <path>C:\ti\ccsv5\tools\compiler\c2000_6.2.0\lib\</path>
         <kind>archive</kind>
         <file>rts2800_fpu32.lib</file>
         <name>_lock.obj</name>
      </input_file>
      <input_file id="fl-2b">
         <path>C:\ti\ccsv5\tools\compiler\c2000_6.2.0\lib\</path>
         <kind>archive</kind>
         <file>rts2800_fpu32.lib</file>
         <name>memcpy_ff.obj</name>
      </input_file>
      <input_file id="fl-2c">
         <path>C:\ti\ccsv5\tools\compiler\c2000_6.2.0\lib\</path>
         <kind>archive</kind>
         <file>rts2800_fpu32.lib</file>
         <name>sqrt.obj</name>
      </input_file>
      <input_file id="fl-2d">
         <path>C:\ti\ccsv5\tools\compiler\c2000_6.2.0\lib\</path>
         <kind>archive</kind>
         <file>rts2800_fpu32.lib</file>
         <name>args_main.obj</name>
      </input_file>
   </input_file_list>
   <object_component_list>
      <object_component id="oc-f1">
         <name>PieVectTableFile</name>
         <uninitialized>true</uninitialized>
         <run_address>0xd00</run_address>
         <size>0x100</size>
         <input_file_ref idref="fl-15"/>
      </object_component>
      <object_component id="oc-ed">
         <name>DevEmuRegsFile</name>
         <uninitialized>true</uninitialized>
         <run_address>0x880</run_address>
         <size>0xd0</size>
         <input_file_ref idref="fl-15"/>
      </object_component>
      <object_component id="oc-c3">
         <name>FlashRegsFile</name>
         <uninitialized>true</uninitialized>
         <run_address>0xa80</run_address>
         <size>0x8</size>
         <input_file_ref idref="fl-15"/>
      </object_component>
      <object_component id="oc-cd">
         <name>CsmRegsFile</name>
         <uninitialized>true</uninitialized>
         <run_address>0xae0</run_address>
         <size>0x10</size>
         <input_file_ref idref="fl-15"/>
      </object_component>
      <object_component id="oc-cc">
         <name>AdcMirrorFile</name>
         <uninitialized>true</uninitialized>
         <run_address>0xb00</run_address>
         <size>0x10</size>
         <input_file_ref idref="fl-15"/>
      </object_component>
      <object_component id="oc-d0">
         <name>XintfRegsFile</name>
         <uninitialized>true</uninitialized>
         <run_address>0xb20</run_address>
         <size>0x1e</size>
         <input_file_ref idref="fl-15"/>
      </object_component>
      <object_component id="oc-c4">
         <name>CpuTimer0RegsFile</name>
         <uninitialized>true</uninitialized>
         <run_address>0xc00</run_address>
         <size>0x8</size>
         <input_file_ref idref="fl-15"/>
      </object_component>
      <object_component id="oc-c2">
         <name>CpuTimer1RegsFile</name>
         <uninitialized>true</uninitialized>
         <run_address>0xc08</run_address>
         <size>0x8</size>
         <input_file_ref idref="fl-15"/>
      </object_component>
      <object_component id="oc-c1">
         <name>CpuTimer2RegsFile</name>
         <uninitialized>true</uninitialized>
         <run_address>0xc10</run_address>
         <size>0x8</size>
         <input_file_ref idref="fl-15"/>
      </object_component>
      <object_component id="oc-ce">
         <name>PieCtrlRegsFile</name>
         <uninitialized>true</uninitialized>
         <run_address>0xce0</run_address>
         <size>0x1a</size>
         <input_file_ref idref="fl-15"/>
      </object_component>
      <object_component id="oc-ee">
         <name>DmaRegsFile</name>
         <uninitialized>true</uninitialized>
         <run_address>0x1000</run_address>
         <size>0xe0</size>
         <input_file_ref idref="fl-15"/>
      </object_component>
      <object_component id="oc-e0">
         <name>McbspaRegsFile</name>
         <uninitialized>true</uninitialized>
         <run_address>0x5000</run_address>
         <size>0x25</size>
         <input_file_ref idref="fl-15"/>
      </object_component>
      <object_component id="oc-e1">
         <name>McbspbRegsFile</name>
         <uninitialized>true</uninitialized>
         <run_address>0x5040</run_address>
         <size>0x25</size>
         <input_file_ref idref="fl-15"/>
      </object_component>
      <object_component id="oc-e4">
         <name>ECanaRegsFile</name>
         <uninitialized>true</uninitialized>
         <run_address>0x6000</run_address>
         <size>0x34</size>
         <input_file_ref idref="fl-15"/>
      </object_component>
      <object_component id="oc-e7">
         <name>ECanaLAMRegsFile</name>
         <uninitialized>true</uninitialized>
         <run_address>0x6040</run_address>
         <size>0x40</size>
         <input_file_ref idref="fl-15"/>
      </object_component>
      <object_component id="oc-f0">
         <name>ECanaMboxesFile</name>
         <uninitialized>true</uninitialized>
         <run_address>0x6100</run_address>
         <size>0x100</size>
         <input_file_ref idref="fl-15"/>
      </object_component>
      <object_component id="oc-e8">
         <name>ECanaMOTSRegsFile</name>
         <uninitialized>true</uninitialized>
         <run_address>0x6080</run_address>
         <size>0x40</size>
         <input_file_ref idref="fl-15"/>
      </object_component>
      <object_component id="oc-e5">
         <name>ECanaMOTORegsFile</name>
         <uninitialized>true</uninitialized>
         <run_address>0x60c0</run_address>
         <size>0x40</size>
         <input_file_ref idref="fl-15"/>
      </object_component>
      <object_component id="oc-e3">
         <name>ECanbRegsFile</name>
         <uninitialized>true</uninitialized>
         <run_address>0x6200</run_address>
         <size>0x34</size>
         <input_file_ref idref="fl-15"/>
      </object_component>
      <object_component id="oc-eb">
         <name>ECanbLAMRegsFile</name>
         <uninitialized>true</uninitialized>
         <run_address>0x6240</run_address>
         <size>0x40</size>
         <input_file_ref idref="fl-15"/>
      </object_component>
      <object_component id="oc-ef">
         <name>ECanbMboxesFile</name>
         <uninitialized>true</uninitialized>
         <run_address>0x6300</run_address>
         <size>0x100</size>
         <input_file_ref idref="fl-15"/>
      </object_component>
      <object_component id="oc-e6">
         <name>ECanbMOTSRegsFile</name>
         <uninitialized>true</uninitialized>
         <run_address>0x6280</run_address>
         <size>0x40</size>
         <input_file_ref idref="fl-15"/>
      </object_component>
      <object_component id="oc-e9">
         <name>ECanbMOTORegsFile</name>
         <uninitialized>true</uninitialized>
         <run_address>0x62c0</run_address>
         <size>0x40</size>
         <input_file_ref idref="fl-15"/>
      </object_component>
      <object_component id="oc-db">
         <name>EPwm1RegsFile</name>
         <uninitialized>true</uninitialized>
         <run_address>0x6800</run_address>
         <size>0x22</size>
         <input_file_ref idref="fl-15"/>
      </object_component>
      <object_component id="oc-da">
         <name>EPwm2RegsFile</name>
         <uninitialized>true</uninitialized>
         <run_address>0x6840</run_address>
         <size>0x22</size>
         <input_file_ref idref="fl-15"/>
      </object_component>
      <object_component id="oc-dc">
         <name>EPwm3RegsFile</name>
         <uninitialized>true</uninitialized>
         <run_address>0x6880</run_address>
         <size>0x22</size>
         <input_file_ref idref="fl-15"/>
      </object_component>
      <object_component id="oc-de">
         <name>EPwm4RegsFile</name>
         <uninitialized>true</uninitialized>
         <run_address>0x68c0</run_address>
         <size>0x22</size>
         <input_file_ref idref="fl-15"/>
      </object_component>
      <object_component id="oc-dd">
         <name>EPwm5RegsFile</name>
         <uninitialized>true</uninitialized>
         <run_address>0x6900</run_address>
         <size>0x22</size>
         <input_file_ref idref="fl-15"/>
      </object_component>
      <object_component id="oc-df">
         <name>EPwm6RegsFile</name>
         <uninitialized>true</uninitialized>
         <run_address>0x6940</run_address>
         <size>0x22</size>
         <input_file_ref idref="fl-15"/>
      </object_component>
      <object_component id="oc-d7">
         <name>ECap1RegsFile</name>
         <uninitialized>true</uninitialized>
         <run_address>0x6a00</run_address>
         <size>0x20</size>
         <input_file_ref idref="fl-15"/>
      </object_component>
      <object_component id="oc-d3">
         <name>ECap2RegsFile</name>
         <uninitialized>true</uninitialized>
         <run_address>0x6a20</run_address>
         <size>0x20</size>
         <input_file_ref idref="fl-15"/>
      </object_component>
      <object_component id="oc-d4">
         <name>ECap3RegsFile</name>
         <uninitialized>true</uninitialized>
         <run_address>0x6a40</run_address>
         <size>0x20</size>
         <input_file_ref idref="fl-15"/>
      </object_component>
      <object_component id="oc-d1">
         <name>ECap4RegsFile</name>
         <uninitialized>true</uninitialized>
         <run_address>0x6a60</run_address>
         <size>0x20</size>
         <input_file_ref idref="fl-15"/>
      </object_component>
      <object_component id="oc-d2">
         <name>ECap5RegsFile</name>
         <uninitialized>true</uninitialized>
         <run_address>0x6a80</run_address>
         <size>0x20</size>
         <input_file_ref idref="fl-15"/>
      </object_component>
      <object_component id="oc-d8">
         <name>ECap6RegsFile</name>
         <uninitialized>true</uninitialized>
         <run_address>0x6aa0</run_address>
         <size>0x20</size>
         <input_file_ref idref="fl-15"/>
      </object_component>
      <object_component id="oc-ec">
         <name>EQep1RegsFile</name>
         <uninitialized>true</uninitialized>
         <run_address>0x6b00</run_address>
         <size>0x40</size>
         <input_file_ref idref="fl-15"/>
      </object_component>
      <object_component id="oc-ea">
         <name>EQep2RegsFile</name>
         <uninitialized>true</uninitialized>
         <run_address>0x6b40</run_address>
         <size>0x40</size>
         <input_file_ref idref="fl-15"/>
      </object_component>
      <object_component id="oc-e2">
         <name>GpioCtrlRegsFile</name>
         <uninitialized>true</uninitialized>
         <run_address>0x6f80</run_address>
         <size>0x2e</size>
         <input_file_ref idref="fl-15"/>
      </object_component>
      <object_component id="oc-d5">
         <name>GpioDataRegsFile</name>
         <uninitialized>true</uninitialized>
         <run_address>0x6fc0</run_address>
         <size>0x20</size>
         <input_file_ref idref="fl-15"/>
      </object_component>
      <object_component id="oc-c6">
         <name>GpioIntRegsFile</name>
         <uninitialized>true</uninitialized>
         <run_address>0x6fe0</run_address>
         <size>0xa</size>
         <input_file_ref idref="fl-15"/>
      </object_component>
      <object_component id="oc-d6">
         <name>SysCtrlRegsFile</name>
         <uninitialized>true</uninitialized>
         <run_address>0x7010</run_address>
         <size>0x20</size>
         <input_file_ref idref="fl-15"/>
      </object_component>
      <object_component id="oc-c9">
         <name>SpiaRegsFile</name>
         <uninitialized>true</uninitialized>
         <run_address>0x7040</run_address>
         <size>0x10</size>
         <input_file_ref idref="fl-15"/>
      </object_component>
      <object_component id="oc-ca">
         <name>SciaRegsFile</name>
         <uninitialized>true</uninitialized>
         <run_address>0x7050</run_address>
         <size>0x10</size>
         <input_file_ref idref="fl-15"/>
      </object_component>
      <object_component id="oc-cb">
         <name>XIntruptRegsFile</name>
         <uninitialized>true</uninitialized>
         <run_address>0x7070</run_address>
         <size>0x10</size>
         <input_file_ref idref="fl-15"/>
      </object_component>
      <object_component id="oc-cf">
         <name>AdcRegsFile</name>
         <uninitialized>true</uninitialized>
         <run_address>0x7100</run_address>
         <size>0x1e</size>
         <input_file_ref idref="fl-15"/>
      </object_component>
      <object_component id="oc-c8">
         <name>ScibRegsFile</name>
         <uninitialized>true</uninitialized>
         <run_address>0x7750</run_address>
         <size>0x10</size>
         <input_file_ref idref="fl-15"/>
      </object_component>
      <object_component id="oc-c7">
         <name>ScicRegsFile</name>
         <uninitialized>true</uninitialized>
         <run_address>0x7770</run_address>
         <size>0x10</size>
         <input_file_ref idref="fl-15"/>
      </object_component>
      <object_component id="oc-d9">
         <name>I2caRegsFile</name>
         <uninitialized>true</uninitialized>
         <run_address>0x7900</run_address>
         <size>0x22</size>
         <input_file_ref idref="fl-15"/>
      </object_component>
      <object_component id="oc-c5">
         <name>CsmPwlFile</name>
         <uninitialized>true</uninitialized>
         <run_address>0x33fff8</run_address>
         <size>0x8</size>
         <input_file_ref idref="fl-15"/>
      </object_component>
      <object_component id="oc-108">
         <name>codestart</name>
         <load_address>0x33fff6</load_address>
         <run_address>0x33fff6</run_address>
         <size>0x2</size>
         <input_file_ref idref="fl-1a"/>
      </object_component>
      <object_component id="oc-109">
         <name>wddisable</name>
         <load_address>0x33b300</load_address>
         <run_address>0x33b300</run_address>
         <size>0x8</size>
         <input_file_ref idref="fl-1a"/>
      </object_component>
      <object_component id="oc-10a">
         <name>copy_sections</name>
         <load_address>0x33b2c4</load_address>
         <run_address>0x33b2c4</run_address>
         <size>0x3c</size>
         <input_file_ref idref="fl-1a"/>
      </object_component>
      <object_component id="oc-10e">
         <name>.adc_cal</name>
         <load_address>0x380080</load_address>
         <run_address>0x380080</run_address>
         <size>0x7</size>
         <input_file_ref idref="fl-1b"/>
      </object_component>
      <object_component id="oc-122">
         <name>.reset</name>
         <load_address>0x3fffc0</load_address>
         <run_address>0x3fffc0</run_address>
         <size>0x2</size>
         <input_file_ref idref="fl-23"/>
      </object_component>
      <object_component id="oc-121">
         <name>.stack</name>
         <uninitialized>true</uninitialized>
         <run_address>0x0</run_address>
         <size>0x0</size>
         <input_file_ref idref="fl-23"/>
      </object_component>
      <object_component id="oc-1b0">
         <name>.stack</name>
         <uninitialized>true</uninitialized>
         <run_address>0x0</run_address>
         <size>0x0</size>
      </object_component>
      <object_component id="oc-56">
         <name>.ebss</name>
         <uninitialized>true</uninitialized>
         <run_address>0xc340</run_address>
         <size>0x60</size>
         <input_file_ref idref="fl-3"/>
      </object_component>
      <object_component id="oc-5d">
         <name>.ebss</name>
         <uninitialized>true</uninitialized>
         <run_address>0xc3a0</run_address>
         <size>0x9</size>
         <input_file_ref idref="fl-4"/>
      </object_component>
      <object_component id="oc-69">
         <name>.ebss</name>
         <uninitialized>true</uninitialized>
         <run_address>0xc000</run_address>
         <size>0x224</size>
         <input_file_ref idref="fl-6"/>
      </object_component>
      <object_component id="oc-70">
         <name>.ebss</name>
         <uninitialized>true</uninitialized>
         <run_address>0xc414</run_address>
         <size>0x22</size>
         <input_file_ref idref="fl-7"/>
      </object_component>
      <object_component id="oc-78">
         <name>.ebss</name>
         <uninitialized>true</uninitialized>
         <run_address>0xc31a</run_address>
         <size>0x26</size>
         <input_file_ref idref="fl-8"/>
      </object_component>
      <object_component id="oc-7f">
         <name>.ebss</name>
         <uninitialized>true</uninitialized>
         <run_address>0xc240</run_address>
         <size>0xda</size>
         <input_file_ref idref="fl-9"/>
      </object_component>
      <object_component id="oc-87">
         <name>.ebss</name>
         <uninitialized>true</uninitialized>
         <run_address>0xc3c0</run_address>
         <size>0x54</size>
         <input_file_ref idref="fl-a"/>
      </object_component>
      <object_component id="oc-8e">
         <name>.ebss</name>
         <uninitialized>true</uninitialized>
         <run_address>0xc3ae</run_address>
         <size>0x2</size>
         <input_file_ref idref="fl-b"/>
      </object_component>
      <object_component id="oc-94">
         <name>.ebss</name>
         <uninitialized>true</uninitialized>
         <run_address>0xc440</run_address>
         <size>0x3e</size>
         <input_file_ref idref="fl-c"/>
      </object_component>
      <object_component id="oc-104">
         <name>.ebss</name>
         <uninitialized>true</uninitialized>
         <run_address>0xc224</run_address>
         <size>0x18</size>
         <input_file_ref idref="fl-19"/>
      </object_component>
      <object_component id="oc-128">
         <name>.ebss</name>
         <uninitialized>true</uninitialized>
         <run_address>0xc3a9</run_address>
         <size>0x1</size>
         <input_file_ref idref="fl-24"/>
      </object_component>
      <object_component id="oc-12d">
         <name>.ebss</name>
         <uninitialized>true</uninitialized>
         <run_address>0xc3aa</run_address>
         <size>0x4</size>
         <input_file_ref idref="fl-25"/>
      </object_component>
      <object_component id="oc-145">
         <name>.ebss</name>
         <uninitialized>true</uninitialized>
         <run_address>0xc23c</run_address>
         <size>0x4</size>
         <input_file_ref idref="fl-2a"/>
      </object_component>
      <object_component id="oc-68">
         <name>.cinit</name>
         <load_address>0x33adab</load_address>
         <run_address>0xadab</run_address>
         <size>0x24a</size>
         <input_file_ref idref="fl-6"/>
      </object_component>
      <object_component id="oc-7e">
         <name>.cinit</name>
         <load_address>0x33aff5</load_address>
         <run_address>0xaff5</run_address>
         <size>0x71</size>
         <input_file_ref idref="fl-9"/>
      </object_component>
      <object_component id="oc-55">
         <name>.cinit</name>
         <load_address>0x33b066</load_address>
         <run_address>0xb066</run_address>
         <size>0x58</size>
         <input_file_ref idref="fl-3"/>
      </object_component>
      <object_component id="oc-6f">
         <name>.cinit</name>
         <load_address>0x33b0be</load_address>
         <run_address>0xb0be</run_address>
         <size>0x54</size>
         <input_file_ref idref="fl-7"/>
      </object_component>
      <object_component id="oc-86">
         <name>.cinit</name>
         <load_address>0x33b112</load_address>
         <run_address>0xb112</run_address>
         <size>0x52</size>
         <input_file_ref idref="fl-a"/>
      </object_component>
      <object_component id="oc-77">
         <name>.cinit</name>
         <load_address>0x33b164</load_address>
         <run_address>0xb164</run_address>
         <size>0x17</size>
         <input_file_ref idref="fl-8"/>
      </object_component>
      <object_component id="oc-5c">
         <name>.cinit</name>
         <load_address>0x33b17b</load_address>
         <run_address>0xb17b</run_address>
         <size>0xc</size>
         <input_file_ref idref="fl-4"/>
      </object_component>
      <object_component id="oc-144">
         <name>.cinit</name>
         <load_address>0x33b187</load_address>
         <run_address>0xb187</run_address>
         <size>0xa</size>
         <input_file_ref idref="fl-2a"/>
      </object_component>
      <object_component id="oc-12c">
         <name>.cinit</name>
         <load_address>0x33b191</load_address>
         <run_address>0xb191</run_address>
         <size>0xa</size>
         <input_file_ref idref="fl-25"/>
      </object_component>
      <object_component id="oc-8d">
         <name>.cinit</name>
         <load_address>0x33b19b</load_address>
         <run_address>0xb19b</run_address>
         <size>0x8</size>
         <input_file_ref idref="fl-b"/>
      </object_component>
      <object_component id="oc-127">
         <name>.cinit</name>
         <load_address>0x33b1a3</load_address>
         <run_address>0xb1a3</run_address>
         <size>0x4</size>
         <input_file_ref idref="fl-24"/>
      </object_component>
      <object_component id="oc-b2">
         <name>.econst</name>
         <load_address>0x33b1aa</load_address>
         <run_address>0xb1aa</run_address>
         <size>0x100</size>
         <input_file_ref idref="fl-12"/>
      </object_component>
      <object_component id="oc-15b">
         <name>.econst:_a$1</name>
         <load_address>0x33b2aa</load_address>
         <run_address>0xb2aa</run_address>
         <size>0x8</size>
         <input_file_ref idref="fl-22"/>
      </object_component>
      <object_component id="oc-15a">
         <name>.econst:_a$1</name>
         <load_address>0x33b2b2</load_address>
         <run_address>0xb2b2</run_address>
         <size>0x8</size>
         <input_file_ref idref="fl-21"/>
      </object_component>
      <object_component id="oc-158">
         <name>.econst:.string:_$P$T0$1</name>
         <load_address>0x33b2ba</load_address>
         <run_address>0xb2ba</run_address>
         <size>0x5</size>
         <input_file_ref idref="fl-3"/>
      </object_component>
      <object_component id="oc-159">
         <name>.econst:_c$1</name>
         <load_address>0x33b2c0</load_address>
         <run_address>0xb2c0</run_address>
         <size>0x4</size>
         <input_file_ref idref="fl-20"/>
      </object_component>
      <object_component id="oc-66">
         <name>.text</name>
         <load_address>0x338000</load_address>
         <run_address>0x8000</run_address>
         <size>0x9ee</size>
         <input_file_ref idref="fl-6"/>
      </object_component>
      <object_component id="oc-84">
         <name>.text</name>
         <load_address>0x3389ee</load_address>
         <run_address>0x89ee</run_address>
         <size>0x7be</size>
         <input_file_ref idref="fl-a"/>
      </object_component>
      <object_component id="oc-fe">
         <name>.text:retain</name>
         <load_address>0x3391ac</load_address>
         <run_address>0x91ac</run_address>
         <size>0x323</size>
         <input_file_ref idref="fl-18"/>
      </object_component>
      <object_component id="oc-75">
         <name>.text</name>
         <load_address>0x3394cf</load_address>
         <run_address>0x94cf</run_address>
         <size>0x2a8</size>
         <input_file_ref idref="fl-8"/>
      </object_component>
      <object_component id="oc-7c">
         <name>.text</name>
         <load_address>0x339777</load_address>
         <run_address>0x9777</run_address>
         <size>0x288</size>
         <input_file_ref idref="fl-9"/>
      </object_component>
      <object_component id="oc-92">
         <name>.text</name>
         <load_address>0x3399ff</load_address>
         <run_address>0x99ff</run_address>
         <size>0x20b</size>
         <input_file_ref idref="fl-c"/>
      </object_component>
      <object_component id="oc-61">
         <name>.text</name>
         <load_address>0x339c0a</load_address>
         <run_address>0x9c0a</run_address>
         <size>0x1f6</size>
         <input_file_ref idref="fl-5"/>
      </object_component>
      <object_component id="oc-53">
         <name>.text</name>
         <load_address>0x339e00</load_address>
         <run_address>0x9e00</run_address>
         <size>0x1cd</size>
         <input_file_ref idref="fl-3"/>
      </object_component>
      <object_component id="oc-5a">
         <name>.text</name>
         <load_address>0x339fcd</load_address>
         <run_address>0x9fcd</run_address>
         <size>0x157</size>
         <input_file_ref idref="fl-4"/>
      </object_component>
      <object_component id="oc-8b">
         <name>.text</name>
         <load_address>0x33a124</load_address>
         <run_address>0xa124</run_address>
         <size>0x150</size>
         <input_file_ref idref="fl-b"/>
      </object_component>
      <object_component id="oc-80">
         <name>.text:retain</name>
         <load_address>0x33a274</load_address>
         <run_address>0xa274</run_address>
         <size>0x117</size>
         <input_file_ref idref="fl-9"/>
      </object_component>
      <object_component id="oc-a1">
         <name>.text</name>
         <load_address>0x33a38b</load_address>
         <run_address>0xa38b</run_address>
         <size>0x10e</size>
         <input_file_ref idref="fl-f"/>
      </object_component>
      <object_component id="oc-9c">
         <name>.text</name>
         <load_address>0x33a499</load_address>
         <run_address>0xa499</run_address>
         <size>0xf6</size>
         <input_file_ref idref="fl-e"/>
      </object_component>
      <object_component id="oc-6d">
         <name>.text</name>
         <load_address>0x33a58f</load_address>
         <run_address>0xa58f</run_address>
         <size>0xf0</size>
         <input_file_ref idref="fl-7"/>
      </object_component>
      <object_component id="oc-71">
         <name>.text:retain</name>
         <load_address>0x33a67f</load_address>
         <run_address>0xa67f</run_address>
         <size>0xcb</size>
         <input_file_ref idref="fl-7"/>
      </object_component>
      <object_component id="oc-117">
         <name>.text</name>
         <load_address>0x33a74a</load_address>
         <run_address>0xa74a</run_address>
         <size>0xc4</size>
         <input_file_ref idref="fl-21"/>
      </object_component>
      <object_component id="oc-4e">
         <name>.text</name>
         <load_address>0x33a80e</load_address>
         <run_address>0xa80e</run_address>
         <size>0xa7</size>
         <input_file_ref idref="fl-2"/>
      </object_component>
      <object_component id="oc-f3">
         <name>.text</name>
         <load_address>0x33a8b5</load_address>
         <run_address>0xa8b5</run_address>
         <size>0xa1</size>
         <input_file_ref idref="fl-16"/>
      </object_component>
      <object_component id="oc-136">
         <name>.text</name>
         <load_address>0x33a956</load_address>
         <run_address>0xa956</run_address>
         <size>0x88</size>
         <input_file_ref idref="fl-27"/>
      </object_component>
      <object_component id="oc-102">
         <name>.text</name>
         <load_address>0x33a9de</load_address>
         <run_address>0xa9de</run_address>
         <size>0x7c</size>
         <input_file_ref idref="fl-19"/>
      </object_component>
      <object_component id="oc-112">
         <name>.text</name>
         <load_address>0x33aa5a</load_address>
         <run_address>0xaa5a</run_address>
         <size>0x77</size>
         <input_file_ref idref="fl-20"/>
      </object_component>
      <object_component id="oc-11c">
         <name>.text</name>
         <load_address>0x33aad1</load_address>
         <run_address>0xaad1</run_address>
         <size>0x6f</size>
         <input_file_ref idref="fl-22"/>
      </object_component>
      <object_component id="oc-f8">
         <name>.text</name>
         <load_address>0x33ab40</load_address>
         <run_address>0xab40</run_address>
         <size>0x62</size>
         <input_file_ref idref="fl-17"/>
      </object_component>
      <object_component id="oc-4d">
         <name>.text</name>
         <load_address>0x33aba2</load_address>
         <run_address>0xaba2</run_address>
         <size>0x46</size>
         <input_file_ref idref="fl-23"/>
      </object_component>
      <object_component id="oc-ab">
         <name>.text</name>
         <load_address>0x33abe8</load_address>
         <run_address>0xabe8</run_address>
         <size>0x43</size>
         <input_file_ref idref="fl-11"/>
      </object_component>
      <object_component id="oc-a6">
         <name>.text</name>
         <load_address>0x33ac2b</load_address>
         <run_address>0xac2b</run_address>
         <size>0x2c</size>
         <input_file_ref idref="fl-10"/>
      </object_component>
      <object_component id="oc-13e">
         <name>.text</name>
         <load_address>0x33ac57</load_address>
         <run_address>0xac57</run_address>
         <size>0x2a</size>
         <input_file_ref idref="fl-29"/>
      </object_component>
      <object_component id="oc-b6">
         <name>.text</name>
         <load_address>0x33ac81</load_address>
         <run_address>0xac81</run_address>
         <size>0x28</size>
         <input_file_ref idref="fl-13"/>
      </object_component>
      <object_component id="oc-bb">
         <name>.text</name>
         <load_address>0x33aca9</load_address>
         <run_address>0xaca9</run_address>
         <size>0x26</size>
         <input_file_ref idref="fl-14"/>
      </object_component>
      <object_component id="oc-14e">
         <name>.text</name>
         <load_address>0x33acd0</load_address>
         <run_address>0xacd0</run_address>
         <size>0x23</size>
         <input_file_ref idref="fl-2c"/>
      </object_component>
      <object_component id="oc-13a">
         <name>.text</name>
         <load_address>0x33acf3</load_address>
         <run_address>0xacf3</run_address>
         <size>0x22</size>
         <input_file_ref idref="fl-28"/>
      </object_component>
      <object_component id="oc-149">
         <name>.text</name>
         <load_address>0x33ad15</load_address>
         <run_address>0xad15</run_address>
         <size>0x21</size>
         <input_file_ref idref="fl-2b"/>
      </object_component>
      <object_component id="oc-b0">
         <name>.text</name>
         <load_address>0x33ad36</load_address>
         <run_address>0xad36</run_address>
         <size>0x20</size>
         <input_file_ref idref="fl-12"/>
      </object_component>
      <object_component id="oc-153">
         <name>.text</name>
         <load_address>0x33ad56</load_address>
         <run_address>0xad56</run_address>
         <size>0x19</size>
         <input_file_ref idref="fl-2d"/>
      </object_component>
      <object_component id="oc-12a">
         <name>.text</name>
         <load_address>0x33ad6f</load_address>
         <run_address>0xad6f</run_address>
         <size>0x19</size>
         <input_file_ref idref="fl-25"/>
      </object_component>
      <object_component id="oc-131">
         <name>.text</name>
         <load_address>0x33ad88</load_address>
         <run_address>0xad88</run_address>
         <size>0x16</size>
         <input_file_ref idref="fl-26"/>
      </object_component>
      <object_component id="oc-142">
         <name>.text</name>
         <load_address>0x33ad9e</load_address>
         <run_address>0xad9e</run_address>
         <size>0x9</size>
         <input_file_ref idref="fl-2a"/>
      </object_component>
      <object_component id="oc-98">
         <name>.text</name>
         <load_address>0x33ada7</load_address>
         <run_address>0xada7</run_address>
         <size>0x4</size>
         <input_file_ref idref="fl-d"/>
      </object_component>
      <object_component id="oc-4f">
         <name>.debug_info</name>
         <load_address>0x0</load_address>
         <run_address>0x0</run_address>
         <size>0x2491</size>
         <input_file_ref idref="fl-2"/>
      </object_component>
      <object_component id="oc-54">
         <name>.debug_info</name>
         <load_address>0x2491</load_address>
         <run_address>0x2491</run_address>
         <size>0x3545</size>
         <input_file_ref idref="fl-3"/>
      </object_component>
      <object_component id="oc-5b">
         <name>.debug_info</name>
         <load_address>0x59d6</load_address>
         <run_address>0x59d6</run_address>
         <size>0x134f</size>
         <input_file_ref idref="fl-4"/>
      </object_component>
      <object_component id="oc-62">
         <name>.debug_info</name>
         <load_address>0x6d25</load_address>
         <run_address>0x6d25</run_address>
         <size>0x90b</size>
         <input_file_ref idref="fl-5"/>
      </object_component>
      <object_component id="oc-67">
         <name>.debug_info</name>
         <load_address>0x7630</load_address>
         <run_address>0x7630</run_address>
         <size>0x1ce7</size>
         <input_file_ref idref="fl-6"/>
      </object_component>
      <object_component id="oc-6e">
         <name>.debug_info</name>
         <load_address>0x9317</load_address>
         <run_address>0x9317</run_address>
         <size>0x172d</size>
         <input_file_ref idref="fl-7"/>
      </object_component>
      <object_component id="oc-76">
         <name>.debug_info</name>
         <load_address>0xaa44</load_address>
         <run_address>0xaa44</run_address>
         <size>0x14fa</size>
         <input_file_ref idref="fl-8"/>
      </object_component>
      <object_component id="oc-7d">
         <name>.debug_info</name>
         <load_address>0xbf3e</load_address>
         <run_address>0xbf3e</run_address>
         <size>0x4e67</size>
         <input_file_ref idref="fl-9"/>
      </object_component>
      <object_component id="oc-85">
         <name>.debug_info</name>
         <load_address>0x10da5</load_address>
         <run_address>0x10da5</run_address>
         <size>0x1087</size>
         <input_file_ref idref="fl-a"/>
      </object_component>
      <object_component id="oc-8c">
         <name>.debug_info</name>
         <load_address>0x11e2c</load_address>
         <run_address>0x11e2c</run_address>
         <size>0x2d09</size>
         <input_file_ref idref="fl-b"/>
      </object_component>
      <object_component id="oc-93">
         <name>.debug_info</name>
         <load_address>0x14b35</load_address>
         <run_address>0x14b35</run_address>
         <size>0x87a</size>
         <input_file_ref idref="fl-c"/>
      </object_component>
      <object_component id="oc-99">
         <name>.debug_info</name>
         <load_address>0x153af</load_address>
         <run_address>0x153af</run_address>
         <size>0xd3</size>
         <input_file_ref idref="fl-d"/>
      </object_component>
      <object_component id="oc-9d">
         <name>.debug_info</name>
         <load_address>0x15482</load_address>
         <run_address>0x15482</run_address>
         <size>0x21bc</size>
         <input_file_ref idref="fl-e"/>
      </object_component>
      <object_component id="oc-a2">
         <name>.debug_info</name>
         <load_address>0x1763e</load_address>
         <run_address>0x1763e</run_address>
         <size>0x1eef</size>
         <input_file_ref idref="fl-f"/>
      </object_component>
      <object_component id="oc-a7">
         <name>.debug_info</name>
         <load_address>0x1952d</load_address>
         <run_address>0x1952d</run_address>
         <size>0x1c45</size>
         <input_file_ref idref="fl-10"/>
      </object_component>
      <object_component id="oc-ac">
         <name>.debug_info</name>
         <load_address>0x1b172</load_address>
         <run_address>0x1b172</run_address>
         <size>0x1cff</size>
         <input_file_ref idref="fl-11"/>
      </object_component>
      <object_component id="oc-b1">
         <name>.debug_info</name>
         <load_address>0x1ce71</load_address>
         <run_address>0x1ce71</run_address>
         <size>0x227f</size>
         <input_file_ref idref="fl-12"/>
      </object_component>
      <object_component id="oc-b7">
         <name>.debug_info</name>
         <load_address>0x1f0f0</load_address>
         <run_address>0x1f0f0</run_address>
         <size>0xb15</size>
         <input_file_ref idref="fl-13"/>
      </object_component>
      <object_component id="oc-bc">
         <name>.debug_info</name>
         <load_address>0x1fc05</load_address>
         <run_address>0x1fc05</run_address>
         <size>0x2481</size>
         <input_file_ref idref="fl-14"/>
      </object_component>
      <object_component id="oc-c0">
         <name>.debug_info</name>
         <load_address>0x22086</load_address>
         <run_address>0x22086</run_address>
         <size>0x12d7d</size>
         <input_file_ref idref="fl-15"/>
      </object_component>
      <object_component id="oc-f4">
         <name>.debug_info</name>
         <load_address>0x34e03</load_address>
         <run_address>0x34e03</run_address>
         <size>0x1f65</size>
         <input_file_ref idref="fl-16"/>
      </object_component>
      <object_component id="oc-f9">
         <name>.debug_info</name>
         <load_address>0x36d68</load_address>
         <run_address>0x36d68</run_address>
         <size>0x1ea1</size>
         <input_file_ref idref="fl-17"/>
      </object_component>
      <object_component id="oc-fd">
         <name>.debug_info</name>
         <load_address>0x38c09</load_address>
         <run_address>0x38c09</run_address>
         <size>0x22d4</size>
         <input_file_ref idref="fl-18"/>
      </object_component>
      <object_component id="oc-103">
         <name>.debug_info</name>
         <load_address>0x3aedd</load_address>
         <run_address>0x3aedd</run_address>
         <size>0x961</size>
         <input_file_ref idref="fl-19"/>
      </object_component>
      <object_component id="oc-10b">
         <name>.debug_info</name>
         <load_address>0x3b83e</load_address>
         <run_address>0x3b83e</run_address>
         <size>0x196</size>
         <input_file_ref idref="fl-1a"/>
      </object_component>
      <object_component id="oc-10f">
         <name>.debug_info</name>
         <load_address>0x3b9d4</load_address>
         <run_address>0x3b9d4</run_address>
         <size>0xd3</size>
         <input_file_ref idref="fl-1b"/>
      </object_component>
      <object_component id="oc-113">
         <name>.debug_info</name>
         <load_address>0x3baa7</load_address>
         <run_address>0x3baa7</run_address>
         <size>0x45f</size>
         <input_file_ref idref="fl-20"/>
      </object_component>
      <object_component id="oc-118">
         <name>.debug_info</name>
         <load_address>0x3bf06</load_address>
         <run_address>0x3bf06</run_address>
         <size>0x4f5</size>
         <input_file_ref idref="fl-21"/>
      </object_component>
      <object_component id="oc-11d">
         <name>.debug_info</name>
         <load_address>0x3c3fb</load_address>
         <run_address>0x3c3fb</run_address>
         <size>0x44d</size>
         <input_file_ref idref="fl-22"/>
      </object_component>
      <object_component id="oc-123">
         <name>.debug_info</name>
         <load_address>0x3c848</load_address>
         <run_address>0x3c848</run_address>
         <size>0xde</size>
         <input_file_ref idref="fl-23"/>
      </object_component>
      <object_component id="oc-126">
         <name>.debug_info</name>
         <load_address>0x3c926</load_address>
         <run_address>0x3c926</run_address>
         <size>0x355</size>
         <input_file_ref idref="fl-24"/>
      </object_component>
      <object_component id="oc-12b">
         <name>.debug_info</name>
         <load_address>0x3cc7b</load_address>
         <run_address>0x3cc7b</run_address>
         <size>0x488</size>
         <input_file_ref idref="fl-25"/>
      </object_component>
      <object_component id="oc-132">
         <name>.debug_info</name>
         <load_address>0x3d103</load_address>
         <run_address>0x3d103</run_address>
         <size>0x3d2</size>
         <input_file_ref idref="fl-26"/>
      </object_component>
      <object_component id="oc-137">
         <name>.debug_info</name>
         <load_address>0x3d4d5</load_address>
         <run_address>0x3d4d5</run_address>
         <size>0xc0</size>
         <input_file_ref idref="fl-27"/>
      </object_component>
      <object_component id="oc-13b">
         <name>.debug_info</name>
         <load_address>0x3d595</load_address>
         <run_address>0x3d595</run_address>
         <size>0xeb</size>
         <input_file_ref idref="fl-28"/>
      </object_component>
      <object_component id="oc-13f">
         <name>.debug_info</name>
         <load_address>0x3d680</load_address>
         <run_address>0x3d680</run_address>
         <size>0x14b</size>
         <input_file_ref idref="fl-29"/>
      </object_component>
      <object_component id="oc-143">
         <name>.debug_info</name>
         <load_address>0x3d7cb</load_address>
         <run_address>0x3d7cb</run_address>
         <size>0x4ae</size>
         <input_file_ref idref="fl-2a"/>
      </object_component>
      <object_component id="oc-14a">
         <name>.debug_info</name>
         <load_address>0x3dc79</load_address>
         <run_address>0x3dc79</run_address>
         <size>0x455</size>
         <input_file_ref idref="fl-2b"/>
      </object_component>
      <object_component id="oc-14f">
         <name>.debug_info</name>
         <load_address>0x3e0ce</load_address>
         <run_address>0x3e0ce</run_address>
         <size>0x3e0</size>
         <input_file_ref idref="fl-2c"/>
      </object_component>
      <object_component id="oc-154">
         <name>.debug_info</name>
         <load_address>0x3e4ae</load_address>
         <run_address>0x3e4ae</run_address>
         <size>0x46f</size>
         <input_file_ref idref="fl-2d"/>
      </object_component>
      <object_component id="oc-1b1">
         <name>.debug_info</name>
         <load_address>0x3e91d</load_address>
         <run_address>0x3e91d</run_address>
         <size>0x6f</size>
      </object_component>
      <object_component id="oc-50">
         <name>.debug_frame</name>
         <load_address>0x0</load_address>
         <run_address>0x0</run_address>
         <size>0x14e</size>
         <input_file_ref idref="fl-2"/>
      </object_component>
      <object_component id="oc-57">
         <name>.debug_frame</name>
         <load_address>0x14e</load_address>
         <run_address>0x14e</run_address>
         <size>0x298</size>
         <input_file_ref idref="fl-3"/>
      </object_component>
      <object_component id="oc-5e">
         <name>.debug_frame</name>
         <load_address>0x3e6</load_address>
         <run_address>0x3e6</run_address>
         <size>0x163</size>
         <input_file_ref idref="fl-4"/>
      </object_component>
      <object_component id="oc-63">
         <name>.debug_frame</name>
         <load_address>0x549</load_address>
         <run_address>0x549</run_address>
         <size>0x1bd</size>
         <input_file_ref idref="fl-5"/>
      </object_component>
      <object_component id="oc-6a">
         <name>.debug_frame</name>
         <load_address>0x706</load_address>
         <run_address>0x706</run_address>
         <size>0x1ad</size>
         <input_file_ref idref="fl-6"/>
      </object_component>
      <object_component id="oc-72">
         <name>.debug_frame</name>
         <load_address>0x8b3</load_address>
         <run_address>0x8b3</run_address>
         <size>0x261</size>
         <input_file_ref idref="fl-7"/>
      </object_component>
      <object_component id="oc-79">
         <name>.debug_frame</name>
         <load_address>0xb14</load_address>
         <run_address>0xb14</run_address>
         <size>0x25b</size>
         <input_file_ref idref="fl-8"/>
      </object_component>
      <object_component id="oc-81">
         <name>.debug_frame</name>
         <load_address>0xd6f</load_address>
         <run_address>0xd6f</run_address>
         <size>0x211</size>
         <input_file_ref idref="fl-9"/>
      </object_component>
      <object_component id="oc-88">
         <name>.debug_frame</name>
         <load_address>0xf80</load_address>
         <run_address>0xf80</run_address>
         <size>0x147</size>
         <input_file_ref idref="fl-a"/>
      </object_component>
      <object_component id="oc-8f">
         <name>.debug_frame</name>
         <load_address>0x10c7</load_address>
         <run_address>0x10c7</run_address>
         <size>0x269</size>
         <input_file_ref idref="fl-b"/>
      </object_component>
      <object_component id="oc-95">
         <name>.debug_frame</name>
         <load_address>0x1330</load_address>
         <run_address>0x1330</run_address>
         <size>0xe0</size>
         <input_file_ref idref="fl-c"/>
      </object_component>
      <object_component id="oc-9e">
         <name>.debug_frame</name>
         <load_address>0x1410</load_address>
         <run_address>0x1410</run_address>
         <size>0xd6</size>
         <input_file_ref idref="fl-e"/>
      </object_component>
      <object_component id="oc-a3">
         <name>.debug_frame</name>
         <load_address>0x14e6</load_address>
         <run_address>0x14e6</run_address>
         <size>0x144</size>
         <input_file_ref idref="fl-f"/>
      </object_component>
      <object_component id="oc-a8">
         <name>.debug_frame</name>
         <load_address>0x162a</load_address>
         <run_address>0x162a</run_address>
         <size>0xd6</size>
         <input_file_ref idref="fl-10"/>
      </object_component>
      <object_component id="oc-ad">
         <name>.debug_frame</name>
         <load_address>0x1700</load_address>
         <run_address>0x1700</run_address>
         <size>0x106</size>
         <input_file_ref idref="fl-11"/>
      </object_component>
      <object_component id="oc-b3">
         <name>.debug_frame</name>
         <load_address>0x1806</load_address>
         <run_address>0x1806</run_address>
         <size>0xac</size>
         <input_file_ref idref="fl-12"/>
      </object_component>
      <object_component id="oc-b8">
         <name>.debug_frame</name>
         <load_address>0x18b2</load_address>
         <run_address>0x18b2</run_address>
         <size>0xbe</size>
         <input_file_ref idref="fl-13"/>
      </object_component>
      <object_component id="oc-bd">
         <name>.debug_frame</name>
         <load_address>0x1970</load_address>
         <run_address>0x1970</run_address>
         <size>0xbe</size>
         <input_file_ref idref="fl-14"/>
      </object_component>
      <object_component id="oc-f5">
         <name>.debug_frame</name>
         <load_address>0x1a2e</load_address>
         <run_address>0x1a2e</run_address>
         <size>0x17e</size>
         <input_file_ref idref="fl-16"/>
      </object_component>
      <object_component id="oc-fa">
         <name>.debug_frame</name>
         <load_address>0x1bac</load_address>
         <run_address>0x1bac</run_address>
         <size>0x14e</size>
         <input_file_ref idref="fl-17"/>
      </object_component>
      <object_component id="oc-ff">
         <name>.debug_frame</name>
         <load_address>0x1cfa</load_address>
         <run_address>0x1cfa</run_address>
         <size>0xd1a</size>
         <input_file_ref idref="fl-18"/>
      </object_component>
      <object_component id="oc-105">
         <name>.debug_frame</name>
         <load_address>0x2a14</load_address>
         <run_address>0x2a14</run_address>
         <size>0xc5</size>
         <input_file_ref idref="fl-19"/>
      </object_component>
      <object_component id="oc-114">
         <name>.debug_frame</name>
         <load_address>0x2ad9</load_address>
         <run_address>0x2ad9</run_address>
         <size>0xac</size>
         <input_file_ref idref="fl-20"/>
      </object_component>
      <object_component id="oc-119">
         <name>.debug_frame</name>
         <load_address>0x2b85</load_address>
         <run_address>0x2b85</run_address>
         <size>0xc8</size>
         <input_file_ref idref="fl-21"/>
      </object_component>
      <object_component id="oc-11e">
         <name>.debug_frame</name>
         <load_address>0x2c4d</load_address>
         <run_address>0x2c4d</run_address>
         <size>0xc8</size>
         <input_file_ref idref="fl-22"/>
      </object_component>
      <object_component id="oc-12e">
         <name>.debug_frame</name>
         <load_address>0x2d15</load_address>
         <run_address>0x2d15</run_address>
         <size>0xc7</size>
         <input_file_ref idref="fl-25"/>
      </object_component>
      <object_component id="oc-133">
         <name>.debug_frame</name>
         <load_address>0x2ddc</load_address>
         <run_address>0x2ddc</run_address>
         <size>0xac</size>
         <input_file_ref idref="fl-26"/>
      </object_component>
      <object_component id="oc-146">
         <name>.debug_frame</name>
         <load_address>0x2e88</load_address>
         <run_address>0x2e88</run_address>
         <size>0xd6</size>
         <input_file_ref idref="fl-2a"/>
      </object_component>
      <object_component id="oc-14b">
         <name>.debug_frame</name>
         <load_address>0x2f5e</load_address>
         <run_address>0x2f5e</run_address>
         <size>0xa6</size>
         <input_file_ref idref="fl-2b"/>
      </object_component>
      <object_component id="oc-150">
         <name>.debug_frame</name>
         <load_address>0x3004</load_address>
         <run_address>0x3004</run_address>
         <size>0xac</size>
         <input_file_ref idref="fl-2c"/>
      </object_component>
      <object_component id="oc-155">
         <name>.debug_frame</name>
         <load_address>0x30b0</load_address>
         <run_address>0x30b0</run_address>
         <size>0xa6</size>
         <input_file_ref idref="fl-2d"/>
      </object_component>
      <object_component id="oc-51">
         <name>.debug_line</name>
         <load_address>0x0</load_address>
         <run_address>0x0</run_address>
         <size>0x102</size>
         <input_file_ref idref="fl-2"/>
      </object_component>
      <object_component id="oc-58">
         <name>.debug_line</name>
         <load_address>0x102</load_address>
         <run_address>0x102</run_address>
         <size>0x330</size>
         <input_file_ref idref="fl-3"/>
      </object_component>
      <object_component id="oc-5f">
         <name>.debug_line</name>
         <load_address>0x432</load_address>
         <run_address>0x432</run_address>
         <size>0x1bf</size>
         <input_file_ref idref="fl-4"/>
      </object_component>
      <object_component id="oc-64">
         <name>.debug_line</name>
         <load_address>0x5f1</load_address>
         <run_address>0x5f1</run_address>
         <size>0x193</size>
         <input_file_ref idref="fl-5"/>
      </object_component>
      <object_component id="oc-6b">
         <name>.debug_line</name>
         <load_address>0x784</load_address>
         <run_address>0x784</run_address>
         <size>0x3dd</size>
         <input_file_ref idref="fl-6"/>
      </object_component>
      <object_component id="oc-73">
         <name>.debug_line</name>
         <load_address>0xb61</load_address>
         <run_address>0xb61</run_address>
         <size>0x1ec</size>
         <input_file_ref idref="fl-7"/>
      </object_component>
      <object_component id="oc-7a">
         <name>.debug_line</name>
         <load_address>0xd4d</load_address>
         <run_address>0xd4d</run_address>
         <size>0x256</size>
         <input_file_ref idref="fl-8"/>
      </object_component>
      <object_component id="oc-82">
         <name>.debug_line</name>
         <load_address>0xfa3</load_address>
         <run_address>0xfa3</run_address>
         <size>0x282</size>
         <input_file_ref idref="fl-9"/>
      </object_component>
      <object_component id="oc-89">
         <name>.debug_line</name>
         <load_address>0x1225</load_address>
         <run_address>0x1225</run_address>
         <size>0x1e8</size>
         <input_file_ref idref="fl-a"/>
      </object_component>
      <object_component id="oc-90">
         <name>.debug_line</name>
         <load_address>0x140d</load_address>
         <run_address>0x140d</run_address>
         <size>0x291</size>
         <input_file_ref idref="fl-b"/>
      </object_component>
      <object_component id="oc-96">
         <name>.debug_line</name>
         <load_address>0x169e</load_address>
         <run_address>0x169e</run_address>
         <size>0xe1</size>
         <input_file_ref idref="fl-c"/>
      </object_component>
      <object_component id="oc-9a">
         <name>.debug_line</name>
         <load_address>0x177f</load_address>
         <run_address>0x177f</run_address>
         <size>0x49</size>
         <input_file_ref idref="fl-d"/>
      </object_component>
      <object_component id="oc-9f">
         <name>.debug_line</name>
         <load_address>0x17c8</load_address>
         <run_address>0x17c8</run_address>
         <size>0xf6</size>
         <input_file_ref idref="fl-e"/>
      </object_component>
      <object_component id="oc-a4">
         <name>.debug_line</name>
         <load_address>0x18be</load_address>
         <run_address>0x18be</run_address>
         <size>0x166</size>
         <input_file_ref idref="fl-f"/>
      </object_component>
      <object_component id="oc-a9">
         <name>.debug_line</name>
         <load_address>0x1a24</load_address>
         <run_address>0x1a24</run_address>
         <size>0x83</size>
         <input_file_ref idref="fl-10"/>
      </object_component>
      <object_component id="oc-ae">
         <name>.debug_line</name>
         <load_address>0x1aa7</load_address>
         <run_address>0x1aa7</run_address>
         <size>0xc8</size>
         <input_file_ref idref="fl-11"/>
      </object_component>
      <object_component id="oc-b4">
         <name>.debug_line</name>
         <load_address>0x1b6f</load_address>
         <run_address>0x1b6f</run_address>
         <size>0x69</size>
         <input_file_ref idref="fl-12"/>
      </object_component>
      <object_component id="oc-b9">
         <name>.debug_line</name>
         <load_address>0x1bd8</load_address>
         <run_address>0x1bd8</run_address>
         <size>0x87</size>
         <input_file_ref idref="fl-13"/>
      </object_component>
      <object_component id="oc-be">
         <name>.debug_line</name>
         <load_address>0x1c5f</load_address>
         <run_address>0x1c5f</run_address>
         <size>0x76</size>
         <input_file_ref idref="fl-14"/>
      </object_component>
      <object_component id="oc-f6">
         <name>.debug_line</name>
         <load_address>0x1cd5</load_address>
         <run_address>0x1cd5</run_address>
         <size>0x15a</size>
         <input_file_ref idref="fl-16"/>
      </object_component>
      <object_component id="oc-fb">
         <name>.debug_line</name>
         <load_address>0x1e2f</load_address>
         <run_address>0x1e2f</run_address>
         <size>0x124</size>
         <input_file_ref idref="fl-17"/>
      </object_component>
      <object_component id="oc-100">
         <name>.debug_line</name>
         <load_address>0x1f53</load_address>
         <run_address>0x1f53</run_address>
         <size>0x763</size>
         <input_file_ref idref="fl-18"/>
      </object_component>
      <object_component id="oc-106">
         <name>.debug_line</name>
         <load_address>0x26b6</load_address>
         <run_address>0x26b6</run_address>
         <size>0x89</size>
         <input_file_ref idref="fl-19"/>
      </object_component>
      <object_component id="oc-10c">
         <name>.debug_line</name>
         <load_address>0x273f</load_address>
         <run_address>0x273f</run_address>
         <size>0x94</size>
         <input_file_ref idref="fl-1a"/>
      </object_component>
      <object_component id="oc-110">
         <name>.debug_line</name>
         <load_address>0x27d3</load_address>
         <run_address>0x27d3</run_address>
         <size>0x4a</size>
         <input_file_ref idref="fl-1b"/>
      </object_component>
      <object_component id="oc-115">
         <name>.debug_line</name>
         <load_address>0x281d</load_address>
         <run_address>0x281d</run_address>
         <size>0x70</size>
         <input_file_ref idref="fl-20"/>
      </object_component>
      <object_component id="oc-11a">
         <name>.debug_line</name>
         <load_address>0x288d</load_address>
         <run_address>0x288d</run_address>
         <size>0xa5</size>
         <input_file_ref idref="fl-21"/>
      </object_component>
      <object_component id="oc-11f">
         <name>.debug_line</name>
         <load_address>0x2932</load_address>
         <run_address>0x2932</run_address>
         <size>0x61</size>
         <input_file_ref idref="fl-22"/>
      </object_component>
      <object_component id="oc-124">
         <name>.debug_line</name>
         <load_address>0x2993</load_address>
         <run_address>0x2993</run_address>
         <size>0x71</size>
         <input_file_ref idref="fl-23"/>
      </object_component>
      <object_component id="oc-12f">
         <name>.debug_line</name>
         <load_address>0x2a04</load_address>
         <run_address>0x2a04</run_address>
         <size>0x62</size>
         <input_file_ref idref="fl-25"/>
      </object_component>
      <object_component id="oc-134">
         <name>.debug_line</name>
         <load_address>0x2a66</load_address>
         <run_address>0x2a66</run_address>
         <size>0x44</size>
         <input_file_ref idref="fl-26"/>
      </object_component>
      <object_component id="oc-138">
         <name>.debug_line</name>
         <load_address>0x2aaa</load_address>
         <run_address>0x2aaa</run_address>
         <size>0xaa</size>
         <input_file_ref idref="fl-27"/>
      </object_component>
      <object_component id="oc-13c">
         <name>.debug_line</name>
         <load_address>0x2b54</load_address>
         <run_address>0x2b54</run_address>
         <size>0x66</size>
         <input_file_ref idref="fl-28"/>
      </object_component>
      <object_component id="oc-140">
         <name>.debug_line</name>
         <load_address>0x2bba</load_address>
         <run_address>0x2bba</run_address>
         <size>0x8b</size>
         <input_file_ref idref="fl-29"/>
      </object_component>
      <object_component id="oc-147">
         <name>.debug_line</name>
         <load_address>0x2c45</load_address>
         <run_address>0x2c45</run_address>
         <size>0x5b</size>
         <input_file_ref idref="fl-2a"/>
      </object_component>
      <object_component id="oc-14c">
         <name>.debug_line</name>
         <load_address>0x2ca0</load_address>
         <run_address>0x2ca0</run_address>
         <size>0x5c</size>
         <input_file_ref idref="fl-2b"/>
      </object_component>
      <object_component id="oc-151">
         <name>.debug_line</name>
         <load_address>0x2cfc</load_address>
         <run_address>0x2cfc</run_address>
         <size>0x4f</size>
         <input_file_ref idref="fl-2c"/>
      </object_component>
      <object_component id="oc-156">
         <name>.debug_line</name>
         <load_address>0x2d4b</load_address>
         <run_address>0x2d4b</run_address>
         <size>0x50</size>
         <input_file_ref idref="fl-2d"/>
      </object_component>
      <object_component id="oc-52">
         <name>.debug_abbrev</name>
         <load_address>0x0</load_address>
         <run_address>0x0</run_address>
         <size>0x105</size>
         <input_file_ref idref="fl-2"/>
      </object_component>
      <object_component id="oc-59">
         <name>.debug_abbrev</name>
         <load_address>0x105</load_address>
         <run_address>0x105</run_address>
         <size>0x1bd</size>
         <input_file_ref idref="fl-3"/>
      </object_component>
      <object_component id="oc-60">
         <name>.debug_abbrev</name>
         <load_address>0x2c2</load_address>
         <run_address>0x2c2</run_address>
         <size>0x112</size>
         <input_file_ref idref="fl-4"/>
      </object_component>
      <object_component id="oc-65">
         <name>.debug_abbrev</name>
         <load_address>0x3d4</load_address>
         <run_address>0x3d4</run_address>
         <size>0x96</size>
         <input_file_ref idref="fl-5"/>
      </object_component>
      <object_component id="oc-6c">
         <name>.debug_abbrev</name>
         <load_address>0x46a</load_address>
         <run_address>0x46a</run_address>
         <size>0x142</size>
         <input_file_ref idref="fl-6"/>
      </object_component>
      <object_component id="oc-74">
         <name>.debug_abbrev</name>
         <load_address>0x5ac</load_address>
         <run_address>0x5ac</run_address>
         <size>0x105</size>
         <input_file_ref idref="fl-7"/>
      </object_component>
      <object_component id="oc-7b">
         <name>.debug_abbrev</name>
         <load_address>0x6b1</load_address>
         <run_address>0x6b1</run_address>
         <size>0x130</size>
         <input_file_ref idref="fl-8"/>
      </object_component>
      <object_component id="oc-83">
         <name>.debug_abbrev</name>
         <load_address>0x7e1</load_address>
         <run_address>0x7e1</run_address>
         <size>0x1c8</size>
         <input_file_ref idref="fl-9"/>
      </object_component>
      <object_component id="oc-8a">
         <name>.debug_abbrev</name>
         <load_address>0x9a9</load_address>
         <run_address>0x9a9</run_address>
         <size>0x10d</size>
         <input_file_ref idref="fl-a"/>
      </object_component>
      <object_component id="oc-91">
         <name>.debug_abbrev</name>
         <load_address>0xab6</load_address>
         <run_address>0xab6</run_address>
         <size>0x135</size>
         <input_file_ref idref="fl-b"/>
      </object_component>
      <object_component id="oc-97">
         <name>.debug_abbrev</name>
         <load_address>0xbeb</load_address>
         <run_address>0xbeb</run_address>
         <size>0xed</size>
         <input_file_ref idref="fl-c"/>
      </object_component>
      <object_component id="oc-9b">
         <name>.debug_abbrev</name>
         <load_address>0xcd8</load_address>
         <run_address>0xcd8</run_address>
         <size>0x2c</size>
         <input_file_ref idref="fl-d"/>
      </object_component>
      <object_component id="oc-a0">
         <name>.debug_abbrev</name>
         <load_address>0xd04</load_address>
         <run_address>0xd04</run_address>
         <size>0xdb</size>
         <input_file_ref idref="fl-e"/>
      </object_component>
      <object_component id="oc-a5">
         <name>.debug_abbrev</name>
         <load_address>0xddf</load_address>
         <run_address>0xddf</run_address>
         <size>0x166</size>
         <input_file_ref idref="fl-f"/>
      </object_component>
      <object_component id="oc-aa">
         <name>.debug_abbrev</name>
         <load_address>0xf45</load_address>
         <run_address>0xf45</run_address>
         <size>0xdb</size>
         <input_file_ref idref="fl-10"/>
      </object_component>
      <object_component id="oc-af">
         <name>.debug_abbrev</name>
         <load_address>0x1020</load_address>
         <run_address>0x1020</run_address>
         <size>0xdb</size>
         <input_file_ref idref="fl-11"/>
      </object_component>
      <object_component id="oc-b5">
         <name>.debug_abbrev</name>
         <load_address>0x10fb</load_address>
         <run_address>0x10fb</run_address>
         <size>0x107</size>
         <input_file_ref idref="fl-12"/>
      </object_component>
      <object_component id="oc-ba">
         <name>.debug_abbrev</name>
         <load_address>0x1202</load_address>
         <run_address>0x1202</run_address>
         <size>0xbb</size>
         <input_file_ref idref="fl-13"/>
      </object_component>
      <object_component id="oc-bf">
         <name>.debug_abbrev</name>
         <load_address>0x12bd</load_address>
         <run_address>0x12bd</run_address>
         <size>0xcd</size>
         <input_file_ref idref="fl-14"/>
      </object_component>
      <object_component id="oc-f2">
         <name>.debug_abbrev</name>
         <load_address>0x138a</load_address>
         <run_address>0x138a</run_address>
         <size>0xb3</size>
         <input_file_ref idref="fl-15"/>
      </object_component>
      <object_component id="oc-f7">
         <name>.debug_abbrev</name>
         <load_address>0x143d</load_address>
         <run_address>0x143d</run_address>
         <size>0x100</size>
         <input_file_ref idref="fl-16"/>
      </object_component>
      <object_component id="oc-fc">
         <name>.debug_abbrev</name>
         <load_address>0x153d</load_address>
         <run_address>0x153d</run_address>
         <size>0xdb</size>
         <input_file_ref idref="fl-17"/>
      </object_component>
      <object_component id="oc-101">
         <name>.debug_abbrev</name>
         <load_address>0x1618</load_address>
         <run_address>0x1618</run_address>
         <size>0xd5</size>
         <input_file_ref idref="fl-18"/>
      </object_component>
      <object_component id="oc-107">
         <name>.debug_abbrev</name>
         <load_address>0x16ed</load_address>
         <run_address>0x16ed</run_address>
         <size>0xf0</size>
         <input_file_ref idref="fl-19"/>
      </object_component>
      <object_component id="oc-10d">
         <name>.debug_abbrev</name>
         <load_address>0x17dd</load_address>
         <run_address>0x17dd</run_address>
         <size>0x49</size>
         <input_file_ref idref="fl-1a"/>
      </object_component>
      <object_component id="oc-111">
         <name>.debug_abbrev</name>
         <load_address>0x1826</load_address>
         <run_address>0x1826</run_address>
         <size>0x2c</size>
         <input_file_ref idref="fl-1b"/>
      </object_component>
      <object_component id="oc-116">
         <name>.debug_abbrev</name>
         <load_address>0x1852</load_address>
         <run_address>0x1852</run_address>
         <size>0xd2</size>
         <input_file_ref idref="fl-20"/>
      </object_component>
      <object_component id="oc-11b">
         <name>.debug_abbrev</name>
         <load_address>0x1924</load_address>
         <run_address>0x1924</run_address>
         <size>0xdb</size>
         <input_file_ref idref="fl-21"/>
      </object_component>
      <object_component id="oc-120">
         <name>.debug_abbrev</name>
         <load_address>0x19ff</load_address>
         <run_address>0x19ff</run_address>
         <size>0xc2</size>
         <input_file_ref idref="fl-22"/>
      </object_component>
      <object_component id="oc-125">
         <name>.debug_abbrev</name>
         <load_address>0x1ac1</load_address>
         <run_address>0x1ac1</run_address>
         <size>0x43</size>
         <input_file_ref idref="fl-23"/>
      </object_component>
      <object_component id="oc-129">
         <name>.debug_abbrev</name>
         <load_address>0x1b04</load_address>
         <run_address>0x1b04</run_address>
         <size>0x35</size>
         <input_file_ref idref="fl-24"/>
      </object_component>
      <object_component id="oc-130">
         <name>.debug_abbrev</name>
         <load_address>0x1b39</load_address>
         <run_address>0x1b39</run_address>
         <size>0x10c</size>
         <input_file_ref idref="fl-25"/>
      </object_component>
      <object_component id="oc-135">
         <name>.debug_abbrev</name>
         <load_address>0x1c45</load_address>
         <run_address>0x1c45</run_address>
         <size>0x94</size>
         <input_file_ref idref="fl-26"/>
      </object_component>
      <object_component id="oc-139">
         <name>.debug_abbrev</name>
         <load_address>0x1cd9</load_address>
         <run_address>0x1cd9</run_address>
         <size>0x35</size>
         <input_file_ref idref="fl-27"/>
      </object_component>
      <object_component id="oc-13d">
         <name>.debug_abbrev</name>
         <load_address>0x1d0e</load_address>
         <run_address>0x1d0e</run_address>
         <size>0x35</size>
         <input_file_ref idref="fl-28"/>
      </object_component>
      <object_component id="oc-141">
         <name>.debug_abbrev</name>
         <load_address>0x1d43</load_address>
         <run_address>0x1d43</run_address>
         <size>0x35</size>
         <input_file_ref idref="fl-29"/>
      </object_component>
      <object_component id="oc-148">
         <name>.debug_abbrev</name>
         <load_address>0x1d78</load_address>
         <run_address>0x1d78</run_address>
         <size>0xa9</size>
         <input_file_ref idref="fl-2a"/>
      </object_component>
      <object_component id="oc-14d">
         <name>.debug_abbrev</name>
         <load_address>0x1e21</load_address>
         <run_address>0x1e21</run_address>
         <size>0xa6</size>
         <input_file_ref idref="fl-2b"/>
      </object_component>
      <object_component id="oc-152">
         <name>.debug_abbrev</name>
         <load_address>0x1ec7</load_address>
         <run_address>0x1ec7</run_address>
         <size>0xb2</size>
         <input_file_ref idref="fl-2c"/>
      </object_component>
      <object_component id="oc-157">
         <name>.debug_abbrev</name>
         <load_address>0x1f79</load_address>
         <run_address>0x1f79</run_address>
         <size>0xed</size>
         <input_file_ref idref="fl-2d"/>
      </object_component>
      <object_component id="oc-1b2">
         <name>.debug_abbrev</name>
         <load_address>0x2066</load_address>
         <run_address>0x2066</run_address>
         <size>0xd</size>
      </object_component>
   </object_component_list>
   <logical_group_list>
      <logical_group id="lg-2" display="no" color="cyan">
         <name>PieVectTableFile</name>
         <run_address>0xd00</run_address>
         <size>0x100</size>
         <contents>
            <object_component_ref idref="oc-f1"/>
         </contents>
      </logical_group>
      <logical_group id="lg-3" display="no" color="cyan">
         <name>DevEmuRegsFile</name>
         <run_address>0x880</run_address>
         <size>0xd0</size>
         <contents>
            <object_component_ref idref="oc-ed"/>
         </contents>
      </logical_group>
      <logical_group id="lg-4" display="no" color="cyan">
         <name>FlashRegsFile</name>
         <run_address>0xa80</run_address>
         <size>0x8</size>
         <contents>
            <object_component_ref idref="oc-c3"/>
         </contents>
      </logical_group>
      <logical_group id="lg-5" display="no" color="cyan">
         <name>CsmRegsFile</name>
         <run_address>0xae0</run_address>
         <size>0x10</size>
         <contents>
            <object_component_ref idref="oc-cd"/>
         </contents>
      </logical_group>
      <logical_group id="lg-6" display="no" color="cyan">
         <name>AdcMirrorFile</name>
         <run_address>0xb00</run_address>
         <size>0x10</size>
         <contents>
            <object_component_ref idref="oc-cc"/>
         </contents>
      </logical_group>
      <logical_group id="lg-7" display="no" color="cyan">
         <name>XintfRegsFile</name>
         <run_address>0xb20</run_address>
         <size>0x1e</size>
         <contents>
            <object_component_ref idref="oc-d0"/>
         </contents>
      </logical_group>
      <logical_group id="lg-8" display="no" color="cyan">
         <name>CpuTimer0RegsFile</name>
         <run_address>0xc00</run_address>
         <size>0x8</size>
         <contents>
            <object_component_ref idref="oc-c4"/>
         </contents>
      </logical_group>
      <logical_group id="lg-9" display="no" color="cyan">
         <name>CpuTimer1RegsFile</name>
         <run_address>0xc08</run_address>
         <size>0x8</size>
         <contents>
            <object_component_ref idref="oc-c2"/>
         </contents>
      </logical_group>
      <logical_group id="lg-a" display="no" color="cyan">
         <name>CpuTimer2RegsFile</name>
         <run_address>0xc10</run_address>
         <size>0x8</size>
         <contents>
            <object_component_ref idref="oc-c1"/>
         </contents>
      </logical_group>
      <logical_group id="lg-b" display="no" color="cyan">
         <name>PieCtrlRegsFile</name>
         <run_address>0xce0</run_address>
         <size>0x1a</size>
         <contents>
[...]
      </symbol>
      <symbol id="sm-481">
         <name>_InitEPwm5Gpio</name>
         <value>0xa90f</value>
         <object_component_ref idref="oc-f3"/>
      </symbol>
      <symbol id="sm-482">
         <name>_InitEPwm4Gpio</name>
         <value>0xa8fb</value>
         <object_component_ref idref="oc-f3"/>
      </symbol>
      <symbol id="sm-483">
         <name>_InitEPwmSyncGpio</name>
         <value>0xa933</value>
         <object_component_ref idref="oc-f3"/>
      </symbol>
      <symbol id="sm-484">
         <name>_InitEPwm</name>
         <value>0xa8b5</value>
         <object_component_ref idref="oc-f3"/>
      </symbol>
      <symbol id="sm-48e">
         <name>_InitECap6Gpio</name>
         <value>0xab94</value>
         <object_component_ref idref="oc-f8"/>
      </symbol>
      <symbol id="sm-48f">
         <name>_InitECap</name>
         <value>0xab40</value>
         <object_component_ref idref="oc-f8"/>
      </symbol>
      <symbol id="sm-490">
         <name>_InitECap5Gpio</name>
         <value>0xab86</value>
         <object_component_ref idref="oc-f8"/>
      </symbol>
      <symbol id="sm-491">
         <name>_InitECap4Gpio</name>
         <value>0xab78</value>
         <object_component_ref idref="oc-f8"/>
      </symbol>
      <symbol id="sm-492">
         <name>_InitECap3Gpio</name>
         <value>0xab6a</value>
         <object_component_ref idref="oc-f8"/>
      </symbol>
      <symbol id="sm-493">
         <name>_InitECap2Gpio</name>
         <value>0xab5c</value>
         <object_component_ref idref="oc-f8"/>
      </symbol>
      <symbol id="sm-494">
         <name>_InitECap1Gpio</name>
         <value>0xab4e</value>
         <object_component_ref idref="oc-f8"/>
      </symbol>
      <symbol id="sm-495">
         <name>_InitECapGpio</name>
         <value>0xab41</value>
         <object_component_ref idref="oc-f8"/>
      </symbol>
      <symbol id="sm-4ec">
         <name>_ILLEGAL_ISR</name>
         <value>0x91e8</value>
         <object_component_ref idref="oc-fe"/>
      </symbol>
      <symbol id="sm-4ed">
         <name>_EPWM6_INT_ISR</name>
         <value>0x931e</value>
         <object_component_ref idref="oc-fe"/>
      </symbol>
      <symbol id="sm-4ee">
         <name>_DATALOG_ISR</name>
         <value>0x91c0</value>
         <object_component_ref idref="oc-fe"/>
      </symbol>
      <symbol id="sm-4ef">
         <name>_SPITXINTA_ISR</name>
         <value>0x9382</value>
         <object_component_ref idref="oc-fe"/>
      </symbol>
      <symbol id="sm-4f0">
         <name>_SPIRXINTA_ISR</name>
         <value>0x9378</value>
         <object_component_ref idref="oc-fe"/>
      </symbol>
      <symbol id="sm-4f1">
         <name>_DINTCH3_ISR</name>
         <value>0x93c8</value>
         <object_component_ref idref="oc-fe"/>
      </symbol>
      <symbol id="sm-4f2">
         <name>_XINT4_ISR</name>
         <value>0x9472</value>
         <object_component_ref idref="oc-fe"/>
      </symbol>
      <symbol id="sm-4f3">
         <name>_SEQ1INT_ISR</name>
         <value>0x926a</value>
         <object_component_ref idref="oc-fe"/>
      </symbol>
      <symbol id="sm-4f4">
         <name>_ECAP3_INT_ISR</name>
         <value>0x933c</value>
         <object_component_ref idref="oc-fe"/>
      </symbol>
      <symbol id="sm-4f5">
         <name>_INT13_ISR</name>
         <value>0x91ac</value>
         <object_component_ref idref="oc-fe"/>
      </symbol>
      <symbol id="sm-4f6">
         <name>_MXINTA_ISR</name>
         <value>0x93aa</value>
         <object_component_ref idref="oc-fe"/>
      </symbol>
      <symbol id="sm-4f7">
         <name>_EPWM4_INT_ISR</name>
         <value>0x930a</value>
         <object_component_ref idref="oc-fe"/>
      </symbol>
      <symbol id="sm-4f8">
         <name>_USER5_ISR</name>
         <value>0x921a</value>
         <object_component_ref idref="oc-fe"/>
      </symbol>
      <symbol id="sm-4f9">
         <name>_XINT7_ISR</name>
         <value>0x9490</value>
         <object_component_ref idref="oc-fe"/>
      </symbol>
      <symbol id="sm-4fa">
         <name>_EMPTY_ISR</name>
         <value>0x94ae</value>
         <object_component_ref idref="oc-fe"/>
      </symbol>
      <symbol id="sm-4fb">
         <name>_EPWM5_TZINT_ISR</name>
         <value>0x92d8</value>
         <object_component_ref idref="oc-fe"/>
      </symbol>
      <symbol id="sm-4fc">
         <name>_EPWM4_TZINT_ISR</name>
         <value>0x92ce</value>
         <object_component_ref idref="oc-fe"/>
      </symbol>
      <symbol id="sm-4fd">
         <name>_ECAN0INTA_ISR</name>
         <value>0x9440</value>
         <object_component_ref idref="oc-fe"/>
      </symbol>
      <symbol id="sm-4fe">
         <name>_EPWM6_TZINT_ISR</name>
         <value>0x92e2</value>
         <object_component_ref idref="oc-fe"/>
      </symbol>
      <symbol id="sm-4ff">
         <name>_EMUINT_ISR</name>
         <value>0x91d4</value>
         <object_component_ref idref="oc-fe"/>
      </symbol>
      <symbol id="sm-500">
         <name>_ECAP1_INT_ISR</name>
         <value>0x9328</value>
         <object_component_ref idref="oc-fe"/>
      </symbol>
      <symbol id="sm-501">
         <name>_EPWM1_TZINT_ISR</name>
         <value>0x92b0</value>
         <object_component_ref idref="oc-fe"/>
      </symbol>
      <symbol id="sm-502">
         <name>_EQEP2_INT_ISR</name>
         <value>0x936e</value>
         <object_component_ref idref="oc-fe"/>
      </symbol>
      <symbol id="sm-503">
         <name>_USER11_ISR</name>
         <value>0x9256</value>
         <object_component_ref idref="oc-fe"/>
      </symbol>
      <symbol id="sm-504">
         <name>_EPWM3_TZINT_ISR</name>
         <value>0x92c4</value>
         <object_component_ref idref="oc-fe"/>
      </symbol>
      <symbol id="sm-505">
         <name>_USER4_ISR</name>
         <value>0x9210</value>
         <object_component_ref idref="oc-fe"/>
      </symbol>
      <symbol id="sm-506">
         <name>_EPWM2_TZINT_ISR</name>
         <value>0x92ba</value>
         <object_component_ref idref="oc-fe"/>
      </symbol>
      <symbol id="sm-507">
         <name>_XINT6_ISR</name>
         <value>0x9486</value>
         <object_component_ref idref="oc-fe"/>
      </symbol>
      <symbol id="sm-508">
         <name>_EPWM2_INT_ISR</name>
         <value>0x92f6</value>
         <object_component_ref idref="oc-fe"/>
      </symbol>
      <symbol id="sm-509">
         <name>_ECAN0INTB_ISR</name>
         <value>0x9454</value>
         <object_component_ref idref="oc-fe"/>
      </symbol>
      <symbol id="sm-50a">
         <name>_TINT0_ISR</name>
         <value>0x929c</value>
         <object_component_ref idref="oc-fe"/>
      </symbol>
      <symbol id="sm-50b">
         <name>_WAKEINT_ISR</name>
         <value>0x92a6</value>
         <object_component_ref idref="oc-fe"/>
      </symbol>
      <symbol id="sm-50c">
         <name>_DINTCH4_ISR</name>
         <value>0x93d2</value>
         <object_component_ref idref="oc-fe"/>
      </symbol>
      <symbol id="sm-50d">
         <name>_USER10_ISR</name>
         <value>0x924c</value>
         <object_component_ref idref="oc-fe"/>
      </symbol>
      <symbol id="sm-50e">
         <name>_USER7_ISR</name>
         <value>0x922e</value>
         <object_component_ref idref="oc-fe"/>
      </symbol>
      <symbol id="sm-50f">
         <name>_XINT1_ISR</name>
         <value>0x927e</value>
         <object_component_ref idref="oc-fe"/>
      </symbol>
      <symbol id="sm-510">
         <name>_ECAP6_INT_ISR</name>
         <value>0x935a</value>
         <object_component_ref idref="oc-fe"/>
      </symbol>
      <symbol id="sm-511">
         <name>_INT14_ISR</name>
         <value>0x91b6</value>
         <object_component_ref idref="oc-fe"/>
      </symbol>
      <symbol id="sm-512">
         <name>_MXINTB_ISR</name>
         <value>0x9396</value>
         <object_component_ref idref="oc-fe"/>
      </symbol>
      <symbol id="sm-513">
         <name>_DINTCH5_ISR</name>
         <value>0x93dc</value>
         <object_component_ref idref="oc-fe"/>
      </symbol>
      <symbol id="sm-514">
         <name>_USER6_ISR</name>
         <value>0x9224</value>
         <object_component_ref idref="oc-fe"/>
      </symbol>
      <symbol id="sm-515">
         <name>_ECAP4_INT_ISR</name>
         <value>0x9346</value>
         <object_component_ref idref="oc-fe"/>
      </symbol>
      <symbol id="sm-516">
         <name>_MRINTA_ISR</name>
         <value>0x93a0</value>
         <object_component_ref idref="oc-fe"/>
      </symbol>
      <symbol id="sm-517">
         <name>_DINTCH6_ISR</name>
         <value>0x93e6</value>
         <object_component_ref idref="oc-fe"/>
      </symbol>
      <symbol id="sm-518">
         <name>_USER12_ISR</name>
         <value>0x9260</value>
         <object_component_ref idref="oc-fe"/>
      </symbol>
      <symbol id="sm-519">
         <name>_ADCINT_ISR</name>
         <value>0x9292</value>
         <object_component_ref idref="oc-fe"/>
      </symbol>
      <symbol id="sm-51a">
         <name>_USER1_ISR</name>
         <value>0x91f2</value>
         <object_component_ref idref="oc-fe"/>
      </symbol>
      <symbol id="sm-51b">
         <name>_XINT3_ISR</name>
         <value>0x9468</value>
         <object_component_ref idref="oc-fe"/>
      </symbol>
      <symbol id="sm-51c">
         <name>_EPWM5_INT_ISR</name>
         <value>0x9314</value>
         <object_component_ref idref="oc-fe"/>
      </symbol>
      <symbol id="sm-51d">
         <name>_NMI_ISR</name>
         <value>0x91de</value>
         <object_component_ref idref="oc-fe"/>
      </symbol>
      <symbol id="sm-51e">
         <name>_SCITXINTB_ISR</name>
         <value>0x9436</value>
         <object_component_ref idref="oc-fe"/>
      </symbol>
      <symbol id="sm-51f">
         <name>_SCIRXINTB_ISR</name>
         <value>0x942c</value>
         <object_component_ref idref="oc-fe"/>
      </symbol>
      <symbol id="sm-520">
         <name>_ECAN1INTA_ISR</name>
         <value>0x944a</value>
         <object_component_ref idref="oc-fe"/>
      </symbol>
      <symbol id="sm-521">
         <name>_ECAP2_INT_ISR</name>
         <value>0x9332</value>
         <object_component_ref idref="oc-fe"/>
      </symbol>
      <symbol id="sm-522">
         <name>_PIE_RESERVED</name>
         <value>0x94bb</value>
         <object_component_ref idref="oc-fe"/>
      </symbol>
      <symbol id="sm-523">
         <name>_I2CINT1A_ISR</name>
         <value>0x93f0</value>
         <object_component_ref idref="oc-fe"/>
      </symbol>
      <symbol id="sm-524">
         <name>_XINT2_ISR</name>
         <value>0x9288</value>
         <object_component_ref idref="oc-fe"/>
      </symbol>
      <symbol id="sm-525">
         <name>_I2CINT2A_ISR</name>
         <value>0x93fa</value>
         <object_component_ref idref="oc-fe"/>
      </symbol>
      <symbol id="sm-526">
         <name>_SCITXINTC_ISR</name>
         <value>0x940e</value>
         <object_component_ref idref="oc-fe"/>
      </symbol>
      <symbol id="sm-527">
         <name>_SCIRXINTC_ISR</name>
         <value>0x9404</value>
         <object_component_ref idref="oc-fe"/>
      </symbol>
      <symbol id="sm-528">
         <name>_RTOSINT_ISR</name>
         <value>0x91ca</value>
         <object_component_ref idref="oc-fe"/>
      </symbol>
      <symbol id="sm-529">
         <name>_EPWM3_INT_ISR</name>
         <value>0x9300</value>
         <object_component_ref idref="oc-fe"/>
      </symbol>
      <symbol id="sm-52a">
         <name>_ECAN1INTB_ISR</name>
         <value>0x945e</value>
         <object_component_ref idref="oc-fe"/>
      </symbol>
      <symbol id="sm-52b">
         <name>_USER9_ISR</name>
         <value>0x9242</value>
         <object_component_ref idref="oc-fe"/>
      </symbol>
      <symbol id="sm-52c">
         <name>_USER3_ISR</name>
         <value>0x9206</value>
         <object_component_ref idref="oc-fe"/>
      </symbol>
      <symbol id="sm-52d">
         <name>_EQEP1_INT_ISR</name>
         <value>0x9364</value>
         <object_component_ref idref="oc-fe"/>
      </symbol>
      <symbol id="sm-52e">
         <name>_MRINTB_ISR</name>
         <value>0x938c</value>
         <object_component_ref idref="oc-fe"/>
      </symbol>
      <symbol id="sm-52f">
         <name>_DINTCH1_ISR</name>
         <value>0x93b4</value>
         <object_component_ref idref="oc-fe"/>
      </symbol>
      <symbol id="sm-530">
         <name>_USER8_ISR</name>
         <value>0x9238</value>
         <object_component_ref idref="oc-fe"/>
      </symbol>
      <symbol id="sm-531">
         <name>_EPWM1_INT_ISR</name>
         <value>0x92ec</value>
         <object_component_ref idref="oc-fe"/>
      </symbol>
      <symbol id="sm-532">
         <name>_SEQ2INT_ISR</name>
         <value>0x9274</value>
         <object_component_ref idref="oc-fe"/>
      </symbol>
      <symbol id="sm-533">
         <name>_USER2_ISR</name>
         <value>0x91fc</value>
         <object_component_ref idref="oc-fe"/>
      </symbol>
      <symbol id="sm-534">
         <name>_LUF_ISR</name>
         <value>0x94a4</value>
         <object_component_ref idref="oc-fe"/>
      </symbol>
      <symbol id="sm-535">
         <name>_LVF_ISR</name>
         <value>0x949a</value>
         <object_component_ref idref="oc-fe"/>
      </symbol>
      <symbol id="sm-536">
         <name>_SCITXINTA_ISR</name>
         <value>0x9422</value>
         <object_component_ref idref="oc-fe"/>
      </symbol>
      <symbol id="sm-537">
         <name>_SCIRXINTA_ISR</name>
         <value>0x9418</value>
         <object_component_ref idref="oc-fe"/>
      </symbol>
      <symbol id="sm-538">
         <name>_rsvd_ISR</name>
         <value>0x94c5</value>
         <object_component_ref idref="oc-fe"/>
      </symbol>
      <symbol id="sm-539">
         <name>_ECAP5_INT_ISR</name>
         <value>0x9350</value>
         <object_component_ref idref="oc-fe"/>
      </symbol>
      <symbol id="sm-53a">
         <name>_DINTCH2_ISR</name>
         <value>0x93be</value>
         <object_component_ref idref="oc-fe"/>
      </symbol>
      <symbol id="sm-53b">
         <name>_XINT5_ISR</name>
         <value>0x947c</value>
         <object_component_ref idref="oc-fe"/>
      </symbol>
      <symbol id="sm-547">
         <name>_CpuTimer2</name>
         <value>0xc22c</value>
         <object_component_ref idref="oc-104"/>
      </symbol>
      <symbol id="sm-548">
         <name>_CpuTimer0</name>
         <value>0xc234</value>
         <object_component_ref idref="oc-104"/>
      </symbol>
      <symbol id="sm-549">
         <name>_CpuTimer1</name>
         <value>0xc224</value>
         <object_component_ref idref="oc-104"/>
      </symbol>
      <symbol id="sm-54a">
         <name>_InitCpuTimers</name>
         <value>0xa9de</value>
         <object_component_ref idref="oc-102"/>
      </symbol>
      <symbol id="sm-54b">
         <name>_ConfigCpuTimer</name>
         <value>0xaa1f</value>
         <object_component_ref idref="oc-102"/>
      </symbol>
      <symbol id="sm-55a">
         <name>copy_sections</name>
         <value>0x33b2c4</value>
         <object_component_ref idref="oc-10a"/>
      </symbol>
      <symbol id="sm-55b">
         <name>code_start</name>
         <value>0x33fff6</value>
         <object_component_ref idref="oc-108"/>
      </symbol>
      <symbol id="sm-563">
         <name>_ADC_cal</name>
         <value>0x380080</value>
         <object_component_ref idref="oc-10e"/>
      </symbol>
      <symbol id="sm-575">
         <name>_asin</name>
         <value>0xaa5a</value>
         <object_component_ref idref="oc-112"/>
      </symbol>
      <symbol id="sm-58c">
         <name>_atan2</name>
         <value>0xa74a</value>
         <object_component_ref idref="oc-117"/>
      </symbol>
      <symbol id="sm-59d">
         <name>_atan</name>
         <value>0xaad1</value>
         <object_component_ref idref="oc-11c"/>
      </symbol>
      <symbol id="sm-5b1">
         <name>_c_int00</name>
         <value>0xaba2</value>
         <object_component_ref idref="oc-4d"/>
      </symbol>
      <symbol id="sm-5b2">
         <name>__stack</name>
         <value>0x0</value>
         <object_component_ref idref="oc-121"/>
      </symbol>
      <symbol id="sm-5bc">
         <name>_errno</name>
         <value>0xc3a9</value>
         <object_component_ref idref="oc-128"/>
      </symbol>
      <symbol id="sm-5cd">
         <name>C$$EXIT</name>
         <value>0xad6f</value>
         <object_component_ref idref="oc-12a"/>
      </symbol>
      <symbol id="sm-5ce">
         <name>_exit</name>
         <value>0xad71</value>
         <object_component_ref idref="oc-12a"/>
      </symbol>
      <symbol id="sm-5cf">
         <name>___TI_cleanup_ptr</name>
         <value>0xc3aa</value>
         <object_component_ref idref="oc-12d"/>
      </symbol>
      <symbol id="sm-5d0">
         <name>_abort</name>
         <value>0xad6f</value>
         <object_component_ref idref="oc-12a"/>
      </symbol>
      <symbol id="sm-5d1">
         <name>___TI_dtors_ptr</name>
         <value>0xc3ac</value>
         <object_component_ref idref="oc-12d"/>
      </symbol>
      <symbol id="sm-5de">
         <name>_frexp</name>
         <value>0xad88</value>
         <object_component_ref idref="oc-131"/>
      </symbol>
      <symbol id="sm-5eb">
         <name>FS$$DIV</name>
         <value>0xa956</value>
         <object_component_ref idref="oc-136"/>
      </symbol>
      <symbol id="sm-5f5">
         <name>I$$MOD</name>
         <value>0xad04</value>
         <object_component_ref idref="oc-13a"/>
      </symbol>
      <symbol id="sm-5f6">
         <name>I$$DIV</name>
         <value>0xacf3</value>
         <object_component_ref idref="oc-13a"/>
      </symbol>
      <symbol id="sm-5fe">
         <name>UL$$MOD</name>
         <value>0xac7b</value>
         <object_component_ref idref="oc-13e"/>
      </symbol>
      <symbol id="sm-5ff">
         <name>L$$MOD</name>
         <value>0xac66</value>
         <object_component_ref idref="oc-13e"/>
      </symbol>
      <symbol id="sm-600">
         <name>L$$DIV</name>
         <value>0xac57</value>
         <object_component_ref idref="oc-13e"/>
      </symbol>
      <symbol id="sm-601">
         <name>UL$$DIV</name>
         <value>0xac74</value>
         <object_component_ref idref="oc-13e"/>
      </symbol>
      <symbol id="sm-60f">
         <name>__unlock</name>
         <value>0xc23c</value>
         <object_component_ref idref="oc-145"/>
      </symbol>
      <symbol id="sm-610">
         <name>__lock</name>
         <value>0xc23e</value>
         <object_component_ref idref="oc-145"/>
      </symbol>
      <symbol id="sm-611">
         <name>__register_lock</name>
         <value>0xada2</value>
         <object_component_ref idref="oc-142"/>
      </symbol>
      <symbol id="sm-612">
         <name>__nop</name>
         <value>0xada6</value>
         <object_component_ref idref="oc-142"/>
      </symbol>
      <symbol id="sm-613">
         <name>__register_unlock</name>
         <value>0xad9e</value>
         <object_component_ref idref="oc-142"/>
      </symbol>
      <symbol id="sm-622">
         <name>___memcpy_ff</name>
         <value>0xad15</value>
         <object_component_ref idref="oc-149"/>
      </symbol>
      <symbol id="sm-630">
         <name>_sqrt</name>
         <value>0xacd0</value>
         <object_component_ref idref="oc-14e"/>
      </symbol>
      <symbol id="sm-63c">
         <name>__args_main</name>
         <value>0xad56</value>
         <object_component_ref idref="oc-153"/>
      </symbol>
      <symbol id="sm-63d">
         <name>__TI_args_main</name>
         <value>0x1</value>
      </symbol>
   </symbol_table>
   <title>Link successful</title>
</link_info>
