******************************************************************************
             TMS320C2000 Linker PC v6.2.0                      
******************************************************************************
>> Linked Wed Feb 17 21:48:18 2016

OUTPUT FILE NAME:   <LED.out>
ENTRY POINT SYMBOL: "_c_int00"  address: 0000b16e


MEMORY CONFIGURATION

         name            origin    length      used     unused   attr    fill
----------------------  --------  ---------  --------  --------  ----  --------
PAGE 0:
  ZONE0                 00004000   00001000  00000000  00001000  RWIX
  RAM_L0L1L2L3          00008000   00004000  00003953  000006ad  RWIX
  ZONE6                 00100000   00100000  00000000  00100000  RWIX
  ZONE7A                00200000   0000fc00  00000000  0000fc00  RWIX
  FLASHH                00300000   00008000  00000000  00008000  RWIX
  FLASHG                00308000   00008000  00000000  00008000  RWIX
  FLASHF                00310000   00008000  00000000  00008000  RWIX
  FLASHE                00318000   00008000  00000000  00008000  RWIX
  FLASHD                00320000   00008000  00000000  00008000  RWIX
  FLASHC                00328000   00008000  00000000  00008000  RWIX
  FLASHA                00338000   00007f80  00003997  000045e9  RWIX
  CSM_RSVD              0033ff80   00000076  00000000  00000076  RWIX
  BEGIN_FLASH           0033fff6   00000002  00000002  00000000  RWIX
  CSM_PWL               0033fff8   00000008  00000000  00000008  RWIX
  ADC_CAL               00380080   00000009  00000007  00000002  RWIX
  OTP                   00380400   00000400  00000000  00000400  RWIX
  IQTABLES              003fe000   00000b50  00000000  00000b50  RWIX
  IQTABLES2             003feb50   0000008c  00000000  0000008c  RWIX
  FPUTABLES             003febdc   000006a0  00000000  000006a0  RWIX
  ROM                   003ff27c   00000d44  00000000  00000d44  RWIX
  RESET                 003fffc0   00000002  00000000  00000002  RWIX
  VECTORS               003fffc2   0000003e  00000000  0000003e  RWIX

PAGE 1:
  RAMM0                 00000000   00000400  000003e8  00000018  RWIX
  BOOT_RSVD             00000400   00000080  00000000  00000080  RWIX
  RAMM1                 00000480   00000380  00000000  00000380  RWIX
  DEV_EMU               00000880   00000180  000000d0  000000b0  RWIX
  FLASH_REGS            00000a80   00000060  00000008  00000058  RWIX
  CSM                   00000ae0   00000010  00000010  00000000  RWIX
  ADC_MIRROR            00000b00   00000010  00000010  00000000  RWIX
  XINTF                 00000b20   00000020  0000001e  00000002  RWIX
  CPU_TIMER0            00000c00   00000008  00000008  00000000  RWIX
  CPU_TIMER1            00000c08   00000008  00000008  00000000  RWIX
  CPU_TIMER2            00000c10   00000008  00000008  00000000  RWIX
  PIE_CTRL              00000ce0   00000020  0000001a  00000006  RWIX
  PIE_VECT              00000d00   00000100  00000100  00000000  RWIX
  DMA                   00001000   00000200  000000e0  00000120  RWIX
  MCBSPA                00005000   00000040  00000025  0000001b  RWIX
  MCBSPB                00005040   00000040  00000025  0000001b  RWIX
  ECANA                 00006000   00000040  00000034  0000000c  RWIX
  ECANA_LAM             00006040   00000040  00000040  00000000  RWIX
  ECANA_MOTS            00006080   00000040  00000040  00000000  RWIX
  ECANA_MOTO            000060c0   00000040  00000040  00000000  RWIX
  ECANA_MBOX            00006100   00000100  00000100  00000000  RWIX
  ECANB                 00006200   00000040  00000034  0000000c  RWIX
  ECANB_LAM             00006240   00000040  00000040  00000000  RWIX
  ECANB_MOTS            00006280   00000040  00000040  00000000  RWIX
  ECANB_MOTO            000062c0   00000040  00000040  00000000  RWIX
  ECANB_MBOX            00006300   00000100  00000100  00000000  RWIX
  EPWM1                 00006800   00000022  00000022  00000000  RWIX
  EPWM2                 00006840   00000022  00000022  00000000  RWIX
  EPWM3                 00006880   00000022  00000022  00000000  RWIX
  EPWM4                 000068c0   00000022  00000022  00000000  RWIX
  EPWM5                 00006900   00000022  00000022  00000000  RWIX
  EPWM6                 00006940   00000022  00000022  00000000  RWIX
  ECAP1                 00006a00   00000020  00000020  00000000  RWIX
  ECAP2                 00006a20   00000020  00000020  00000000  RWIX
  ECAP3                 00006a40   00000020  00000020  00000000  RWIX
  ECAP4                 00006a60   00000020  00000020  00000000  RWIX
  ECAP5                 00006a80   00000020  00000020  00000000  RWIX
  ECAP6                 00006aa0   00000020  00000020  00000000  RWIX
  EQEP1                 00006b00   00000040  00000040  00000000  RWIX
  EQEP2                 00006b40   00000040  00000040  00000000  RWIX
  GPIOCTRL              00006f80   00000040  0000002e  00000012  RWIX
  GPIODAT               00006fc0   00000020  00000020  00000000  RWIX
  GPIOINT               00006fe0   00000020  0000000a  00000016  RWIX
  SYSTEM                00007010   00000020  00000020  00000000  RWIX
  SPIA                  00007040   00000010  00000010  00000000  RWIX
  SCIA                  00007050   00000010  00000010  00000000  RWIX
  XINTRUPT              00007070   00000010  00000010  00000000  RWIX
  ADC                   00007100   00000020  0000001e  00000002  RWIX
  SCIB                  00007750   00000010  00000010  00000000  RWIX
  SCIC                  00007770   00000010  00000010  00000000  RWIX
  I2CA                  00007900   00000040  00000022  0000001e  RWIX
  RAML4                 0000c000   00001000  000004e2  00000b1e  RWIX
  RAML5                 0000d000   00001000  00000000  00001000  RWIX
  RAML6                 0000e000   00001000  00000000  00001000  RWIX
  RAML7                 0000f000   00001000  00000000  00001000  RWIX
  ZONE7B                0020fc00   00000400  00000000  00000400  RWIX
  CSM_PWL               0033fff8   00000008  00000008  00000000  RWIX


SECTION ALLOCATION MAP

 output                                  attributes/
section   page    origin      length       input sections
--------  ----  ----------  ----------   ----------------
.const     0    00008000    00000000     UNINITIALIZED

.pinit     0    00008000    00000000     UNINITIALIZED

.switch    0    00008000    00000000     UNINITIALIZED

.text      0    00338000    000033d1     RUN ADDR = 00008000
                  00338000    00000a4e     control.obj (.text)
                  00338a4e    00000975     IMU.obj (.text)
                  003393c3    0000032d     LED.obj (.text)
                  003396f0    00000323     DSP2833x_DefaultIsr.obj (.text:retain)
                  00339a13    000002a8     MPU6050.obj (.text)
                  00339cbb    0000026a     MS5611.obj (.text)
                  00339f25    0000020b     Data_Transfer.obj (.text)
                  0033a130    000001f6     fast_math.obj (.text)
                  0033a326    000001cd     nrf24l01.obj (.text)
                  0033a4f3    00000173     hardware_I2C.obj (.text)
                  0033a666    0000016f     I2C.obj (.text)
                  0033a7d5    00000152     LED.obj (.text:retain)
                  0033a927    0000010e     DSP2833x_SysCtrl.obj (.text)
                  0033aa35    000000f6     DSP2833x_Xintf.obj (.text)
                  0033ab2b    000000f0     capture.obj (.text)
                  0033ac1b    000000d7     pwm.obj (.text)
                  0033acf2    000000cb     capture.obj (.text:retain)
                  0033adbd    000000c4     rts2800_fpu32.lib : atan2.obj (.text)
                  0033ae81    000000a1     DSP2833x_EPwm.obj (.text)
                  0033af22    00000088     rts2800_fpu32.lib : fs_div.obj (.text)
                  0033afaa    0000007c     DSP2833x_CpuTimers.obj (.text)
                  0033b026    00000077     rts2800_fpu32.lib : asin.obj (.text)
                  0033b09d    0000006f                       : atan.obj (.text)
                  0033b10c    00000062     DSP2833x_ECap.obj (.text)
                  0033b16e    00000046     rts2800_fpu32.lib : boot.obj (.text)
                  0033b1b4    00000043     DSP2833x_Sci.obj (.text)
                  0033b1f7    0000002c     DSP2833x_Spi.obj (.text)
                  0033b223    0000002a     rts2800_fpu32.lib : l_div.obj (.text)
                  0033b24d    00000028     DSP2833x_PieCtrl.obj (.text)
                  0033b275    00000026     DSP2833x_I2C.obj (.text)
                  0033b29b    00000026     rts2800_fpu32.lib : fs_toll.obj (.text)
                  0033b2c1    00000001     --HOLE-- [fill = 0]
                  0033b2c2    00000023                       : sqrt.obj (.text)
                  0033b2e5    00000022                       : i_div.obj (.text)
                  0033b307    00000021                       : memcpy_ff.obj (.text)
                  0033b328    00000020     DSP2833x_PieVect.obj (.text)
                  0033b348    00000020     rts2800_fpu32.lib : ll_tofs.obj (.text)
                  0033b368    00000019                       : args_main.obj (.text)
                  0033b381    00000019                       : exit.obj (.text)
                  0033b39a    00000016                       : frexp.obj (.text)
                  0033b3b0    00000014                       : ll_mpy.obj (.text)
                  0033b3c4    00000009                       : _lock.obj (.text)
                  0033b3cd    00000004     DSP2833x_usDelay.obj (.text)

.cinit     0    0033b3d1    00000468     RUN ADDR = 0000b3d1
                  0033b3d1    0000024a     control.obj (.cinit)
                  0033b61b    0000008d     IMU.obj (.cinit)
                  0033b6a8    00000079     LED.obj (.cinit)
                  0033b721    00000058     nrf24l01.obj (.cinit)
                  0033b779    00000054     capture.obj (.cinit)
                  0033b7cd    00000027     MS5611.obj (.cinit)
                  0033b7f4    00000017     MPU6050.obj (.cinit)
                  0033b80b    0000000c     hardware_I2C.obj (.cinit)
                  0033b817    0000000a     rts2800_fpu32.lib : _lock.obj (.cinit)
                  0033b821    0000000a                       : exit.obj (.cinit)
                  0033b82b    00000008     I2C.obj (.cinit)
                  0033b833    00000004     rts2800_fpu32.lib : errno.obj (.cinit)
                  0033b837    00000002     --HOLE-- [fill = 0]

.econst    0    0033b83a    0000011a     RUN ADDR = 0000b83a
                  0033b83a    00000100     DSP2833x_PieVect.obj (.econst)
                  0033b93a    00000008     rts2800_fpu32.lib : atan.obj (.econst:_a$1)
                  0033b942    00000008                       : atan2.obj (.econst:_a$1)
                  0033b94a    00000005     nrf24l01.obj (.econst:.string:_$P$T0$1)
                  0033b94f    00000001     --HOLE-- [fill = 0]
                  0033b950    00000004     rts2800_fpu32.lib : asin.obj (.econst:_c$1)

copy_sections 
*          0    0033b954    0000003c     
                  0033b954    0000003c     DSP2833x_CodeStartBranch.obj (copy_sections)

wddisable 
*          0    0033b990    00000008     
                  0033b990    00000008     DSP2833x_CodeStartBranch.obj (wddisable)

codestart 
*          0    0033fff6    00000002     
                  0033fff6    00000002     DSP2833x_CodeStartBranch.obj (codestart)

.adc_cal   0    00380080    00000007     NOLOAD SECTION
                  00380080    00000007     DSP2833x_ADC_cal.obj (.adc_cal)

.reset     0    003fffc0    00000002     DSECT
                  003fffc0    00000002     rts2800_fpu32.lib : boot.obj (.reset)

vectors    0    003fffc2    00000000     DSECT

.stack     1    00000000    000003e8     UNINITIALIZED
                  00000000    000003e8     --HOLE--

DevEmuRegsFile 
*          1    00000880    000000d0     UNINITIALIZED
                  00000880    000000d0     DSP2833x_GlobalVariableDefs.obj (DevEmuRegsFile)

FlashRegsFile 
*          1    00000a80    00000008     UNINITIALIZED
                  00000a80    00000008     DSP2833x_GlobalVariableDefs.obj (FlashRegsFile)

CsmRegsFile 
*          1    00000ae0    00000010     UNINITIALIZED
                  00000ae0    00000010     DSP2833x_GlobalVariableDefs.obj (CsmRegsFile)

AdcMirrorFile 
*          1    00000b00    00000010     UNINITIALIZED
                  00000b00    00000010     DSP2833x_GlobalVariableDefs.obj (AdcMirrorFile)

XintfRegsFile 
*          1    00000b20    0000001e     UNINITIALIZED
                  00000b20    0000001e     DSP2833x_GlobalVariableDefs.obj (XintfRegsFile)

CpuTimer0RegsFile 
*          1    00000c00    00000008     UNINITIALIZED
                  00000c00    00000008     DSP2833x_GlobalVariableDefs.obj (CpuTimer0RegsFile)

CpuTimer1RegsFile 
*          1    00000c08    00000008     UNINITIALIZED
                  00000c08    00000008     DSP2833x_GlobalVariableDefs.obj (CpuTimer1RegsFile)

CpuTimer2RegsFile 
*          1    00000c10    00000008     UNINITIALIZED
                  00000c10    00000008     DSP2833x_GlobalVariableDefs.obj (CpuTimer2RegsFile)

PieCtrlRegsFile 
*          1    00000ce0    0000001a     UNINITIALIZED
                  00000ce0    0000001a     DSP2833x_GlobalVariableDefs.obj (PieCtrlRegsFile)

PieVectTableFile 
*          1    00000d00    00000100     UNINITIALIZED
                  00000d00    00000100     DSP2833x_GlobalVariableDefs.obj (PieVectTableFile)

DmaRegsFile 
*          1    00001000    000000e0     UNINITIALIZED
                  00001000    000000e0     DSP2833x_GlobalVariableDefs.obj (DmaRegsFile)

McbspaRegsFile 
*          1    00005000    00000025     UNINITIALIZED
                  00005000    00000025     DSP2833x_GlobalVariableDefs.obj (McbspaRegsFile)

McbspbRegsFile 
*          1    00005040    00000025     UNINITIALIZED
                  00005040    00000025     DSP2833x_GlobalVariableDefs.obj (McbspbRegsFile)

ECanaRegsFile 
*          1    00006000    00000034     UNINITIALIZED
                  00006000    00000034     DSP2833x_GlobalVariableDefs.obj (ECanaRegsFile)

ECanaLAMRegsFile 
*          1    00006040    00000040     UNINITIALIZED
                  00006040    00000040     DSP2833x_GlobalVariableDefs.obj (ECanaLAMRegsFile)

ECanaMOTSRegsFile 
*          1    00006080    00000040     UNINITIALIZED
                  00006080    00000040     DSP2833x_GlobalVariableDefs.obj (ECanaMOTSRegsFile)

ECanaMOTORegsFile 
*          1    000060c0    00000040     UNINITIALIZED
                  000060c0    00000040     DSP2833x_GlobalVariableDefs.obj (ECanaMOTORegsFile)

ECanaMboxesFile 
*          1    00006100    00000100     UNINITIALIZED
                  00006100    00000100     DSP2833x_GlobalVariableDefs.obj (ECanaMboxesFile)

ECanbRegsFile 
*          1    00006200    00000034     UNINITIALIZED
                  00006200    00000034     DSP2833x_GlobalVariableDefs.obj (ECanbRegsFile)

ECanbLAMRegsFile 
*          1    00006240    00000040     UNINITIALIZED
                  00006240    00000040     DSP2833x_GlobalVariableDefs.obj (ECanbLAMRegsFile)

ECanbMOTSRegsFile 
*          1    00006280    00000040     UNINITIALIZED
                  00006280    00000040     DSP2833x_GlobalVariableDefs.obj (ECanbMOTSRegsFile)

ECanbMOTORegsFile 
*          1    000062c0    00000040     UNINITIALIZED
                  000062c0    00000040     DSP2833x_GlobalVariableDefs.obj (ECanbMOTORegsFile)

ECanbMboxesFile 
*          1    00006300    00000100     UNINITIALIZED
                  00006300    00000100     DSP2833x_GlobalVariableDefs.obj (ECanbMboxesFile)

EPwm1RegsFile 
*          1    00006800    00000022     UNINITIALIZED
                  00006800    00000022     DSP2833x_GlobalVariableDefs.obj (EPwm1RegsFile)

EPwm2RegsFile 
*          1    00006840    00000022     UNINITIALIZED
                  00006840    00000022     DSP2833x_GlobalVariableDefs.obj (EPwm2RegsFile)

EPwm3RegsFile 
*          1    00006880    00000022     UNINITIALIZED
                  00006880    00000022     DSP2833x_GlobalVariableDefs.obj (EPwm3RegsFile)

EPwm4RegsFile 
*          1    000068c0    00000022     UNINITIALIZED
                  000068c0    00000022     DSP2833x_GlobalVariableDefs.obj (EPwm4RegsFile)

EPwm5RegsFile 
*          1    00006900    00000022     UNINITIALIZED
                  00006900    00000022     DSP2833x_GlobalVariableDefs.obj (EPwm5RegsFile)

EPwm6RegsFile 
*          1    00006940    00000022     UNINITIALIZED
                  00006940    00000022     DSP2833x_GlobalVariableDefs.obj (EPwm6RegsFile)

ECap1RegsFile 
*          1    00006a00    00000020     UNINITIALIZED
                  00006a00    00000020     DSP2833x_GlobalVariableDefs.obj (ECap1RegsFile)

ECap2RegsFile 
*          1    00006a20    00000020     UNINITIALIZED
                  00006a20    00000020     DSP2833x_GlobalVariableDefs.obj (ECap2RegsFile)

ECap3RegsFile 
*          1    00006a40    00000020     UNINITIALIZED
                  00006a40    00000020     DSP2833x_GlobalVariableDefs.obj (ECap3RegsFile)

ECap4RegsFile 
*          1    00006a60    00000020     UNINITIALIZED
                  00006a60    00000020     DSP2833x_GlobalVariableDefs.obj (ECap4RegsFile)

ECap5RegsFile 
*          1    00006a80    00000020     UNINITIALIZED
                  00006a80    00000020     DSP2833x_GlobalVariableDefs.obj (ECap5RegsFile)

ECap6RegsFile 
*          1    00006aa0    00000020     UNINITIALIZED
                  00006aa0    00000020     DSP2833x_GlobalVariableDefs.obj (ECap6RegsFile)

EQep1RegsFile 
*          1    00006b00    00000040     UNINITIALIZED
                  00006b00    00000040     DSP2833x_GlobalVariableDefs.obj (EQep1RegsFile)

EQep2RegsFile 
*          1    00006b40    00000040     UNINITIALIZED
                  00006b40    00000040     DSP2833x_GlobalVariableDefs.obj (EQep2RegsFile)

GpioCtrlRegsFile 
*          1    00006f80    0000002e     UNINITIALIZED
                  00006f80    0000002e     DSP2833x_GlobalVariableDefs.obj (GpioCtrlRegsFile)

GpioDataRegsFile 
*          1    00006fc0    00000020     UNINITIALIZED
                  00006fc0    00000020     DSP2833x_GlobalVariableDefs.obj (GpioDataRegsFile)

GpioIntRegsFile 
*          1    00006fe0    0000000a     UNINITIALIZED
                  00006fe0    0000000a     DSP2833x_GlobalVariableDefs.obj (GpioIntRegsFile)

SysCtrlRegsFile 
*          1    00007010    00000020     UNINITIALIZED
                  00007010    00000020     DSP2833x_GlobalVariableDefs.obj (SysCtrlRegsFile)

SpiaRegsFile 
*          1    00007040    00000010     UNINITIALIZED
                  00007040    00000010     DSP2833x_GlobalVariableDefs.obj (SpiaRegsFile)

SciaRegsFile 
*          1    00007050    00000010     UNINITIALIZED
                  00007050    00000010     DSP2833x_GlobalVariableDefs.obj (SciaRegsFile)

XIntruptRegsFile 
*          1    00007070    00000010     UNINITIALIZED
                  00007070    00000010     DSP2833x_GlobalVariableDefs.obj (XIntruptRegsFile)

AdcRegsFile 
*          1    00007100    0000001e     UNINITIALIZED
                  00007100    0000001e     DSP2833x_GlobalVariableDefs.obj (AdcRegsFile)

ScibRegsFile 
*          1    00007750    00000010     UNINITIALIZED
                  00007750    00000010     DSP2833x_GlobalVariableDefs.obj (ScibRegsFile)

ScicRegsFile 
*          1    00007770    00000010     UNINITIALIZED
                  00007770    00000010     DSP2833x_GlobalVariableDefs.obj (ScicRegsFile)

I2caRegsFile 
*          1    00007900    00000022     UNINITIALIZED
                  00007900    00000022     DSP2833x_GlobalVariableDefs.obj (I2caRegsFile)

.ebss      1    0000c000    000004e2     UNINITIALIZED
                  0000c000    00000224     control.obj (.ebss)
                  0000c224    00000018     DSP2833x_CpuTimers.obj (.ebss)
                  0000c23c    00000004     rts2800_fpu32.lib : _lock.obj (.ebss)
                  0000c240    000000da     LED.obj (.ebss)
                  0000c31a    00000026     MPU6050.obj (.ebss)
                  0000c340    00000072     IMU.obj (.ebss)
                  0000c3b2    00000009     hardware_I2C.obj (.ebss)
                  0000c3bb    00000001     rts2800_fpu32.lib : errno.obj (.ebss)
                  0000c3bc    00000004                       : exit.obj (.ebss)
                  0000c3c0    00000060     nrf24l01.obj (.ebss)
                  0000c420    00000002     I2C.obj (.ebss)
                  0000c422    0000001e     --HOLE--
                  0000c440    0000003e     Data_Transfer.obj (.ebss)
                  0000c47e    00000002     --HOLE--
                  0000c480    00000032     MS5611.obj (.ebss)
                  0000c4b2    0000000e     --HOLE--
                  0000c4c0    00000022     capture.obj (.ebss)

CsmPwlFile 
*          1    0033fff8    00000008     UNINITIALIZED
                  0033fff8    00000008     DSP2833x_GlobalVariableDefs.obj (CsmPwlFile)


GLOBAL DATA SYMBOLS: SORTED BY DATA PAGE

address     data page           name
--------    ----------------    ----
00000000       0 (00000000)     __stack

00000880      22 (00000880)     _DevEmuRegs

00000a80      2a (00000a80)     _FlashRegs

00000ae0      2b (00000ac0)     _CsmRegs

00000b00      2c (00000b00)     _AdcMirror
00000b20      2c (00000b00)     _XintfRegs

00000c00      30 (00000c00)     _CpuTimer0Regs
00000c08      30 (00000c00)     _CpuTimer1Regs
00000c10      30 (00000c00)     _CpuTimer2Regs

00000ce0      33 (00000cc0)     _PieCtrlRegs

00000d00      34 (00000d00)     _PieVectTable

00001000      40 (00001000)     _DmaRegs

00005000     140 (00005000)     _McbspaRegs

00005040     141 (00005040)     _McbspbRegs

00006000     180 (00006000)     _ECanaRegs

00006040     181 (00006040)     _ECanaLAMRegs

00006080     182 (00006080)     _ECanaMOTSRegs

000060c0     183 (000060c0)     _ECanaMOTORegs

00006100     184 (00006100)     _ECanaMboxes

00006200     188 (00006200)     _ECanbRegs

00006240     189 (00006240)     _ECanbLAMRegs

00006280     18a (00006280)     _ECanbMOTSRegs

000062c0     18b (000062c0)     _ECanbMOTORegs

00006300     18c (00006300)     _ECanbMboxes

00006800     1a0 (00006800)     _EPwm1Regs

00006840     1a1 (00006840)     _EPwm2Regs

00006880     1a2 (00006880)     _EPwm3Regs

000068c0     1a3 (000068c0)     _EPwm4Regs

00006900     1a4 (00006900)     _EPwm5Regs

00006940     1a5 (00006940)     _EPwm6Regs

00006a00     1a8 (00006a00)     _ECap1Regs
00006a20     1a8 (00006a00)     _ECap2Regs

00006a40     1a9 (00006a40)     _ECap3Regs
00006a60     1a9 (00006a40)     _ECap4Regs

00006a80     1aa (00006a80)     _ECap5Regs
00006aa0     1aa (00006a80)     _ECap6Regs

00006b00     1ac (00006b00)     _EQep1Regs

00006b40     1ad (00006b40)     _EQep2Regs

00006f80     1be (00006f80)     _GpioCtrlRegs

00006fc0     1bf (00006fc0)     _GpioDataRegs
00006fe0     1bf (00006fc0)     _GpioIntRegs

00007010     1c0 (00007000)     _SysCtrlRegs

00007040     1c1 (00007040)     _SpiaRegs
00007050     1c1 (00007040)     _SciaRegs
00007070     1c1 (00007040)     _XIntruptRegs

00007100     1c4 (00007100)     _AdcRegs

00007750     1dd (00007740)     _ScibRegs
00007770     1dd (00007740)     _ScicRegs

00007900     1e4 (00007900)     _I2caRegs

0000b83a     2e0 (0000b800)     _PieVectTableInit

0000c000     300 (0000c000)     _FLY_EN
0000c001     300 (0000c000)     _ct
0000c002     300 (0000c000)     _ThreeD_TMS
0000c003     300 (0000c000)     _ThreeD_EN
0000c004     300 (0000c000)     _maxx
0000c005     300 (0000c000)     _goback
0000c006     300 (0000c000)     _tt1
0000c007     300 (0000c000)     _GO_BACK_X_STR
0000c008     300 (0000c000)     _GO_BACK_Y_STR
0000c009     300 (0000c000)     _GO_BACK_X_CT
0000c00a     300 (0000c000)     _GO_BACK_Y_CT
0000c00b     300 (0000c000)     _Motion
0000c00c     300 (0000c000)     _tt2
0000c00d     300 (0000c000)     _Last_Motion
0000c00e     300 (0000c000)     _Motor4
0000c00f     300 (0000c000)     _Motor1_1
0000c010     300 (0000c000)     _Motor2
0000c011     300 (0000c000)     _Motor3
0000c012     300 (0000c000)     _Motor1
0000c013     300 (0000c000)     _yaw
0000c015     300 (0000c000)     _Motor3_1
0000c016     300 (0000c000)     _Motor4_1
0000c017     300 (0000c000)     _Motor2_1
0000c018     300 (0000c000)     _NOW_GO_BACK_X
0000c01a     300 (0000c000)     _Yaw_core_kp_out
0000c01c     300 (0000c000)     _t3
0000c01e     300 (0000c000)     _t1
0000c020     300 (0000c000)     _t2
0000c022     300 (0000c000)     _Roll_core_kd_out
0000c024     300 (0000c000)     _GO_BACK_X_VAL
0000c026     300 (0000c000)     _LAST_GO_BACK_Y
0000c028     300 (0000c000)     _NOW_GO_BACK_Y
0000c02a     300 (0000c000)     _LAST_GO_BACK_X
0000c02c     300 (0000c000)     _Exp_rate
0000c02e     300 (0000c000)     _Yaw_core_out
0000c030     300 (0000c000)     _Roll_core_out
0000c032     300 (0000c000)     _MPU6050_GYRO_LAST_X
0000c034     300 (0000c000)     _MPU6050_GYRO_LAST_Z
0000c036     300 (0000c000)     _MPU6050_GYRO_LAST_Y
0000c038     300 (0000c000)     _Gyro_radian_old_y
0000c03a     300 (0000c000)     _Gyro_radian_old_z
0000c03c     300 (0000c000)     _Yaw_core_ki_out
0000c03e     300 (0000c000)     _Pitch_core_out

0000c040     301 (0000c040)     _Yaw_core_kd_out
0000c042     301 (0000c040)     _Gyro_radian_old_x
0000c044     301 (0000c040)     _yaw_p
0000c046     301 (0000c040)     _yaw_d
0000c048     301 (0000c040)     _last_yaw_error
0000c04a     301 (0000c040)     _sum_gyr_x
0000c04c     301 (0000c040)     _yaw_error
0000c04e     301 (0000c040)     _last_gyr_x
0000c050     301 (0000c040)     _last_gyr_y
0000c052     301 (0000c040)     _turn_rate
0000c054     301 (0000c040)     _exp_yaw
0000c056     301 (0000c040)     _yaw_tmp
0000c058     301 (0000c040)     _sum_gyr_y
0000c05a     301 (0000c040)     _avg_exp_x
0000c05c     301 (0000c040)     _avg_exp_y
0000c05e     301 (0000c040)     _yaw_dt
0000c060     301 (0000c040)     _PI_MAX
0000c062     301 (0000c040)     _RI_MAX
0000c064     301 (0000c040)     _now_exp_y
0000c066     301 (0000c040)     _turn
0000c068     301 (0000c040)     _now_exp_x
0000c06a     301 (0000c040)     _last_exp_x
0000c06c     301 (0000c040)     _last_exp_y
0000c06e     301 (0000c040)     _RC_Yaw
0000c070     301 (0000c040)     _Pitch_i
0000c072     301 (0000c040)     _RC_Roll
0000c074     301 (0000c040)     _D2
0000c076     301 (0000c040)     _RC_Pitch
0000c078     301 (0000c040)     _Dynamic_PID_rate
0000c07a     301 (0000c040)     _Roll_shell_kp
0000c07c     301 (0000c040)     _Roll_shell_ki
0000c07e     301 (0000c040)     _Pitch_shell_ki

0000c080     302 (0000c080)     _Yaw_i
0000c082     302 (0000c080)     _Pitch_shell_kp
0000c084     302 (0000c080)     _YAW_INIT
0000c086     302 (0000c080)     _Pitch
0000c088     302 (0000c080)     _EXP_YAW
0000c08a     302 (0000c080)     _Roll_i
0000c08c     302 (0000c080)     _pitch
0000c08e     302 (0000c080)     _Yaw
0000c090     302 (0000c080)     _roll
0000c092     302 (0000c080)     _Yaw_core_kp
0000c094     302 (0000c080)     _Roll_core_kd
0000c096     302 (0000c080)     _Yaw_core_kd
0000c098     302 (0000c080)     _Roll_core_kp
0000c09a     302 (0000c080)     _Pitch_core_kd
0000c09c     302 (0000c080)     _Yaw_core_ki
0000c09e     302 (0000c080)     _Roll_core_kp_out
0000c0a0     302 (0000c080)     _pitch_core_kd_out
0000c0a2     302 (0000c080)     _GO_BACK_Y_VAL
0000c0a4     302 (0000c080)     _pitch_core_kp_out
0000c0a6     302 (0000c080)     _Roll_core_ki
0000c0a8     302 (0000c080)     _Roll_core_ki_out
0000c0aa     302 (0000c080)     _pitch_core_ki_out
0000c0ac     302 (0000c080)     _Yaw_shell_ki
0000c0ae     302 (0000c080)     _Yaw_shell_kp
0000c0b0     302 (0000c080)     _Roll_shell_out
0000c0b2     302 (0000c080)     _Pitch_shell_ki_out
0000c0b4     302 (0000c080)     _Roll_shell_ki_out
0000c0b6     302 (0000c080)     _Pitch_core_ki
0000c0b8     302 (0000c080)     _Roll
0000c0ba     302 (0000c080)     _Yaw_shell_out
0000c0bc     302 (0000c080)     _Pitch_core_kp
0000c0be     302 (0000c080)     _Pitch_shell_out

0000c0c0     303 (0000c0c0)     _GYR_OFFSET
0000c0c3     303 (0000c0c0)     _GYR_CTR
0000c0c6     303 (0000c0c0)     _ACC
0000c0c9     303 (0000c0c0)     _GYR_RATE
0000c0cc     303 (0000c0c0)     _ACC_OFFSET
0000c0cf     303 (0000c0c0)     _ACC_AVG
0000c0d2     303 (0000c0c0)     _GYR
0000c0d5     303 (0000c0c0)     _HMC
0000c0d8     303 (0000c0c0)     _COMD
0000c0dc     303 (0000c0c0)     _GYR_F_RATE
0000c0e2     303 (0000c0c0)     _Current_ERROR
0000c0e8     303 (0000c0c0)     _GYR_F
0000c0ee     303 (0000c0c0)     _GYR_F_AVG
0000c0f4     303 (0000c0c0)     _EXP_THTA

0000c100     304 (0000c100)     _EXP_PID
0000c10c     304 (0000c100)     _YAW_PID
0000c118     304 (0000c100)     _PID_DATA

0000c140     305 (0000c140)     _EXP_BUF_y

0000c1c0     307 (0000c1c0)     _EXP_BUF_x

0000c224     308 (0000c200)     _CpuTimer1
0000c22c     308 (0000c200)     _CpuTimer2
0000c234     308 (0000c200)     _CpuTimer0
0000c23c     308 (0000c200)     __unlock
0000c23e     308 (0000c200)     __lock

0000c240     309 (0000c240)     _k2
0000c241     309 (0000c240)     _YAW_X
0000c242     309 (0000c240)     _T_Y
0000c243     309 (0000c240)     _T_X
0000c244     309 (0000c240)     _YAW_Y
0000c245     309 (0000c240)     _sign
0000c246     309 (0000c240)     _check
0000c247     309 (0000c240)     _YAW_INIT_X
0000c248     309 (0000c240)     _temp_out
0000c249     309 (0000c240)     _YAW_INIT_Y
0000c24a     309 (0000c240)     _k1
0000c24b     309 (0000c240)     _YAW_INIT_Z
0000c24c     309 (0000c240)     _T_T
0000c24d     309 (0000c240)     _T_Z
0000c24e     309 (0000c240)     _T_X1
0000c24f     309 (0000c240)     _T_Z1
0000c250     309 (0000c240)     _T_Y1
0000c251     309 (0000c240)     _temp
0000c252     309 (0000c240)     _b1
0000c253     309 (0000c240)     _YAW_Z
0000c254     309 (0000c240)     _jj
0000c255     309 (0000c240)     _iii
0000c256     309 (0000c240)     _s
0000c257     309 (0000c240)     _k
0000c258     309 (0000c240)     _YAW_AVG_Z
0000c25a     309 (0000c240)     _buf_test1
0000c25c     309 (0000c240)     _pwm_num1
0000c25e     309 (0000c240)     _YAW_AVG_X
0000c260     309 (0000c240)     _pwm_num2
0000c262     309 (0000c240)     _YAW_Angle
0000c264     309 (0000c240)     _pwm_num3
0000c266     309 (0000c240)     _YAW_AVG_Y
0000c268     309 (0000c240)     _TX_DATA
0000c26e     309 (0000c240)     _BUF_send1
0000c274     309 (0000c240)     _BUF_send2

0000c280     30a (0000c280)     _readdata0
0000c289     30a (0000c280)     _buf_test
0000c293     30a (0000c280)     _BUF_1
0000c29d     30a (0000c280)     _BUF_recv1

0000c2c0     30b (0000c2c0)     _BUF_recv
0000c2d2     30b (0000c2c0)     _BUF
0000c2e6     30b (0000c2c0)     _BUF1

0000c300     30c (0000c300)     _BUF_send
0000c31a     30c (0000c300)     _last_ACC
0000c31e     30c (0000c300)     _gyr_offset_f
0000c324     30c (0000c300)     _mpu6050_buffer
0000c332     30c (0000c300)     _mpu6050buffer

0000c342     30d (0000c340)     _Acc_int
0000c343     30d (0000c340)     _flag_Acc
0000c344     30d (0000c340)     _q1
0000c346     30d (0000c340)     _q0
0000c348     30d (0000c340)     _q2
0000c34a     30d (0000c340)     _q_0
0000c34c     30d (0000c340)     _q3
0000c34e     30d (0000c340)     _q_1
0000c350     30d (0000c340)     _twoKi
0000c352     30d (0000c340)     _twoKp
0000c354     30d (0000c340)     _dt
0000c356     30d (0000c340)     _integralFBy
0000c358     30d (0000c340)     _integralFBx
0000c35a     30d (0000c340)     _Accdt2
0000c35c     30d (0000c340)     _Accdt11
0000c35e     30d (0000c340)     _last_Alt_AVG
0000c360     30d (0000c340)     _Alt_AVG_V
0000c362     30d (0000c340)     _q_2
0000c364     30d (0000c340)     _integralFBz
0000c366     30d (0000c340)     _q_3
0000c368     30d (0000c340)     _Accdt
0000c36a     30d (0000c340)     _Accdt1
0000c36c     30d (0000c340)     _Acc
0000c36e     30d (0000c340)     _YAW_Y_BUF

0000c380     30e (0000c380)     _YAW_Z_BUF
0000c38a     30e (0000c380)     _YAW_X_BUF
0000c394     30e (0000c380)     _ACC_Y_BUF
0000c39e     30e (0000c380)     _ACC_Z_BUF
0000c3a8     30e (0000c380)     _ACC_X_BUF
0000c3b2     30e (0000c380)     _readdata
0000c3bb     30e (0000c380)     _errno
0000c3bc     30e (0000c380)     ___TI_cleanup_ptr
0000c3be     30e (0000c380)     ___TI_dtors_ptr

0000c3c0     30f (0000c3c0)     _sta
0000c3c1     30f (0000c3c0)     _rdata
0000c3c2     30f (0000c3c0)     _FF1
0000c3c3     30f (0000c3c0)     _num1
0000c3c4     30f (0000c3c0)     _b
0000c3c5     30f (0000c3c0)     _e
0000c3c6     30f (0000c3c0)     _num
0000c3c7     30f (0000c3c0)     _a
0000c3c8     30f (0000c3c0)     _sta1
0000c3c9     30f (0000c3c0)     _d
0000c3ca     30f (0000c3c0)     _c
0000c3cb     30f (0000c3c0)     _DYN
0000c3cc     30f (0000c3c0)     _VAL
0000c3cd     30f (0000c3c0)     _sss
0000c3ce     30f (0000c3c0)     _TX_ADDRESS
0000c3d3     30f (0000c3c0)     _buf
0000c3d8     30f (0000c3c0)     _RX_ADDRESS
0000c3dd     30f (0000c3c0)     _buf1

0000c400     310 (0000c400)     _tmp_buf2
0000c420     310 (0000c400)     _test
0000c421     310 (0000c400)     _CY

0000c440     311 (0000c440)     _Send_PID3
0000c441     311 (0000c440)     _Send_PID4
0000c442     311 (0000c440)     _Send_PID1
0000c443     311 (0000c440)     _Send_PID6
0000c444     311 (0000c440)     _Send_MotoPwm
0000c445     311 (0000c440)     _Send_PID2
0000c446     311 (0000c440)     _Send_Status
0000c447     311 (0000c440)     _Data_Check
0000c448     311 (0000c440)     _Send_Senser
0000c449     311 (0000c440)     _Send_Offset
0000c44a     311 (0000c440)     _Send_RCData
0000c44b     311 (0000c440)     _Send_PID5
0000c44c     311 (0000c440)     _data_to_send

0000c480     312 (0000c480)     _c4
0000c481     312 (0000c480)     _c3
0000c483     312 (0000c480)     _c5
0000c484     312 (0000c480)     _c2
0000c485     312 (0000c480)     _c1
0000c486     312 (0000c480)     _c6
0000c488     312 (0000c480)     _pressureAlt1
0000c48a     312 (0000c480)     _pressureAlt
0000c48c     312 (0000c480)     _Pressure_AVG
0000c48e     312 (0000c480)     _p
0000c490     312 (0000c480)     _d1
0000c492     312 (0000c480)     _d2
0000c494     312 (0000c480)     _cc
0000c496     312 (0000c480)     _dd
0000c498     312 (0000c480)     _Alt_AVG
0000c49a     312 (0000c480)     _dT
0000c49e     312 (0000c480)     _Alt_BUF

0000c4c0     313 (0000c4c0)     _WARNING
0000c4c2     313 (0000c4c0)     _Time3on
0000c4c4     313 (0000c4c0)     _Time3off
0000c4c6     313 (0000c4c0)     _Time2on
0000c4c8     313 (0000c4c0)     _Time2off
0000c4ca     313 (0000c4c0)     _Time5on
0000c4cc     313 (0000c4c0)     _Time5off
0000c4ce     313 (0000c4c0)     _Time4on
0000c4d0     313 (0000c4c0)     _Time4off
0000c4d2     313 (0000c4c0)     _T2
0000c4d4     313 (0000c4c0)     _T1
0000c4d6     313 (0000c4c0)     _T4
0000c4d8     313 (0000c4c0)     _T3
0000c4da     313 (0000c4c0)     _Time1on
0000c4dc     313 (0000c4c0)     _Time1off
0000c4de     313 (0000c4c0)     _Time6off
0000c4e0     313 (0000c4c0)     _Time6on

0033fff8    cfff (0033ffc0)     _CsmPwl


GLOBAL SYMBOLS: SORTED ALPHABETICALLY BY Name 

address    name
--------   ----
00008000   .text
0000b381   C$$EXIT
0000af22   FS$$DIV
0000b29b   FS$$TOLL
0000b2e5   I$$DIV
0000b2f6   I$$MOD
0000b223   L$$DIV
0000b232   L$$MOD
0000b3b0   LL$$MPY
0000b348   LL$$TOFS
0000b240   UL$$DIV
0000b247   UL$$MOD
0000c0c6   _ACC
0000c0cf   _ACC_AVG
0000c0cc   _ACC_OFFSET
00008a4e   _ACC_SMOOTH
0000c3a8   _ACC_X_BUF
0000c394   _ACC_Y_BUF
0000c39e   _ACC_Z_BUF
000097d6   _ADCINT_ISR
00380080   _ADC_cal
0000935b   _ADXL345_Get_Angle
0000c36c   _Acc
0000c342   _Acc_int
0000c368   _Accdt
0000c36a   _Accdt1
0000c35c   _Accdt11
0000c35a   _Accdt2
00000b00   _AdcMirror
00007100   _AdcRegs
0000c498   _Alt_AVG
0000c360   _Alt_AVG_V
0000c49e   _Alt_BUF
00009e53   _Alt_SMOOTH
0000c2d2   _BUF
0000c2e6   _BUF1
0000c293   _BUF_1
0000c2c0   _BUF_recv
0000c29d   _BUF_recv1
0000c300   _BUF_send
0000c26e   _BUF_send1
0000c274   _BUF_send2
0000c0d8   _COMD
000084c2   _CRASH_LANDING
0000c421   _CY
0000afeb   _ConfigCpuTimer
0000c234   _CpuTimer0
00000c00   _CpuTimer0Regs
0000c224   _CpuTimer1
00000c08   _CpuTimer1Regs
0000c22c   _CpuTimer2
00000c10   _CpuTimer2Regs
0033fff8   _CsmPwl
00000ae0   _CsmRegs
0000aa04   _CsmUnlock
0000c0e2   _Current_ERROR
0000c074   _D2
00009704   _DATALOG_ISR
0000a666   _DATA_printf
000098f8   _DINTCH1_ISR
00009902   _DINTCH2_ISR
0000990c   _DINTCH3_ISR
00009916   _DINTCH4_ISR
00009920   _DINTCH5_ISR
0000992a   _DINTCH6_ISR
0000b3cd   _DSP28x_usDelay
0000c3cb   _DYN
0000c447   _Data_Check
0000a000   _Data_Send_Senser
00009f25   _Data_Send_Status
0000a7a4   _Delay
0000a7ad   _Delayms
00000880   _DevEmuRegs
0000a955   _DisableDog
00001000   _DmaRegs
0000c078   _Dynamic_PID_rate
00009984   _ECAN0INTA_ISR
00009998   _ECAN0INTB_ISR
0000998e   _ECAN1INTA_ISR
000099a2   _ECAN1INTB_ISR
0000986c   _ECAP1_INT_ISR
00009876   _ECAP2_INT_ISR
00009880   _ECAP3_INT_ISR
0000988a   _ECAP4_INT_ISR
00009894   _ECAP5_INT_ISR
0000989e   _ECAP6_INT_ISR
00006040   _ECanaLAMRegs
000060c0   _ECanaMOTORegs
00006080   _ECanaMOTSRegs
00006100   _ECanaMboxes
00006000   _ECanaRegs
00006240   _ECanbLAMRegs
000062c0   _ECanbMOTORegs
00006280   _ECanbMOTSRegs
00006300   _ECanbMboxes
00006200   _ECanbRegs
00006a00   _ECap1Regs
00006a20   _ECap2Regs
00006a40   _ECap3Regs
00006a60   _ECap4Regs
00006a80   _ECap5Regs
00006aa0   _ECap6Regs
000099f2   _EMPTY_ISR
00009718   _EMUINT_ISR
00009830   _EPWM1_INT_ISR
000097f4   _EPWM1_TZINT_ISR
0000983a   _EPWM2_INT_ISR
000097fe   _EPWM2_TZINT_ISR
00009844   _EPWM3_INT_ISR
00009808   _EPWM3_TZINT_ISR
0000984e   _EPWM4_INT_ISR
00009812   _EPWM4_TZINT_ISR
00009858   _EPWM5_INT_ISR
0000981c   _EPWM5_TZINT_ISR
00009862   _EPWM6_INT_ISR
00009826   _EPWM6_TZINT_ISR
00006800   _EPwm1Regs
00006840   _EPwm2Regs
00006880   _EPwm3Regs
000068c0   _EPwm4Regs
00006900   _EPwm5Regs
00006940   _EPwm6Regs
000098a8   _EQEP1_INT_ISR
000098b2   _EQEP2_INT_ISR
00006b00   _EQep1Regs
00006b40   _EQep2Regs
0000c1c0   _EXP_BUF_x
0000c140   _EXP_BUF_y
0000c100   _EXP_PID
000080c8   _EXP_SMOOTH
0000c0f4   _EXP_THTA
0000c088   _EXP_YAW
0000b26c   _EnableInterrupts
0000c02c   _Exp_rate
0000c3c2   _FF1
0000c000   _FLY_EN
00000a80   _FlashRegs
0000c009   _GO_BACK_X_CT
0000c007   _GO_BACK_X_STR
0000c024   _GO_BACK_X_VAL
0000c00a   _GO_BACK_Y_CT
0000c008   _GO_BACK_Y_STR
0000c0a2   _GO_BACK_Y_VAL
0000a35f   _GPIO_Conf_SPI
0000a7c3   _GPIO_Configuration
0000c0d2   _GYR
0000c0c3   _GYR_CTR
0000c0e8   _GYR_F
0000c0ee   _GYR_F_AVG
0000c0dc   _GYR_F_RATE
0000c0c0   _GYR_OFFSET
0000c0c9   _GYR_RATE
00009bb7   _Get_OFFSET
00009efe   _Get_Pressure_offset
00009c47   _Get_YAW_INIT
00006f80   _GpioCtrlRegs
00006fc0   _GpioDataRegs
00006fe0   _GpioIntRegs
0000c042   _Gyro_radian_old_x
0000c038   _Gyro_radian_old_y
0000c03a   _Gyro_radian_old_z
0000c0d5   _HMC
00009934   _I2CINT1A_ISR
0000993e   _I2CINT2A_ISR
0000a6b8   _I2C_delay
0000a57d   _I2C_rrdy
0000a574   _I2C_xrdy
00007900   _I2caRegs
00009ac6   _IICwriteBit
00009ae7   _IICwriteBits
0000972c   _ILLEGAL_ISR
000096f0   _INT13_ISR
000096fa   _INT14_ISR
0000a913   _ISRExint1
0000a7d5   _ISRTimer0
0000afaa   _InitCpuTimers
0000b10c   _InitECap
0000b11a   _InitECap1Gpio
0000b128   _InitECap2Gpio
0000b136   _InitECap3Gpio
0000b144   _InitECap4Gpio
0000b152   _InitECap5Gpio
0000b160   _InitECap6Gpio
0000b10d   _InitECapGpio
0000ab2b   _InitECapture1
0000ab53   _InitECapture2
0000ab7b   _InitECapture3
0000aba3   _InitECapture4
0000abcb   _InitECapture5
0000abf3   _InitECapture6
0000ae81   _InitEPwm
0000ac1b   _InitEPwm1Example
0000ae8f   _InitEPwm1Gpio
0000ac4b   _InitEPwm2Example
0000aea1   _InitEPwm2Gpio
0000aeb3   _InitEPwm3Gpio
0000aec7   _InitEPwm4Gpio
0000aedb   _InitEPwm5Gpio
0000aeed   _InitEPwm6Gpio
0000ae82   _InitEPwmGpio
0000aeff   _InitEPwmSyncGpio
0000a930   _InitFlash
0000b275   _InitI2C
0000b285   _InitI2CGpio
0000a9a9   _InitPeripheralClocks
0000b24d   _InitPieCtrl
0000b328   _InitPieVectTable
0000a95d   _InitPll
0000b1b4   _InitSci
0000b1b5   _InitSciGpio
0000a752   _InitSci_cGpio
0000b1b8   _InitSciaGpio
0000b1cd   _InitScibGpio
0000b1e1   _InitScicGpio
0000b1f7   _InitSpi
0000b1f8   _InitSpiGpio
0000b1fb   _InitSpiaGpio
0000a927   _InitSysCtrl
0000af13   _InitTzGpio
0000aa35   _InitXintf
0000aad1   _InitXintf16Gpio
0000aa8a   _InitXintf32Gpio
000093fb   _Init_MPU6050
0000c02a   _LAST_GO_BACK_X
0000c026   _LAST_GO_BACK_Y
000099e8   _LUF_ISR
000099de   _LVF_ISR
0000c00d   _Last_Motion
000084db   _Limit_amplitude
00009a13   _MPU6050_CONVENT
00009a66   _MPU6050_CONVENT1
0000c032   _MPU6050_GYRO_LAST_X
0000c036   _MPU6050_GYRO_LAST_Y
0000c034   _MPU6050_GYRO_LAST_Z
00009b71   _MPU6050_INIT
00009abe   _MPU6050_READ
00009b1c   _MPU6050_setClockSource
00009b5b   _MPU6050_setDLPF
00009b32   _MPU6050_setFullScaleAccelRange
00009b27   _MPU6050_setFullScaleGyroRange
00009b51   _MPU6050_setI2CBypassEnabled
00009b47   _MPU6050_setI2CMasterModeEnabled
00009b66   _MPU6050_setRATE
00009b3d   _MPU6050_setSleepEnabled
000098e4   _MRINTA_ISR
000098d0   _MRINTB_ISR
00009e88   _MS5611_init
000098ee   _MXINTA_ISR
000098da   _MXINTB_ISR
00008e4a   _MahonyAHRSupdate
00008b60   _MahonyIMUupdate
00005000   _McbspaRegs
00005040   _McbspbRegs
0000c00b   _Motion
0000c012   _Motor1
0000c00f   _Motor1_1
0000c010   _Motor2
0000c017   _Motor2_1
0000c011   _Motor3
0000c015   _Motor3_1
0000c00e   _Motor4
0000c016   _Motor4_1
00009722   _NMI_ISR
0000c018   _NOW_GO_BACK_X
0000c028   _NOW_GO_BACK_Y
0000a4c7   _NRF24L01_Check
0000a37b   _NRF24L01_Init
0000a457   _NRF24L01_RX_Mode
0000a3c7   _NRF24L01_Read_Buf
0000a3b7   _NRF24L01_Read_Reg
0000a3f7   _NRF24L01_RxPacket
0000a48a   _NRF24L01_TX_Mode
0000a41f   _NRF24L01_TxPacket
0000a3e2   _NRF24L01_Write_Buf
0000a3a9   _NRF24L01_Write_Reg
0000c118   _PID_DATA
00008000   _PID_INIT
000099ff   _PIE_RESERVED
0000c060   _PI_MAX
0000ac92   _PWM_CH1
0000acaa   _PWM_CH2
0000acc2   _PWM_CH3
0000acda   _PWM_CH4
00000ce0   _PieCtrlRegs
00000d00   _PieVectTable
0000b83a   _PieVectTableInit
0000c086   _Pitch
0000c09a   _Pitch_core_kd
0000c0b6   _Pitch_core_ki
0000c0bc   _Pitch_core_kp
0000c03e   _Pitch_core_out
0000c070   _Pitch_i
0000c07e   _Pitch_shell_ki
0000c0b2   _Pitch_shell_ki_out
0000c082   _Pitch_shell_kp
0000c0be   _Pitch_shell_out
0000c48c   _Pressure_AVG
0000c076   _RC_Pitch
0000c072   _RC_Roll
0000c06e   _RC_Yaw
00008129   _READ_CONTROL_COMMAND
0000c062   _RI_MAX
0000970e   _RTOSINT_ISR
0000c3d8   _RX_ADDRESS
0000a51c   _ReadData
00008502   _Refresh_Or_STOP_MOTOR
0000c0b8   _Roll
0000c094   _Roll_core_kd
0000c022   _Roll_core_kd_out
0000c0a6   _Roll_core_ki
0000c0a8   _Roll_core_ki_out
0000c098   _Roll_core_kp
0000c09e   _Roll_core_kp_out
0000c030   _Roll_core_out
0000c08a   _Roll_i
0000c07c   _Roll_shell_ki
0000c0b4   _Roll_shell_ki_out
0000c07a   _Roll_shell_kp
0000c0b0   _Roll_shell_out
0000995c   _SCIRXINTA_ISR
00009970   _SCIRXINTB_ISR
00009948   _SCIRXINTC_ISR
00009966   _SCITXINTA_ISR
0000997a   _SCITXINTB_ISR
00009952   _SCITXINTC_ISR
000097ae   _SEQ1INT_ISR
000097b8   _SEQ2INT_ISR
000098bc   _SPIRXINTA_ISR
000098c6   _SPITXINTA_ISR
0000a38d   _SPI_ReadWriteByte
000082c7   _STABLE_WITH_PID
00007050   _SciaRegs
00007750   _ScibRegs
00007770   _ScicRegs
0000c444   _Send_MotoPwm
0000c449   _Send_Offset
0000c442   _Send_PID1
0000c445   _Send_PID2
0000c440   _Send_PID3
0000c441   _Send_PID4
0000c44b   _Send_PID5
0000c443   _Send_PID6
0000c44a   _Send_RCData
0000c448   _Send_Senser
0000c446   _Send_Status
000093c3   _Send_data
000093e1   _Send_msg
0000a94b   _ServiceDog
00007040   _SpiaRegs
00007010   _SysCtrlRegs
0000c4d4   _T1
0000c4d2   _T2
0000c4d8   _T3
0000c4d6   _T4
000097e0   _TINT0_ISR
0000c3ce   _TX_ADDRESS
0000c268   _TX_DATA
0000c24c   _T_T
0000c243   _T_X
0000c24e   _T_X1
0000c242   _T_Y
0000c250   _T_Y1
0000c24d   _T_Z
0000c24f   _T_Z1
0000c003   _ThreeD_EN
0000c002   _ThreeD_TMS
0000c4dc   _Time1off
0000c4da   _Time1on
0000c4c8   _Time2off
0000c4c6   _Time2on
0000c4c4   _Time3off
0000c4c2   _Time3on
0000c4d0   _Time4off
0000c4ce   _Time4on
0000c4cc   _Time5off
0000c4ca   _Time5on
0000c4de   _Time6off
0000c4e0   _Time6on
00009790   _USER10_ISR
0000979a   _USER11_ISR
000097a4   _USER12_ISR
00009736   _USER1_ISR
00009740   _USER2_ISR
0000974a   _USER3_ISR
00009754   _USER4_ISR
0000975e   _USER5_ISR
00009768   _USER6_ISR
00009772   _USER7_ISR
0000977c   _USER8_ISR
00009786   _USER9_ISR
0000a73c   _Uart1_Put_Buf
0000c3cc   _VAL
000097ea   _WAKEINT_ISR
0000c4c0   _WARNING
0000a4f3   _WriteData
000097c2   _XINT1_ISR
000097cc   _XINT2_ISR
000099ac   _XINT3_ISR
000099b6   _XINT4_ISR
000099c0   _XINT5_ISR
000099ca   _XINT6_ISR
000099d4   _XINT7_ISR
00007070   _XIntruptRegs
00000b20   _XintfRegs
0000c25e   _YAW_AVG_X
0000c266   _YAW_AVG_Y
0000c258   _YAW_AVG_Z
0000c262   _YAW_Angle
0000c084   _YAW_INIT
0000c247   _YAW_INIT_X
0000c249   _YAW_INIT_Y
0000c24b   _YAW_INIT_Z
0000c10c   _YAW_PID
00008b05   _YAW_SMOOTH
0000c241   _YAW_X
0000c38a   _YAW_X_BUF
0000c244   _YAW_Y
0000c36e   _YAW_Y_BUF
0000c253   _YAW_Z
0000c380   _YAW_Z_BUF
0000c08e   _Yaw
0000c096   _Yaw_core_kd
0000c040   _Yaw_core_kd_out
0000c09c   _Yaw_core_ki
0000c03c   _Yaw_core_ki_out
0000c092   _Yaw_core_kp
0000c01a   _Yaw_core_kp_out
0000c02e   _Yaw_core_out
0000c080   _Yaw_i
0000c0ac   _Yaw_shell_ki
0000c0ae   _Yaw_shell_kp
0000c0ba   _Yaw_shell_out
000003e8   __STACK_END
000003e8   __STACK_SIZE
00000001   __TI_args_main
0000c3bc   ___TI_cleanup_ptr
0000c3be   ___TI_dtors_ptr
ffffffff   ___binit__
ffffffff   ___c_args__
0000b3d1   ___cinit__
0000b3d1   ___etext__
0000b307   ___memcpy_ff
ffffffff   ___pinit__
00008000   ___text__
0000b368   __args_main
0000c23e   __lock
0000b3cc   __nop
0000b3c8   __register_lock
0000b3c4   __register_unlock
00000000   __stack
0000c23c   __unlock
0000c3c7   _a
0000b381   _abort
0000b026   _asin
0000b09d   _atan
0000adbd   _atan2
0000c05a   _avg_exp_x
0000c05c   _avg_exp_y
0000c3c4   _b
0000c252   _b1
0000c3d3   _buf
0000c3dd   _buf1
0000c289   _buf_test
0000c25a   _buf_test1
0000c3ca   _c
0000c485   _c1
0000c484   _c2
0000c481   _c3
0000c480   _c4
0000c483   _c5
0000c486   _c6
0000b16e   _c_int00
00009d6a   _calculatePressureAltitude
00009d2e   _calculateTemperature
0000c494   _cc
0000c246   _check
0033b3d1   _cinit_loadstart
0000b3d1   _cinit_runstart
00000468   _cinit_size
000095c2   _configexgpio
0000955f   _configtestled
00008000   _const_loadstart
00008000   _const_runstart
00000000   _const_size
0000852f   _control
000086a1   _control1
00008720   _control2
0000c001   _ct
0000c3c9   _d
0000c490   _d1
0000c492   _d2
0000c49a   _dT
000095dc   _data_buf
0000c44c   _data_to_send
0000c496   _dd
0000a336   _delay
0000a6cc   _delay10ms
0000a6eb   _delay14ms
0000a6c2   _delay5ms
0000a326   _delay_loop
0000c354   _dt
0000c3c5   _e
0000acf2   _ecap1_isr
0000ad11   _ecap2_isr
0000ad30   _ecap3_isr
0000ad4f   _ecap4_isr
0000ad6e   _ecap5_isr
0000ad9e   _ecap6_isr
0033b83a   _econst_loadstart
0000b83a   _econst_runstart
0000011a   _econst_size
0000c3bb   _errno
0000a344   _error
0000b383   _exit
0000c054   _exp_yaw
0000c343   _flag_Acc
0000b39a   _frexp
0000c005   _goback
0000c31e   _gyr_offset_f
000092f8   _high_acc_ms5611
0000a5a9   _hw_Single_MS5611_Write
0000a586   _hw_Single_Write
0000a5c5   _hw_i2cRead
0000a617   _hw_i2cRead_Single
0000c255   _iii
0000c358   _integralFBx
0000c356   _integralFBy
0000c364   _integralFBz
0000a2fc   _invSqrt
0000c254   _jj
0000c257   _k
0000c24a   _k1
0000c240   _k2
0000c31a   _last_ACC
0000c35e   _last_Alt_AVG
0000c06a   _last_exp_x
0000c06c   _last_exp_y
0000c04e   _last_gyr_x
0000c050   _last_gyr_y
0000c048   _last_yaw_error
0000a353   _led_init
00009433   _main
0000c004   _maxx
0000c324   _mpu6050_buffer
0000c332   _mpu6050buffer
0000a18e   _mx_sin
0000a130   _my_abs
0000a2af   _my_asin
0000a213   _my_cos
0000a13a   _my_pow
0000a1ed   _my_sin
0000a143   _my_sqrt
0000c068   _now_exp_x
0000c064   _now_exp_y
0000c3c6   _num
0000c3c3   _num1
0000c48e   _p
00008000   _pinit_loadstart
00008000   _pinit_runstart
00000000   _pinit_size
0000c08c   _pitch
0000c0a0   _pitch_core_kd_out
0000c0aa   _pitch_core_ki_out
0000c0a4   _pitch_core_kp_out
0000c48a   _pressureAlt
0000c488   _pressureAlt1
0000ac7b   _pwm_init
0000c25c   _pwm_num1
0000c260   _pwm_num2
0000c264   _pwm_num3
0000c346   _q0
0000c344   _q1
0000c348   _q2
0000c34c   _q3
0000c34a   _q_0
0000c34e   _q_1
0000c362   _q_2
0000c366   _q_3
0000c3c1   _rdata
00009ce2   _readPressureRequestPressure
00009d07   _readPressureRequestTemperature
00009cbb   _readTemperatureRequestPressure
0000957f   _read_back
0000c3b2   _readdata
0000c280   _readdata0
0000c090   _roll
00009a09   _rsvd_ISR
0000c256   _s
0000a70a   _scib_echoback_init
0000a74d   _scib_fifo_init
0000a727   _scib_msg
0000a71d   _scib_xmit
0000a770   _scic_echoback_init
0000a768   _scic_fifo_init
0000a78f   _scic_msg
0000a783   _scic_xmit
0000c245   _sign
0000a373   _spi_fifo_init
0000a346   _spi_init
0000a386   _spi_xmit
0000b2c2   _sqrt
0000c3cd   _sss
0000c3c0   _sta
0000c3c8   _sta1
0000c04a   _sum_gyr_x
0000c058   _sum_gyr_y
00008000   _switch_loadstart
00008000   _switch_runstart
00000000   _switch_size
0000c01e   _t1
0000c020   _t2
0000c01c   _t3
0000c251   _temp
0000c248   _temp_out
0000c420   _test
00338000   _text_loadstart
00008000   _text_runstart
000033d1   _text_size
0000c400   _tmp_buf2
0000c006   _tt1
0000c00c   _tt2
0000c066   _turn
0000c052   _turn_rate
0000c350   _twoKi
0000c352   _twoKp
0000a244   _xatan
0000a276   _yatan
0000c013   _yaw
0000c046   _yaw_d
0000c05e   _yaw_dt
0000c04c   _yaw_error
0000c044   _yaw_p
0000c056   _yaw_tmp
ffffffff   binit
0000b3d1   cinit
0033fff6   code_start
0033b954   copy_sections
0000b3d1   etext
ffffffff   pinit


GLOBAL SYMBOLS: SORTED BY Symbol Address 

address    name
--------   ----
00000000   __stack
00000000   _const_size
00000000   _pinit_size
00000000   _switch_size
00000001   __TI_args_main
0000011a   _econst_size
000003e8   __STACK_END
000003e8   __STACK_SIZE
00000468   _cinit_size
00000880   _DevEmuRegs
00000a80   _FlashRegs
00000ae0   _CsmRegs
00000b00   _AdcMirror
00000b20   _XintfRegs
00000c00   _CpuTimer0Regs
00000c08   _CpuTimer1Regs
00000c10   _CpuTimer2Regs
00000ce0   _PieCtrlRegs
00000d00   _PieVectTable
00001000   _DmaRegs
000033d1   _text_size
00005000   _McbspaRegs
00005040   _McbspbRegs
00006000   _ECanaRegs
00006040   _ECanaLAMRegs
00006080   _ECanaMOTSRegs
000060c0   _ECanaMOTORegs
00006100   _ECanaMboxes
00006200   _ECanbRegs
00006240   _ECanbLAMRegs
00006280   _ECanbMOTSRegs
000062c0   _ECanbMOTORegs
00006300   _ECanbMboxes
00006800   _EPwm1Regs
00006840   _EPwm2Regs
00006880   _EPwm3Regs
000068c0   _EPwm4Regs
00006900   _EPwm5Regs
00006940   _EPwm6Regs
00006a00   _ECap1Regs
00006a20   _ECap2Regs
00006a40   _ECap3Regs
00006a60   _ECap4Regs
00006a80   _ECap5Regs
00006aa0   _ECap6Regs
00006b00   _EQep1Regs
00006b40   _EQep2Regs
00006f80   _GpioCtrlRegs
00006fc0   _GpioDataRegs
00006fe0   _GpioIntRegs
00007010   _SysCtrlRegs
00007040   _SpiaRegs
00007050   _SciaRegs
00007070   _XIntruptRegs
00007100   _AdcRegs
00007750   _ScibRegs
00007770   _ScicRegs
00007900   _I2caRegs
00008000   .text
00008000   _PID_INIT
00008000   ___text__
00008000   _const_loadstart
00008000   _const_runstart
00008000   _pinit_loadstart
00008000   _pinit_runstart
00008000   _switch_loadstart
00008000   _switch_runstart
00008000   _text_runstart
000080c8   _EXP_SMOOTH
00008129   _READ_CONTROL_COMMAND
000082c7   _STABLE_WITH_PID
000084c2   _CRASH_LANDING
000084db   _Limit_amplitude
00008502   _Refresh_Or_STOP_MOTOR
0000852f   _control
000086a1   _control1
00008720   _control2
00008a4e   _ACC_SMOOTH
00008b05   _YAW_SMOOTH
00008b60   _MahonyIMUupdate
00008e4a   _MahonyAHRSupdate
000092f8   _high_acc_ms5611
0000935b   _ADXL345_Get_Angle
000093c3   _Send_data
000093e1   _Send_msg
000093fb   _Init_MPU6050
00009433   _main
0000955f   _configtestled
0000957f   _read_back
000095c2   _configexgpio
000095dc   _data_buf
000096f0   _INT13_ISR
000096fa   _INT14_ISR
00009704   _DATALOG_ISR
0000970e   _RTOSINT_ISR
00009718   _EMUINT_ISR
00009722   _NMI_ISR
0000972c   _ILLEGAL_ISR
00009736   _USER1_ISR
00009740   _USER2_ISR
0000974a   _USER3_ISR
00009754   _USER4_ISR
0000975e   _USER5_ISR
00009768   _USER6_ISR
00009772   _USER7_ISR
0000977c   _USER8_ISR
00009786   _USER9_ISR
00009790   _USER10_ISR
0000979a   _USER11_ISR
000097a4   _USER12_ISR
000097ae   _SEQ1INT_ISR
000097b8   _SEQ2INT_ISR
000097c2   _XINT1_ISR
000097cc   _XINT2_ISR
000097d6   _ADCINT_ISR
000097e0   _TINT0_ISR
000097ea   _WAKEINT_ISR
000097f4   _EPWM1_TZINT_ISR
000097fe   _EPWM2_TZINT_ISR
00009808   _EPWM3_TZINT_ISR
00009812   _EPWM4_TZINT_ISR
0000981c   _EPWM5_TZINT_ISR
00009826   _EPWM6_TZINT_ISR
00009830   _EPWM1_INT_ISR
0000983a   _EPWM2_INT_ISR
00009844   _EPWM3_INT_ISR
0000984e   _EPWM4_INT_ISR
00009858   _EPWM5_INT_ISR
00009862   _EPWM6_INT_ISR
0000986c   _ECAP1_INT_ISR
00009876   _ECAP2_INT_ISR
00009880   _ECAP3_INT_ISR
0000988a   _ECAP4_INT_ISR
00009894   _ECAP5_INT_ISR
0000989e   _ECAP6_INT_ISR
000098a8   _EQEP1_INT_ISR
000098b2   _EQEP2_INT_ISR
000098bc   _SPIRXINTA_ISR
000098c6   _SPITXINTA_ISR
000098d0   _MRINTB_ISR
000098da   _MXINTB_ISR
000098e4   _MRINTA_ISR
000098ee   _MXINTA_ISR
000098f8   _DINTCH1_ISR
00009902   _DINTCH2_ISR
0000990c   _DINTCH3_ISR
00009916   _DINTCH4_ISR
00009920   _DINTCH5_ISR
0000992a   _DINTCH6_ISR
00009934   _I2CINT1A_ISR
0000993e   _I2CINT2A_ISR
00009948   _SCIRXINTC_ISR
00009952   _SCITXINTC_ISR
0000995c   _SCIRXINTA_ISR
00009966   _SCITXINTA_ISR
00009970   _SCIRXINTB_ISR
0000997a   _SCITXINTB_ISR
00009984   _ECAN0INTA_ISR
0000998e   _ECAN1INTA_ISR
00009998   _ECAN0INTB_ISR
000099a2   _ECAN1INTB_ISR
000099ac   _XINT3_ISR
000099b6   _XINT4_ISR
000099c0   _XINT5_ISR
000099ca   _XINT6_ISR
000099d4   _XINT7_ISR
000099de   _LVF_ISR
000099e8   _LUF_ISR
000099f2   _EMPTY_ISR
000099ff   _PIE_RESERVED
00009a09   _rsvd_ISR
00009a13   _MPU6050_CONVENT
00009a66   _MPU6050_CONVENT1
00009abe   _MPU6050_READ
00009ac6   _IICwriteBit
00009ae7   _IICwriteBits
00009b1c   _MPU6050_setClockSource
00009b27   _MPU6050_setFullScaleGyroRange
00009b32   _MPU6050_setFullScaleAccelRange
00009b3d   _MPU6050_setSleepEnabled
00009b47   _MPU6050_setI2CMasterModeEnabled
00009b51   _MPU6050_setI2CBypassEnabled
00009b5b   _MPU6050_setDLPF
00009b66   _MPU6050_setRATE
00009b71   _MPU6050_INIT
00009bb7   _Get_OFFSET
00009c47   _Get_YAW_INIT
00009cbb   _readTemperatureRequestPressure
00009ce2   _readPressureRequestPressure
00009d07   _readPressureRequestTemperature
00009d2e   _calculateTemperature
00009d6a   _calculatePressureAltitude
00009e53   _Alt_SMOOTH
00009e88   _MS5611_init
00009efe   _Get_Pressure_offset
00009f25   _Data_Send_Status
0000a000   _Data_Send_Senser
0000a130   _my_abs
0000a13a   _my_pow
0000a143   _my_sqrt
0000a18e   _mx_sin
0000a1ed   _my_sin
0000a213   _my_cos
0000a244   _xatan
0000a276   _yatan
0000a2af   _my_asin
0000a2fc   _invSqrt
0000a326   _delay_loop
0000a336   _delay
0000a344   _error
0000a346   _spi_init
0000a353   _led_init
0000a35f   _GPIO_Conf_SPI
0000a373   _spi_fifo_init
0000a37b   _NRF24L01_Init
0000a386   _spi_xmit
0000a38d   _SPI_ReadWriteByte
0000a3a9   _NRF24L01_Write_Reg
0000a3b7   _NRF24L01_Read_Reg
0000a3c7   _NRF24L01_Read_Buf
0000a3e2   _NRF24L01_Write_Buf
0000a3f7   _NRF24L01_RxPacket
0000a41f   _NRF24L01_TxPacket
0000a457   _NRF24L01_RX_Mode
0000a48a   _NRF24L01_TX_Mode
0000a4c7   _NRF24L01_Check
0000a4f3   _WriteData
0000a51c   _ReadData
0000a574   _I2C_xrdy
0000a57d   _I2C_rrdy
0000a586   _hw_Single_Write
0000a5a9   _hw_Single_MS5611_Write
0000a5c5   _hw_i2cRead
0000a617   _hw_i2cRead_Single
0000a666   _DATA_printf
0000a6b8   _I2C_delay
0000a6c2   _delay5ms
0000a6cc   _delay10ms
0000a6eb   _delay14ms
0000a70a   _scib_echoback_init
0000a71d   _scib_xmit
0000a727   _scib_msg
0000a73c   _Uart1_Put_Buf
0000a74d   _scib_fifo_init
0000a752   _InitSci_cGpio
0000a768   _scic_fifo_init
0000a770   _scic_echoback_init
0000a783   _scic_xmit
0000a78f   _scic_msg
0000a7a4   _Delay
0000a7ad   _Delayms
0000a7c3   _GPIO_Configuration
0000a7d5   _ISRTimer0
0000a913   _ISRExint1
0000a927   _InitSysCtrl
0000a930   _InitFlash
0000a94b   _ServiceDog
0000a955   _DisableDog
0000a95d   _InitPll
0000a9a9   _InitPeripheralClocks
0000aa04   _CsmUnlock
0000aa35   _InitXintf
0000aa8a   _InitXintf32Gpio
0000aad1   _InitXintf16Gpio
0000ab2b   _InitECapture1
0000ab53   _InitECapture2
0000ab7b   _InitECapture3
0000aba3   _InitECapture4
0000abcb   _InitECapture5
0000abf3   _InitECapture6
0000ac1b   _InitEPwm1Example
0000ac4b   _InitEPwm2Example
0000ac7b   _pwm_init
0000ac92   _PWM_CH1
0000acaa   _PWM_CH2
0000acc2   _PWM_CH3
0000acda   _PWM_CH4
0000acf2   _ecap1_isr
0000ad11   _ecap2_isr
0000ad30   _ecap3_isr
0000ad4f   _ecap4_isr
0000ad6e   _ecap5_isr
0000ad9e   _ecap6_isr
0000adbd   _atan2
0000ae81   _InitEPwm
0000ae82   _InitEPwmGpio
0000ae8f   _InitEPwm1Gpio
0000aea1   _InitEPwm2Gpio
0000aeb3   _InitEPwm3Gpio
0000aec7   _InitEPwm4Gpio
0000aedb   _InitEPwm5Gpio
0000aeed   _InitEPwm6Gpio
0000aeff   _InitEPwmSyncGpio
0000af13   _InitTzGpio
0000af22   FS$$DIV
0000afaa   _InitCpuTimers
0000afeb   _ConfigCpuTimer
0000b026   _asin
0000b09d   _atan
0000b10c   _InitECap
0000b10d   _InitECapGpio
0000b11a   _InitECap1Gpio
0000b128   _InitECap2Gpio
0000b136   _InitECap3Gpio
0000b144   _InitECap4Gpio
0000b152   _InitECap5Gpio
0000b160   _InitECap6Gpio
0000b16e   _c_int00
0000b1b4   _InitSci
0000b1b5   _InitSciGpio
0000b1b8   _InitSciaGpio
0000b1cd   _InitScibGpio
0000b1e1   _InitScicGpio
0000b1f7   _InitSpi
0000b1f8   _InitSpiGpio
0000b1fb   _InitSpiaGpio
0000b223   L$$DIV
0000b232   L$$MOD
0000b240   UL$$DIV
0000b247   UL$$MOD
0000b24d   _InitPieCtrl
0000b26c   _EnableInterrupts
0000b275   _InitI2C
0000b285   _InitI2CGpio
0000b29b   FS$$TOLL
0000b2c2   _sqrt
0000b2e5   I$$DIV
0000b2f6   I$$MOD
0000b307   ___memcpy_ff
0000b328   _InitPieVectTable
0000b348   LL$$TOFS
0000b368   __args_main
0000b381   C$$EXIT
0000b381   _abort
0000b383   _exit
0000b39a   _frexp
0000b3b0   LL$$MPY
0000b3c4   __register_unlock
0000b3c8   __register_lock
0000b3cc   __nop
0000b3cd   _DSP28x_usDelay
0000b3d1   ___cinit__
0000b3d1   ___etext__
0000b3d1   _cinit_runstart
0000b3d1   cinit
0000b3d1   etext
0000b83a   _PieVectTableInit
0000b83a   _econst_runstart
0000c000   _FLY_EN
0000c001   _ct
0000c002   _ThreeD_TMS
0000c003   _ThreeD_EN
0000c004   _maxx
0000c005   _goback
0000c006   _tt1
0000c007   _GO_BACK_X_STR
0000c008   _GO_BACK_Y_STR
0000c009   _GO_BACK_X_CT
0000c00a   _GO_BACK_Y_CT
0000c00b   _Motion
0000c00c   _tt2
0000c00d   _Last_Motion
0000c00e   _Motor4
0000c00f   _Motor1_1
0000c010   _Motor2
0000c011   _Motor3
0000c012   _Motor1
0000c013   _yaw
0000c015   _Motor3_1
0000c016   _Motor4_1
0000c017   _Motor2_1
0000c018   _NOW_GO_BACK_X
0000c01a   _Yaw_core_kp_out
0000c01c   _t3
0000c01e   _t1
0000c020   _t2
0000c022   _Roll_core_kd_out
0000c024   _GO_BACK_X_VAL
0000c026   _LAST_GO_BACK_Y
0000c028   _NOW_GO_BACK_Y
0000c02a   _LAST_GO_BACK_X
0000c02c   _Exp_rate
0000c02e   _Yaw_core_out
0000c030   _Roll_core_out
0000c032   _MPU6050_GYRO_LAST_X
0000c034   _MPU6050_GYRO_LAST_Z
0000c036   _MPU6050_GYRO_LAST_Y
0000c038   _Gyro_radian_old_y
0000c03a   _Gyro_radian_old_z
0000c03c   _Yaw_core_ki_out
0000c03e   _Pitch_core_out
0000c040   _Yaw_core_kd_out
0000c042   _Gyro_radian_old_x
0000c044   _yaw_p
0000c046   _yaw_d
0000c048   _last_yaw_error
0000c04a   _sum_gyr_x
0000c04c   _yaw_error
0000c04e   _last_gyr_x
0000c050   _last_gyr_y
0000c052   _turn_rate
0000c054   _exp_yaw
0000c056   _yaw_tmp
0000c058   _sum_gyr_y
0000c05a   _avg_exp_x
0000c05c   _avg_exp_y
0000c05e   _yaw_dt
0000c060   _PI_MAX
0000c062   _RI_MAX
0000c064   _now_exp_y
0000c066   _turn
0000c068   _now_exp_x
0000c06a   _last_exp_x
0000c06c   _last_exp_y
0000c06e   _RC_Yaw
0000c070   _Pitch_i
0000c072   _RC_Roll
0000c074   _D2
0000c076   _RC_Pitch
0000c078   _Dynamic_PID_rate
0000c07a   _Roll_shell_kp
0000c07c   _Roll_shell_ki
0000c07e   _Pitch_shell_ki
0000c080   _Yaw_i
0000c082   _Pitch_shell_kp
0000c084   _YAW_INIT
0000c086   _Pitch
0000c088   _EXP_YAW
0000c08a   _Roll_i
0000c08c   _pitch
0000c08e   _Yaw
0000c090   _roll
0000c092   _Yaw_core_kp
0000c094   _Roll_core_kd
0000c096   _Yaw_core_kd
0000c098   _Roll_core_kp
0000c09a   _Pitch_core_kd
0000c09c   _Yaw_core_ki
0000c09e   _Roll_core_kp_out
0000c0a0   _pitch_core_kd_out
0000c0a2   _GO_BACK_Y_VAL
0000c0a4   _pitch_core_kp_out
0000c0a6   _Roll_core_ki
0000c0a8   _Roll_core_ki_out
0000c0aa   _pitch_core_ki_out
0000c0ac   _Yaw_shell_ki
0000c0ae   _Yaw_shell_kp
0000c0b0   _Roll_shell_out
0000c0b2   _Pitch_shell_ki_out
0000c0b4   _Roll_shell_ki_out
0000c0b6   _Pitch_core_ki
0000c0b8   _Roll
0000c0ba   _Yaw_shell_out
0000c0bc   _Pitch_core_kp
0000c0be   _Pitch_shell_out
0000c0c0   _GYR_OFFSET
0000c0c3   _GYR_CTR
0000c0c6   _ACC
0000c0c9   _GYR_RATE
0000c0cc   _ACC_OFFSET
0000c0cf   _ACC_AVG
0000c0d2   _GYR
0000c0d5   _HMC
0000c0d8   _COMD
0000c0dc   _GYR_F_RATE
0000c0e2   _Current_ERROR
0000c0e8   _GYR_F
0000c0ee   _GYR_F_AVG
0000c0f4   _EXP_THTA
0000c100   _EXP_PID
0000c10c   _YAW_PID
0000c118   _PID_DATA
0000c140   _EXP_BUF_y
0000c1c0   _EXP_BUF_x
0000c224   _CpuTimer1
0000c22c   _CpuTimer2
0000c234   _CpuTimer0
0000c23c   __unlock
0000c23e   __lock
0000c240   _k2
0000c241   _YAW_X
0000c242   _T_Y
0000c243   _T_X
0000c244   _YAW_Y
0000c245   _sign
0000c246   _check
0000c247   _YAW_INIT_X
0000c248   _temp_out
0000c249   _YAW_INIT_Y
0000c24a   _k1
0000c24b   _YAW_INIT_Z
0000c24c   _T_T
0000c24d   _T_Z
0000c24e   _T_X1
0000c24f   _T_Z1
0000c250   _T_Y1
0000c251   _temp
0000c252   _b1
0000c253   _YAW_Z
0000c254   _jj
0000c255   _iii
0000c256   _s
0000c257   _k
0000c258   _YAW_AVG_Z
0000c25a   _buf_test1
0000c25c   _pwm_num1
0000c25e   _YAW_AVG_X
0000c260   _pwm_num2
0000c262   _YAW_Angle
0000c264   _pwm_num3
0000c266   _YAW_AVG_Y
0000c268   _TX_DATA
0000c26e   _BUF_send1
0000c274   _BUF_send2
0000c280   _readdata0
0000c289   _buf_test
0000c293   _BUF_1
0000c29d   _BUF_recv1
0000c2c0   _BUF_recv
0000c2d2   _BUF
0000c2e6   _BUF1
0000c300   _BUF_send
0000c31a   _last_ACC
0000c31e   _gyr_offset_f
0000c324   _mpu6050_buffer
0000c332   _mpu6050buffer
0000c342   _Acc_int
0000c343   _flag_Acc
0000c344   _q1
0000c346   _q0
0000c348   _q2
0000c34a   _q_0
0000c34c   _q3
0000c34e   _q_1
0000c350   _twoKi
0000c352   _twoKp
0000c354   _dt
0000c356   _integralFBy
0000c358   _integralFBx
0000c35a   _Accdt2
0000c35c   _Accdt11
0000c35e   _last_Alt_AVG
0000c360   _Alt_AVG_V
0000c362   _q_2
0000c364   _integralFBz
0000c366   _q_3
0000c368   _Accdt
0000c36a   _Accdt1
0000c36c   _Acc
0000c36e   _YAW_Y_BUF
0000c380   _YAW_Z_BUF
0000c38a   _YAW_X_BUF
0000c394   _ACC_Y_BUF
0000c39e   _ACC_Z_BUF
0000c3a8   _ACC_X_BUF
0000c3b2   _readdata
0000c3bb   _errno
0000c3bc   ___TI_cleanup_ptr
0000c3be   ___TI_dtors_ptr
0000c3c0   _sta
0000c3c1   _rdata
0000c3c2   _FF1
0000c3c3   _num1
0000c3c4   _b
0000c3c5   _e
0000c3c6   _num
0000c3c7   _a
0000c3c8   _sta1
0000c3c9   _d
0000c3ca   _c
0000c3cb   _DYN
0000c3cc   _VAL
0000c3cd   _sss
0000c3ce   _TX_ADDRESS
0000c3d3   _buf
0000c3d8   _RX_ADDRESS
0000c3dd   _buf1
0000c400   _tmp_buf2
0000c420   _test
0000c421   _CY
0000c440   _Send_PID3
0000c441   _Send_PID4
0000c442   _Send_PID1
0000c443   _Send_PID6
0000c444   _Send_MotoPwm
0000c445   _Send_PID2
0000c446   _Send_Status
0000c447   _Data_Check
0000c448   _Send_Senser
0000c449   _Send_Offset
0000c44a   _Send_RCData
0000c44b   _Send_PID5
0000c44c   _data_to_send
0000c480   _c4
0000c481   _c3
0000c483   _c5
0000c484   _c2
0000c485   _c1
0000c486   _c6
0000c488   _pressureAlt1
0000c48a   _pressureAlt
0000c48c   _Pressure_AVG
0000c48e   _p
0000c490   _d1
0000c492   _d2
0000c494   _cc
0000c496   _dd
0000c498   _Alt_AVG
0000c49a   _dT
0000c49e   _Alt_BUF
0000c4c0   _WARNING
0000c4c2   _Time3on
0000c4c4   _Time3off
0000c4c6   _Time2on
0000c4c8   _Time2off
0000c4ca   _Time5on
0000c4cc   _Time5off
0000c4ce   _Time4on
0000c4d0   _Time4off
0000c4d2   _T2
0000c4d4   _T1
0000c4d6   _T4
0000c4d8   _T3
0000c4da   _Time1on
0000c4dc   _Time1off
0000c4de   _Time6off
0000c4e0   _Time6on
00338000   _text_loadstart
0033b3d1   _cinit_loadstart
0033b83a   _econst_loadstart
0033b954   copy_sections
0033fff6   code_start
0033fff8   _CsmPwl
00380080   _ADC_cal
ffffffff   ___binit__
ffffffff   ___c_args__
ffffffff   ___pinit__
ffffffff   binit
ffffffff   pinit

[639 symbols]
