<?xml version="1.0"?>
<link_info>
   <banner>TMS320C2000 Linker PC v6.2.0</banner>
   <copyright>Copyright (c) 1996-2013 Texas Instruments Incorporated</copyright>
   <link_time>0x56c47a22</link_time>
   <link_errors>0x0</link_errors>
   <output_file>LED.out</output_file>
   <entry_point>
      <name>_c_int00</name>
      <address>0xb16e</address>
   </entry_point>
   <input_file_list>
      <input_file id="fl-2">
         <path>.\</path>
         <kind>object</kind>
         <file>pwm.obj</file>
         <name>pwm.obj</name>
      </input_file>
      <input_file id="fl-3">
         <path>.\</path>
         <kind>object</kind>
         <file>nrf24l01.obj</file>
         <name>nrf24l01.obj</name>
      </input_file>
      <input_file id="fl-4">
         <path>.\</path>
         <kind>object</kind>
         <file>hardware_I2C.obj</file>
         <name>hardware_I2C.obj</name>
      </input_file>
      <input_file id="fl-5">
         <path>.\</path>
         <kind>object</kind>
         <file>fast_math.obj</file>
         <name>fast_math.obj</name>
      </input_file>
      <input_file id="fl-6">
         <path>.\</path>
         <kind>object</kind>
         <file>control.obj</file>
         <name>control.obj</name>
      </input_file>
      <input_file id="fl-7">
         <path>.\</path>
         <kind>object</kind>
         <file>capture.obj</file>
         <name>capture.obj</name>
      </input_file>
      <input_file id="fl-8">
         <path>.\</path>
         <kind>object</kind>
         <file>MS5611.obj</file>
         <name>MS5611.obj</name>
      </input_file>
      <input_file id="fl-9">
         <path>.\</path>
         <kind>object</kind>
         <file>MPU6050.obj</file>
         <name>MPU6050.obj</name>
      </input_file>
      <input_file id="fl-a">
         <path>.\</path>
         <kind>object</kind>
         <file>LED.obj</file>
         <name>LED.obj</name>
      </input_file>
      <input_file id="fl-b">
         <path>.\</path>
         <kind>object</kind>
         <file>IMU.obj</file>
         <name>IMU.obj</name>
      </input_file>
      <input_file id="fl-c">
         <path>.\</path>
         <kind>object</kind>
         <file>I2C.obj</file>
         <name>I2C.obj</name>
      </input_file>
      <input_file id="fl-d">
         <path>.\</path>
         <kind>object</kind>
         <file>Data_Transfer.obj</file>
         <name>Data_Transfer.obj</name>
      </input_file>
      <input_file id="fl-e">
         <path>.\</path>
         <kind>object</kind>
         <file>DSP2833x_usDelay.obj</file>
         <name>DSP2833x_usDelay.obj</name>
      </input_file>
      <input_file id="fl-f">
         <path>.\</path>
         <kind>object</kind>
         <file>DSP2833x_Xintf.obj</file>
         <name>DSP2833x_Xintf.obj</name>
      </input_file>
      <input_file id="fl-10">
         <path>.\</path>
         <kind>object</kind>
         <file>DSP2833x_SysCtrl.obj</file>
         <name>DSP2833x_SysCtrl.obj</name>
      </input_file>
      <input_file id="fl-11">
         <path>.\</path>
         <kind>object</kind>
         <file>DSP2833x_Spi.obj</file>
         <name>DSP2833x_Spi.obj</name>
      </input_file>
      <input_file id="fl-12">
         <path>.\</path>
         <kind>object</kind>
         <file>DSP2833x_Sci.obj</file>
         <name>DSP2833x_Sci.obj</name>
      </input_file>
      <input_file id="fl-13">
         <path>.\</path>
         <kind>object</kind>
         <file>DSP2833x_PieVect.obj</file>
         <name>DSP2833x_PieVect.obj</name>
      </input_file>
      <input_file id="fl-14">
         <path>.\</path>
         <kind>object</kind>
         <file>DSP2833x_PieCtrl.obj</file>
         <name>DSP2833x_PieCtrl.obj</name>
      </input_file>
      <input_file id="fl-15">
         <path>.\</path>
         <kind>object</kind>
         <file>DSP2833x_I2C.obj</file>
         <name>DSP2833x_I2C.obj</name>
      </input_file>
      <input_file id="fl-16">
         <path>.\</path>
         <kind>object</kind>
         <file>DSP2833x_GlobalVariableDefs.obj</file>
         <name>DSP2833x_GlobalVariableDefs.obj</name>
      </input_file>
      <input_file id="fl-17">
         <path>.\</path>
         <kind>object</kind>
         <file>DSP2833x_EPwm.obj</file>
         <name>DSP2833x_EPwm.obj</name>
      </input_file>
      <input_file id="fl-18">
         <path>.\</path>
         <kind>object</kind>
         <file>DSP2833x_ECap.obj</file>
         <name>DSP2833x_ECap.obj</name>
      </input_file>
      <input_file id="fl-19">
         <path>.\</path>
         <kind>object</kind>
         <file>DSP2833x_DefaultIsr.obj</file>
         <name>DSP2833x_DefaultIsr.obj</name>
      </input_file>
      <input_file id="fl-1a">
         <path>.\</path>
         <kind>object</kind>
         <file>DSP2833x_CpuTimers.obj</file>
         <name>DSP2833x_CpuTimers.obj</name>
      </input_file>
      <input_file id="fl-1b">
         <path>.\</path>
         <kind>object</kind>
         <file>DSP2833x_CodeStartBranch.obj</file>
         <name>DSP2833x_CodeStartBranch.obj</name>
      </input_file>
      <input_file id="fl-1c">
         <path>.\</path>
         <kind>object</kind>
         <file>DSP2833x_ADC_cal.obj</file>
         <name>DSP2833x_ADC_cal.obj</name>
      </input_file>
      <input_file id="fl-21">
         <path>C:\ti\ccsv5\tools\compiler\c2000_6.2.0\lib\</path>
         <kind>archive</kind>
         <file>rts2800_fpu32.lib</file>
         <name>asin.obj</name>
      </input_file>
      <input_file id="fl-22">
         <path>C:\ti\ccsv5\tools\compiler\c2000_6.2.0\lib\</path>
         <kind>archive</kind>
         <file>rts2800_fpu32.lib</file>
         <name>atan2.obj</name>
      </input_file>
      <input_file id="fl-23">
         <path>C:\ti\ccsv5\tools\compiler\c2000_6.2.0\lib\</path>
         <kind>archive</kind>
         <file>rts2800_fpu32.lib</file>
         <name>atan.obj</name>
      </input_file>
      <input_file id="fl-24">
         <path>C:\ti\ccsv5\tools\compiler\c2000_6.2.0\lib\</path>
         <kind>archive</kind>
         <file>rts2800_fpu32.lib</file>
         <name>boot.obj</name>
      </input_file>
      <input_file id="fl-25">
         <path>C:\ti\ccsv5\tools\compiler\c2000_6.2.0\lib\</path>
         <kind>archive</kind>
         <file>rts2800_fpu32.lib</file>
         <name>errno.obj</name>
      </input_file>
      <input_file id="fl-26">
         <path>C:\ti\ccsv5\tools\compiler\c2000_6.2.0\lib\</path>
         <kind>archive</kind>
         <file>rts2800_fpu32.lib</file>
         <name>exit.obj</name>
      </input_file>
      <input_file id="fl-27">
         <path>C:\ti\ccsv5\tools\compiler\c2000_6.2.0\lib\</path>
         <kind>archive</kind>
         <file>rts2800_fpu32.lib</file>
         <name>frexp.obj</name>
      </input_file>
      <input_file id="fl-28">
         <path>C:\ti\ccsv5\tools\compiler\c2000_6.2.0\lib\</path>
         <kind>archive</kind>
         <file>rts2800_fpu32.lib</file>
         <name>fs_div.obj</name>
      </input_file>
      <input_file id="fl-29">
         <path>C:\ti\ccsv5\tools\compiler\c2000_6.2.0\lib\</path>
         <kind>archive</kind>
         <file>rts2800_fpu32.lib</file>
         <name>fs_toll.obj</name>
      </input_file>
      <input_file id="fl-2a">
         <path>C:\ti\ccsv5\tools\compiler\c2000_6.2.0\lib\</path>
         <kind>archive</kind>
         <file>rts2800_fpu32.lib</file>
         <name>i_div.obj</name>
      </input_file>
      <input_file id="fl-2b">
         <path>C:\ti\ccsv5\tools\compiler\c2000_6.2.0\lib\</path>
         <kind>archive</kind>
         <file>rts2800_fpu32.lib</file>
         <name>l_div.obj</name>
      </input_file>
      <input_file id="fl-2c">
         <path>C:\ti\ccsv5\tools\compiler\c2000_6.2.0\lib\</path>
         <kind>archive</kind>
         <file>rts2800_fpu32.lib</file>
         <name>ll_mpy.obj</name>
      </input_file>
      <input_file id="fl-2d">
         <path>C:\ti\ccsv5\tools\compiler\c2000_6.2.0\lib\</path>
         <kind>archive</kind>
         <file>rts2800_fpu32.lib</file>
         <name>ll_tofs.obj</name>
      </input_file>
      <input_file id="fl-2e">
         <path>C:\ti\ccsv5\tools\compiler\c2000_6.2.0\lib\</path>
         <kind>archive</kind>
         <file>rts2800_fpu32.lib</file>
         <name>_lock.obj</name>
      </input_file>
      <input_file id="fl-2f">
         <path>C:\ti\ccsv5\tools\compiler\c2000_6.2.0\lib\</path>
         <kind>archive</kind>
         <file>rts2800_fpu32.lib</file>
         <name>memcpy_ff.obj</name>
      </input_file>
      <input_file id="fl-30">
         <path>C:\ti\ccsv5\tools\compiler\c2000_6.2.0\lib\</path>
         <kind>archive</kind>
         <file>rts2800_fpu32.lib</file>
         <name>sqrt.obj</name>
      </input_file>
      <input_file id="fl-31">
         <path>C:\ti\ccsv5\tools\compiler\c2000_6.2.0\lib\</path>
         <kind>archive</kind>
         <file>rts2800_fpu32.lib</file>
         <name>args_main.obj</name>
      </input_file>
   </input_file_list>
   <object_component_list>
      <object_component id="oc-f8">
         <name>PieVectTableFile</name>
         <uninitialized>true</uninitialized>
         <run_address>0xd00</run_address>
         <size>0x100</size>
         <input_file_ref idref="fl-16"/>
      </object_component>
      <object_component id="oc-f4">
         <name>DevEmuRegsFile</name>
         <uninitialized>true</uninitialized>
         <run_address>0x880</run_address>
         <size>0xd0</size>
         <input_file_ref idref="fl-16"/>
      </object_component>
      <object_component id="oc-ca">
         <name>FlashRegsFile</name>
         <uninitialized>true</uninitialized>
         <run_address>0xa80</run_address>
         <size>0x8</size>
         <input_file_ref idref="fl-16"/>
      </object_component>
      <object_component id="oc-d4">
         <name>CsmRegsFile</name>
         <uninitialized>true</uninitialized>
         <run_address>0xae0</run_address>
         <size>0x10</size>
         <input_file_ref idref="fl-16"/>
      </object_component>
      <object_component id="oc-d3">
         <name>AdcMirrorFile</name>
         <uninitialized>true</uninitialized>
         <run_address>0xb00</run_address>
         <size>0x10</size>
         <input_file_ref idref="fl-16"/>
      </object_component>
      <object_component id="oc-d7">
         <name>XintfRegsFile</name>
         <uninitialized>true</uninitialized>
         <run_address>0xb20</run_address>
         <size>0x1e</size>
         <input_file_ref idref="fl-16"/>
      </object_component>
      <object_component id="oc-cb">
         <name>CpuTimer0RegsFile</name>
         <uninitialized>true</uninitialized>
         <run_address>0xc00</run_address>
         <size>0x8</size>
         <input_file_ref idref="fl-16"/>
      </object_component>
      <object_component id="oc-c9">
         <name>CpuTimer1RegsFile</name>
         <uninitialized>true</uninitialized>
         <run_address>0xc08</run_address>
         <size>0x8</size>
         <input_file_ref idref="fl-16"/>
      </object_component>
      <object_component id="oc-c8">
         <name>CpuTimer2RegsFile</name>
         <uninitialized>true</uninitialized>
         <run_address>0xc10</run_address>
         <size>0x8</size>
         <input_file_ref idref="fl-16"/>
      </object_component>
      <object_component id="oc-d5">
         <name>PieCtrlRegsFile</name>
         <uninitialized>true</uninitialized>
         <run_address>0xce0</run_address>
         <size>0x1a</size>
         <input_file_ref idref="fl-16"/>
      </object_component>
      <object_component id="oc-f5">
         <name>DmaRegsFile</name>
         <uninitialized>true</uninitialized>
         <run_address>0x1000</run_address>
         <size>0xe0</size>
         <input_file_ref idref="fl-16"/>
      </object_component>
      <object_component id="oc-e7">
         <name>McbspaRegsFile</name>
         <uninitialized>true</uninitialized>
         <run_address>0x5000</run_address>
         <size>0x25</size>
         <input_file_ref idref="fl-16"/>
      </object_component>
      <object_component id="oc-e8">
         <name>McbspbRegsFile</name>
         <uninitialized>true</uninitialized>
         <run_address>0x5040</run_address>
         <size>0x25</size>
         <input_file_ref idref="fl-16"/>
      </object_component>
      <object_component id="oc-eb">
         <name>ECanaRegsFile</name>
         <uninitialized>true</uninitialized>
         <run_address>0x6000</run_address>
         <size>0x34</size>
         <input_file_ref idref="fl-16"/>
      </object_component>
      <object_component id="oc-ee">
         <name>ECanaLAMRegsFile</name>
         <uninitialized>true</uninitialized>
         <run_address>0x6040</run_address>
         <size>0x40</size>
         <input_file_ref idref="fl-16"/>
      </object_component>
      <object_component id="oc-f7">
         <name>ECanaMboxesFile</name>
         <uninitialized>true</uninitialized>
         <run_address>0x6100</run_address>
         <size>0x100</size>
         <input_file_ref idref="fl-16"/>
      </object_component>
      <object_component id="oc-ef">
         <name>ECanaMOTSRegsFile</name>
         <uninitialized>true</uninitialized>
         <run_address>0x6080</run_address>
         <size>0x40</size>
         <input_file_ref idref="fl-16"/>
      </object_component>
      <object_component id="oc-ec">
         <name>ECanaMOTORegsFile</name>
         <uninitialized>true</uninitialized>
         <run_address>0x60c0</run_address>
         <size>0x40</size>
         <input_file_ref idref="fl-16"/>
      </object_component>
      <object_component id="oc-ea">
         <name>ECanbRegsFile</name>
         <uninitialized>true</uninitialized>
         <run_address>0x6200</run_address>
         <size>0x34</size>
         <input_file_ref idref="fl-16"/>
      </object_component>
      <object_component id="oc-f2">
         <name>ECanbLAMRegsFile</name>
         <uninitialized>true</uninitialized>
         <run_address>0x6240</run_address>
         <size>0x40</size>
         <input_file_ref idref="fl-16"/>
      </object_component>
      <object_component id="oc-f6">
         <name>ECanbMboxesFile</name>
         <uninitialized>true</uninitialized>
         <run_address>0x6300</run_address>
         <size>0x100</size>
         <input_file_ref idref="fl-16"/>
      </object_component>
      <object_component id="oc-ed">
         <name>ECanbMOTSRegsFile</name>
         <uninitialized>true</uninitialized>
         <run_address>0x6280</run_address>
         <size>0x40</size>
         <input_file_ref idref="fl-16"/>
      </object_component>
      <object_component id="oc-f0">
         <name>ECanbMOTORegsFile</name>
         <uninitialized>true</uninitialized>
         <run_address>0x62c0</run_address>
         <size>0x40</size>
         <input_file_ref idref="fl-16"/>
      </object_component>
      <object_component id="oc-e2">
         <name>EPwm1RegsFile</name>
         <uninitialized>true</uninitialized>
         <run_address>0x6800</run_address>
         <size>0x22</size>
         <input_file_ref idref="fl-16"/>
      </object_component>
      <object_component id="oc-e1">
         <name>EPwm2RegsFile</name>
         <uninitialized>true</uninitialized>
         <run_address>0x6840</run_address>
         <size>0x22</size>
         <input_file_ref idref="fl-16"/>
      </object_component>
      <object_component id="oc-e3">
         <name>EPwm3RegsFile</name>
         <uninitialized>true</uninitialized>
         <run_address>0x6880</run_address>
         <size>0x22</size>
         <input_file_ref idref="fl-16"/>
      </object_component>
      <object_component id="oc-e5">
         <name>EPwm4RegsFile</name>
         <uninitialized>true</uninitialized>
         <run_address>0x68c0</run_address>
         <size>0x22</size>
         <input_file_ref idref="fl-16"/>
      </object_component>
      <object_component id="oc-e4">
         <name>EPwm5RegsFile</name>
         <uninitialized>true</uninitialized>
         <run_address>0x6900</run_address>
         <size>0x22</size>
         <input_file_ref idref="fl-16"/>
      </object_component>
      <object_component id="oc-e6">
         <name>EPwm6RegsFile</name>
         <uninitialized>true</uninitialized>
         <run_address>0x6940</run_address>
         <size>0x22</size>
         <input_file_ref idref="fl-16"/>
      </object_component>
      <object_component id="oc-de">
         <name>ECap1RegsFile</name>
         <uninitialized>true</uninitialized>
         <run_address>0x6a00</run_address>
         <size>0x20</size>
         <input_file_ref idref="fl-16"/>
      </object_component>
      <object_component id="oc-da">
         <name>ECap2RegsFile</name>
         <uninitialized>true</uninitialized>
         <run_address>0x6a20</run_address>
         <size>0x20</size>
         <input_file_ref idref="fl-16"/>
      </object_component>
      <object_component id="oc-db">
         <name>ECap3RegsFile</name>
         <uninitialized>true</uninitialized>
         <run_address>0x6a40</run_address>
         <size>0x20</size>
         <input_file_ref idref="fl-16"/>
      </object_component>
      <object_component id="oc-d8">
         <name>ECap4RegsFile</name>
         <uninitialized>true</uninitialized>
         <run_address>0x6a60</run_address>
         <size>0x20</size>
         <input_file_ref idref="fl-16"/>
      </object_component>
      <object_component id="oc-d9">
         <name>ECap5RegsFile</name>
         <uninitialized>true</uninitialized>
         <run_address>0x6a80</run_address>
         <size>0x20</size>
         <input_file_ref idref="fl-16"/>
      </object_component>
      <object_component id="oc-df">
         <name>ECap6RegsFile</name>
         <uninitialized>true</uninitialized>
         <run_address>0x6aa0</run_address>
         <size>0x20</size>
         <input_file_ref idref="fl-16"/>
      </object_component>
      <object_component id="oc-f3">
         <name>EQep1RegsFile</name>
         <uninitialized>true</uninitialized>
         <run_address>0x6b00</run_address>
         <size>0x40</size>
         <input_file_ref idref="fl-16"/>
      </object_component>
      <object_component id="oc-f1">
         <name>EQep2RegsFile</name>
         <uninitialized>true</uninitialized>
         <run_address>0x6b40</run_address>
         <size>0x40</size>
         <input_file_ref idref="fl-16"/>
      </object_component>
      <object_component id="oc-e9">
         <name>GpioCtrlRegsFile</name>
         <uninitialized>true</uninitialized>
         <run_address>0x6f80</run_address>
         <size>0x2e</size>
         <input_file_ref idref="fl-16"/>
      </object_component>
      <object_component id="oc-dc">
         <name>GpioDataRegsFile</name>
         <uninitialized>true</uninitialized>
         <run_address>0x6fc0</run_address>
         <size>0x20</size>
         <input_file_ref idref="fl-16"/>
      </object_component>
      <object_component id="oc-cd">
         <name>GpioIntRegsFile</name>
         <uninitialized>true</uninitialized>
         <run_address>0x6fe0</run_address>
         <size>0xa</size>
         <input_file_ref idref="fl-16"/>
      </object_component>
      <object_component id="oc-dd">
         <name>SysCtrlRegsFile</name>
         <uninitialized>true</uninitialized>
         <run_address>0x7010</run_address>
         <size>0x20</size>
         <input_file_ref idref="fl-16"/>
      </object_component>
      <object_component id="oc-d0">
         <name>SpiaRegsFile</name>
         <uninitialized>true</uninitialized>
         <run_address>0x7040</run_address>
         <size>0x10</size>
         <input_file_ref idref="fl-16"/>
      </object_component>
      <object_component id="oc-d1">
         <name>SciaRegsFile</name>
         <uninitialized>true</uninitialized>
         <run_address>0x7050</run_address>
         <size>0x10</size>
         <input_file_ref idref="fl-16"/>
      </object_component>
      <object_component id="oc-d2">
         <name>XIntruptRegsFile</name>
         <uninitialized>true</uninitialized>
         <run_address>0x7070</run_address>
         <size>0x10</size>
         <input_file_ref idref="fl-16"/>
      </object_component>
      <object_component id="oc-d6">
         <name>AdcRegsFile</name>
         <uninitialized>true</uninitialized>
         <run_address>0x7100</run_address>
         <size>0x1e</size>
         <input_file_ref idref="fl-16"/>
      </object_component>
      <object_component id="oc-cf">
         <name>ScibRegsFile</name>
         <uninitialized>true</uninitialized>
         <run_address>0x7750</run_address>
         <size>0x10</size>
         <input_file_ref idref="fl-16"/>
      </object_component>
      <object_component id="oc-ce">
         <name>ScicRegsFile</name>
         <uninitialized>true</uninitialized>
         <run_address>0x7770</run_address>
         <size>0x10</size>
         <input_file_ref idref="fl-16"/>
      </object_component>
      <object_component id="oc-e0">
         <name>I2caRegsFile</name>
         <uninitialized>true</uninitialized>
         <run_address>0x7900</run_address>
         <size>0x22</size>
         <input_file_ref idref="fl-16"/>
      </object_component>
      <object_component id="oc-cc">
         <name>CsmPwlFile</name>
         <uninitialized>true</uninitialized>
         <run_address>0x33fff8</run_address>
         <size>0x8</size>
         <input_file_ref idref="fl-16"/>
      </object_component>
      <object_component id="oc-10f">
         <name>codestart</name>
         <load_address>0x33fff6</load_address>
         <run_address>0x33fff6</run_address>
         <size>0x2</size>
         <input_file_ref idref="fl-1b"/>
      </object_component>
      <object_component id="oc-110">
         <name>wddisable</name>
         <load_address>0x33b990</load_address>
         <run_address>0x33b990</run_address>
         <size>0x8</size>
         <input_file_ref idref="fl-1b"/>
      </object_component>
      <object_component id="oc-111">
         <name>copy_sections</name>
         <load_address>0x33b954</load_address>
         <run_address>0x33b954</run_address>
         <size>0x3c</size>
         <input_file_ref idref="fl-1b"/>
      </object_component>
      <object_component id="oc-115">
         <name>.adc_cal</name>
         <load_address>0x380080</load_address>
         <run_address>0x380080</run_address>
         <size>0x7</size>
         <input_file_ref idref="fl-1c"/>
      </object_component>
      <object_component id="oc-129">
         <name>.reset</name>
         <load_address>0x3fffc0</load_address>
         <run_address>0x3fffc0</run_address>
         <size>0x2</size>
         <input_file_ref idref="fl-24"/>
      </object_component>
      <object_component id="oc-128">
         <name>.stack</name>
         <uninitialized>true</uninitialized>
         <run_address>0x0</run_address>
         <size>0x0</size>
         <input_file_ref idref="fl-24"/>
      </object_component>
      <object_component id="oc-1c3">
         <name>.stack</name>
         <uninitialized>true</uninitialized>
         <run_address>0x0</run_address>
         <size>0x0</size>
      </object_component>
      <object_component id="oc-56">
         <name>.ebss</name>
         <uninitialized>true</uninitialized>
         <run_address>0xc3c0</run_address>
         <size>0x60</size>
         <input_file_ref idref="fl-3"/>
      </object_component>
      <object_component id="oc-5d">
         <name>.ebss</name>
         <uninitialized>true</uninitialized>
         <run_address>0xc3b2</run_address>
         <size>0x9</size>
         <input_file_ref idref="fl-4"/>
      </object_component>
      <object_component id="oc-69">
         <name>.ebss</name>
         <uninitialized>true</uninitialized>
         <run_address>0xc000</run_address>
         <size>0x224</size>
         <input_file_ref idref="fl-6"/>
      </object_component>
      <object_component id="oc-70">
         <name>.ebss</name>
         <uninitialized>true</uninitialized>
         <run_address>0xc4c0</run_address>
         <size>0x22</size>
         <input_file_ref idref="fl-7"/>
      </object_component>
      <object_component id="oc-78">
         <name>.ebss</name>
         <uninitialized>true</uninitialized>
         <run_address>0xc480</run_address>
         <size>0x32</size>
         <input_file_ref idref="fl-8"/>
      </object_component>
      <object_component id="oc-7f">
         <name>.ebss</name>
         <uninitialized>true</uninitialized>
         <run_address>0xc31a</run_address>
         <size>0x26</size>
         <input_file_ref idref="fl-9"/>
      </object_component>
      <object_component id="oc-86">
         <name>.ebss</name>
         <uninitialized>true</uninitialized>
         <run_address>0xc240</run_address>
         <size>0xda</size>
         <input_file_ref idref="fl-a"/>
      </object_component>
      <object_component id="oc-8e">
         <name>.ebss</name>
         <uninitialized>true</uninitialized>
         <run_address>0xc340</run_address>
         <size>0x72</size>
         <input_file_ref idref="fl-b"/>
      </object_component>
      <object_component id="oc-95">
         <name>.ebss</name>
         <uninitialized>true</uninitialized>
         <run_address>0xc420</run_address>
         <size>0x2</size>
         <input_file_ref idref="fl-c"/>
      </object_component>
      <object_component id="oc-9b">
         <name>.ebss</name>
         <uninitialized>true</uninitialized>
         <run_address>0xc440</run_address>
         <size>0x3e</size>
         <input_file_ref idref="fl-d"/>
      </object_component>
      <object_component id="oc-10b">
         <name>.ebss</name>
         <uninitialized>true</uninitialized>
         <run_address>0xc224</run_address>
         <size>0x18</size>
         <input_file_ref idref="fl-1a"/>
      </object_component>
      <object_component id="oc-12f">
         <name>.ebss</name>
         <uninitialized>true</uninitialized>
         <run_address>0xc3bb</run_address>
         <size>0x1</size>
         <input_file_ref idref="fl-25"/>
      </object_component>
      <object_component id="oc-134">
         <name>.ebss</name>
         <uninitialized>true</uninitialized>
         <run_address>0xc3bc</run_address>
         <size>0x4</size>
         <input_file_ref idref="fl-26"/>
      </object_component>
      <object_component id="oc-158">
         <name>.ebss</name>
         <uninitialized>true</uninitialized>
         <run_address>0xc23c</run_address>
         <size>0x4</size>
         <input_file_ref idref="fl-2e"/>
      </object_component>
      <object_component id="oc-68">
         <name>.cinit</name>
         <load_address>0x33b3d1</load_address>
         <run_address>0xb3d1</run_address>
         <size>0x24a</size>
         <input_file_ref idref="fl-6"/>
      </object_component>
      <object_component id="oc-8d">
         <name>.cinit</name>
         <load_address>0x33b61b</load_address>
         <run_address>0xb61b</run_address>
         <size>0x8d</size>
         <input_file_ref idref="fl-b"/>
      </object_component>
      <object_component id="oc-85">
         <name>.cinit</name>
         <load_address>0x33b6a8</load_address>
         <run_address>0xb6a8</run_address>
         <size>0x79</size>
         <input_file_ref idref="fl-a"/>
      </object_component>
      <object_component id="oc-55">
         <name>.cinit</name>
         <load_address>0x33b721</load_address>
         <run_address>0xb721</run_address>
         <size>0x58</size>
         <input_file_ref idref="fl-3"/>
      </object_component>
      <object_component id="oc-6f">
         <name>.cinit</name>
         <load_address>0x33b779</load_address>
         <run_address>0xb779</run_address>
         <size>0x54</size>
         <input_file_ref idref="fl-7"/>
      </object_component>
      <object_component id="oc-77">
         <name>.cinit</name>
         <load_address>0x33b7cd</load_address>
         <run_address>0xb7cd</run_address>
         <size>0x27</size>
         <input_file_ref idref="fl-8"/>
      </object_component>
      <object_component id="oc-7e">
         <name>.cinit</name>
         <load_address>0x33b7f4</load_address>
         <run_address>0xb7f4</run_address>
         <size>0x17</size>
         <input_file_ref idref="fl-9"/>
      </object_component>
      <object_component id="oc-5c">
         <name>.cinit</name>
         <load_address>0x33b80b</load_address>
         <run_address>0xb80b</run_address>
         <size>0xc</size>
         <input_file_ref idref="fl-4"/>
      </object_component>
      <object_component id="oc-157">
         <name>.cinit</name>
         <load_address>0x33b817</load_address>
         <run_address>0xb817</run_address>
         <size>0xa</size>
         <input_file_ref idref="fl-2e"/>
      </object_component>
      <object_component id="oc-133">
         <name>.cinit</name>
         <load_address>0x33b821</load_address>
         <run_address>0xb821</run_address>
         <size>0xa</size>
         <input_file_ref idref="fl-26"/>
      </object_component>
      <object_component id="oc-94">
         <name>.cinit</name>
         <load_address>0x33b82b</load_address>
         <run_address>0xb82b</run_address>
         <size>0x8</size>
         <input_file_ref idref="fl-c"/>
      </object_component>
      <object_component id="oc-12e">
         <name>.cinit</name>
         <load_address>0x33b833</load_address>
         <run_address>0xb833</run_address>
         <size>0x4</size>
         <input_file_ref idref="fl-25"/>
      </object_component>
      <object_component id="oc-b9">
         <name>.econst</name>
         <load_address>0x33b83a</load_address>
         <run_address>0xb83a</run_address>
         <size>0x100</size>
         <input_file_ref idref="fl-13"/>
      </object_component>
      <object_component id="oc-16e">
         <name>.econst:_a$1</name>
         <load_address>0x33b93a</load_address>
         <run_address>0xb93a</run_address>
         <size>0x8</size>
         <input_file_ref idref="fl-23"/>
      </object_component>
      <object_component id="oc-16d">
         <name>.econst:_a$1</name>
         <load_address>0x33b942</load_address>
         <run_address>0xb942</run_address>
         <size>0x8</size>
         <input_file_ref idref="fl-22"/>
      </object_component>
      <object_component id="oc-16b">
         <name>.econst:.string:_$P$T0$1</name>
         <load_address>0x33b94a</load_address>
         <run_address>0xb94a</run_address>
         <size>0x5</size>
         <input_file_ref idref="fl-3"/>
      </object_component>
      <object_component id="oc-16c">
         <name>.econst:_c$1</name>
         <load_address>0x33b950</load_address>
         <run_address>0xb950</run_address>
         <size>0x4</size>
         <input_file_ref idref="fl-21"/>
      </object_component>
      <object_component id="oc-66">
         <name>.text</name>
         <load_address>0x338000</load_address>
         <run_address>0x8000</run_address>
         <size>0xa4e</size>
         <input_file_ref idref="fl-6"/>
      </object_component>
      <object_component id="oc-8b">
         <name>.text</name>
         <load_address>0x338a4e</load_address>
         <run_address>0x8a4e</run_address>
         <size>0x975</size>
         <input_file_ref idref="fl-b"/>
      </object_component>
      <object_component id="oc-83">
         <name>.text</name>
         <load_address>0x3393c3</load_address>
         <run_address>0x93c3</run_address>
         <size>0x32d</size>
         <input_file_ref idref="fl-a"/>
      </object_component>
      <object_component id="oc-105">
         <name>.text:retain</name>
         <load_address>0x3396f0</load_address>
         <run_address>0x96f0</run_address>
         <size>0x323</size>
         <input_file_ref idref="fl-19"/>
      </object_component>
      <object_component id="oc-7c">
         <name>.text</name>
         <load_address>0x339a13</load_address>
         <run_address>0x9a13</run_address>
         <size>0x2a8</size>
         <input_file_ref idref="fl-9"/>
      </object_component>
      <object_component id="oc-75">
         <name>.text</name>
         <load_address>0x339cbb</load_address>
         <run_address>0x9cbb</run_address>
         <size>0x26a</size>
         <input_file_ref idref="fl-8"/>
      </object_component>
      <object_component id="oc-99">
         <name>.text</name>
         <load_address>0x339f25</load_address>
         <run_address>0x9f25</run_address>
         <size>0x20b</size>
         <input_file_ref idref="fl-d"/>
      </object_component>
      <object_component id="oc-61">
         <name>.text</name>
         <load_address>0x33a130</load_address>
         <run_address>0xa130</run_address>
         <size>0x1f6</size>
         <input_file_ref idref="fl-5"/>
      </object_component>
      <object_component id="oc-53">
         <name>.text</name>
         <load_address>0x33a326</load_address>
         <run_address>0xa326</run_address>
         <size>0x1cd</size>
         <input_file_ref idref="fl-3"/>
      </object_component>
      <object_component id="oc-5a">
         <name>.text</name>
         <load_address>0x33a4f3</load_address>
         <run_address>0xa4f3</run_address>
         <size>0x173</size>
         <input_file_ref idref="fl-4"/>
      </object_component>
      <object_component id="oc-92">
         <name>.text</name>
         <load_address>0x33a666</load_address>
         <run_address>0xa666</run_address>
         <size>0x16f</size>
         <input_file_ref idref="fl-c"/>
      </object_component>
      <object_component id="oc-87">
         <name>.text:retain</name>
         <load_address>0x33a7d5</load_address>
         <run_address>0xa7d5</run_address>
         <size>0x152</size>
         <input_file_ref idref="fl-a"/>
      </object_component>
      <object_component id="oc-a8">
         <name>.text</name>
         <load_address>0x33a927</load_address>
         <run_address>0xa927</run_address>
         <size>0x10e</size>
         <input_file_ref idref="fl-10"/>
      </object_component>
      <object_component id="oc-a3">
         <name>.text</name>
         <load_address>0x33aa35</load_address>
         <run_address>0xaa35</run_address>
         <size>0xf6</size>
         <input_file_ref idref="fl-f"/>
      </object_component>
      <object_component id="oc-6d">
         <name>.text</name>
         <load_address>0x33ab2b</load_address>
         <run_address>0xab2b</run_address>
         <size>0xf0</size>
         <input_file_ref idref="fl-7"/>
      </object_component>
      <object_component id="oc-4e">
         <name>.text</name>
         <load_address>0x33ac1b</load_address>
         <run_address>0xac1b</run_address>
         <size>0xd7</size>
         <input_file_ref idref="fl-2"/>
      </object_component>
      <object_component id="oc-71">
         <name>.text:retain</name>
         <load_address>0x33acf2</load_address>
         <run_address>0xacf2</run_address>
         <size>0xcb</size>
         <input_file_ref idref="fl-7"/>
      </object_component>
      <object_component id="oc-11e">
         <name>.text</name>
         <load_address>0x33adbd</load_address>
         <run_address>0xadbd</run_address>
         <size>0xc4</size>
         <input_file_ref idref="fl-22"/>
      </object_component>
      <object_component id="oc-fa">
         <name>.text</name>
         <load_address>0x33ae81</load_address>
         <run_address>0xae81</run_address>
         <size>0xa1</size>
         <input_file_ref idref="fl-17"/>
      </object_component>
      <object_component id="oc-13d">
         <name>.text</name>
         <load_address>0x33af22</load_address>
         <run_address>0xaf22</run_address>
         <size>0x88</size>
         <input_file_ref idref="fl-28"/>
      </object_component>
      <object_component id="oc-109">
         <name>.text</name>
         <load_address>0x33afaa</load_address>
         <run_address>0xafaa</run_address>
         <size>0x7c</size>
         <input_file_ref idref="fl-1a"/>
      </object_component>
      <object_component id="oc-119">
         <name>.text</name>
         <load_address>0x33b026</load_address>
         <run_address>0xb026</run_address>
         <size>0x77</size>
         <input_file_ref idref="fl-21"/>
      </object_component>
      <object_component id="oc-123">
         <name>.text</name>
         <load_address>0x33b09d</load_address>
         <run_address>0xb09d</run_address>
         <size>0x6f</size>
         <input_file_ref idref="fl-23"/>
      </object_component>
      <object_component id="oc-ff">
         <name>.text</name>
         <load_address>0x33b10c</load_address>
         <run_address>0xb10c</run_address>
         <size>0x62</size>
         <input_file_ref idref="fl-18"/>
      </object_component>
      <object_component id="oc-4d">
         <name>.text</name>
         <load_address>0x33b16e</load_address>
         <run_address>0xb16e</run_address>
         <size>0x46</size>
         <input_file_ref idref="fl-24"/>
      </object_component>
      <object_component id="oc-b2">
         <name>.text</name>
         <load_address>0x33b1b4</load_address>
         <run_address>0xb1b4</run_address>
         <size>0x43</size>
         <input_file_ref idref="fl-12"/>
      </object_component>
      <object_component id="oc-ad">
         <name>.text</name>
         <load_address>0x33b1f7</load_address>
         <run_address>0xb1f7</run_address>
         <size>0x2c</size>
         <input_file_ref idref="fl-11"/>
      </object_component>
      <object_component id="oc-149">
         <name>.text</name>
         <load_address>0x33b223</load_address>
         <run_address>0xb223</run_address>
         <size>0x2a</size>
         <input_file_ref idref="fl-2b"/>
      </object_component>
      <object_component id="oc-bd">
         <name>.text</name>
         <load_address>0x33b24d</load_address>
         <run_address>0xb24d</run_address>
         <size>0x28</size>
         <input_file_ref idref="fl-14"/>
      </object_component>
      <object_component id="oc-c2">
         <name>.text</name>
         <load_address>0x33b275</load_address>
         <run_address>0xb275</run_address>
         <size>0x26</size>
         <input_file_ref idref="fl-15"/>
      </object_component>
      <object_component id="oc-141">
         <name>.text</name>
         <load_address>0x33b29b</load_address>
         <run_address>0xb29b</run_address>
         <size>0x26</size>
         <input_file_ref idref="fl-29"/>
      </object_component>
      <object_component id="oc-161">
         <name>.text</name>
         <load_address>0x33b2c2</load_address>
         <run_address>0xb2c2</run_address>
         <size>0x23</size>
         <input_file_ref idref="fl-30"/>
      </object_component>
      <object_component id="oc-145">
         <name>.text</name>
         <load_address>0x33b2e5</load_address>
         <run_address>0xb2e5</run_address>
         <size>0x22</size>
         <input_file_ref idref="fl-2a"/>
      </object_component>
      <object_component id="oc-15c">
         <name>.text</name>
         <load_address>0x33b307</load_address>
         <run_address>0xb307</run_address>
         <size>0x21</size>
         <input_file_ref idref="fl-2f"/>
      </object_component>
      <object_component id="oc-b7">
         <name>.text</name>
         <load_address>0x33b328</load_address>
         <run_address>0xb328</run_address>
         <size>0x20</size>
         <input_file_ref idref="fl-13"/>
      </object_component>
      <object_component id="oc-151">
         <name>.text</name>
         <load_address>0x33b348</load_address>
         <run_address>0xb348</run_address>
         <size>0x20</size>
         <input_file_ref idref="fl-2d"/>
      </object_component>
      <object_component id="oc-166">
         <name>.text</name>
         <load_address>0x33b368</load_address>
         <run_address>0xb368</run_address>
         <size>0x19</size>
         <input_file_ref idref="fl-31"/>
      </object_component>
      <object_component id="oc-131">
         <name>.text</name>
         <load_address>0x33b381</load_address>
         <run_address>0xb381</run_address>
         <size>0x19</size>
         <input_file_ref idref="fl-26"/>
      </object_component>
      <object_component id="oc-138">
         <name>.text</name>
         <load_address>0x33b39a</load_address>
         <run_address>0xb39a</run_address>
         <size>0x16</size>
         <input_file_ref idref="fl-27"/>
      </object_component>
      <object_component id="oc-14d">
         <name>.text</name>
         <load_address>0x33b3b0</load_address>
         <run_address>0xb3b0</run_address>
         <size>0x14</size>
         <input_file_ref idref="fl-2c"/>
      </object_component>
      <object_component id="oc-155">
         <name>.text</name>
         <load_address>0x33b3c4</load_address>
         <run_address>0xb3c4</run_address>
         <size>0x9</size>
         <input_file_ref idref="fl-2e"/>
      </object_component>
      <object_component id="oc-9f">
         <name>.text</name>
         <load_address>0x33b3cd</load_address>
         <run_address>0xb3cd</run_address>
         <size>0x4</size>
         <input_file_ref idref="fl-e"/>
      </object_component>
      <object_component id="oc-4f">
         <name>.debug_info</name>
         <load_address>0x0</load_address>
         <run_address>0x0</run_address>
         <size>0x2491</size>
         <input_file_ref idref="fl-2"/>
      </object_component>
      <object_component id="oc-54">
         <name>.debug_info</name>
         <load_address>0x2491</load_address>
         <run_address>0x2491</run_address>
         <size>0x3545</size>
         <input_file_ref idref="fl-3"/>
      </object_component>
      <object_component id="oc-5b">
         <name>.debug_info</name>
         <load_address>0x59d6</load_address>
         <run_address>0x59d6</run_address>
         <size>0x144e</size>
         <input_file_ref idref="fl-4"/>
      </object_component>
      <object_component id="oc-62">
         <name>.debug_info</name>
         <load_address>0x6e24</load_address>
         <run_address>0x6e24</run_address>
         <size>0x90b</size>
         <input_file_ref idref="fl-5"/>
      </object_component>
      <object_component id="oc-67">
         <name>.debug_info</name>
         <load_address>0x772f</load_address>
         <run_address>0x772f</run_address>
         <size>0x1ddd</size>
         <input_file_ref idref="fl-6"/>
      </object_component>
      <object_component id="oc-6e">
         <name>.debug_info</name>
         <load_address>0x950c</load_address>
         <run_address>0x950c</run_address>
         <size>0x172d</size>
         <input_file_ref idref="fl-7"/>
      </object_component>
      <object_component id="oc-76">
         <name>.debug_info</name>
         <load_address>0xac39</load_address>
         <run_address>0xac39</run_address>
         <size>0xf1c</size>
         <input_file_ref idref="fl-8"/>
      </object_component>
      <object_component id="oc-7d">
         <name>.debug_info</name>
         <load_address>0xbb55</load_address>
         <run_address>0xbb55</run_address>
         <size>0x14fa</size>
         <input_file_ref idref="fl-9"/>
      </object_component>
      <object_component id="oc-84">
         <name>.debug_info</name>
         <load_address>0xd04f</load_address>
         <run_address>0xd04f</run_address>
         <size>0x534c</size>
         <input_file_ref idref="fl-a"/>
      </object_component>
      <object_component id="oc-8c">
         <name>.debug_info</name>
         <load_address>0x1239b</load_address>
         <run_address>0x1239b</run_address>
         <size>0x12b6</size>
         <input_file_ref idref="fl-b"/>
      </object_component>
      <object_component id="oc-93">
         <name>.debug_info</name>
         <load_address>0x13651</load_address>
         <run_address>0x13651</run_address>
         <size>0x2d5b</size>
         <input_file_ref idref="fl-c"/>
      </object_component>
      <object_component id="oc-9a">
         <name>.debug_info</name>
         <load_address>0x163ac</load_address>
         <run_address>0x163ac</run_address>
         <size>0x87a</size>
         <input_file_ref idref="fl-d"/>
      </object_component>
      <object_component id="oc-a0">
         <name>.debug_info</name>
         <load_address>0x16c26</load_address>
         <run_address>0x16c26</run_address>
         <size>0xd3</size>
         <input_file_ref idref="fl-e"/>
      </object_component>
      <object_component id="oc-a4">
         <name>.debug_info</name>
         <load_address>0x16cf9</load_address>
         <run_address>0x16cf9</run_address>
         <size>0x21bc</size>
         <input_file_ref idref="fl-f"/>
      </object_component>
      <object_component id="oc-a9">
         <name>.debug_info</name>
         <load_address>0x18eb5</load_address>
         <run_address>0x18eb5</run_address>
         <size>0x1eef</size>
         <input_file_ref idref="fl-10"/>
      </object_component>
      <object_component id="oc-ae">
         <name>.debug_info</name>
         <load_address>0x1ada4</load_address>
         <run_address>0x1ada4</run_address>
         <size>0x1c45</size>
         <input_file_ref idref="fl-11"/>
      </object_component>
      <object_component id="oc-b3">
         <name>.debug_info</name>
         <load_address>0x1c9e9</load_address>
         <run_address>0x1c9e9</run_address>
         <size>0x1cff</size>
         <input_file_ref idref="fl-12"/>
      </object_component>
      <object_component id="oc-b8">
         <name>.debug_info</name>
         <load_address>0x1e6e8</load_address>
         <run_address>0x1e6e8</run_address>
         <size>0x227f</size>
         <input_file_ref idref="fl-13"/>
      </object_component>
      <object_component id="oc-be">
         <name>.debug_info</name>
         <load_address>0x20967</load_address>
         <run_address>0x20967</run_address>
         <size>0xb15</size>
         <input_file_ref idref="fl-14"/>
      </object_component>
      <object_component id="oc-c3">
         <name>.debug_info</name>
         <load_address>0x2147c</load_address>
         <run_address>0x2147c</run_address>
         <size>0x2481</size>
         <input_file_ref idref="fl-15"/>
      </object_component>
      <object_component id="oc-c7">
         <name>.debug_info</name>
         <load_address>0x238fd</load_address>
         <run_address>0x238fd</run_address>
         <size>0x12d7d</size>
         <input_file_ref idref="fl-16"/>
      </object_component>
      <object_component id="oc-fb">
         <name>.debug_info</name>
         <load_address>0x3667a</load_address>
         <run_address>0x3667a</run_address>
         <size>0x1f65</size>
         <input_file_ref idref="fl-17"/>
      </object_component>
      <object_component id="oc-100">
         <name>.debug_info</name>
         <load_address>0x385df</load_address>
         <run_address>0x385df</run_address>
         <size>0x1ea1</size>
         <input_file_ref idref="fl-18"/>
      </object_component>
      <object_component id="oc-104">
         <name>.debug_info</name>
         <load_address>0x3a480</load_address>
         <run_address>0x3a480</run_address>
         <size>0x22d4</size>
         <input_file_ref idref="fl-19"/>
      </object_component>
      <object_component id="oc-10a">
         <name>.debug_info</name>
         <load_address>0x3c754</load_address>
         <run_address>0x3c754</run_address>
         <size>0x961</size>
         <input_file_ref idref="fl-1a"/>
      </object_component>
      <object_component id="oc-112">
         <name>.debug_info</name>
         <load_address>0x3d0b5</load_address>
         <run_address>0x3d0b5</run_address>
         <size>0x196</size>
         <input_file_ref idref="fl-1b"/>
      </object_component>
      <object_component id="oc-116">
         <name>.debug_info</name>
         <load_address>0x3d24b</load_address>
         <run_address>0x3d24b</run_address>
         <size>0xd3</size>
         <input_file_ref idref="fl-1c"/>
      </object_component>
      <object_component id="oc-11a">
         <name>.debug_info</name>
         <load_address>0x3d31e</load_address>
         <run_address>0x3d31e</run_address>
         <size>0x45f</size>
         <input_file_ref idref="fl-21"/>
      </object_component>
      <object_component id="oc-11f">
         <name>.debug_info</name>
         <load_address>0x3d77d</load_address>
         <run_address>0x3d77d</run_address>
         <size>0x4f5</size>
         <input_file_ref idref="fl-22"/>
      </object_component>
      <object_component id="oc-124">
         <name>.debug_info</name>
         <load_address>0x3dc72</load_address>
         <run_address>0x3dc72</run_address>
         <size>0x44d</size>
         <input_file_ref idref="fl-23"/>
      </object_component>
      <object_component id="oc-12a">
         <name>.debug_info</name>
         <load_address>0x3e0bf</load_address>
         <run_address>0x3e0bf</run_address>
         <size>0xde</size>
         <input_file_ref idref="fl-24"/>
      </object_component>
      <object_component id="oc-12d">
         <name>.debug_info</name>
         <load_address>0x3e19d</load_address>
         <run_address>0x3e19d</run_address>
         <size>0x355</size>
         <input_file_ref idref="fl-25"/>
      </object_component>
      <object_component id="oc-132">
         <name>.debug_info</name>
         <load_address>0x3e4f2</load_address>
         <run_address>0x3e4f2</run_address>
         <size>0x488</size>
         <input_file_ref idref="fl-26"/>
      </object_component>
      <object_component id="oc-139">
         <name>.debug_info</name>
         <load_address>0x3e97a</load_address>
         <run_address>0x3e97a</run_address>
         <size>0x3d2</size>
         <input_file_ref idref="fl-27"/>
      </object_component>
      <object_component id="oc-13e">
         <name>.debug_info</name>
         <load_address>0x3ed4c</load_address>
         <run_address>0x3ed4c</run_address>
         <size>0xc0</size>
         <input_file_ref idref="fl-28"/>
      </object_component>
      <object_component id="oc-142">
         <name>.debug_info</name>
         <load_address>0x3ee0c</load_address>
         <run_address>0x3ee0c</run_address>
         <size>0xd2</size>
         <input_file_ref idref="fl-29"/>
      </object_component>
      <object_component id="oc-146">
         <name>.debug_info</name>
         <load_address>0x3eede</load_address>
         <run_address>0x3eede</run_address>
         <size>0xeb</size>
         <input_file_ref idref="fl-2a"/>
      </object_component>
      <object_component id="oc-14a">
         <name>.debug_info</name>
         <load_address>0x3efc9</load_address>
         <run_address>0x3efc9</run_address>
         <size>0x14b</size>
         <input_file_ref idref="fl-2b"/>
      </object_component>
      <object_component id="oc-14e">
         <name>.debug_info</name>
         <load_address>0x3f114</load_address>
         <run_address>0x3f114</run_address>
         <size>0xc0</size>
         <input_file_ref idref="fl-2c"/>
      </object_component>
      <object_component id="oc-152">
         <name>.debug_info</name>
         <load_address>0x3f1d4</load_address>
         <run_address>0x3f1d4</run_address>
         <size>0xc6</size>
         <input_file_ref idref="fl-2d"/>
      </object_component>
      <object_component id="oc-156">
         <name>.debug_info</name>
         <load_address>0x3f29a</load_address>
         <run_address>0x3f29a</run_address>
         <size>0x4ae</size>
         <input_file_ref idref="fl-2e"/>
      </object_component>
      <object_component id="oc-15d">
         <name>.debug_info</name>
         <load_address>0x3f748</load_address>
         <run_address>0x3f748</run_address>
         <size>0x455</size>
         <input_file_ref idref="fl-2f"/>
      </object_component>
      <object_component id="oc-162">
         <name>.debug_info</name>
         <load_address>0x3fb9d</load_address>
         <run_address>0x3fb9d</run_address>
         <size>0x3e0</size>
         <input_file_ref idref="fl-30"/>
      </object_component>
      <object_component id="oc-167">
         <name>.debug_info</name>
         <load_address>0x3ff7d</load_address>
         <run_address>0x3ff7d</run_address>
         <size>0x46f</size>
         <input_file_ref idref="fl-31"/>
      </object_component>
      <object_component id="oc-1c4">
         <name>.debug_info</name>
         <load_address>0x403ec</load_address>
         <run_address>0x403ec</run_address>
         <size>0x6f</size>
      </object_component>
      <object_component id="oc-50">
         <name>.debug_frame</name>
         <load_address>0x0</load_address>
         <run_address>0x0</run_address>
         <size>0x14e</size>
         <input_file_ref idref="fl-2"/>
      </object_component>
      <object_component id="oc-57">
         <name>.debug_frame</name>
         <load_address>0x14e</load_address>
         <run_address>0x14e</run_address>
         <size>0x298</size>
         <input_file_ref idref="fl-3"/>
      </object_component>
      <object_component id="oc-5e">
         <name>.debug_frame</name>
         <load_address>0x3e6</load_address>
         <run_address>0x3e6</run_address>
         <size>0x181</size>
         <input_file_ref idref="fl-4"/>
      </object_component>
      <object_component id="oc-63">
         <name>.debug_frame</name>
         <load_address>0x567</load_address>
         <run_address>0x567</run_address>
         <size>0x1bd</size>
         <input_file_ref idref="fl-5"/>
      </object_component>
      <object_component id="oc-6a">
         <name>.debug_frame</name>
         <load_address>0x724</load_address>
         <run_address>0x724</run_address>
         <size>0x1ad</size>
         <input_file_ref idref="fl-6"/>
      </object_component>
      <object_component id="oc-72">
         <name>.debug_frame</name>
         <load_address>0x8d1</load_address>
         <run_address>0x8d1</run_address>
         <size>0x261</size>
         <input_file_ref idref="fl-7"/>
      </object_component>
      <object_component id="oc-79">
         <name>.debug_frame</name>
         <load_address>0xb32</load_address>
         <run_address>0xb32</run_address>
         <size>0x180</size>
         <input_file_ref idref="fl-8"/>
      </object_component>
      <object_component id="oc-80">
         <name>.debug_frame</name>
         <load_address>0xcb2</load_address>
         <run_address>0xcb2</run_address>
         <size>0x25b</size>
         <input_file_ref idref="fl-9"/>
      </object_component>
      <object_component id="oc-88">
         <name>.debug_frame</name>
         <load_address>0xf0d</load_address>
         <run_address>0xf0d</run_address>
         <size>0x213</size>
         <input_file_ref idref="fl-a"/>
      </object_component>
      <object_component id="oc-8f">
         <name>.debug_frame</name>
         <load_address>0x1120</load_address>
         <run_address>0x1120</run_address>
         <size>0x172</size>
         <input_file_ref idref="fl-b"/>
      </object_component>
      <object_component id="oc-96">
         <name>.debug_frame</name>
         <load_address>0x1292</load_address>
         <run_address>0x1292</run_address>
         <size>0x287</size>
         <input_file_ref idref="fl-c"/>
      </object_component>
      <object_component id="oc-9c">
         <name>.debug_frame</name>
         <load_address>0x1519</load_address>
         <run_address>0x1519</run_address>
         <size>0xe0</size>
         <input_file_ref idref="fl-d"/>
      </object_component>
      <object_component id="oc-a5">
         <name>.debug_frame</name>
         <load_address>0x15f9</load_address>
         <run_address>0x15f9</run_address>
         <size>0xd6</size>
         <input_file_ref idref="fl-f"/>
      </object_component>
      <object_component id="oc-aa">
         <name>.debug_frame</name>
         <load_address>0x16cf</load_address>
         <run_address>0x16cf</run_address>
         <size>0x144</size>
         <input_file_ref idref="fl-10"/>
      </object_component>
      <object_component id="oc-af">
         <name>.debug_frame</name>
         <load_address>0x1813</load_address>
         <run_address>0x1813</run_address>
         <size>0xd6</size>
         <input_file_ref idref="fl-11"/>
      </object_component>
      <object_component id="oc-b4">
         <name>.debug_frame</name>
         <load_address>0x18e9</load_address>
         <run_address>0x18e9</run_address>
         <size>0x106</size>
         <input_file_ref idref="fl-12"/>
      </object_component>
      <object_component id="oc-ba">
         <name>.debug_frame</name>
         <load_address>0x19ef</load_address>
         <run_address>0x19ef</run_address>
         <size>0xac</size>
         <input_file_ref idref="fl-13"/>
      </object_component>
      <object_component id="oc-bf">
         <name>.debug_frame</name>
         <load_address>0x1a9b</load_address>
         <run_address>0x1a9b</run_address>
         <size>0xbe</size>
         <input_file_ref idref="fl-14"/>
      </object_component>
      <object_component id="oc-c4">
         <name>.debug_frame</name>
         <load_address>0x1b59</load_address>
         <run_address>0x1b59</run_address>
         <size>0xbe</size>
         <input_file_ref idref="fl-15"/>
      </object_component>
      <object_component id="oc-fc">
         <name>.debug_frame</name>
         <load_address>0x1c17</load_address>
         <run_address>0x1c17</run_address>
         <size>0x17e</size>
         <input_file_ref idref="fl-17"/>
      </object_component>
      <object_component id="oc-101">
         <name>.debug_frame</name>
         <load_address>0x1d95</load_address>
         <run_address>0x1d95</run_address>
         <size>0x14e</size>
         <input_file_ref idref="fl-18"/>
      </object_component>
      <object_component id="oc-106">
         <name>.debug_frame</name>
         <load_address>0x1ee3</load_address>
         <run_address>0x1ee3</run_address>
         <size>0xd1a</size>
         <input_file_ref idref="fl-19"/>
      </object_component>
      <object_component id="oc-10c">
         <name>.debug_frame</name>
         <load_address>0x2bfd</load_address>
         <run_address>0x2bfd</run_address>
         <size>0xc5</size>
         <input_file_ref idref="fl-1a"/>
      </object_component>
      <object_component id="oc-11b">
         <name>.debug_frame</name>
         <load_address>0x2cc2</load_address>
         <run_address>0x2cc2</run_address>
         <size>0xac</size>
         <input_file_ref idref="fl-21"/>
      </object_component>
      <object_component id="oc-120">
         <name>.debug_frame</name>
         <load_address>0x2d6e</load_address>
         <run_address>0x2d6e</run_address>
         <size>0xc8</size>
         <input_file_ref idref="fl-22"/>
      </object_component>
      <object_component id="oc-125">
         <name>.debug_frame</name>
         <load_address>0x2e36</load_address>
         <run_address>0x2e36</run_address>
         <size>0xc8</size>
         <input_file_ref idref="fl-23"/>
      </object_component>
      <object_component id="oc-135">
         <name>.debug_frame</name>
         <load_address>0x2efe</load_address>
         <run_address>0x2efe</run_address>
         <size>0xc7</size>
         <input_file_ref idref="fl-26"/>
      </object_component>
      <object_component id="oc-13a">
         <name>.debug_frame</name>
         <load_address>0x2fc5</load_address>
         <run_address>0x2fc5</run_address>
         <size>0xac</size>
         <input_file_ref idref="fl-27"/>
      </object_component>
      <object_component id="oc-159">
         <name>.debug_frame</name>
         <load_address>0x3071</load_address>
         <run_address>0x3071</run_address>
         <size>0xd6</size>
         <input_file_ref idref="fl-2e"/>
      </object_component>
      <object_component id="oc-15e">
         <name>.debug_frame</name>
         <load_address>0x3147</load_address>
         <run_address>0x3147</run_address>
         <size>0xa6</size>
         <input_file_ref idref="fl-2f"/>
      </object_component>
      <object_component id="oc-163">
         <name>.debug_frame</name>
         <load_address>0x31ed</load_address>
         <run_address>0x31ed</run_address>
         <size>0xac</size>
         <input_file_ref idref="fl-30"/>
      </object_component>
      <object_component id="oc-168">
         <name>.debug_frame</name>
         <load_address>0x3299</load_address>
         <run_address>0x3299</run_address>
         <size>0xa6</size>
         <input_file_ref idref="fl-31"/>
      </object_component>
      <object_component id="oc-51">
         <name>.debug_line</name>
         <load_address>0x0</load_address>
         <run_address>0x0</run_address>
         <size>0x104</size>
         <input_file_ref idref="fl-2"/>
      </object_component>
      <object_component id="oc-58">
         <name>.debug_line</name>
         <load_address>0x104</load_address>
         <run_address>0x104</run_address>
         <size>0x330</size>
         <input_file_ref idref="fl-3"/>
      </object_component>
      <object_component id="oc-5f">
         <name>.debug_line</name>
         <load_address>0x434</load_address>
         <run_address>0x434</run_address>
         <size>0x1e5</size>
         <input_file_ref idref="fl-4"/>
      </object_component>
      <object_component id="oc-64">
         <name>.debug_line</name>
         <load_address>0x619</load_address>
         <run_address>0x619</run_address>
         <size>0x193</size>
         <input_file_ref idref="fl-5"/>
      </object_component>
      <object_component id="oc-6b">
         <name>.debug_line</name>
         <load_address>0x7ac</load_address>
         <run_address>0x7ac</run_address>
         <size>0x3e7</size>
         <input_file_ref idref="fl-6"/>
      </object_component>
      <object_component id="oc-73">
         <name>.debug_line</name>
         <load_address>0xb93</load_address>
         <run_address>0xb93</run_address>
         <size>0x1ec</size>
         <input_file_ref idref="fl-7"/>
      </object_component>
      <object_component id="oc-7a">
         <name>.debug_line</name>
         <load_address>0xd7f</load_address>
         <run_address>0xd7f</run_address>
         <size>0x1d4</size>
         <input_file_ref idref="fl-8"/>
      </object_component>
      <object_component id="oc-81">
         <name>.debug_line</name>
         <load_address>0xf53</load_address>
         <run_address>0xf53</run_address>
         <size>0x256</size>
         <input_file_ref idref="fl-9"/>
      </object_component>
      <object_component id="oc-89">
         <name>.debug_line</name>
         <load_address>0x11a9</load_address>
         <run_address>0x11a9</run_address>
         <size>0x304</size>
         <input_file_ref idref="fl-a"/>
      </object_component>
      <object_component id="oc-90">
         <name>.debug_line</name>
         <load_address>0x14ad</load_address>
         <run_address>0x14ad</run_address>
         <size>0x22d</size>
         <input_file_ref idref="fl-b"/>
      </object_component>
      <object_component id="oc-97">
         <name>.debug_line</name>
         <load_address>0x16da</load_address>
         <run_address>0x16da</run_address>
         <size>0x2cb</size>
         <input_file_ref idref="fl-c"/>
      </object_component>
      <object_component id="oc-9d">
         <name>.debug_line</name>
         <load_address>0x19a5</load_address>
         <run_address>0x19a5</run_address>
         <size>0xe1</size>
         <input_file_ref idref="fl-d"/>
      </object_component>
      <object_component id="oc-a1">
         <name>.debug_line</name>
         <load_address>0x1a86</load_address>
         <run_address>0x1a86</run_address>
         <size>0x49</size>
         <input_file_ref idref="fl-e"/>
      </object_component>
      <object_component id="oc-a6">
         <name>.debug_line</name>
         <load_address>0x1acf</load_address>
         <run_address>0x1acf</run_address>
         <size>0xf6</size>
         <input_file_ref idref="fl-f"/>
      </object_component>
      <object_component id="oc-ab">
         <name>.debug_line</name>
         <load_address>0x1bc5</load_address>
         <run_address>0x1bc5</run_address>
         <size>0x166</size>
         <input_file_ref idref="fl-10"/>
      </object_component>
      <object_component id="oc-b0">
         <name>.debug_line</name>
         <load_address>0x1d2b</load_address>
         <run_address>0x1d2b</run_address>
         <size>0x83</size>
         <input_file_ref idref="fl-11"/>
      </object_component>
      <object_component id="oc-b5">
         <name>.debug_line</name>
         <load_address>0x1dae</load_address>
         <run_address>0x1dae</run_address>
         <size>0xc8</size>
         <input_file_ref idref="fl-12"/>
      </object_component>
      <object_component id="oc-bb">
         <name>.debug_line</name>
         <load_address>0x1e76</load_address>
         <run_address>0x1e76</run_address>
         <size>0x69</size>
         <input_file_ref idref="fl-13"/>
      </object_component>
      <object_component id="oc-c0">
         <name>.debug_line</name>
         <load_address>0x1edf</load_address>
         <run_address>0x1edf</run_address>
         <size>0x87</size>
         <input_file_ref idref="fl-14"/>
      </object_component>
      <object_component id="oc-c5">
         <name>.debug_line</name>
         <load_address>0x1f66</load_address>
         <run_address>0x1f66</run_address>
         <size>0x76</size>
         <input_file_ref idref="fl-15"/>
      </object_component>
      <object_component id="oc-fd">
         <name>.debug_line</name>
         <load_address>0x1fdc</load_address>
         <run_address>0x1fdc</run_address>
         <size>0x15a</size>
         <input_file_ref idref="fl-17"/>
      </object_component>
      <object_component id="oc-102">
         <name>.debug_line</name>
         <load_address>0x2136</load_address>
         <run_address>0x2136</run_address>
         <size>0x124</size>
         <input_file_ref idref="fl-18"/>
      </object_component>
      <object_component id="oc-107">
         <name>.debug_line</name>
         <load_address>0x225a</load_address>
         <run_address>0x225a</run_address>
         <size>0x763</size>
         <input_file_ref idref="fl-19"/>
      </object_component>
      <object_component id="oc-10d">
         <name>.debug_line</name>
         <load_address>0x29bd</load_address>
         <run_address>0x29bd</run_address>
         <size>0x89</size>
         <input_file_ref idref="fl-1a"/>
      </object_component>
      <object_component id="oc-113">
         <name>.debug_line</name>
         <load_address>0x2a46</load_address>
         <run_address>0x2a46</run_address>
         <size>0x94</size>
         <input_file_ref idref="fl-1b"/>
      </object_component>
      <object_component id="oc-117">
         <name>.debug_line</name>
         <load_address>0x2ada</load_address>
         <run_address>0x2ada</run_address>
         <size>0x4a</size>
         <input_file_ref idref="fl-1c"/>
      </object_component>
      <object_component id="oc-11c">
         <name>.debug_line</name>
         <load_address>0x2b24</load_address>
         <run_address>0x2b24</run_address>
         <size>0x70</size>
         <input_file_ref idref="fl-21"/>
      </object_component>
      <object_component id="oc-121">
         <name>.debug_line</name>
         <load_address>0x2b94</load_address>
         <run_address>0x2b94</run_address>
         <size>0xa5</size>
         <input_file_ref idref="fl-22"/>
      </object_component>
      <object_component id="oc-126">
         <name>.debug_line</name>
         <load_address>0x2c39</load_address>
         <run_address>0x2c39</run_address>
         <size>0x61</size>
         <input_file_ref idref="fl-23"/>
      </object_component>
      <object_component id="oc-12b">
         <name>.debug_line</name>
         <load_address>0x2c9a</load_address>
         <run_address>0x2c9a</run_address>
         <size>0x71</size>
         <input_file_ref idref="fl-24"/>
      </object_component>
      <object_component id="oc-136">
         <name>.debug_line</name>
         <load_address>0x2d0b</load_address>
         <run_address>0x2d0b</run_address>
         <size>0x62</size>
         <input_file_ref idref="fl-26"/>
      </object_component>
      <object_component id="oc-13b">
         <name>.debug_line</name>
         <load_address>0x2d6d</load_address>
         <run_address>0x2d6d</run_address>
         <size>0x44</size>
         <input_file_ref idref="fl-27"/>
      </object_component>
      <object_component id="oc-13f">
         <name>.debug_line</name>
         <load_address>0x2db1</load_address>
         <run_address>0x2db1</run_address>
         <size>0xaa</size>
         <input_file_ref idref="fl-28"/>
      </object_component>
      <object_component id="oc-143">
         <name>.debug_line</name>
         <load_address>0x2e5b</load_address>
         <run_address>0x2e5b</run_address>
         <size>0x5f</size>
         <input_file_ref idref="fl-29"/>
      </object_component>
      <object_component id="oc-147">
         <name>.debug_line</name>
         <load_address>0x2eba</load_address>
         <run_address>0x2eba</run_address>
         <size>0x66</size>
         <input_file_ref idref="fl-2a"/>
      </object_component>
      <object_component id="oc-14b">
         <name>.debug_line</name>
         <load_address>0x2f20</load_address>
         <run_address>0x2f20</run_address>
         <size>0x8b</size>
         <input_file_ref idref="fl-2b"/>
      </object_component>
      <object_component id="oc-14f">
         <name>.debug_line</name>
         <load_address>0x2fab</load_address>
         <run_address>0x2fab</run_address>
         <size>0x4a</size>
         <input_file_ref idref="fl-2c"/>
      </object_component>
      <object_component id="oc-153">
         <name>.debug_line</name>
         <load_address>0x2ff5</load_address>
         <run_address>0x2ff5</run_address>
         <size>0x53</size>
         <input_file_ref idref="fl-2d"/>
      </object_component>
      <object_component id="oc-15a">
         <name>.debug_line</name>
         <load_address>0x3048</load_address>
         <run_address>0x3048</run_address>
         <size>0x5b</size>
         <input_file_ref idref="fl-2e"/>
      </object_component>
      <object_component id="oc-15f">
         <name>.debug_line</name>
         <load_address>0x30a3</load_address>
         <run_address>0x30a3</run_address>
         <size>0x5c</size>
         <input_file_ref idref="fl-2f"/>
      </object_component>
      <object_component id="oc-164">
         <name>.debug_line</name>
         <load_address>0x30ff</load_address>
         <run_address>0x30ff</run_address>
         <size>0x4f</size>
         <input_file_ref idref="fl-30"/>
      </object_component>
      <object_component id="oc-169">
         <name>.debug_line</name>
         <load_address>0x314e</load_address>
         <run_address>0x314e</run_address>
         <size>0x50</size>
         <input_file_ref idref="fl-31"/>
      </object_component>
      <object_component id="oc-52">
         <name>.debug_abbrev</name>
         <load_address>0x0</load_address>
         <run_address>0x0</run_address>
         <size>0x105</size>
         <input_file_ref idref="fl-2"/>
      </object_component>
      <object_component id="oc-59">
         <name>.debug_abbrev</name>
         <load_address>0x105</load_address>
         <run_address>0x105</run_address>
         <size>0x1bd</size>
         <input_file_ref idref="fl-3"/>
      </object_component>
      <object_component id="oc-60">
         <name>.debug_abbrev</name>
         <load_address>0x2c2</load_address>
         <run_address>0x2c2</run_address>
         <size>0x112</size>
         <input_file_ref idref="fl-4"/>
      </object_component>
      <object_component id="oc-65">
         <name>.debug_abbrev</name>
         <load_address>0x3d4</load_address>
         <run_address>0x3d4</run_address>
         <size>0x96</size>
         <input_file_ref idref="fl-5"/>
      </object_component>
      <object_component id="oc-6c">
         <name>.debug_abbrev</name>
         <load_address>0x46a</load_address>
         <run_address>0x46a</run_address>
         <size>0x142</size>
         <input_file_ref idref="fl-6"/>
      </object_component>
      <object_component id="oc-74">
         <name>.debug_abbrev</name>
         <load_address>0x5ac</load_address>
         <run_address>0x5ac</run_address>
         <size>0x105</size>
         <input_file_ref idref="fl-7"/>
      </object_component>
      <object_component id="oc-7b">
         <name>.debug_abbrev</name>
         <load_address>0x6b1</load_address>
         <run_address>0x6b1</run_address>
         <size>0xed</size>
         <input_file_ref idref="fl-8"/>
      </object_component>
      <object_component id="oc-82">
         <name>.debug_abbrev</name>
         <load_address>0x79e</load_address>
         <run_address>0x79e</run_address>
         <size>0x130</size>
         <input_file_ref idref="fl-9"/>
      </object_component>
      <object_component id="oc-8a">
         <name>.debug_abbrev</name>
         <load_address>0x8ce</load_address>
         <run_address>0x8ce</run_address>
         <size>0x1d5</size>
         <input_file_ref idref="fl-a"/>
      </object_component>
      <object_component id="oc-91">
         <name>.debug_abbrev</name>
         <load_address>0xaa3</load_address>
         <run_address>0xaa3</run_address>
         <size>0x157</size>
         <input_file_ref idref="fl-b"/>
      </object_component>
      <object_component id="oc-98">
         <name>.debug_abbrev</name>
         <load_address>0xbfa</load_address>
         <run_address>0xbfa</run_address>
         <size>0x135</size>
         <input_file_ref idref="fl-c"/>
      </object_component>
      <object_component id="oc-9e">
         <name>.debug_abbrev</name>
         <load_address>0xd2f</load_address>
         <run_address>0xd2f</run_address>
         <size>0xed</size>
         <input_file_ref idref="fl-d"/>
      </object_component>
      <object_component id="oc-a2">
         <name>.debug_abbrev</name>
         <load_address>0xe1c</load_address>
         <run_address>0xe1c</run_address>
         <size>0x2c</size>
         <input_file_ref idref="fl-e"/>
      </object_component>
      <object_component id="oc-a7">
         <name>.debug_abbrev</name>
         <load_address>0xe48</load_address>
         <run_address>0xe48</run_address>
         <size>0xdb</size>
         <input_file_ref idref="fl-f"/>
      </object_component>
      <object_component id="oc-ac">
         <name>.debug_abbrev</name>
         <load_address>0xf23</load_address>
         <run_address>0xf23</run_address>
         <size>0x166</size>
         <input_file_ref idref="fl-10"/>
      </object_component>
      <object_component id="oc-b1">
         <name>.debug_abbrev</name>
         <load_address>0x1089</load_address>
         <run_address>0x1089</run_address>
         <size>0xdb</size>
         <input_file_ref idref="fl-11"/>
      </object_component>
      <object_component id="oc-b6">
         <name>.debug_abbrev</name>
         <load_address>0x1164</load_address>
         <run_address>0x1164</run_address>
         <size>0xdb</size>
         <input_file_ref idref="fl-12"/>
      </object_component>
      <object_component id="oc-bc">
         <name>.debug_abbrev</name>
         <load_address>0x123f</load_address>
         <run_address>0x123f</run_address>
         <size>0x107</size>
         <input_file_ref idref="fl-13"/>
      </object_component>
      <object_component id="oc-c1">
         <name>.debug_abbrev</name>
         <load_address>0x1346</load_address>
         <run_address>0x1346</run_address>
         <size>0xbb</size>
         <input_file_ref idref="fl-14"/>
      </object_component>
      <object_component id="oc-c6">
         <name>.debug_abbrev</name>
         <load_address>0x1401</load_address>
         <run_address>0x1401</run_address>
         <size>0xcd</size>
         <input_file_ref idref="fl-15"/>
      </object_component>
      <object_component id="oc-f9">
         <name>.debug_abbrev</name>
         <load_address>0x14ce</load_address>
         <run_address>0x14ce</run_address>
         <size>0xb3</size>
         <input_file_ref idref="fl-16"/>
      </object_component>
      <object_component id="oc-fe">
         <name>.debug_abbrev</name>
         <load_address>0x1581</load_address>
         <run_address>0x1581</run_address>
         <size>0x100</size>
         <input_file_ref idref="fl-17"/>
      </object_component>
      <object_component id="oc-103">
         <name>.debug_abbrev</name>
         <load_address>0x1681</load_address>
         <run_address>0x1681</run_address>
         <size>0xdb</size>
         <input_file_ref idref="fl-18"/>
      </object_component>
      <object_component id="oc-108">
         <name>.debug_abbrev</name>
         <load_address>0x175c</load_address>
         <run_address>0x175c</run_address>
         <size>0xd5</size>
         <input_file_ref idref="fl-19"/>
      </object_component>
      <object_component id="oc-10e">
         <name>.debug_abbrev</name>
         <load_address>0x1831</load_address>
         <run_address>0x1831</run_address>
         <size>0xf0</size>
         <input_file_ref idref="fl-1a"/>
      </object_component>
      <object_component id="oc-114">
         <name>.debug_abbrev</name>
         <load_address>0x1921</load_address>
         <run_address>0x1921</run_address>
         <size>0x49</size>
         <input_file_ref idref="fl-1b"/>
      </object_component>
      <object_component id="oc-118">
         <name>.debug_abbrev</name>
         <load_address>0x196a</load_address>
         <run_address>0x196a</run_address>
         <size>0x2c</size>
         <input_file_ref idref="fl-1c"/>
      </object_component>
      <object_component id="oc-11d">
         <name>.debug_abbrev</name>
         <load_address>0x1996</load_address>
         <run_address>0x1996</run_address>
         <size>0xd2</size>
         <input_file_ref idref="fl-21"/>
      </object_component>
      <object_component id="oc-122">
         <name>.debug_abbrev</name>
         <load_address>0x1a68</load_address>
         <run_address>0x1a68</run_address>
         <size>0xdb</size>
         <input_file_ref idref="fl-22"/>
      </object_component>
      <object_component id="oc-127">
         <name>.debug_abbrev</name>
         <load_address>0x1b43</load_address>
         <run_address>0x1b43</run_address>
         <size>0xc2</size>
         <input_file_ref idref="fl-23"/>
      </object_component>
      <object_component id="oc-12c">
         <name>.debug_abbrev</name>
         <load_address>0x1c05</load_address>
         <run_address>0x1c05</run_address>
         <size>0x43</size>
         <input_file_ref idref="fl-24"/>
      </object_component>
      <object_component id="oc-130">
         <name>.debug_abbrev</name>
         <load_address>0x1c48</load_address>
         <run_address>0x1c48</run_address>
         <size>0x35</size>
         <input_file_ref idref="fl-25"/>
      </object_component>
      <object_component id="oc-137">
         <name>.debug_abbrev</name>
         <load_address>0x1c7d</load_address>
         <run_address>0x1c7d</run_address>
         <size>0x10c</size>
         <input_file_ref idref="fl-26"/>
      </object_component>
      <object_component id="oc-13c">
         <name>.debug_abbrev</name>
         <load_address>0x1d89</load_address>
[...]
         <name>_InitEPwm</name>
         <value>0xae81</value>
         <object_component_ref idref="oc-fa"/>
      </symbol>
      <symbol id="sm-4e5">
         <name>_InitECap6Gpio</name>
         <value>0xb160</value>
         <object_component_ref idref="oc-ff"/>
      </symbol>
      <symbol id="sm-4e6">
         <name>_InitECap</name>
         <value>0xb10c</value>
         <object_component_ref idref="oc-ff"/>
      </symbol>
      <symbol id="sm-4e7">
         <name>_InitECap5Gpio</name>
         <value>0xb152</value>
         <object_component_ref idref="oc-ff"/>
      </symbol>
      <symbol id="sm-4e8">
         <name>_InitECap4Gpio</name>
         <value>0xb144</value>
         <object_component_ref idref="oc-ff"/>
      </symbol>
      <symbol id="sm-4e9">
         <name>_InitECap3Gpio</name>
         <value>0xb136</value>
         <object_component_ref idref="oc-ff"/>
      </symbol>
      <symbol id="sm-4ea">
         <name>_InitECap2Gpio</name>
         <value>0xb128</value>
         <object_component_ref idref="oc-ff"/>
      </symbol>
      <symbol id="sm-4eb">
         <name>_InitECap1Gpio</name>
         <value>0xb11a</value>
         <object_component_ref idref="oc-ff"/>
      </symbol>
      <symbol id="sm-4ec">
         <name>_InitECapGpio</name>
         <value>0xb10d</value>
         <object_component_ref idref="oc-ff"/>
      </symbol>
      <symbol id="sm-543">
         <name>_ILLEGAL_ISR</name>
         <value>0x972c</value>
         <object_component_ref idref="oc-105"/>
      </symbol>
      <symbol id="sm-544">
         <name>_EPWM6_INT_ISR</name>
         <value>0x9862</value>
         <object_component_ref idref="oc-105"/>
      </symbol>
      <symbol id="sm-545">
         <name>_DATALOG_ISR</name>
         <value>0x9704</value>
         <object_component_ref idref="oc-105"/>
      </symbol>
      <symbol id="sm-546">
         <name>_SPITXINTA_ISR</name>
         <value>0x98c6</value>
         <object_component_ref idref="oc-105"/>
      </symbol>
      <symbol id="sm-547">
         <name>_SPIRXINTA_ISR</name>
         <value>0x98bc</value>
         <object_component_ref idref="oc-105"/>
      </symbol>
      <symbol id="sm-548">
         <name>_DINTCH3_ISR</name>
         <value>0x990c</value>
         <object_component_ref idref="oc-105"/>
      </symbol>
      <symbol id="sm-549">
         <name>_XINT4_ISR</name>
         <value>0x99b6</value>
         <object_component_ref idref="oc-105"/>
      </symbol>
      <symbol id="sm-54a">
         <name>_SEQ1INT_ISR</name>
         <value>0x97ae</value>
         <object_component_ref idref="oc-105"/>
      </symbol>
      <symbol id="sm-54b">
         <name>_ECAP3_INT_ISR</name>
         <value>0x9880</value>
         <object_component_ref idref="oc-105"/>
      </symbol>
      <symbol id="sm-54c">
         <name>_INT13_ISR</name>
         <value>0x96f0</value>
         <object_component_ref idref="oc-105"/>
      </symbol>
      <symbol id="sm-54d">
         <name>_MXINTA_ISR</name>
         <value>0x98ee</value>
         <object_component_ref idref="oc-105"/>
      </symbol>
      <symbol id="sm-54e">
         <name>_EPWM4_INT_ISR</name>
         <value>0x984e</value>
         <object_component_ref idref="oc-105"/>
      </symbol>
      <symbol id="sm-54f">
         <name>_USER5_ISR</name>
         <value>0x975e</value>
         <object_component_ref idref="oc-105"/>
      </symbol>
      <symbol id="sm-550">
         <name>_XINT7_ISR</name>
         <value>0x99d4</value>
         <object_component_ref idref="oc-105"/>
      </symbol>
      <symbol id="sm-551">
         <name>_EMPTY_ISR</name>
         <value>0x99f2</value>
         <object_component_ref idref="oc-105"/>
      </symbol>
      <symbol id="sm-552">
         <name>_EPWM5_TZINT_ISR</name>
         <value>0x981c</value>
         <object_component_ref idref="oc-105"/>
      </symbol>
      <symbol id="sm-553">
         <name>_EPWM4_TZINT_ISR</name>
         <value>0x9812</value>
         <object_component_ref idref="oc-105"/>
      </symbol>
      <symbol id="sm-554">
         <name>_ECAN0INTA_ISR</name>
         <value>0x9984</value>
         <object_component_ref idref="oc-105"/>
      </symbol>
      <symbol id="sm-555">
         <name>_EPWM6_TZINT_ISR</name>
         <value>0x9826</value>
         <object_component_ref idref="oc-105"/>
      </symbol>
      <symbol id="sm-556">
         <name>_EMUINT_ISR</name>
         <value>0x9718</value>
         <object_component_ref idref="oc-105"/>
      </symbol>
      <symbol id="sm-557">
         <name>_ECAP1_INT_ISR</name>
         <value>0x986c</value>
         <object_component_ref idref="oc-105"/>
      </symbol>
      <symbol id="sm-558">
         <name>_EPWM1_TZINT_ISR</name>
         <value>0x97f4</value>
         <object_component_ref idref="oc-105"/>
      </symbol>
      <symbol id="sm-559">
         <name>_EQEP2_INT_ISR</name>
         <value>0x98b2</value>
         <object_component_ref idref="oc-105"/>
      </symbol>
      <symbol id="sm-55a">
         <name>_USER11_ISR</name>
         <value>0x979a</value>
         <object_component_ref idref="oc-105"/>
      </symbol>
      <symbol id="sm-55b">
         <name>_EPWM3_TZINT_ISR</name>
         <value>0x9808</value>
         <object_component_ref idref="oc-105"/>
      </symbol>
      <symbol id="sm-55c">
         <name>_USER4_ISR</name>
         <value>0x9754</value>
         <object_component_ref idref="oc-105"/>
      </symbol>
      <symbol id="sm-55d">
         <name>_EPWM2_TZINT_ISR</name>
         <value>0x97fe</value>
         <object_component_ref idref="oc-105"/>
      </symbol>
      <symbol id="sm-55e">
         <name>_XINT6_ISR</name>
         <value>0x99ca</value>
         <object_component_ref idref="oc-105"/>
      </symbol>
      <symbol id="sm-55f">
         <name>_EPWM2_INT_ISR</name>
         <value>0x983a</value>
         <object_component_ref idref="oc-105"/>
      </symbol>
      <symbol id="sm-560">
         <name>_ECAN0INTB_ISR</name>
         <value>0x9998</value>
         <object_component_ref idref="oc-105"/>
      </symbol>
      <symbol id="sm-561">
         <name>_TINT0_ISR</name>
         <value>0x97e0</value>
         <object_component_ref idref="oc-105"/>
      </symbol>
      <symbol id="sm-562">
         <name>_WAKEINT_ISR</name>
         <value>0x97ea</value>
         <object_component_ref idref="oc-105"/>
      </symbol>
      <symbol id="sm-563">
         <name>_DINTCH4_ISR</name>
         <value>0x9916</value>
         <object_component_ref idref="oc-105"/>
      </symbol>
      <symbol id="sm-564">
         <name>_USER10_ISR</name>
         <value>0x9790</value>
         <object_component_ref idref="oc-105"/>
      </symbol>
      <symbol id="sm-565">
         <name>_USER7_ISR</name>
         <value>0x9772</value>
         <object_component_ref idref="oc-105"/>
      </symbol>
      <symbol id="sm-566">
         <name>_XINT1_ISR</name>
         <value>0x97c2</value>
         <object_component_ref idref="oc-105"/>
      </symbol>
      <symbol id="sm-567">
         <name>_ECAP6_INT_ISR</name>
         <value>0x989e</value>
         <object_component_ref idref="oc-105"/>
      </symbol>
      <symbol id="sm-568">
         <name>_INT14_ISR</name>
         <value>0x96fa</value>
         <object_component_ref idref="oc-105"/>
      </symbol>
      <symbol id="sm-569">
         <name>_MXINTB_ISR</name>
         <value>0x98da</value>
         <object_component_ref idref="oc-105"/>
      </symbol>
      <symbol id="sm-56a">
         <name>_DINTCH5_ISR</name>
         <value>0x9920</value>
         <object_component_ref idref="oc-105"/>
      </symbol>
      <symbol id="sm-56b">
         <name>_USER6_ISR</name>
         <value>0x9768</value>
         <object_component_ref idref="oc-105"/>
      </symbol>
      <symbol id="sm-56c">
         <name>_ECAP4_INT_ISR</name>
         <value>0x988a</value>
         <object_component_ref idref="oc-105"/>
      </symbol>
      <symbol id="sm-56d">
         <name>_MRINTA_ISR</name>
         <value>0x98e4</value>
         <object_component_ref idref="oc-105"/>
      </symbol>
      <symbol id="sm-56e">
         <name>_DINTCH6_ISR</name>
         <value>0x992a</value>
         <object_component_ref idref="oc-105"/>
      </symbol>
      <symbol id="sm-56f">
         <name>_USER12_ISR</name>
         <value>0x97a4</value>
         <object_component_ref idref="oc-105"/>
      </symbol>
      <symbol id="sm-570">
         <name>_ADCINT_ISR</name>
         <value>0x97d6</value>
         <object_component_ref idref="oc-105"/>
      </symbol>
      <symbol id="sm-571">
         <name>_USER1_ISR</name>
         <value>0x9736</value>
         <object_component_ref idref="oc-105"/>
      </symbol>
      <symbol id="sm-572">
         <name>_XINT3_ISR</name>
         <value>0x99ac</value>
         <object_component_ref idref="oc-105"/>
      </symbol>
      <symbol id="sm-573">
         <name>_EPWM5_INT_ISR</name>
         <value>0x9858</value>
         <object_component_ref idref="oc-105"/>
      </symbol>
      <symbol id="sm-574">
         <name>_NMI_ISR</name>
         <value>0x9722</value>
         <object_component_ref idref="oc-105"/>
      </symbol>
      <symbol id="sm-575">
         <name>_SCITXINTB_ISR</name>
         <value>0x997a</value>
         <object_component_ref idref="oc-105"/>
      </symbol>
      <symbol id="sm-576">
         <name>_SCIRXINTB_ISR</name>
         <value>0x9970</value>
         <object_component_ref idref="oc-105"/>
      </symbol>
      <symbol id="sm-577">
         <name>_ECAN1INTA_ISR</name>
         <value>0x998e</value>
         <object_component_ref idref="oc-105"/>
      </symbol>
      <symbol id="sm-578">
         <name>_ECAP2_INT_ISR</name>
         <value>0x9876</value>
         <object_component_ref idref="oc-105"/>
      </symbol>
      <symbol id="sm-579">
         <name>_PIE_RESERVED</name>
         <value>0x99ff</value>
         <object_component_ref idref="oc-105"/>
      </symbol>
      <symbol id="sm-57a">
         <name>_I2CINT1A_ISR</name>
         <value>0x9934</value>
         <object_component_ref idref="oc-105"/>
      </symbol>
      <symbol id="sm-57b">
         <name>_XINT2_ISR</name>
         <value>0x97cc</value>
         <object_component_ref idref="oc-105"/>
      </symbol>
      <symbol id="sm-57c">
         <name>_I2CINT2A_ISR</name>
         <value>0x993e</value>
         <object_component_ref idref="oc-105"/>
      </symbol>
      <symbol id="sm-57d">
         <name>_SCITXINTC_ISR</name>
         <value>0x9952</value>
         <object_component_ref idref="oc-105"/>
      </symbol>
      <symbol id="sm-57e">
         <name>_SCIRXINTC_ISR</name>
         <value>0x9948</value>
         <object_component_ref idref="oc-105"/>
      </symbol>
      <symbol id="sm-57f">
         <name>_RTOSINT_ISR</name>
         <value>0x970e</value>
         <object_component_ref idref="oc-105"/>
      </symbol>
      <symbol id="sm-580">
         <name>_EPWM3_INT_ISR</name>
         <value>0x9844</value>
         <object_component_ref idref="oc-105"/>
      </symbol>
      <symbol id="sm-581">
         <name>_ECAN1INTB_ISR</name>
         <value>0x99a2</value>
         <object_component_ref idref="oc-105"/>
      </symbol>
      <symbol id="sm-582">
         <name>_USER9_ISR</name>
         <value>0x9786</value>
         <object_component_ref idref="oc-105"/>
      </symbol>
      <symbol id="sm-583">
         <name>_USER3_ISR</name>
         <value>0x974a</value>
         <object_component_ref idref="oc-105"/>
      </symbol>
      <symbol id="sm-584">
         <name>_EQEP1_INT_ISR</name>
         <value>0x98a8</value>
         <object_component_ref idref="oc-105"/>
      </symbol>
      <symbol id="sm-585">
         <name>_MRINTB_ISR</name>
         <value>0x98d0</value>
         <object_component_ref idref="oc-105"/>
      </symbol>
      <symbol id="sm-586">
         <name>_DINTCH1_ISR</name>
         <value>0x98f8</value>
         <object_component_ref idref="oc-105"/>
      </symbol>
      <symbol id="sm-587">
         <name>_USER8_ISR</name>
         <value>0x977c</value>
         <object_component_ref idref="oc-105"/>
      </symbol>
      <symbol id="sm-588">
         <name>_EPWM1_INT_ISR</name>
         <value>0x9830</value>
         <object_component_ref idref="oc-105"/>
      </symbol>
      <symbol id="sm-589">
         <name>_SEQ2INT_ISR</name>
         <value>0x97b8</value>
         <object_component_ref idref="oc-105"/>
      </symbol>
      <symbol id="sm-58a">
         <name>_USER2_ISR</name>
         <value>0x9740</value>
         <object_component_ref idref="oc-105"/>
      </symbol>
      <symbol id="sm-58b">
         <name>_LUF_ISR</name>
         <value>0x99e8</value>
         <object_component_ref idref="oc-105"/>
      </symbol>
      <symbol id="sm-58c">
         <name>_LVF_ISR</name>
         <value>0x99de</value>
         <object_component_ref idref="oc-105"/>
      </symbol>
      <symbol id="sm-58d">
         <name>_SCITXINTA_ISR</name>
         <value>0x9966</value>
         <object_component_ref idref="oc-105"/>
      </symbol>
      <symbol id="sm-58e">
         <name>_SCIRXINTA_ISR</name>
         <value>0x995c</value>
         <object_component_ref idref="oc-105"/>
      </symbol>
      <symbol id="sm-58f">
         <name>_rsvd_ISR</name>
         <value>0x9a09</value>
         <object_component_ref idref="oc-105"/>
      </symbol>
      <symbol id="sm-590">
         <name>_ECAP5_INT_ISR</name>
         <value>0x9894</value>
         <object_component_ref idref="oc-105"/>
      </symbol>
      <symbol id="sm-591">
         <name>_DINTCH2_ISR</name>
         <value>0x9902</value>
         <object_component_ref idref="oc-105"/>
      </symbol>
      <symbol id="sm-592">
         <name>_XINT5_ISR</name>
         <value>0x99c0</value>
         <object_component_ref idref="oc-105"/>
      </symbol>
      <symbol id="sm-59e">
         <name>_CpuTimer2</name>
         <value>0xc22c</value>
         <object_component_ref idref="oc-10b"/>
      </symbol>
      <symbol id="sm-59f">
         <name>_CpuTimer0</name>
         <value>0xc234</value>
         <object_component_ref idref="oc-10b"/>
      </symbol>
      <symbol id="sm-5a0">
         <name>_CpuTimer1</name>
         <value>0xc224</value>
         <object_component_ref idref="oc-10b"/>
      </symbol>
      <symbol id="sm-5a1">
         <name>_InitCpuTimers</name>
         <value>0xafaa</value>
         <object_component_ref idref="oc-109"/>
      </symbol>
      <symbol id="sm-5a2">
         <name>_ConfigCpuTimer</name>
         <value>0xafeb</value>
         <object_component_ref idref="oc-109"/>
      </symbol>
      <symbol id="sm-5b1">
         <name>copy_sections</name>
         <value>0x33b954</value>
         <object_component_ref idref="oc-111"/>
      </symbol>
      <symbol id="sm-5b2">
         <name>code_start</name>
         <value>0x33fff6</value>
         <object_component_ref idref="oc-10f"/>
      </symbol>
      <symbol id="sm-5ba">
         <name>_ADC_cal</name>
         <value>0x380080</value>
         <object_component_ref idref="oc-115"/>
      </symbol>
      <symbol id="sm-5cc">
         <name>_asin</name>
         <value>0xb026</value>
         <object_component_ref idref="oc-119"/>
      </symbol>
      <symbol id="sm-5e3">
         <name>_atan2</name>
         <value>0xadbd</value>
         <object_component_ref idref="oc-11e"/>
      </symbol>
      <symbol id="sm-5f4">
         <name>_atan</name>
         <value>0xb09d</value>
         <object_component_ref idref="oc-123"/>
      </symbol>
      <symbol id="sm-608">
         <name>_c_int00</name>
         <value>0xb16e</value>
         <object_component_ref idref="oc-4d"/>
      </symbol>
      <symbol id="sm-609">
         <name>__stack</name>
         <value>0x0</value>
         <object_component_ref idref="oc-128"/>
      </symbol>
      <symbol id="sm-613">
         <name>_errno</name>
         <value>0xc3bb</value>
         <object_component_ref idref="oc-12f"/>
      </symbol>
      <symbol id="sm-624">
         <name>C$$EXIT</name>
         <value>0xb381</value>
         <object_component_ref idref="oc-131"/>
      </symbol>
      <symbol id="sm-625">
         <name>_exit</name>
         <value>0xb383</value>
         <object_component_ref idref="oc-131"/>
      </symbol>
      <symbol id="sm-626">
         <name>___TI_cleanup_ptr</name>
         <value>0xc3bc</value>
         <object_component_ref idref="oc-134"/>
      </symbol>
      <symbol id="sm-627">
         <name>_abort</name>
         <value>0xb381</value>
         <object_component_ref idref="oc-131"/>
      </symbol>
      <symbol id="sm-628">
         <name>___TI_dtors_ptr</name>
         <value>0xc3be</value>
         <object_component_ref idref="oc-134"/>
      </symbol>
      <symbol id="sm-635">
         <name>_frexp</name>
         <value>0xb39a</value>
         <object_component_ref idref="oc-138"/>
      </symbol>
      <symbol id="sm-642">
         <name>FS$$DIV</name>
         <value>0xaf22</value>
         <object_component_ref idref="oc-13d"/>
      </symbol>
      <symbol id="sm-650">
         <name>FS$$TOLL</name>
         <value>0xb29b</value>
         <object_component_ref idref="oc-141"/>
      </symbol>
      <symbol id="sm-65a">
         <name>I$$MOD</name>
         <value>0xb2f6</value>
         <object_component_ref idref="oc-145"/>
      </symbol>
      <symbol id="sm-65b">
         <name>I$$DIV</name>
         <value>0xb2e5</value>
         <object_component_ref idref="oc-145"/>
      </symbol>
      <symbol id="sm-663">
         <name>UL$$MOD</name>
         <value>0xb247</value>
         <object_component_ref idref="oc-149"/>
      </symbol>
      <symbol id="sm-664">
         <name>L$$MOD</name>
         <value>0xb232</value>
         <object_component_ref idref="oc-149"/>
      </symbol>
      <symbol id="sm-665">
         <name>L$$DIV</name>
         <value>0xb223</value>
         <object_component_ref idref="oc-149"/>
      </symbol>
      <symbol id="sm-666">
         <name>UL$$DIV</name>
         <value>0xb240</value>
         <object_component_ref idref="oc-149"/>
      </symbol>
      <symbol id="sm-66e">
         <name>LL$$MPY</name>
         <value>0xb3b0</value>
         <object_component_ref idref="oc-14d"/>
      </symbol>
      <symbol id="sm-678">
         <name>LL$$TOFS</name>
         <value>0xb348</value>
         <object_component_ref idref="oc-151"/>
      </symbol>
      <symbol id="sm-686">
         <name>__unlock</name>
         <value>0xc23c</value>
         <object_component_ref idref="oc-158"/>
      </symbol>
      <symbol id="sm-687">
         <name>__lock</name>
         <value>0xc23e</value>
         <object_component_ref idref="oc-158"/>
      </symbol>
      <symbol id="sm-688">
         <name>__register_lock</name>
         <value>0xb3c8</value>
         <object_component_ref idref="oc-155"/>
      </symbol>
      <symbol id="sm-689">
         <name>__nop</name>
         <value>0xb3cc</value>
         <object_component_ref idref="oc-155"/>
      </symbol>
      <symbol id="sm-68a">
         <name>__register_unlock</name>
         <value>0xb3c4</value>
         <object_component_ref idref="oc-155"/>
      </symbol>
      <symbol id="sm-699">
         <name>___memcpy_ff</name>
         <value>0xb307</value>
         <object_component_ref idref="oc-15c"/>
      </symbol>
      <symbol id="sm-6a7">
         <name>_sqrt</name>
         <value>0xb2c2</value>
         <object_component_ref idref="oc-161"/>
      </symbol>
      <symbol id="sm-6b3">
         <name>__args_main</name>
         <value>0xb368</value>
         <object_component_ref idref="oc-166"/>
      </symbol>
      <symbol id="sm-6b4">
         <name>__TI_args_main</name>
         <value>0x1</value>
      </symbol>
   </symbol_table>
   <title>Link successful</title>
</link_info>
