******************************************************************************
             TMS320C2000 Linker PC v6.2.0                      
******************************************************************************
>> Linked Thu Jan 14 12:56:48 2016

OUTPUT FILE NAME:   <LED.out>
ENTRY POINT SYMBOL: "_c_int00"  address: 0000af3a


MEMORY CONFIGURATION

         name            origin    length      used     unused   attr    fill
----------------------  --------  ---------  --------  --------  ----  --------
PAGE 0:
  BEGIN                 00000000   00000002  00000002  00000000  RWIX
  BOOT_RSVD             00000002   0000004e  00000000  0000004e  RWIX
  RAMM0                 00000050   000003b0  00000000  000003b0  RWIX
  RAML                  00008000   00004000  00003605  000009fb  RWIX
  ZONE7A                00200000   0000fc00  00000000  0000fc00  RWIX
  CSM_RSVD              0033ff80   00000076  00000000  00000076  RWIX
  CSM_PWL               0033fff8   00000008  00000000  00000008  RWIX
  ADC_CAL               00380080   00000009  00000007  00000002  RWIX
  IQTABLES              003fe000   00000b50  00000000  00000b50  RWIX
  IQTABLES2             003feb50   0000008c  00000000  0000008c  RWIX
  FPUTABLES             003febdc   000006a0  00000000  000006a0  RWIX
  BOOTROM               003ff27c   00000d44  00000000  00000d44  RWIX
  RESET                 003fffc0   00000002  00000000  00000002  RWIX

PAGE 1:
  RAMM                  00000400   00000400  000003e8  00000018  RWIX
  DEV_EMU               00000880   00000180  000000d0  000000b0  RWIX
  FLASH_REGS            00000a80   00000060  00000008  00000058  RWIX
  CSM                   00000ae0   00000010  00000010  00000000  RWIX
  ADC_MIRROR            00000b00   00000010  00000010  00000000  RWIX
  XINTF                 00000b20   00000020  0000001e  00000002  RWIX
  CPU_TIMER0            00000c00   00000008  00000008  00000000  RWIX
  CPU_TIMER1            00000c08   00000008  00000008  00000000  RWIX
  CPU_TIMER2            00000c10   00000008  00000008  00000000  RWIX
  PIE_CTRL              00000ce0   00000020  0000001a  00000006  RWIX
  PIE_VECT              00000d00   00000100  00000100  00000000  RWIX
  DMA                   00001000   00000200  000000e0  00000120  RWIX
  MCBSPA                00005000   00000040  00000025  0000001b  RWIX
  MCBSPB                00005040   00000040  00000025  0000001b  RWIX
  ECANA                 00006000   00000040  00000034  0000000c  RWIX
  ECANA_LAM             00006040   00000040  00000040  00000000  RWIX
  ECANA_MOTS            00006080   00000040  00000040  00000000  RWIX
  ECANA_MOTO            000060c0   00000040  00000040  00000000  RWIX
  ECANA_MBOX            00006100   00000100  00000100  00000000  RWIX
  ECANB                 00006200   00000040  00000034  0000000c  RWIX
  ECANB_LAM             00006240   00000040  00000040  00000000  RWIX
  ECANB_MOTS            00006280   00000040  00000040  00000000  RWIX
  ECANB_MOTO            000062c0   00000040  00000040  00000000  RWIX
  ECANB_MBOX            00006300   00000100  00000100  00000000  RWIX
  EPWM1                 00006800   00000022  00000022  00000000  RWIX
  EPWM2                 00006840   00000022  00000022  00000000  RWIX
  EPWM3                 00006880   00000022  00000022  00000000  RWIX
  EPWM4                 000068c0   00000022  00000022  00000000  RWIX
  EPWM5                 00006900   00000022  00000022  00000000  RWIX
  EPWM6                 00006940   00000022  00000022  00000000  RWIX
  ECAP1                 00006a00   00000020  00000020  00000000  RWIX
  ECAP2                 00006a20   00000020  00000020  00000000  RWIX
  ECAP3                 00006a40   00000020  00000020  00000000  RWIX
  ECAP4                 00006a60   00000020  00000020  00000000  RWIX
  ECAP5                 00006a80   00000020  00000020  00000000  RWIX
  ECAP6                 00006aa0   00000020  00000020  00000000  RWIX
  EQEP1                 00006b00   00000040  00000040  00000000  RWIX
  EQEP2                 00006b40   00000040  00000040  00000000  RWIX
  GPIOCTRL              00006f80   00000040  0000002e  00000012  RWIX
  GPIODAT               00006fc0   00000020  00000020  00000000  RWIX
  GPIOINT               00006fe0   00000020  0000000a  00000016  RWIX
  SYSTEM                00007010   00000020  00000020  00000000  RWIX
  SPIA                  00007040   00000010  00000010  00000000  RWIX
  SCIA                  00007050   00000010  00000010  00000000  RWIX
  XINTRUPT              00007070   00000010  00000010  00000000  RWIX
  ADC                   00007100   00000020  0000001e  00000002  RWIX
  SCIB                  00007750   00000010  00000010  00000000  RWIX
  SCIC                  00007770   00000010  00000010  00000000  RWIX
  I2CA                  00007900   00000040  00000022  0000001e  RWIX
  RAMH                  0000c000   00004000  00000598  00003a68  RWIX
  ZONE7B                0020fc00   00000400  00000000  00000400  RWIX
  CSM_PWL               0033fff8   00000008  00000008  00000000  RWIX


SECTION ALLOCATION MAP

 output                                  attributes/
section   page    origin      length       input sections
--------  ----  ----------  ----------   ----------------
codestart 
*          0    00000000    00000002     
                  00000000    00000002     DSP2833x_CodeStartBranch.obj (codestart)

.pinit     0    00008000    00000000     UNINITIALIZED

.text      0    00008000    000031d1     
                  00008000    00000a41     control.obj (.text)
                  00008a41    000007be     IMU.obj (.text)
                  000091ff    00000323     DSP2833x_DefaultIsr.obj (.text:retain)
                  00009522    000002a8     MPU6050.obj (.text)
                  000097ca    00000290     LED.obj (.text)
                  00009a5a    0000020b     Data_Transfer.obj (.text)
                  00009c65    00000202     MS5611.obj (.text)
                  00009e67    000001f6     fast_math.obj (.text)
                  0000a05d    000001cd     nrf24l01.obj (.text)
                  0000a22a    00000173     hardware_I2C.obj (.text)
                  0000a39d    00000150     I2C.obj (.text)
                  0000a4ed    0000013f     LED.obj (.text:retain)
                  0000a62c    000000f6     DSP2833x_Xintf.obj (.text)
                  0000a722    000000f3     DSP2833x_SysCtrl.obj (.text)
                  0000a815    000000f0     capture.obj (.text)
                  0000a905    000000cb     capture.obj (.text:retain)
                  0000a9d0    000000c4     rts2800_fpu32.lib : atan2.obj (.text)
                  0000aa94    000000a7     pwm.obj (.text)
                  0000ab3b    000000a1     DSP2833x_EPwm.obj (.text)
                  0000abdc    00000088     rts2800_fpu32.lib : fs_div.obj (.text)
                  0000ac64    0000007c     DSP2833x_CpuTimers.obj (.text)
                  0000ace0    00000077     rts2800_fpu32.lib : asin.obj (.text)
                  0000ad57    0000006f                       : atan.obj (.text)
                  0000adc6    00000068                       : exp.obj (.text)
                  0000ae2e    00000062     DSP2833x_ECap.obj (.text)
                  0000ae90    0000005a     rts2800_fpu32.lib : pow.obj (.text)
                  0000aeea    00000050                       : _log.obj (.text)
                  0000af3a    00000046                       : boot.obj (.text)
                  0000af80    00000043     DSP2833x_Sci.obj (.text)
                  0000afc3    00000031     rts2800_fpu32.lib : ldexp.obj (.text)
                  0000aff4    0000002c     DSP2833x_Spi.obj (.text)
                  0000b020    0000002a     rts2800_fpu32.lib : l_div.obj (.text)
                  0000b04a    00000028     DSP2833x_PieCtrl.obj (.text)
                  0000b072    00000026     DSP2833x_I2C.obj (.text)
                  0000b098    00000026     rts2800_fpu32.lib : fs_toll.obj (.text)
                  0000b0be    00000023                       : sqrt.obj (.text)
                  0000b0e1    00000022                       : i_div.obj (.text)
                  0000b103    00000021                       : memcpy_ff.obj (.text)
                  0000b124    00000020     DSP2833x_PieVect.obj (.text)
                  0000b144    00000020     rts2800_fpu32.lib : ll_tofs.obj (.text)
                  0000b164    00000019                       : args_main.obj (.text)
                  0000b17d    00000019                       : exit.obj (.text)
                  0000b196    00000016                       : frexp.obj (.text)
                  0000b1ac    00000014                       : ll_mpy.obj (.text)
                  0000b1c0    00000009                       : _lock.obj (.text)
                  0000b1c9    00000008     DSP2833x_CodeStartBranch.obj (.text)

.cinit     0    0000b1d1    00000415     
                  0000b1d1    0000024a     control.obj (.cinit)
                  0000b41b    00000079     LED.obj (.cinit)
                  0000b494    00000058     nrf24l01.obj (.cinit)
                  0000b4ec    00000054     capture.obj (.cinit)
                  0000b540    00000052     IMU.obj (.cinit)
                  0000b592    00000017     MPU6050.obj (.cinit)
                  0000b5a9    0000000f     MS5611.obj (.cinit)
                  0000b5b8    0000000c     hardware_I2C.obj (.cinit)
                  0000b5c4    0000000a     rts2800_fpu32.lib : _lock.obj (.cinit)
                  0000b5ce    0000000a                       : exit.obj (.cinit)
                  0000b5d8    00000008     I2C.obj (.cinit)
                  0000b5e0    00000004     rts2800_fpu32.lib : errno.obj (.cinit)
                  0000b5e4    00000002     --HOLE-- [fill = 0]

ramfuncs   0    0000b5e6    0000001f     
                  0000b5e6    0000001b     DSP2833x_SysCtrl.obj (ramfuncs)
                  0000b601    00000004     DSP2833x_usDelay.obj (ramfuncs)

csm_rsvd   0    0033ff80    00000000     DSECT

csmpasswds 
*          0    0033fff8    00000000     DSECT

.adc_cal   0    00380080    00000007     NOLOAD SECTION
                  00380080    00000007     DSP2833x_ADC_cal.obj (.adc_cal)

.reset     0    003fffc0    00000002     DSECT
                  003fffc0    00000002     rts2800_fpu32.lib : boot.obj (.reset)

.stack     1    00000400    000003e8     UNINITIALIZED
                  00000400    000003e8     --HOLE--

DevEmuRegsFile 
*          1    00000880    000000d0     UNINITIALIZED
                  00000880    000000d0     DSP2833x_GlobalVariableDefs.obj (DevEmuRegsFile)

FlashRegsFile 
*          1    00000a80    00000008     UNINITIALIZED
                  00000a80    00000008     DSP2833x_GlobalVariableDefs.obj (FlashRegsFile)

CsmRegsFile 
*          1    00000ae0    00000010     UNINITIALIZED
                  00000ae0    00000010     DSP2833x_GlobalVariableDefs.obj (CsmRegsFile)

AdcMirrorFile 
*          1    00000b00    00000010     UNINITIALIZED
                  00000b00    00000010     DSP2833x_GlobalVariableDefs.obj (AdcMirrorFile)

XintfRegsFile 
*          1    00000b20    0000001e     UNINITIALIZED
                  00000b20    0000001e     DSP2833x_GlobalVariableDefs.obj (XintfRegsFile)

CpuTimer0RegsFile 
*          1    00000c00    00000008     UNINITIALIZED
                  00000c00    00000008     DSP2833x_GlobalVariableDefs.obj (CpuTimer0RegsFile)

CpuTimer1RegsFile 
*          1    00000c08    00000008     UNINITIALIZED
                  00000c08    00000008     DSP2833x_GlobalVariableDefs.obj (CpuTimer1RegsFile)

CpuTimer2RegsFile 
*          1    00000c10    00000008     UNINITIALIZED
                  00000c10    00000008     DSP2833x_GlobalVariableDefs.obj (CpuTimer2RegsFile)

PieCtrlRegsFile 
*          1    00000ce0    0000001a     UNINITIALIZED
                  00000ce0    0000001a     DSP2833x_GlobalVariableDefs.obj (PieCtrlRegsFile)

PieVectTableFile 
*          1    00000d00    00000100     UNINITIALIZED
                  00000d00    00000100     DSP2833x_GlobalVariableDefs.obj (PieVectTableFile)

DmaRegsFile 
*          1    00001000    000000e0     UNINITIALIZED
                  00001000    000000e0     DSP2833x_GlobalVariableDefs.obj (DmaRegsFile)

McbspaRegsFile 
*          1    00005000    00000025     UNINITIALIZED
                  00005000    00000025     DSP2833x_GlobalVariableDefs.obj (McbspaRegsFile)

McbspbRegsFile 
*          1    00005040    00000025     UNINITIALIZED
                  00005040    00000025     DSP2833x_GlobalVariableDefs.obj (McbspbRegsFile)

ECanaRegsFile 
*          1    00006000    00000034     UNINITIALIZED
                  00006000    00000034     DSP2833x_GlobalVariableDefs.obj (ECanaRegsFile)

ECanaLAMRegsFile 
*          1    00006040    00000040     UNINITIALIZED
                  00006040    00000040     DSP2833x_GlobalVariableDefs.obj (ECanaLAMRegsFile)

ECanaMOTSRegsFile 
*          1    00006080    00000040     UNINITIALIZED
                  00006080    00000040     DSP2833x_GlobalVariableDefs.obj (ECanaMOTSRegsFile)

ECanaMOTORegsFile 
*          1    000060c0    00000040     UNINITIALIZED
                  000060c0    00000040     DSP2833x_GlobalVariableDefs.obj (ECanaMOTORegsFile)

ECanaMboxesFile 
*          1    00006100    00000100     UNINITIALIZED
                  00006100    00000100     DSP2833x_GlobalVariableDefs.obj (ECanaMboxesFile)

ECanbRegsFile 
*          1    00006200    00000034     UNINITIALIZED
                  00006200    00000034     DSP2833x_GlobalVariableDefs.obj (ECanbRegsFile)

ECanbLAMRegsFile 
*          1    00006240    00000040     UNINITIALIZED
                  00006240    00000040     DSP2833x_GlobalVariableDefs.obj (ECanbLAMRegsFile)

ECanbMOTSRegsFile 
*          1    00006280    00000040     UNINITIALIZED
                  00006280    00000040     DSP2833x_GlobalVariableDefs.obj (ECanbMOTSRegsFile)

ECanbMOTORegsFile 
*          1    000062c0    00000040     UNINITIALIZED
                  000062c0    00000040     DSP2833x_GlobalVariableDefs.obj (ECanbMOTORegsFile)

ECanbMboxesFile 
*          1    00006300    00000100     UNINITIALIZED
                  00006300    00000100     DSP2833x_GlobalVariableDefs.obj (ECanbMboxesFile)

EPwm1RegsFile 
*          1    00006800    00000022     UNINITIALIZED
                  00006800    00000022     DSP2833x_GlobalVariableDefs.obj (EPwm1RegsFile)

EPwm2RegsFile 
*          1    00006840    00000022     UNINITIALIZED
                  00006840    00000022     DSP2833x_GlobalVariableDefs.obj (EPwm2RegsFile)

EPwm3RegsFile 
*          1    00006880    00000022     UNINITIALIZED
                  00006880    00000022     DSP2833x_GlobalVariableDefs.obj (EPwm3RegsFile)

EPwm4RegsFile 
*          1    000068c0    00000022     UNINITIALIZED
                  000068c0    00000022     DSP2833x_GlobalVariableDefs.obj (EPwm4RegsFile)

EPwm5RegsFile 
*          1    00006900    00000022     UNINITIALIZED
                  00006900    00000022     DSP2833x_GlobalVariableDefs.obj (EPwm5RegsFile)

EPwm6RegsFile 
*          1    00006940    00000022     UNINITIALIZED
                  00006940    00000022     DSP2833x_GlobalVariableDefs.obj (EPwm6RegsFile)

ECap1RegsFile 
*          1    00006a00    00000020     UNINITIALIZED
                  00006a00    00000020     DSP2833x_GlobalVariableDefs.obj (ECap1RegsFile)

ECap2RegsFile 
*          1    00006a20    00000020     UNINITIALIZED
                  00006a20    00000020     DSP2833x_GlobalVariableDefs.obj (ECap2RegsFile)

ECap3RegsFile 
*          1    00006a40    00000020     UNINITIALIZED
                  00006a40    00000020     DSP2833x_GlobalVariableDefs.obj (ECap3RegsFile)

ECap4RegsFile 
*          1    00006a60    00000020     UNINITIALIZED
                  00006a60    00000020     DSP2833x_GlobalVariableDefs.obj (ECap4RegsFile)

ECap5RegsFile 
*          1    00006a80    00000020     UNINITIALIZED
                  00006a80    00000020     DSP2833x_GlobalVariableDefs.obj (ECap5RegsFile)

ECap6RegsFile 
*          1    00006aa0    00000020     UNINITIALIZED
                  00006aa0    00000020     DSP2833x_GlobalVariableDefs.obj (ECap6RegsFile)

EQep1RegsFile 
*          1    00006b00    00000040     UNINITIALIZED
                  00006b00    00000040     DSP2833x_GlobalVariableDefs.obj (EQep1RegsFile)

EQep2RegsFile 
*          1    00006b40    00000040     UNINITIALIZED
                  00006b40    00000040     DSP2833x_GlobalVariableDefs.obj (EQep2RegsFile)

GpioCtrlRegsFile 
*          1    00006f80    0000002e     UNINITIALIZED
                  00006f80    0000002e     DSP2833x_GlobalVariableDefs.obj (GpioCtrlRegsFile)

GpioDataRegsFile 
*          1    00006fc0    00000020     UNINITIALIZED
                  00006fc0    00000020     DSP2833x_GlobalVariableDefs.obj (GpioDataRegsFile)

GpioIntRegsFile 
*          1    00006fe0    0000000a     UNINITIALIZED
                  00006fe0    0000000a     DSP2833x_GlobalVariableDefs.obj (GpioIntRegsFile)

SysCtrlRegsFile 
*          1    00007010    00000020     UNINITIALIZED
                  00007010    00000020     DSP2833x_GlobalVariableDefs.obj (SysCtrlRegsFile)

SpiaRegsFile 
*          1    00007040    00000010     UNINITIALIZED
                  00007040    00000010     DSP2833x_GlobalVariableDefs.obj (SpiaRegsFile)

SciaRegsFile 
*          1    00007050    00000010     UNINITIALIZED
                  00007050    00000010     DSP2833x_GlobalVariableDefs.obj (SciaRegsFile)

XIntruptRegsFile 
*          1    00007070    00000010     UNINITIALIZED
                  00007070    00000010     DSP2833x_GlobalVariableDefs.obj (XIntruptRegsFile)

AdcRegsFile 
*          1    00007100    0000001e     UNINITIALIZED
                  00007100    0000001e     DSP2833x_GlobalVariableDefs.obj (AdcRegsFile)

ScibRegsFile 
*          1    00007750    00000010     UNINITIALIZED
                  00007750    00000010     DSP2833x_GlobalVariableDefs.obj (ScibRegsFile)

ScicRegsFile 
*          1    00007770    00000010     UNINITIALIZED
                  00007770    00000010     DSP2833x_GlobalVariableDefs.obj (ScicRegsFile)

I2caRegsFile 
*          1    00007900    00000022     UNINITIALIZED
                  00007900    00000022     DSP2833x_GlobalVariableDefs.obj (I2caRegsFile)

.ebss      1    0000c000    0000047e     UNINITIALIZED
                  0000c000    00000224     control.obj (.ebss)
                  0000c224    00000018     DSP2833x_CpuTimers.obj (.ebss)
                  0000c23c    00000004     rts2800_fpu32.lib : _lock.obj (.ebss)
                  0000c240    000000da     LED.obj (.ebss)
                  0000c31a    00000026     MPU6050.obj (.ebss)
                  0000c340    00000060     nrf24l01.obj (.ebss)
                  0000c3a0    00000016     MS5611.obj (.ebss)
                  0000c3b6    00000009     hardware_I2C.obj (.ebss)
                  0000c3bf    00000001     rts2800_fpu32.lib : errno.obj (.ebss)
                  0000c3c0    00000054     IMU.obj (.ebss)
                  0000c414    00000022     capture.obj (.ebss)
                  0000c436    00000004     rts2800_fpu32.lib : exit.obj (.ebss)
                  0000c43a    00000002     I2C.obj (.ebss)
                  0000c43c    00000004     --HOLE--
                  0000c440    0000003e     Data_Transfer.obj (.ebss)

.econst    1    0000c47e    0000011a     
                  0000c47e    00000100     DSP2833x_PieVect.obj (.econst)
                  0000c57e    00000008     rts2800_fpu32.lib : atan.obj (.econst:_a$1)
                  0000c586    00000008                       : atan2.obj (.econst:_a$1)
                  0000c58e    00000005     nrf24l01.obj (.econst:.string:_$P$T0$1)
                  0000c593    00000001     --HOLE-- [fill = 0]
                  0000c594    00000004     rts2800_fpu32.lib : asin.obj (.econst:_c$1)

CsmPwlFile 
*          1    0033fff8    00000008     UNINITIALIZED
                  0033fff8    00000008     DSP2833x_GlobalVariableDefs.obj (CsmPwlFile)


GLOBAL DATA SYMBOLS: SORTED BY DATA PAGE

address     data page           name
--------    ----------------    ----
00000400      10 (00000400)     __stack

00000880      22 (00000880)     _DevEmuRegs

00000a80      2a (00000a80)     _FlashRegs

00000ae0      2b (00000ac0)     _CsmRegs

00000b00      2c (00000b00)     _AdcMirror
00000b20      2c (00000b00)     _XintfRegs

00000c00      30 (00000c00)     _CpuTimer0Regs
00000c08      30 (00000c00)     _CpuTimer1Regs
00000c10      30 (00000c00)     _CpuTimer2Regs

00000ce0      33 (00000cc0)     _PieCtrlRegs

00000d00      34 (00000d00)     _PieVectTable

00001000      40 (00001000)     _DmaRegs

00005000     140 (00005000)     _McbspaRegs

00005040     141 (00005040)     _McbspbRegs

00006000     180 (00006000)     _ECanaRegs

00006040     181 (00006040)     _ECanaLAMRegs

00006080     182 (00006080)     _ECanaMOTSRegs

000060c0     183 (000060c0)     _ECanaMOTORegs

00006100     184 (00006100)     _ECanaMboxes

00006200     188 (00006200)     _ECanbRegs

00006240     189 (00006240)     _ECanbLAMRegs

00006280     18a (00006280)     _ECanbMOTSRegs

000062c0     18b (000062c0)     _ECanbMOTORegs

00006300     18c (00006300)     _ECanbMboxes

00006800     1a0 (00006800)     _EPwm1Regs

00006840     1a1 (00006840)     _EPwm2Regs

00006880     1a2 (00006880)     _EPwm3Regs

000068c0     1a3 (000068c0)     _EPwm4Regs

00006900     1a4 (00006900)     _EPwm5Regs

00006940     1a5 (00006940)     _EPwm6Regs

00006a00     1a8 (00006a00)     _ECap1Regs
00006a20     1a8 (00006a00)     _ECap2Regs

00006a40     1a9 (00006a40)     _ECap3Regs
00006a60     1a9 (00006a40)     _ECap4Regs

00006a80     1aa (00006a80)     _ECap5Regs
00006aa0     1aa (00006a80)     _ECap6Regs

00006b00     1ac (00006b00)     _EQep1Regs

00006b40     1ad (00006b40)     _EQep2Regs

00006f80     1be (00006f80)     _GpioCtrlRegs

00006fc0     1bf (00006fc0)     _GpioDataRegs
00006fe0     1bf (00006fc0)     _GpioIntRegs

00007010     1c0 (00007000)     _SysCtrlRegs

00007040     1c1 (00007040)     _SpiaRegs
00007050     1c1 (00007040)     _SciaRegs
00007070     1c1 (00007040)     _XIntruptRegs

00007100     1c4 (00007100)     _AdcRegs

00007750     1dd (00007740)     _ScibRegs
00007770     1dd (00007740)     _ScicRegs

00007900     1e4 (00007900)     _I2caRegs

0000c000     300 (0000c000)     _FLY_EN
0000c001     300 (0000c000)     _ct
0000c002     300 (0000c000)     _ThreeD_TMS
0000c003     300 (0000c000)     _ThreeD_EN
0000c004     300 (0000c000)     _maxx
0000c005     300 (0000c000)     _goback
0000c006     300 (0000c000)     _tt1
0000c007     300 (0000c000)     _GO_BACK_X_STR
0000c008     300 (0000c000)     _GO_BACK_Y_STR
0000c009     300 (0000c000)     _GO_BACK_X_CT
0000c00a     300 (0000c000)     _GO_BACK_Y_CT
0000c00b     300 (0000c000)     _Motion
0000c00c     300 (0000c000)     _tt2
0000c00d     300 (0000c000)     _Last_Motion
0000c00e     300 (0000c000)     _Motor4
0000c00f     300 (0000c000)     _Motor1_1
0000c010     300 (0000c000)     _Motor2
0000c011     300 (0000c000)     _Motor3
0000c012     300 (0000c000)     _Motor1
0000c013     300 (0000c000)     _yaw
0000c015     300 (0000c000)     _Motor3_1
0000c016     300 (0000c000)     _Motor4_1
0000c017     300 (0000c000)     _Motor2_1
0000c018     300 (0000c000)     _NOW_GO_BACK_X
0000c01a     300 (0000c000)     _Yaw_core_kp_out
0000c01c     300 (0000c000)     _t3
0000c01e     300 (0000c000)     _t1
0000c020     300 (0000c000)     _t2
0000c022     300 (0000c000)     _Roll_core_kd_out
0000c024     300 (0000c000)     _GO_BACK_X_VAL
0000c026     300 (0000c000)     _LAST_GO_BACK_Y
0000c028     300 (0000c000)     _NOW_GO_BACK_Y
0000c02a     300 (0000c000)     _LAST_GO_BACK_X
0000c02c     300 (0000c000)     _Exp_rate
0000c02e     300 (0000c000)     _Yaw_core_out
0000c030     300 (0000c000)     _Roll_core_out
0000c032     300 (0000c000)     _MPU6050_GYRO_LAST_X
0000c034     300 (0000c000)     _MPU6050_GYRO_LAST_Z
0000c036     300 (0000c000)     _MPU6050_GYRO_LAST_Y
0000c038     300 (0000c000)     _Gyro_radian_old_y
0000c03a     300 (0000c000)     _Gyro_radian_old_z
0000c03c     300 (0000c000)     _Yaw_core_ki_out
0000c03e     300 (0000c000)     _Pitch_core_out

0000c040     301 (0000c040)     _Yaw_core_kd_out
0000c042     301 (0000c040)     _Gyro_radian_old_x
0000c044     301 (0000c040)     _yaw_p
0000c046     301 (0000c040)     _yaw_d
0000c048     301 (0000c040)     _last_yaw_error
0000c04a     301 (0000c040)     _sum_gyr_x
0000c04c     301 (0000c040)     _yaw_error
0000c04e     301 (0000c040)     _last_gyr_x
0000c050     301 (0000c040)     _last_gyr_y
0000c052     301 (0000c040)     _turn_rate
0000c054     301 (0000c040)     _exp_yaw
0000c056     301 (0000c040)     _yaw_tmp
0000c058     301 (0000c040)     _sum_gyr_y
0000c05a     301 (0000c040)     _avg_exp_x
0000c05c     301 (0000c040)     _avg_exp_y
0000c05e     301 (0000c040)     _yaw_dt
0000c060     301 (0000c040)     _PI_MAX
0000c062     301 (0000c040)     _RI_MAX
0000c064     301 (0000c040)     _now_exp_y
0000c066     301 (0000c040)     _turn
0000c068     301 (0000c040)     _now_exp_x
0000c06a     301 (0000c040)     _last_exp_x
0000c06c     301 (0000c040)     _last_exp_y
0000c06e     301 (0000c040)     _RC_Yaw
0000c070     301 (0000c040)     _Pitch_i
0000c072     301 (0000c040)     _RC_Roll
0000c074     301 (0000c040)     _D2
0000c076     301 (0000c040)     _RC_Pitch
0000c078     301 (0000c040)     _Dynamic_PID_rate
0000c07a     301 (0000c040)     _Roll_shell_kp
0000c07c     301 (0000c040)     _Roll_shell_ki
0000c07e     301 (0000c040)     _Pitch_shell_ki

0000c080     302 (0000c080)     _Yaw_i
0000c082     302 (0000c080)     _Pitch_shell_kp
0000c084     302 (0000c080)     _YAW_INIT
0000c086     302 (0000c080)     _Pitch
0000c088     302 (0000c080)     _EXP_YAW
0000c08a     302 (0000c080)     _Roll_i
0000c08c     302 (0000c080)     _pitch
0000c08e     302 (0000c080)     _Yaw
0000c090     302 (0000c080)     _roll
0000c092     302 (0000c080)     _Yaw_core_kp
0000c094     302 (0000c080)     _Roll_core_kd
0000c096     302 (0000c080)     _Yaw_core_kd
0000c098     302 (0000c080)     _Roll_core_kp
0000c09a     302 (0000c080)     _Pitch_core_kd
0000c09c     302 (0000c080)     _Yaw_core_ki
0000c09e     302 (0000c080)     _Roll_core_kp_out
0000c0a0     302 (0000c080)     _pitch_core_kd_out
0000c0a2     302 (0000c080)     _GO_BACK_Y_VAL
0000c0a4     302 (0000c080)     _pitch_core_kp_out
0000c0a6     302 (0000c080)     _Roll_core_ki
0000c0a8     302 (0000c080)     _Roll_core_ki_out
0000c0aa     302 (0000c080)     _pitch_core_ki_out
0000c0ac     302 (0000c080)     _Yaw_shell_ki
0000c0ae     302 (0000c080)     _Yaw_shell_kp
0000c0b0     302 (0000c080)     _Roll_shell_out
0000c0b2     302 (0000c080)     _Pitch_shell_ki_out
0000c0b4     302 (0000c080)     _Roll_shell_ki_out
0000c0b6     302 (0000c080)     _Pitch_core_ki
0000c0b8     302 (0000c080)     _Roll
0000c0ba     302 (0000c080)     _Yaw_shell_out
0000c0bc     302 (0000c080)     _Pitch_core_kp
0000c0be     302 (0000c080)     _Pitch_shell_out

0000c0c0     303 (0000c0c0)     _GYR_OFFSET
0000c0c3     303 (0000c0c0)     _GYR_CTR
0000c0c6     303 (0000c0c0)     _ACC
0000c0c9     303 (0000c0c0)     _GYR_RATE
0000c0cc     303 (0000c0c0)     _ACC_OFFSET
0000c0cf     303 (0000c0c0)     _ACC_AVG
0000c0d2     303 (0000c0c0)     _GYR
0000c0d5     303 (0000c0c0)     _HMC
0000c0d8     303 (0000c0c0)     _COMD
0000c0dc     303 (0000c0c0)     _GYR_F_RATE
0000c0e2     303 (0000c0c0)     _Current_ERROR
0000c0e8     303 (0000c0c0)     _GYR_F
0000c0ee     303 (0000c0c0)     _GYR_F_AVG
0000c0f4     303 (0000c0c0)     _EXP_THTA

0000c100     304 (0000c100)     _EXP_PID
0000c10c     304 (0000c100)     _YAW_PID
0000c118     304 (0000c100)     _PID_DATA

0000c140     305 (0000c140)     _EXP_BUF_y

0000c1c0     307 (0000c1c0)     _EXP_BUF_x

0000c224     308 (0000c200)     _CpuTimer1
0000c22c     308 (0000c200)     _CpuTimer2
0000c234     308 (0000c200)     _CpuTimer0
0000c23c     308 (0000c200)     __unlock
0000c23e     308 (0000c200)     __lock

0000c240     309 (0000c240)     _T_Z1
0000c241     309 (0000c240)     _temp
0000c242     309 (0000c240)     _T_Y1
0000c243     309 (0000c240)     _k1
0000c244     309 (0000c240)     _k
0000c245     309 (0000c240)     _T_Y
0000c246     309 (0000c240)     _T_X
0000c247     309 (0000c240)     _T_Z
0000c248     309 (0000c240)     _T_X1
0000c249     309 (0000c240)     _T_T
0000c24a     309 (0000c240)     _k2
0000c24b     309 (0000c240)     _YAW_Z
0000c24c     309 (0000c240)     _YAW_Y
0000c24d     309 (0000c240)     _YAW_INIT_X
0000c24e     309 (0000c240)     _YAW_INIT_Z
0000c24f     309 (0000c240)     _YAW_INIT_Y
0000c250     309 (0000c240)     _sign
0000c251     309 (0000c240)     _check
0000c252     309 (0000c240)     _b1
0000c253     309 (0000c240)     _YAW_X
0000c254     309 (0000c240)     _s
0000c255     309 (0000c240)     _temp_out
0000c256     309 (0000c240)     _iii
0000c257     309 (0000c240)     _jj
0000c258     309 (0000c240)     _pwm_num3
0000c25a     309 (0000c240)     _buf_test1
0000c25c     309 (0000c240)     _YAW_AVG_X
0000c25e     309 (0000c240)     _pwm_num1
0000c260     309 (0000c240)     _pwm_num2
0000c262     309 (0000c240)     _YAW_Angle
0000c264     309 (0000c240)     _YAW_AVG_Y
0000c266     309 (0000c240)     _YAW_AVG_Z
0000c268     309 (0000c240)     _BUF_send2
0000c26e     309 (0000c240)     _BUF_send1
0000c274     309 (0000c240)     _TX_DATA

0000c280     30a (0000c280)     _readdata0
0000c289     30a (0000c280)     _BUF_1
0000c293     30a (0000c280)     _buf_test
0000c29d     30a (0000c280)     _BUF_recv

0000c2c0     30b (0000c2c0)     _BUF_recv1
0000c2d2     30b (0000c2c0)     _BUF
0000c2e6     30b (0000c2c0)     _BUF1

0000c300     30c (0000c300)     _BUF_send
0000c31a     30c (0000c300)     _last_ACC
0000c31e     30c (0000c300)     _gyr_offset_f
0000c324     30c (0000c300)     _mpu6050_buffer
0000c332     30c (0000c300)     _mpu6050buffer

0000c340     30d (0000c340)     _sta
0000c341     30d (0000c340)     _rdata
0000c342     30d (0000c340)     _FF1
0000c343     30d (0000c340)     _num1
0000c344     30d (0000c340)     _b
0000c345     30d (0000c340)     _e
0000c346     30d (0000c340)     _num
0000c347     30d (0000c340)     _a
0000c348     30d (0000c340)     _sta1
0000c349     30d (0000c340)     _d
0000c34a     30d (0000c340)     _c
0000c34b     30d (0000c340)     _DYN
0000c34c     30d (0000c340)     _VAL
0000c34d     30d (0000c340)     _sss
0000c34e     30d (0000c340)     _TX_ADDRESS
0000c353     30d (0000c340)     _buf
0000c358     30d (0000c340)     _RX_ADDRESS
0000c35d     30d (0000c340)     _buf1

0000c380     30e (0000c380)     _tmp_buf2
0000c3a0     30e (0000c380)     _c3
0000c3a1     30e (0000c380)     _c2
0000c3a2     30e (0000c380)     _c5
0000c3a3     30e (0000c380)     _c6
0000c3a4     30e (0000c380)     _c1
0000c3a5     30e (0000c380)     _c4
0000c3a6     30e (0000c380)     _cc
0000c3a8     30e (0000c380)     _dd
0000c3aa     30e (0000c380)     _p
0000c3ac     30e (0000c380)     _pressureAlt
0000c3ae     30e (0000c380)     _d1
0000c3b0     30e (0000c380)     _d2
0000c3b2     30e (0000c380)     _dT
0000c3b6     30e (0000c380)     _readdata
0000c3bf     30e (0000c380)     _errno

0000c3c2     30f (0000c3c0)     _q3
0000c3c4     30f (0000c3c0)     _twoKp
0000c3c6     30f (0000c3c0)     _q0
0000c3c8     30f (0000c3c0)     _q2
0000c3ca     30f (0000c3c0)     _q1
0000c3cc     30f (0000c3c0)     _integralFBx
0000c3ce     30f (0000c3c0)     _integralFBy
0000c3d0     30f (0000c3c0)     _twoKi
0000c3d2     30f (0000c3c0)     _dt
0000c3d4     30f (0000c3c0)     _integralFBz
0000c3d6     30f (0000c3c0)     _ACC_Y_BUF
0000c3e0     30f (0000c3c0)     _ACC_X_BUF
0000c3ea     30f (0000c3c0)     _ACC_Z_BUF
0000c3f4     30f (0000c3c0)     _YAW_Y_BUF

0000c400     310 (0000c400)     _YAW_X_BUF
0000c40a     310 (0000c400)     _YAW_Z_BUF
0000c414     310 (0000c400)     _WARNING
0000c416     310 (0000c400)     _Time3on
0000c418     310 (0000c400)     _Time3off
0000c41a     310 (0000c400)     _Time2on
0000c41c     310 (0000c400)     _Time2off
0000c41e     310 (0000c400)     _Time5on
0000c420     310 (0000c400)     _Time5off
0000c422     310 (0000c400)     _Time4on
0000c424     310 (0000c400)     _Time4off
0000c426     310 (0000c400)     _T2
0000c428     310 (0000c400)     _T1
0000c42a     310 (0000c400)     _T4
0000c42c     310 (0000c400)     _T3
0000c42e     310 (0000c400)     _Time1on
0000c430     310 (0000c400)     _Time1off
0000c432     310 (0000c400)     _Time6off
0000c434     310 (0000c400)     _Time6on
0000c436     310 (0000c400)     ___TI_cleanup_ptr
0000c438     310 (0000c400)     ___TI_dtors_ptr
0000c43a     310 (0000c400)     _test
0000c43b     310 (0000c400)     _CY

0000c440     311 (0000c440)     _Send_PID3
0000c441     311 (0000c440)     _Send_PID4
0000c442     311 (0000c440)     _Send_PID1
0000c443     311 (0000c440)     _Send_PID6
0000c444     311 (0000c440)     _Send_MotoPwm
0000c445     311 (0000c440)     _Send_PID2
0000c446     311 (0000c440)     _Send_Status
0000c447     311 (0000c440)     _Data_Check
0000c448     311 (0000c440)     _Send_Senser
0000c449     311 (0000c440)     _Send_Offset
0000c44a     311 (0000c440)     _Send_RCData
0000c44b     311 (0000c440)     _Send_PID5
0000c44c     311 (0000c440)     _data_to_send
0000c47e     311 (0000c440)     _PieVectTableInit

0033fff8    cfff (0033ffc0)     _CsmPwl


GLOBAL SYMBOLS: SORTED ALPHABETICALLY BY Name 

address    name
--------   ----
00008000   .text
0000b17d   C$$EXIT
0000abdc   FS$$DIV
0000b098   FS$$TOLL
0000b0e1   I$$DIV
0000b0f2   I$$MOD
0000b020   L$$DIV
0000b02f   L$$MOD
0000b1ac   LL$$MPY
0000b144   LL$$TOFS
0000b03d   UL$$DIV
0000b044   UL$$MOD
0000c0c6   _ACC
0000c0cf   _ACC_AVG
0000c0cc   _ACC_OFFSET
00008a41   _ACC_SMOOTH
0000c3e0   _ACC_X_BUF
0000c3d6   _ACC_Y_BUF
0000c3ea   _ACC_Z_BUF
000092e5   _ADCINT_ISR
00380080   _ADC_cal
00009197   _ADXL345_Get_Angle
00000b00   _AdcMirror
00007100   _AdcRegs
0000c2d2   _BUF
0000c2e6   _BUF1
0000c289   _BUF_1
0000c29d   _BUF_recv
0000c2c0   _BUF_recv1
0000c300   _BUF_send
0000c26e   _BUF_send1
0000c268   _BUF_send2
0000c0d8   _COMD
000084aa   _CRASH_LANDING
0000c43b   _CY
0000aca5   _ConfigCpuTimer
0000c234   _CpuTimer0
00000c00   _CpuTimer0Regs
0000c224   _CpuTimer1
00000c08   _CpuTimer1Regs
0000c22c   _CpuTimer2
00000c10   _CpuTimer2Regs
0033fff8   _CsmPwl
00000ae0   _CsmRegs
0000a7e4   _CsmUnlock
0000c0e2   _Current_ERROR
0000c074   _D2
00009213   _DATALOG_ISR
0000a39d   _DATA_printf
00009407   _DINTCH1_ISR
00009411   _DINTCH2_ISR
0000941b   _DINTCH3_ISR
00009425   _DINTCH4_ISR
0000942f   _DINTCH5_ISR
00009439   _DINTCH6_ISR
0000b601   _DSP28x_usDelay
0000c34b   _DYN
0000c447   _Data_Check
00009b35   _Data_Send_Senser
00009a5a   _Data_Send_Status
0000a4bc   _Delay
0000a4c5   _Delayms
00000880   _DevEmuRegs
0000a735   _DisableDog
00001000   _DmaRegs
0000c078   _Dynamic_PID_rate
00009493   _ECAN0INTA_ISR
000094a7   _ECAN0INTB_ISR
0000949d   _ECAN1INTA_ISR
000094b1   _ECAN1INTB_ISR
0000937b   _ECAP1_INT_ISR
00009385   _ECAP2_INT_ISR
0000938f   _ECAP3_INT_ISR
00009399   _ECAP4_INT_ISR
000093a3   _ECAP5_INT_ISR
000093ad   _ECAP6_INT_ISR
00006040   _ECanaLAMRegs
000060c0   _ECanaMOTORegs
00006080   _ECanaMOTSRegs
00006100   _ECanaMboxes
00006000   _ECanaRegs
00006240   _ECanbLAMRegs
000062c0   _ECanbMOTORegs
00006280   _ECanbMOTSRegs
00006300   _ECanbMboxes
00006200   _ECanbRegs
00006a00   _ECap1Regs
00006a20   _ECap2Regs
00006a40   _ECap3Regs
00006a60   _ECap4Regs
00006a80   _ECap5Regs
00006aa0   _ECap6Regs
00009501   _EMPTY_ISR
00009227   _EMUINT_ISR
0000933f   _EPWM1_INT_ISR
00009303   _EPWM1_TZINT_ISR
00009349   _EPWM2_INT_ISR
0000930d   _EPWM2_TZINT_ISR
00009353   _EPWM3_INT_ISR
00009317   _EPWM3_TZINT_ISR
0000935d   _EPWM4_INT_ISR
00009321   _EPWM4_TZINT_ISR
00009367   _EPWM5_INT_ISR
0000932b   _EPWM5_TZINT_ISR
00009371   _EPWM6_INT_ISR
00009335   _EPWM6_TZINT_ISR
00006800   _EPwm1Regs
00006840   _EPwm2Regs
00006880   _EPwm3Regs
000068c0   _EPwm4Regs
00006900   _EPwm5Regs
00006940   _EPwm6Regs
000093b7   _EQEP1_INT_ISR
000093c1   _EQEP2_INT_ISR
00006b00   _EQep1Regs
00006b40   _EQep2Regs
0000c1c0   _EXP_BUF_x
0000c140   _EXP_BUF_y
0000c100   _EXP_PID
000080b0   _EXP_SMOOTH
0000c0f4   _EXP_THTA
0000c088   _EXP_YAW
0000b069   _EnableInterrupts
0000c02c   _Exp_rate
0000c342   _FF1
0000c000   _FLY_EN
00000a80   _FlashRegs
0000c009   _GO_BACK_X_CT
0000c007   _GO_BACK_X_STR
0000c024   _GO_BACK_X_VAL
0000c00a   _GO_BACK_Y_CT
0000c008   _GO_BACK_Y_STR
0000c0a2   _GO_BACK_Y_VAL
0000a096   _GPIO_Conf_SPI
0000a4db   _GPIO_Configuration
0000c0d2   _GYR
0000c0c3   _GYR_CTR
0000c0e8   _GYR_F
0000c0ee   _GYR_F_AVG
0000c0dc   _GYR_F_RATE
0000c0c0   _GYR_OFFSET
0000c0c9   _GYR_RATE
000096c6   _Get_OFFSET
00009756   _Get_YAW_INIT
00006f80   _GpioCtrlRegs
00006fc0   _GpioDataRegs
00006fe0   _GpioIntRegs
0000c042   _Gyro_radian_old_x
0000c038   _Gyro_radian_old_y
0000c03a   _Gyro_radian_old_z
0000c0d5   _HMC
00009443   _I2CINT1A_ISR
0000944d   _I2CINT2A_ISR
0000a3ef   _I2C_delay
0000a2b4   _I2C_rrdy
0000a2ab   _I2C_xrdy
00007900   _I2caRegs
000095d5   _IICwriteBit
000095f6   _IICwriteBits
0000923b   _ILLEGAL_ISR
000091ff   _INT13_ISR
00009209   _INT14_ISR
0000a618   _ISRExint1
0000a4ed   _ISRTimer0
0000ac64   _InitCpuTimers
0000ae2e   _InitECap
0000ae3c   _InitECap1Gpio
0000ae4a   _InitECap2Gpio
0000ae58   _InitECap3Gpio
0000ae66   _InitECap4Gpio
0000ae74   _InitECap5Gpio
0000ae82   _InitECap6Gpio
0000ae2f   _InitECapGpio
0000a815   _InitECapture1
0000a83d   _InitECapture2
0000a865   _InitECapture3
0000a88d   _InitECapture4
0000a8b5   _InitECapture5
0000a8dd   _InitECapture6
0000ab3b   _InitEPwm
0000aa94   _InitEPwm1Example
0000ab49   _InitEPwm1Gpio
0000aac4   _InitEPwm2Example
0000ab5b   _InitEPwm2Gpio
0000ab6d   _InitEPwm3Gpio
0000ab81   _InitEPwm4Gpio
0000ab95   _InitEPwm5Gpio
0000aba7   _InitEPwm6Gpio
0000ab3c   _InitEPwmGpio
0000abb9   _InitEPwmSyncGpio
0000b5e6   _InitFlash
0000b072   _InitI2C
0000b082   _InitI2CGpio
0000a789   _InitPeripheralClocks
0000b04a   _InitPieCtrl
0000b124   _InitPieVectTable
0000a73d   _InitPll
0000af80   _InitSci
0000af81   _InitSciGpio
0000a46a   _InitSci_cGpio
0000af84   _InitSciaGpio
0000af99   _InitScibGpio
0000afad   _InitScicGpio
0000aff4   _InitSpi
0000aff5   _InitSpiGpio
0000aff8   _InitSpiaGpio
0000a722   _InitSysCtrl
0000abcd   _InitTzGpio
0000a62c   _InitXintf
0000a6c8   _InitXintf16Gpio
0000a681   _InitXintf32Gpio
00009802   _Init_MPU6050
0000c02a   _LAST_GO_BACK_X
0000c026   _LAST_GO_BACK_Y
000094f7   _LUF_ISR
000094ed   _LVF_ISR
0000c00d   _Last_Motion
000084c3   _Limit_amplitude
00009522   _MPU6050_CONVENT
00009575   _MPU6050_CONVENT1
0000c032   _MPU6050_GYRO_LAST_X
0000c036   _MPU6050_GYRO_LAST_Y
0000c034   _MPU6050_GYRO_LAST_Z
00009680   _MPU6050_INIT
000095cd   _MPU6050_READ
0000962b   _MPU6050_setClockSource
0000966a   _MPU6050_setDLPF
00009641   _MPU6050_setFullScaleAccelRange
00009636   _MPU6050_setFullScaleGyroRange
00009660   _MPU6050_setI2CBypassEnabled
00009656   _MPU6050_setI2CMasterModeEnabled
00009675   _MPU6050_setRATE
0000964c   _MPU6050_setSleepEnabled
000093f3   _MRINTA_ISR
000093df   _MRINTB_ISR
00009df1   _MS5611_init
000093fd   _MXINTA_ISR
000093e9   _MXINTB_ISR
00008dc1   _MahonyAHRSupdate
00008b45   _MahonyIMUupdate
00005000   _McbspaRegs
00005040   _McbspbRegs
0000c00b   _Motion
0000c012   _Motor1
0000c00f   _Motor1_1
0000c010   _Motor2
0000c017   _Motor2_1
0000c011   _Motor3
0000c015   _Motor3_1
0000c00e   _Motor4
0000c016   _Motor4_1
00009231   _NMI_ISR
0000c018   _NOW_GO_BACK_X
0000c028   _NOW_GO_BACK_Y
0000a1fe   _NRF24L01_Check
0000a0b2   _NRF24L01_Init
0000a18e   _NRF24L01_RX_Mode
0000a0fe   _NRF24L01_Read_Buf
0000a0ee   _NRF24L01_Read_Reg
0000a12e   _NRF24L01_RxPacket
0000a1c1   _NRF24L01_TX_Mode
0000a156   _NRF24L01_TxPacket
0000a119   _NRF24L01_Write_Buf
0000a0e0   _NRF24L01_Write_Reg
0000c118   _PID_DATA
00008000   _PID_INIT
0000950e   _PIE_RESERVED
0000c060   _PI_MAX
0000ab0b   _PWM_CH1
0000ab17   _PWM_CH2
0000ab23   _PWM_CH3
0000ab2f   _PWM_CH4
00000ce0   _PieCtrlRegs
00000d00   _PieVectTable
0000c47e   _PieVectTableInit
0000c086   _Pitch
0000c09a   _Pitch_core_kd
0000c0b6   _Pitch_core_ki
0000c0bc   _Pitch_core_kp
0000c03e   _Pitch_core_out
0000c070   _Pitch_i
0000c07e   _Pitch_shell_ki
0000c0b2   _Pitch_shell_ki_out
0000c082   _Pitch_shell_kp
0000c0be   _Pitch_shell_out
0000c076   _RC_Pitch
0000c072   _RC_Roll
0000c06e   _RC_Yaw
00008111   _READ_CONTROL_COMMAND
0000c062   _RI_MAX
0000921d   _RTOSINT_ISR
0000c358   _RX_ADDRESS
0000a253   _ReadData
000084ea   _Refresh_Or_STOP_MOTOR
0000c0b8   _Roll
0000c094   _Roll_core_kd
0000c022   _Roll_core_kd_out
0000c0a6   _Roll_core_ki
0000c0a8   _Roll_core_ki_out
0000c098   _Roll_core_kp
0000c09e   _Roll_core_kp_out
0000c030   _Roll_core_out
0000c08a   _Roll_i
0000c07c   _Roll_shell_ki
0000c0b4   _Roll_shell_ki_out
0000c07a   _Roll_shell_kp
0000c0b0   _Roll_shell_out
0000946b   _SCIRXINTA_ISR
0000947f   _SCIRXINTB_ISR
00009457   _SCIRXINTC_ISR
00009475   _SCITXINTA_ISR
00009489   _SCITXINTB_ISR
00009461   _SCITXINTC_ISR
000092bd   _SEQ1INT_ISR
000092c7   _SEQ2INT_ISR
000093cb   _SPIRXINTA_ISR
000093d5   _SPITXINTA_ISR
0000a0c4   _SPI_ReadWriteByte
000082af   _STABLE_WITH_PID
00007050   _SciaRegs
00007750   _ScibRegs
00007770   _ScicRegs
0000c444   _Send_MotoPwm
0000c449   _Send_Offset
0000c442   _Send_PID1
0000c445   _Send_PID2
0000c440   _Send_PID3
0000c441   _Send_PID4
0000c44b   _Send_PID5
0000c443   _Send_PID6
0000c44a   _Send_RCData
0000c448   _Send_Senser
0000c446   _Send_Status
000097ca   _Send_data
000097e8   _Send_msg
0000a72b   _ServiceDog
00007040   _SpiaRegs
00007010   _SysCtrlRegs
0000c428   _T1
0000c426   _T2
0000c42c   _T3
0000c42a   _T4
000092ef   _TINT0_ISR
0000c34e   _TX_ADDRESS
0000c274   _TX_DATA
0000c249   _T_T
0000c246   _T_X
0000c248   _T_X1
0000c245   _T_Y
0000c242   _T_Y1
0000c247   _T_Z
0000c240   _T_Z1
0000c003   _ThreeD_EN
0000c002   _ThreeD_TMS
0000c430   _Time1off
0000c42e   _Time1on
0000c41c   _Time2off
0000c41a   _Time2on
0000c418   _Time3off
0000c416   _Time3on
0000c424   _Time4off
0000c422   _Time4on
0000c420   _Time5off
0000c41e   _Time5on
0000c432   _Time6off
0000c434   _Time6on
0000929f   _USER10_ISR
000092a9   _USER11_ISR
000092b3   _USER12_ISR
00009245   _USER1_ISR
0000924f   _USER2_ISR
00009259   _USER3_ISR
00009263   _USER4_ISR
0000926d   _USER5_ISR
00009277   _USER6_ISR
00009281   _USER7_ISR
0000928b   _USER8_ISR
00009295   _USER9_ISR
0000a454   _Uart1_Put_Buf
0000c34c   _VAL
000092f9   _WAKEINT_ISR
0000c414   _WARNING
0000a22a   _WriteData
000092d1   _XINT1_ISR
000092db   _XINT2_ISR
000094bb   _XINT3_ISR
000094c5   _XINT4_ISR
000094cf   _XINT5_ISR
000094d9   _XINT6_ISR
000094e3   _XINT7_ISR
00007070   _XIntruptRegs
00000b20   _XintfRegs
0000c25c   _YAW_AVG_X
0000c264   _YAW_AVG_Y
0000c266   _YAW_AVG_Z
0000c262   _YAW_Angle
0000c084   _YAW_INIT
0000c24d   _YAW_INIT_X
0000c24f   _YAW_INIT_Y
0000c24e   _YAW_INIT_Z
0000c10c   _YAW_PID
00008af1   _YAW_SMOOTH
0000c253   _YAW_X
0000c400   _YAW_X_BUF
0000c24c   _YAW_Y
0000c3f4   _YAW_Y_BUF
0000c24b   _YAW_Z
0000c40a   _YAW_Z_BUF
0000c08e   _Yaw
0000c096   _Yaw_core_kd
0000c040   _Yaw_core_kd_out
0000c09c   _Yaw_core_ki
0000c03c   _Yaw_core_ki_out
0000c092   _Yaw_core_kp
0000c01a   _Yaw_core_kp_out
0000c02e   _Yaw_core_out
0000c080   _Yaw_i
0000c0ac   _Yaw_shell_ki
0000c0ae   _Yaw_shell_kp
0000c0ba   _Yaw_shell_out
000007e8   __STACK_END
000003e8   __STACK_SIZE
00000001   __TI_args_main
0000c436   ___TI_cleanup_ptr
0000c438   ___TI_dtors_ptr
ffffffff   ___binit__
ffffffff   ___c_args__
0000b1d1   ___cinit__
0000b1d1   ___etext__
0000b103   ___memcpy_ff
ffffffff   ___pinit__
00008000   ___text__
0000b164   __args_main
0000c23e   __lock
0000aeea   __log
0000b1c8   __nop
0000b1c4   __register_lock
0000b1c0   __register_unlock
00000400   __stack
0000c23c   __unlock
0000c347   _a
0000b17d   _abort
0000ace0   _asin
0000ad57   _atan
0000a9d0   _atan2
0000c05a   _avg_exp_x
0000c05c   _avg_exp_y
0000c344   _b
0000c252   _b1
0000c353   _buf
0000c35d   _buf1
0000c293   _buf_test
0000c25a   _buf_test1
0000c34a   _c
0000c3a4   _c1
0000c3a1   _c2
0000c3a0   _c3
0000c3a5   _c4
0000c3a2   _c5
0000c3a3   _c6
0000af3a   _c_int00
00009d14   _calculatePressureAltitude
00009cd8   _calculateTemperature
0000c3a6   _cc
0000c251   _check
0000992c   _configexgpio
000098c9   _configtestled
00008517   _control
00008689   _control1
00008708   _control2
0000c001   _ct
0000c349   _d
0000c3ae   _d1
0000c3b0   _d2
0000c3b2   _dT
00009946   _data_buf
0000c44c   _data_to_send
0000c3a8   _dd
0000a06d   _delay
0000a403   _delay14ms
0000a3f9   _delay5ms
0000a05d   _delay_loop
0000c3d2   _dt
0000c345   _e
0000a905   _ecap1_isr
0000a924   _ecap2_isr
0000a943   _ecap3_isr
0000a962   _ecap4_isr
0000a981   _ecap5_isr
0000a9b1   _ecap6_isr
0000c3bf   _errno
0000a07b   _error
0000b17f   _exit
0000adc6   _exp
0000c054   _exp_yaw
0000b196   _frexp
0000c005   _goback
0000c31e   _gyr_offset_f
0000a2e0   _hw_Single_MS5611_Write
0000a2bd   _hw_Single_Write
0000a2fc   _hw_i2cRead
0000a34e   _hw_i2cRead_Single
0000c256   _iii
0000c3cc   _integralFBx
0000c3ce   _integralFBy
0000c3d4   _integralFBz
0000a033   _invSqrt
0000c257   _jj
0000c244   _k
0000c243   _k1
0000c24a   _k2
0000c31a   _last_ACC
0000c06a   _last_exp_x
0000c06c   _last_exp_y
0000c04e   _last_gyr_x
0000c050   _last_gyr_y
0000c048   _last_yaw_error
0000afc3   _ldexp
0000a08a   _led_init
0000983a   _main
0000c004   _maxx
0000c324   _mpu6050_buffer
0000c332   _mpu6050buffer
00009ec5   _mx_sin
00009e67   _my_abs
00009fe6   _my_asin
00009f4a   _my_cos
00009e71   _my_pow
00009f24   _my_sin
00009e7a   _my_sqrt
0000c068   _now_exp_x
0000c064   _now_exp_y
0000c346   _num
0000c343   _num1
0000c3aa   _p
0000c08c   _pitch
0000c0a0   _pitch_core_kd_out
0000c0aa   _pitch_core_ki_out
0000c0a4   _pitch_core_kp_out
0000ae90   _pow
0000c3ac   _pressureAlt
0000aaf4   _pwm_init
0000c25e   _pwm_num1
0000c260   _pwm_num2
0000c258   _pwm_num3
0000c3c6   _q0
0000c3ca   _q1
0000c3c8   _q2
0000c3c2   _q3
0000c341   _rdata
00009c8c   _readPressureRequestPressure
00009cb1   _readPressureRequestTemperature
00009c65   _readTemperatureRequestPressure
000098e9   _read_back
0000c3b6   _readdata
0000c280   _readdata0
0000c090   _roll
00009518   _rsvd_ISR
0000c254   _s
0000a422   _scib_echoback_init
0000a465   _scib_fifo_init
0000a43f   _scib_msg
0000a435   _scib_xmit
0000a488   _scic_echoback_init
0000a480   _scic_fifo_init
0000a4a7   _scic_msg
0000a49b   _scic_xmit
0000c250   _sign
0000a0aa   _spi_fifo_init
0000a07d   _spi_init
0000a0bd   _spi_xmit
0000b0be   _sqrt
0000c34d   _sss
0000c340   _sta
0000c348   _sta1
0000c04a   _sum_gyr_x
0000c058   _sum_gyr_y
0000c01e   _t1
0000c020   _t2
0000c01c   _t3
0000c241   _temp
0000c255   _temp_out
0000c43a   _test
0000c380   _tmp_buf2
0000c006   _tt1
0000c00c   _tt2
0000c066   _turn
0000c052   _turn_rate
0000c3d0   _twoKi
0000c3c4   _twoKp
00009f7b   _xatan
00009fad   _yatan
0000c013   _yaw
0000c046   _yaw_d
0000c05e   _yaw_dt
0000c04c   _yaw_error
0000c044   _yaw_p
0000c056   _yaw_tmp
ffffffff   binit
0000b1d1   cinit
00000000   code_start
0000b1d1   etext
ffffffff   pinit


GLOBAL SYMBOLS: SORTED BY Symbol Address 

address    name
--------   ----
00000000   code_start
00000001   __TI_args_main
000003e8   __STACK_SIZE
00000400   __stack
000007e8   __STACK_END
00000880   _DevEmuRegs
00000a80   _FlashRegs
00000ae0   _CsmRegs
00000b00   _AdcMirror
00000b20   _XintfRegs
00000c00   _CpuTimer0Regs
00000c08   _CpuTimer1Regs
00000c10   _CpuTimer2Regs
00000ce0   _PieCtrlRegs
00000d00   _PieVectTable
00001000   _DmaRegs
00005000   _McbspaRegs
00005040   _McbspbRegs
00006000   _ECanaRegs
00006040   _ECanaLAMRegs
00006080   _ECanaMOTSRegs
000060c0   _ECanaMOTORegs
00006100   _ECanaMboxes
00006200   _ECanbRegs
00006240   _ECanbLAMRegs
00006280   _ECanbMOTSRegs
000062c0   _ECanbMOTORegs
00006300   _ECanbMboxes
00006800   _EPwm1Regs
00006840   _EPwm2Regs
00006880   _EPwm3Regs
000068c0   _EPwm4Regs
00006900   _EPwm5Regs
00006940   _EPwm6Regs
00006a00   _ECap1Regs
00006a20   _ECap2Regs
00006a40   _ECap3Regs
00006a60   _ECap4Regs
00006a80   _ECap5Regs
00006aa0   _ECap6Regs
00006b00   _EQep1Regs
00006b40   _EQep2Regs
00006f80   _GpioCtrlRegs
00006fc0   _GpioDataRegs
00006fe0   _GpioIntRegs
00007010   _SysCtrlRegs
00007040   _SpiaRegs
00007050   _SciaRegs
00007070   _XIntruptRegs
00007100   _AdcRegs
00007750   _ScibRegs
00007770   _ScicRegs
00007900   _I2caRegs
00008000   .text
00008000   _PID_INIT
00008000   ___text__
000080b0   _EXP_SMOOTH
00008111   _READ_CONTROL_COMMAND
000082af   _STABLE_WITH_PID
000084aa   _CRASH_LANDING
000084c3   _Limit_amplitude
000084ea   _Refresh_Or_STOP_MOTOR
00008517   _control
00008689   _control1
00008708   _control2
00008a41   _ACC_SMOOTH
00008af1   _YAW_SMOOTH
00008b45   _MahonyIMUupdate
00008dc1   _MahonyAHRSupdate
00009197   _ADXL345_Get_Angle
000091ff   _INT13_ISR
00009209   _INT14_ISR
00009213   _DATALOG_ISR
0000921d   _RTOSINT_ISR
00009227   _EMUINT_ISR
00009231   _NMI_ISR
0000923b   _ILLEGAL_ISR
00009245   _USER1_ISR
0000924f   _USER2_ISR
00009259   _USER3_ISR
00009263   _USER4_ISR
0000926d   _USER5_ISR
00009277   _USER6_ISR
00009281   _USER7_ISR
0000928b   _USER8_ISR
00009295   _USER9_ISR
0000929f   _USER10_ISR
000092a9   _USER11_ISR
000092b3   _USER12_ISR
000092bd   _SEQ1INT_ISR
000092c7   _SEQ2INT_ISR
000092d1   _XINT1_ISR
000092db   _XINT2_ISR
000092e5   _ADCINT_ISR
000092ef   _TINT0_ISR
000092f9   _WAKEINT_ISR
00009303   _EPWM1_TZINT_ISR
0000930d   _EPWM2_TZINT_ISR
00009317   _EPWM3_TZINT_ISR
00009321   _EPWM4_TZINT_ISR
0000932b   _EPWM5_TZINT_ISR
00009335   _EPWM6_TZINT_ISR
0000933f   _EPWM1_INT_ISR
00009349   _EPWM2_INT_ISR
00009353   _EPWM3_INT_ISR
0000935d   _EPWM4_INT_ISR
00009367   _EPWM5_INT_ISR
00009371   _EPWM6_INT_ISR
0000937b   _ECAP1_INT_ISR
00009385   _ECAP2_INT_ISR
0000938f   _ECAP3_INT_ISR
00009399   _ECAP4_INT_ISR
000093a3   _ECAP5_INT_ISR
000093ad   _ECAP6_INT_ISR
000093b7   _EQEP1_INT_ISR
000093c1   _EQEP2_INT_ISR
000093cb   _SPIRXINTA_ISR
000093d5   _SPITXINTA_ISR
000093df   _MRINTB_ISR
000093e9   _MXINTB_ISR
000093f3   _MRINTA_ISR
000093fd   _MXINTA_ISR
00009407   _DINTCH1_ISR
00009411   _DINTCH2_ISR
0000941b   _DINTCH3_ISR
00009425   _DINTCH4_ISR
0000942f   _DINTCH5_ISR
00009439   _DINTCH6_ISR
00009443   _I2CINT1A_ISR
0000944d   _I2CINT2A_ISR
00009457   _SCIRXINTC_ISR
00009461   _SCITXINTC_ISR
0000946b   _SCIRXINTA_ISR
00009475   _SCITXINTA_ISR
0000947f   _SCIRXINTB_ISR
00009489   _SCITXINTB_ISR
00009493   _ECAN0INTA_ISR
0000949d   _ECAN1INTA_ISR
000094a7   _ECAN0INTB_ISR
000094b1   _ECAN1INTB_ISR
000094bb   _XINT3_ISR
000094c5   _XINT4_ISR
000094cf   _XINT5_ISR
000094d9   _XINT6_ISR
000094e3   _XINT7_ISR
000094ed   _LVF_ISR
000094f7   _LUF_ISR
00009501   _EMPTY_ISR
0000950e   _PIE_RESERVED
00009518   _rsvd_ISR
00009522   _MPU6050_CONVENT
00009575   _MPU6050_CONVENT1
000095cd   _MPU6050_READ
000095d5   _IICwriteBit
000095f6   _IICwriteBits
0000962b   _MPU6050_setClockSource
00009636   _MPU6050_setFullScaleGyroRange
00009641   _MPU6050_setFullScaleAccelRange
0000964c   _MPU6050_setSleepEnabled
00009656   _MPU6050_setI2CMasterModeEnabled
00009660   _MPU6050_setI2CBypassEnabled
0000966a   _MPU6050_setDLPF
00009675   _MPU6050_setRATE
00009680   _MPU6050_INIT
000096c6   _Get_OFFSET
00009756   _Get_YAW_INIT
000097ca   _Send_data
000097e8   _Send_msg
00009802   _Init_MPU6050
0000983a   _main
000098c9   _configtestled
000098e9   _read_back
0000992c   _configexgpio
00009946   _data_buf
00009a5a   _Data_Send_Status
00009b35   _Data_Send_Senser
00009c65   _readTemperatureRequestPressure
00009c8c   _readPressureRequestPressure
00009cb1   _readPressureRequestTemperature
00009cd8   _calculateTemperature
00009d14   _calculatePressureAltitude
00009df1   _MS5611_init
00009e67   _my_abs
00009e71   _my_pow
00009e7a   _my_sqrt
00009ec5   _mx_sin
00009f24   _my_sin
00009f4a   _my_cos
00009f7b   _xatan
00009fad   _yatan
00009fe6   _my_asin
0000a033   _invSqrt
0000a05d   _delay_loop
0000a06d   _delay
0000a07b   _error
0000a07d   _spi_init
0000a08a   _led_init
0000a096   _GPIO_Conf_SPI
0000a0aa   _spi_fifo_init
0000a0b2   _NRF24L01_Init
0000a0bd   _spi_xmit
0000a0c4   _SPI_ReadWriteByte
0000a0e0   _NRF24L01_Write_Reg
0000a0ee   _NRF24L01_Read_Reg
0000a0fe   _NRF24L01_Read_Buf
0000a119   _NRF24L01_Write_Buf
0000a12e   _NRF24L01_RxPacket
0000a156   _NRF24L01_TxPacket
0000a18e   _NRF24L01_RX_Mode
0000a1c1   _NRF24L01_TX_Mode
0000a1fe   _NRF24L01_Check
0000a22a   _WriteData
0000a253   _ReadData
0000a2ab   _I2C_xrdy
0000a2b4   _I2C_rrdy
0000a2bd   _hw_Single_Write
0000a2e0   _hw_Single_MS5611_Write
0000a2fc   _hw_i2cRead
0000a34e   _hw_i2cRead_Single
0000a39d   _DATA_printf
0000a3ef   _I2C_delay
0000a3f9   _delay5ms
0000a403   _delay14ms
0000a422   _scib_echoback_init
0000a435   _scib_xmit
0000a43f   _scib_msg
0000a454   _Uart1_Put_Buf
0000a465   _scib_fifo_init
0000a46a   _InitSci_cGpio
0000a480   _scic_fifo_init
0000a488   _scic_echoback_init
0000a49b   _scic_xmit
0000a4a7   _scic_msg
0000a4bc   _Delay
0000a4c5   _Delayms
0000a4db   _GPIO_Configuration
0000a4ed   _ISRTimer0
0000a618   _ISRExint1
0000a62c   _InitXintf
0000a681   _InitXintf32Gpio
0000a6c8   _InitXintf16Gpio
0000a722   _InitSysCtrl
0000a72b   _ServiceDog
0000a735   _DisableDog
0000a73d   _InitPll
0000a789   _InitPeripheralClocks
0000a7e4   _CsmUnlock
0000a815   _InitECapture1
0000a83d   _InitECapture2
0000a865   _InitECapture3
0000a88d   _InitECapture4
0000a8b5   _InitECapture5
0000a8dd   _InitECapture6
0000a905   _ecap1_isr
0000a924   _ecap2_isr
0000a943   _ecap3_isr
0000a962   _ecap4_isr
0000a981   _ecap5_isr
0000a9b1   _ecap6_isr
0000a9d0   _atan2
0000aa94   _InitEPwm1Example
0000aac4   _InitEPwm2Example
0000aaf4   _pwm_init
0000ab0b   _PWM_CH1
0000ab17   _PWM_CH2
0000ab23   _PWM_CH3
0000ab2f   _PWM_CH4
0000ab3b   _InitEPwm
0000ab3c   _InitEPwmGpio
0000ab49   _InitEPwm1Gpio
0000ab5b   _InitEPwm2Gpio
0000ab6d   _InitEPwm3Gpio
0000ab81   _InitEPwm4Gpio
0000ab95   _InitEPwm5Gpio
0000aba7   _InitEPwm6Gpio
0000abb9   _InitEPwmSyncGpio
0000abcd   _InitTzGpio
0000abdc   FS$$DIV
0000ac64   _InitCpuTimers
0000aca5   _ConfigCpuTimer
0000ace0   _asin
0000ad57   _atan
0000adc6   _exp
0000ae2e   _InitECap
0000ae2f   _InitECapGpio
0000ae3c   _InitECap1Gpio
0000ae4a   _InitECap2Gpio
0000ae58   _InitECap3Gpio
0000ae66   _InitECap4Gpio
0000ae74   _InitECap5Gpio
0000ae82   _InitECap6Gpio
0000ae90   _pow
0000aeea   __log
0000af3a   _c_int00
0000af80   _InitSci
0000af81   _InitSciGpio
0000af84   _InitSciaGpio
0000af99   _InitScibGpio
0000afad   _InitScicGpio
0000afc3   _ldexp
0000aff4   _InitSpi
0000aff5   _InitSpiGpio
0000aff8   _InitSpiaGpio
0000b020   L$$DIV
0000b02f   L$$MOD
0000b03d   UL$$DIV
0000b044   UL$$MOD
0000b04a   _InitPieCtrl
0000b069   _EnableInterrupts
0000b072   _InitI2C
0000b082   _InitI2CGpio
0000b098   FS$$TOLL
0000b0be   _sqrt
0000b0e1   I$$DIV
0000b0f2   I$$MOD
0000b103   ___memcpy_ff
0000b124   _InitPieVectTable
0000b144   LL$$TOFS
0000b164   __args_main
0000b17d   C$$EXIT
0000b17d   _abort
0000b17f   _exit
0000b196   _frexp
0000b1ac   LL$$MPY
0000b1c0   __register_unlock
0000b1c4   __register_lock
0000b1c8   __nop
0000b1d1   ___cinit__
0000b1d1   ___etext__
0000b1d1   cinit
0000b1d1   etext
0000b5e6   _InitFlash
0000b601   _DSP28x_usDelay
0000c000   _FLY_EN
0000c001   _ct
0000c002   _ThreeD_TMS
0000c003   _ThreeD_EN
0000c004   _maxx
0000c005   _goback
0000c006   _tt1
0000c007   _GO_BACK_X_STR
0000c008   _GO_BACK_Y_STR
0000c009   _GO_BACK_X_CT
0000c00a   _GO_BACK_Y_CT
0000c00b   _Motion
0000c00c   _tt2
0000c00d   _Last_Motion
0000c00e   _Motor4
0000c00f   _Motor1_1
0000c010   _Motor2
0000c011   _Motor3
0000c012   _Motor1
0000c013   _yaw
0000c015   _Motor3_1
0000c016   _Motor4_1
0000c017   _Motor2_1
0000c018   _NOW_GO_BACK_X
0000c01a   _Yaw_core_kp_out
0000c01c   _t3
0000c01e   _t1
0000c020   _t2
0000c022   _Roll_core_kd_out
0000c024   _GO_BACK_X_VAL
0000c026   _LAST_GO_BACK_Y
0000c028   _NOW_GO_BACK_Y
0000c02a   _LAST_GO_BACK_X
0000c02c   _Exp_rate
0000c02e   _Yaw_core_out
0000c030   _Roll_core_out
0000c032   _MPU6050_GYRO_LAST_X
0000c034   _MPU6050_GYRO_LAST_Z
0000c036   _MPU6050_GYRO_LAST_Y
0000c038   _Gyro_radian_old_y
0000c03a   _Gyro_radian_old_z
0000c03c   _Yaw_core_ki_out
0000c03e   _Pitch_core_out
0000c040   _Yaw_core_kd_out
0000c042   _Gyro_radian_old_x
0000c044   _yaw_p
0000c046   _yaw_d
0000c048   _last_yaw_error
0000c04a   _sum_gyr_x
0000c04c   _yaw_error
0000c04e   _last_gyr_x
0000c050   _last_gyr_y
0000c052   _turn_rate
0000c054   _exp_yaw
0000c056   _yaw_tmp
0000c058   _sum_gyr_y
0000c05a   _avg_exp_x
0000c05c   _avg_exp_y
0000c05e   _yaw_dt
0000c060   _PI_MAX
0000c062   _RI_MAX
0000c064   _now_exp_y
0000c066   _turn
0000c068   _now_exp_x
0000c06a   _last_exp_x
0000c06c   _last_exp_y
0000c06e   _RC_Yaw
0000c070   _Pitch_i
0000c072   _RC_Roll
0000c074   _D2
0000c076   _RC_Pitch
0000c078   _Dynamic_PID_rate
0000c07a   _Roll_shell_kp
0000c07c   _Roll_shell_ki
0000c07e   _Pitch_shell_ki
0000c080   _Yaw_i
0000c082   _Pitch_shell_kp
0000c084   _YAW_INIT
0000c086   _Pitch
0000c088   _EXP_YAW
0000c08a   _Roll_i
0000c08c   _pitch
0000c08e   _Yaw
0000c090   _roll
0000c092   _Yaw_core_kp
0000c094   _Roll_core_kd
0000c096   _Yaw_core_kd
0000c098   _Roll_core_kp
0000c09a   _Pitch_core_kd
0000c09c   _Yaw_core_ki
0000c09e   _Roll_core_kp_out
0000c0a0   _pitch_core_kd_out
0000c0a2   _GO_BACK_Y_VAL
0000c0a4   _pitch_core_kp_out
0000c0a6   _Roll_core_ki
0000c0a8   _Roll_core_ki_out
0000c0aa   _pitch_core_ki_out
0000c0ac   _Yaw_shell_ki
0000c0ae   _Yaw_shell_kp
0000c0b0   _Roll_shell_out
0000c0b2   _Pitch_shell_ki_out
0000c0b4   _Roll_shell_ki_out
0000c0b6   _Pitch_core_ki
0000c0b8   _Roll
0000c0ba   _Yaw_shell_out
0000c0bc   _Pitch_core_kp
0000c0be   _Pitch_shell_out
0000c0c0   _GYR_OFFSET
0000c0c3   _GYR_CTR
0000c0c6   _ACC
0000c0c9   _GYR_RATE
0000c0cc   _ACC_OFFSET
0000c0cf   _ACC_AVG
0000c0d2   _GYR
0000c0d5   _HMC
0000c0d8   _COMD
0000c0dc   _GYR_F_RATE
0000c0e2   _Current_ERROR
0000c0e8   _GYR_F
0000c0ee   _GYR_F_AVG
0000c0f4   _EXP_THTA
0000c100   _EXP_PID
0000c10c   _YAW_PID
0000c118   _PID_DATA
0000c140   _EXP_BUF_y
0000c1c0   _EXP_BUF_x
0000c224   _CpuTimer1
0000c22c   _CpuTimer2
0000c234   _CpuTimer0
0000c23c   __unlock
0000c23e   __lock
0000c240   _T_Z1
0000c241   _temp
0000c242   _T_Y1
0000c243   _k1
0000c244   _k
0000c245   _T_Y
0000c246   _T_X
0000c247   _T_Z
0000c248   _T_X1
0000c249   _T_T
0000c24a   _k2
0000c24b   _YAW_Z
0000c24c   _YAW_Y
0000c24d   _YAW_INIT_X
0000c24e   _YAW_INIT_Z
0000c24f   _YAW_INIT_Y
0000c250   _sign
0000c251   _check
0000c252   _b1
0000c253   _YAW_X
0000c254   _s
0000c255   _temp_out
0000c256   _iii
0000c257   _jj
0000c258   _pwm_num3
0000c25a   _buf_test1
0000c25c   _YAW_AVG_X
0000c25e   _pwm_num1
0000c260   _pwm_num2
0000c262   _YAW_Angle
0000c264   _YAW_AVG_Y
0000c266   _YAW_AVG_Z
0000c268   _BUF_send2
0000c26e   _BUF_send1
0000c274   _TX_DATA
0000c280   _readdata0
0000c289   _BUF_1
0000c293   _buf_test
0000c29d   _BUF_recv
0000c2c0   _BUF_recv1
0000c2d2   _BUF
0000c2e6   _BUF1
0000c300   _BUF_send
0000c31a   _last_ACC
0000c31e   _gyr_offset_f
0000c324   _mpu6050_buffer
0000c332   _mpu6050buffer
0000c340   _sta
0000c341   _rdata
0000c342   _FF1
0000c343   _num1
0000c344   _b
0000c345   _e
0000c346   _num
0000c347   _a
0000c348   _sta1
0000c349   _d
0000c34a   _c
0000c34b   _DYN
0000c34c   _VAL
0000c34d   _sss
0000c34e   _TX_ADDRESS
0000c353   _buf
0000c358   _RX_ADDRESS
0000c35d   _buf1
0000c380   _tmp_buf2
0000c3a0   _c3
0000c3a1   _c2
0000c3a2   _c5
0000c3a3   _c6
0000c3a4   _c1
0000c3a5   _c4
0000c3a6   _cc
0000c3a8   _dd
0000c3aa   _p
0000c3ac   _pressureAlt
0000c3ae   _d1
0000c3b0   _d2
0000c3b2   _dT
0000c3b6   _readdata
0000c3bf   _errno
0000c3c2   _q3
0000c3c4   _twoKp
0000c3c6   _q0
0000c3c8   _q2
0000c3ca   _q1
0000c3cc   _integralFBx
0000c3ce   _integralFBy
0000c3d0   _twoKi
0000c3d2   _dt
0000c3d4   _integralFBz
0000c3d6   _ACC_Y_BUF
0000c3e0   _ACC_X_BUF
0000c3ea   _ACC_Z_BUF
0000c3f4   _YAW_Y_BUF
0000c400   _YAW_X_BUF
0000c40a   _YAW_Z_BUF
0000c414   _WARNING
0000c416   _Time3on
0000c418   _Time3off
0000c41a   _Time2on
0000c41c   _Time2off
0000c41e   _Time5on
0000c420   _Time5off
0000c422   _Time4on
0000c424   _Time4off
0000c426   _T2
0000c428   _T1
0000c42a   _T4
0000c42c   _T3
0000c42e   _Time1on
0000c430   _Time1off
0000c432   _Time6off
0000c434   _Time6on
0000c436   ___TI_cleanup_ptr
0000c438   ___TI_dtors_ptr
0000c43a   _test
0000c43b   _CY
0000c440   _Send_PID3
0000c441   _Send_PID4
0000c442   _Send_PID1
0000c443   _Send_PID6
0000c444   _Send_MotoPwm
0000c445   _Send_PID2
0000c446   _Send_Status
0000c447   _Data_Check
0000c448   _Send_Senser
0000c449   _Send_Offset
0000c44a   _Send_RCData
0000c44b   _Send_PID5
0000c44c   _data_to_send
0000c47e   _PieVectTableInit
0033fff8   _CsmPwl
00380080   _ADC_cal
ffffffff   ___binit__
ffffffff   ___c_args__
ffffffff   ___pinit__
ffffffff   binit
ffffffff   pinit

[603 symbols]
