******************************************************************************
             TMS320C2000 Linker PC v6.2.0                      
******************************************************************************
>> Linked Tue Feb 23 21:48:56 2016

OUTPUT FILE NAME:   <LED.out>
ENTRY POINT SYMBOL: "_c_int00"  address: 0000af38


MEMORY CONFIGURATION

         name            origin    length      used     unused   attr    fill
----------------------  --------  ---------  --------  --------  ----  --------
PAGE 0:
  BEGIN                 00000000   00000002  00000002  00000000  RWIX
  BOOT_RSVD             00000002   0000004e  00000000  0000004e  RWIX
  RAMM0                 00000050   000003b0  00000000  000003b0  RWIX
  RAML                  00008000   00004000  0000362e  000009d2  RWIX
  ZONE7A                00200000   0000fc00  00000000  0000fc00  RWIX
  CSM_RSVD              0033ff80   00000076  00000000  00000076  RWIX
  CSM_PWL               0033fff8   00000008  00000000  00000008  RWIX
  ADC_CAL               00380080   00000009  00000007  00000002  RWIX
  IQTABLES              003fe000   00000b50  00000000  00000b50  RWIX
  IQTABLES2             003feb50   0000008c  00000000  0000008c  RWIX
  FPUTABLES             003febdc   000006a0  00000000  000006a0  RWIX
  BOOTROM               003ff27c   00000d44  00000000  00000d44  RWIX
  RESET                 003fffc0   00000002  00000000  00000002  RWIX

PAGE 1:
  RAMM                  00000400   00000400  000003e8  00000018  RWIX
  DEV_EMU               00000880   00000180  000000d0  000000b0  RWIX
  FLASH_REGS            00000a80   00000060  00000008  00000058  RWIX
  CSM                   00000ae0   00000010  00000010  00000000  RWIX
  ADC_MIRROR            00000b00   00000010  00000010  00000000  RWIX
  XINTF                 00000b20   00000020  0000001e  00000002  RWIX
  CPU_TIMER0            00000c00   00000008  00000008  00000000  RWIX
  CPU_TIMER1            00000c08   00000008  00000008  00000000  RWIX
  CPU_TIMER2            00000c10   00000008  00000008  00000000  RWIX
  PIE_CTRL              00000ce0   00000020  0000001a  00000006  RWIX
  PIE_VECT              00000d00   00000100  00000100  00000000  RWIX
  DMA                   00001000   00000200  000000e0  00000120  RWIX
  MCBSPA                00005000   00000040  00000025  0000001b  RWIX
  MCBSPB                00005040   00000040  00000025  0000001b  RWIX
  ECANA                 00006000   00000040  00000034  0000000c  RWIX
  ECANA_LAM             00006040   00000040  00000040  00000000  RWIX
  ECANA_MOTS            00006080   00000040  00000040  00000000  RWIX
  ECANA_MOTO            000060c0   00000040  00000040  00000000  RWIX
  ECANA_MBOX            00006100   00000100  00000100  00000000  RWIX
  ECANB                 00006200   00000040  00000034  0000000c  RWIX
  ECANB_LAM             00006240   00000040  00000040  00000000  RWIX
  ECANB_MOTS            00006280   00000040  00000040  00000000  RWIX
  ECANB_MOTO            000062c0   00000040  00000040  00000000  RWIX
  ECANB_MBOX            00006300   00000100  00000100  00000000  RWIX
  EPWM1                 00006800   00000022  00000022  00000000  RWIX
  EPWM2                 00006840   00000022  00000022  00000000  RWIX
  EPWM3                 00006880   00000022  00000022  00000000  RWIX
  EPWM4                 000068c0   00000022  00000022  00000000  RWIX
  EPWM5                 00006900   00000022  00000022  00000000  RWIX
  EPWM6                 00006940   00000022  00000022  00000000  RWIX
  ECAP1                 00006a00   00000020  00000020  00000000  RWIX
  ECAP2                 00006a20   00000020  00000020  00000000  RWIX
  ECAP3                 00006a40   00000020  00000020  00000000  RWIX
  ECAP4                 00006a60   00000020  00000020  00000000  RWIX
  ECAP5                 00006a80   00000020  00000020  00000000  RWIX
  ECAP6                 00006aa0   00000020  00000020  00000000  RWIX
  EQEP1                 00006b00   00000040  00000040  00000000  RWIX
  EQEP2                 00006b40   00000040  00000040  00000000  RWIX
  GPIOCTRL              00006f80   00000040  0000002e  00000012  RWIX
  GPIODAT               00006fc0   00000020  00000020  00000000  RWIX
  GPIOINT               00006fe0   00000020  0000000a  00000016  RWIX
  SYSTEM                00007010   00000020  00000020  00000000  RWIX
  SPIA                  00007040   00000010  00000010  00000000  RWIX
  SCIA                  00007050   00000010  00000010  00000000  RWIX
  XINTRUPT              00007070   00000010  00000010  00000000  RWIX
  ADC                   00007100   00000020  0000001e  00000002  RWIX
  SCIB                  00007750   00000010  00000010  00000000  RWIX
  SCIC                  00007770   00000010  00000010  00000000  RWIX
  I2CA                  00007900   00000040  00000022  0000001e  RWIX
  RAMH                  0000c000   00004000  0000063c  000039c4  RWIX
  ZONE7B                0020fc00   00000400  00000000  00000400  RWIX
  CSM_PWL               0033fff8   00000008  00000008  00000000  RWIX


SECTION ALLOCATION MAP

 output                                  attributes/
section   page    origin      length       input sections
--------  ----  ----------  ----------   ----------------
codestart 
*          0    00000000    00000002     
                  00000000    00000002     DSP2833x_CodeStartBranch.obj (codestart)

.pinit     0    00008000    00000000     UNINITIALIZED

.text      0    00008000    0000319f     
                  00008000    000009e3     control.obj (.text)
                  000089e3    00000975     IMU.obj (.text)
                  00009358    00000323     DSP2833x_DefaultIsr.obj (.text:retain)
                  0000967b    000002a8     MPU6050.obj (.text)
                  00009923    0000026a     LED.obj (.text)
                  00009b8d    0000026a     MS5611.obj (.text)
                  00009df7    0000020b     Data_Transfer.obj (.text)
                  0000a002    000001f6     fast_math.obj (.text)
                  0000a1f8    000001cd     nrf24l01.obj (.text)
                  0000a3c5    00000173     hardware_I2C.obj (.text)
                  0000a538    0000016f     I2C.obj (.text)
                  0000a6a7    000000f6     DSP2833x_Xintf.obj (.text)
                  0000a79d    000000f3     DSP2833x_SysCtrl.obj (.text)
                  0000a890    000000f0     capture.obj (.text)
                  0000a980    000000d7     pwm.obj (.text)
                  0000aa57    000000cb     capture.obj (.text:retain)
                  0000ab22    000000c4     rts2800_fpu32.lib : atan2.obj (.text)
                  0000abe6    000000a1     DSP2833x_EPwm.obj (.text)
                  0000ac87    00000088     rts2800_fpu32.lib : fs_div.obj (.text)
                  0000ad0f    0000007c     DSP2833x_CpuTimers.obj (.text)
                  0000ad8b    00000077     rts2800_fpu32.lib : asin.obj (.text)
                  0000ae02    0000006f                       : atan.obj (.text)
                  0000ae71    00000065     LED.obj (.text:retain)
                  0000aed6    00000062     DSP2833x_ECap.obj (.text)
                  0000af38    00000046     rts2800_fpu32.lib : boot.obj (.text)
                  0000af7e    00000043     DSP2833x_Sci.obj (.text)
                  0000afc1    0000002c     DSP2833x_Spi.obj (.text)
                  0000afed    0000002a     rts2800_fpu32.lib : l_div.obj (.text)
                  0000b017    00000028     DSP2833x_PieCtrl.obj (.text)
                  0000b03f    00000026     DSP2833x_I2C.obj (.text)
                  0000b065    00000026     rts2800_fpu32.lib : fs_toll.obj (.text)
                  0000b08b    00000001     --HOLE-- [fill = 0]
                  0000b08c    00000023                       : sqrt.obj (.text)
                  0000b0af    00000022                       : i_div.obj (.text)
                  0000b0d1    00000021                       : memcpy_ff.obj (.text)
                  0000b0f2    00000020     DSP2833x_PieVect.obj (.text)
                  0000b112    00000020     rts2800_fpu32.lib : ll_tofs.obj (.text)
                  0000b132    00000019                       : args_main.obj (.text)
                  0000b14b    00000019                       : exit.obj (.text)
                  0000b164    00000016                       : frexp.obj (.text)
                  0000b17a    00000014                       : ll_mpy.obj (.text)
                  0000b18e    00000009                       : _lock.obj (.text)
                  0000b197    00000008     DSP2833x_CodeStartBranch.obj (.text)

.cinit     0    0000b19f    00000470     
                  0000b19f    0000024a     control.obj (.cinit)
                  0000b3e9    0000008d     IMU.obj (.cinit)
                  0000b476    0000007d     LED.obj (.cinit)
                  0000b4f3    00000058     nrf24l01.obj (.cinit)
                  0000b54b    00000054     capture.obj (.cinit)
                  0000b59f    00000027     MS5611.obj (.cinit)
                  0000b5c6    00000017     MPU6050.obj (.cinit)
                  0000b5dd    0000000c     hardware_I2C.obj (.cinit)
                  0000b5e9    0000000a     rts2800_fpu32.lib : _lock.obj (.cinit)
                  0000b5f3    0000000a                       : exit.obj (.cinit)
                  0000b5fd    00000008     I2C.obj (.cinit)
                  0000b605    00000004     flow.obj (.cinit)
                  0000b609    00000004     rts2800_fpu32.lib : errno.obj (.cinit)
                  0000b60d    00000002     --HOLE-- [fill = 0]

ramfuncs   0    0000b60f    0000001f     
                  0000b60f    0000001b     DSP2833x_SysCtrl.obj (ramfuncs)
                  0000b62a    00000004     DSP2833x_usDelay.obj (ramfuncs)

csm_rsvd   0    0033ff80    00000000     DSECT

csmpasswds 
*          0    0033fff8    00000000     DSECT

.adc_cal   0    00380080    00000007     NOLOAD SECTION
                  00380080    00000007     DSP2833x_ADC_cal.obj (.adc_cal)

.reset     0    003fffc0    00000002     DSECT
                  003fffc0    00000002     rts2800_fpu32.lib : boot.obj (.reset)

.stack     1    00000400    000003e8     UNINITIALIZED
                  00000400    000003e8     --HOLE--

DevEmuRegsFile 
*          1    00000880    000000d0     UNINITIALIZED
                  00000880    000000d0     DSP2833x_GlobalVariableDefs.obj (DevEmuRegsFile)

FlashRegsFile 
*          1    00000a80    00000008     UNINITIALIZED
                  00000a80    00000008     DSP2833x_GlobalVariableDefs.obj (FlashRegsFile)

CsmRegsFile 
*          1    00000ae0    00000010     UNINITIALIZED
                  00000ae0    00000010     DSP2833x_GlobalVariableDefs.obj (CsmRegsFile)

AdcMirrorFile 
*          1    00000b00    00000010     UNINITIALIZED
                  00000b00    00000010     DSP2833x_GlobalVariableDefs.obj (AdcMirrorFile)

XintfRegsFile 
*          1    00000b20    0000001e     UNINITIALIZED
                  00000b20    0000001e     DSP2833x_GlobalVariableDefs.obj (XintfRegsFile)

CpuTimer0RegsFile 
*          1    00000c00    00000008     UNINITIALIZED
                  00000c00    00000008     DSP2833x_GlobalVariableDefs.obj (CpuTimer0RegsFile)

CpuTimer1RegsFile 
*          1    00000c08    00000008     UNINITIALIZED
                  00000c08    00000008     DSP2833x_GlobalVariableDefs.obj (CpuTimer1RegsFile)

CpuTimer2RegsFile 
*          1    00000c10    00000008     UNINITIALIZED
                  00000c10    00000008     DSP2833x_GlobalVariableDefs.obj (CpuTimer2RegsFile)

PieCtrlRegsFile 
*          1    00000ce0    0000001a     UNINITIALIZED
                  00000ce0    0000001a     DSP2833x_GlobalVariableDefs.obj (PieCtrlRegsFile)

PieVectTableFile 
*          1    00000d00    00000100     UNINITIALIZED
                  00000d00    00000100     DSP2833x_GlobalVariableDefs.obj (PieVectTableFile)

DmaRegsFile 
*          1    00001000    000000e0     UNINITIALIZED
                  00001000    000000e0     DSP2833x_GlobalVariableDefs.obj (DmaRegsFile)

McbspaRegsFile 
*          1    00005000    00000025     UNINITIALIZED
                  00005000    00000025     DSP2833x_GlobalVariableDefs.obj (McbspaRegsFile)

McbspbRegsFile 
*          1    00005040    00000025     UNINITIALIZED
                  00005040    00000025     DSP2833x_GlobalVariableDefs.obj (McbspbRegsFile)

ECanaRegsFile 
*          1    00006000    00000034     UNINITIALIZED
                  00006000    00000034     DSP2833x_GlobalVariableDefs.obj (ECanaRegsFile)

ECanaLAMRegsFile 
*          1    00006040    00000040     UNINITIALIZED
                  00006040    00000040     DSP2833x_GlobalVariableDefs.obj (ECanaLAMRegsFile)

ECanaMOTSRegsFile 
*          1    00006080    00000040     UNINITIALIZED
                  00006080    00000040     DSP2833x_GlobalVariableDefs.obj (ECanaMOTSRegsFile)

ECanaMOTORegsFile 
*          1    000060c0    00000040     UNINITIALIZED
                  000060c0    00000040     DSP2833x_GlobalVariableDefs.obj (ECanaMOTORegsFile)

ECanaMboxesFile 
*          1    00006100    00000100     UNINITIALIZED
                  00006100    00000100     DSP2833x_GlobalVariableDefs.obj (ECanaMboxesFile)

ECanbRegsFile 
*          1    00006200    00000034     UNINITIALIZED
                  00006200    00000034     DSP2833x_GlobalVariableDefs.obj (ECanbRegsFile)

ECanbLAMRegsFile 
*          1    00006240    00000040     UNINITIALIZED
                  00006240    00000040     DSP2833x_GlobalVariableDefs.obj (ECanbLAMRegsFile)

ECanbMOTSRegsFile 
*          1    00006280    00000040     UNINITIALIZED
                  00006280    00000040     DSP2833x_GlobalVariableDefs.obj (ECanbMOTSRegsFile)

ECanbMOTORegsFile 
*          1    000062c0    00000040     UNINITIALIZED
                  000062c0    00000040     DSP2833x_GlobalVariableDefs.obj (ECanbMOTORegsFile)

ECanbMboxesFile 
*          1    00006300    00000100     UNINITIALIZED
                  00006300    00000100     DSP2833x_GlobalVariableDefs.obj (ECanbMboxesFile)

EPwm1RegsFile 
*          1    00006800    00000022     UNINITIALIZED
                  00006800    00000022     DSP2833x_GlobalVariableDefs.obj (EPwm1RegsFile)

EPwm2RegsFile 
*          1    00006840    00000022     UNINITIALIZED
                  00006840    00000022     DSP2833x_GlobalVariableDefs.obj (EPwm2RegsFile)

EPwm3RegsFile 
*          1    00006880    00000022     UNINITIALIZED
                  00006880    00000022     DSP2833x_GlobalVariableDefs.obj (EPwm3RegsFile)

EPwm4RegsFile 
*          1    000068c0    00000022     UNINITIALIZED
                  000068c0    00000022     DSP2833x_GlobalVariableDefs.obj (EPwm4RegsFile)

EPwm5RegsFile 
*          1    00006900    00000022     UNINITIALIZED
                  00006900    00000022     DSP2833x_GlobalVariableDefs.obj (EPwm5RegsFile)

EPwm6RegsFile 
*          1    00006940    00000022     UNINITIALIZED
                  00006940    00000022     DSP2833x_GlobalVariableDefs.obj (EPwm6RegsFile)

ECap1RegsFile 
*          1    00006a00    00000020     UNINITIALIZED
                  00006a00    00000020     DSP2833x_GlobalVariableDefs.obj (ECap1RegsFile)

ECap2RegsFile 
*          1    00006a20    00000020     UNINITIALIZED
                  00006a20    00000020     DSP2833x_GlobalVariableDefs.obj (ECap2RegsFile)

ECap3RegsFile 
*          1    00006a40    00000020     UNINITIALIZED
                  00006a40    00000020     DSP2833x_GlobalVariableDefs.obj (ECap3RegsFile)

ECap4RegsFile 
*          1    00006a60    00000020     UNINITIALIZED
                  00006a60    00000020     DSP2833x_GlobalVariableDefs.obj (ECap4RegsFile)

ECap5RegsFile 
*          1    00006a80    00000020     UNINITIALIZED
                  00006a80    00000020     DSP2833x_GlobalVariableDefs.obj (ECap5RegsFile)

ECap6RegsFile 
*          1    00006aa0    00000020     UNINITIALIZED
                  00006aa0    00000020     DSP2833x_GlobalVariableDefs.obj (ECap6RegsFile)

EQep1RegsFile 
*          1    00006b00    00000040     UNINITIALIZED
                  00006b00    00000040     DSP2833x_GlobalVariableDefs.obj (EQep1RegsFile)

EQep2RegsFile 
*          1    00006b40    00000040     UNINITIALIZED
                  00006b40    00000040     DSP2833x_GlobalVariableDefs.obj (EQep2RegsFile)

GpioCtrlRegsFile 
*          1    00006f80    0000002e     UNINITIALIZED
                  00006f80    0000002e     DSP2833x_GlobalVariableDefs.obj (GpioCtrlRegsFile)

GpioDataRegsFile 
*          1    00006fc0    00000020     UNINITIALIZED
                  00006fc0    00000020     DSP2833x_GlobalVariableDefs.obj (GpioDataRegsFile)

GpioIntRegsFile 
*          1    00006fe0    0000000a     UNINITIALIZED
                  00006fe0    0000000a     DSP2833x_GlobalVariableDefs.obj (GpioIntRegsFile)

SysCtrlRegsFile 
*          1    00007010    00000020     UNINITIALIZED
                  00007010    00000020     DSP2833x_GlobalVariableDefs.obj (SysCtrlRegsFile)

SpiaRegsFile 
*          1    00007040    00000010     UNINITIALIZED
                  00007040    00000010     DSP2833x_GlobalVariableDefs.obj (SpiaRegsFile)

SciaRegsFile 
*          1    00007050    00000010     UNINITIALIZED
                  00007050    00000010     DSP2833x_GlobalVariableDefs.obj (SciaRegsFile)

XIntruptRegsFile 
*          1    00007070    00000010     UNINITIALIZED
                  00007070    00000010     DSP2833x_GlobalVariableDefs.obj (XIntruptRegsFile)

AdcRegsFile 
*          1    00007100    0000001e     UNINITIALIZED
                  00007100    0000001e     DSP2833x_GlobalVariableDefs.obj (AdcRegsFile)

ScibRegsFile 
*          1    00007750    00000010     UNINITIALIZED
                  00007750    00000010     DSP2833x_GlobalVariableDefs.obj (ScibRegsFile)

ScicRegsFile 
*          1    00007770    00000010     UNINITIALIZED
                  00007770    00000010     DSP2833x_GlobalVariableDefs.obj (ScicRegsFile)

I2caRegsFile 
*          1    00007900    00000022     UNINITIALIZED
                  00007900    00000022     DSP2833x_GlobalVariableDefs.obj (I2caRegsFile)

.ebss      1    0000c000    00000522     UNINITIALIZED
                  0000c000    00000224     control.obj (.ebss)
                  0000c224    00000018     DSP2833x_CpuTimers.obj (.ebss)
                  0000c23c    00000004     rts2800_fpu32.lib : _lock.obj (.ebss)
                  0000c240    0000011a     LED.obj (.ebss)
                  0000c35a    00000026     MPU6050.obj (.ebss)
                  0000c380    00000072     IMU.obj (.ebss)
                  0000c3f2    00000009     hardware_I2C.obj (.ebss)
                  0000c3fb    00000001     rts2800_fpu32.lib : errno.obj (.ebss)
                  0000c3fc    00000004                       : exit.obj (.ebss)
                  0000c400    00000060     nrf24l01.obj (.ebss)
                  0000c460    00000002     I2C.obj (.ebss)
                  0000c462    00000002     flow.obj (.ebss)
                  0000c464    0000001c     --HOLE--
                  0000c480    0000003e     Data_Transfer.obj (.ebss)
                  0000c4be    00000002     --HOLE--
                  0000c4c0    00000032     MS5611.obj (.ebss)
                  0000c4f2    0000000e     --HOLE--
                  0000c500    00000022     capture.obj (.ebss)

.econst    1    0000c522    0000011a     
                  0000c522    00000100     DSP2833x_PieVect.obj (.econst)
                  0000c622    00000008     rts2800_fpu32.lib : atan.obj (.econst:_a$1)
                  0000c62a    00000008                       : atan2.obj (.econst:_a$1)
                  0000c632    00000005     nrf24l01.obj (.econst:.string:_$P$T0$1)
                  0000c637    00000001     --HOLE-- [fill = 0]
                  0000c638    00000004     rts2800_fpu32.lib : asin.obj (.econst:_c$1)

CsmPwlFile 
*          1    0033fff8    00000008     UNINITIALIZED
                  0033fff8    00000008     DSP2833x_GlobalVariableDefs.obj (CsmPwlFile)


GLOBAL DATA SYMBOLS: SORTED BY DATA PAGE

address     data page           name
--------    ----------------    ----
00000400      10 (00000400)     __stack

00000880      22 (00000880)     _DevEmuRegs

00000a80      2a (00000a80)     _FlashRegs

00000ae0      2b (00000ac0)     _CsmRegs

00000b00      2c (00000b00)     _AdcMirror
00000b20      2c (00000b00)     _XintfRegs

00000c00      30 (00000c00)     _CpuTimer0Regs
00000c08      30 (00000c00)     _CpuTimer1Regs
00000c10      30 (00000c00)     _CpuTimer2Regs

00000ce0      33 (00000cc0)     _PieCtrlRegs

00000d00      34 (00000d00)     _PieVectTable

00001000      40 (00001000)     _DmaRegs

00005000     140 (00005000)     _McbspaRegs

00005040     141 (00005040)     _McbspbRegs

00006000     180 (00006000)     _ECanaRegs

00006040     181 (00006040)     _ECanaLAMRegs

00006080     182 (00006080)     _ECanaMOTSRegs

000060c0     183 (000060c0)     _ECanaMOTORegs

00006100     184 (00006100)     _ECanaMboxes

00006200     188 (00006200)     _ECanbRegs

00006240     189 (00006240)     _ECanbLAMRegs

00006280     18a (00006280)     _ECanbMOTSRegs

000062c0     18b (000062c0)     _ECanbMOTORegs

00006300     18c (00006300)     _ECanbMboxes

00006800     1a0 (00006800)     _EPwm1Regs

00006840     1a1 (00006840)     _EPwm2Regs

00006880     1a2 (00006880)     _EPwm3Regs

000068c0     1a3 (000068c0)     _EPwm4Regs

00006900     1a4 (00006900)     _EPwm5Regs

00006940     1a5 (00006940)     _EPwm6Regs

00006a00     1a8 (00006a00)     _ECap1Regs
00006a20     1a8 (00006a00)     _ECap2Regs

00006a40     1a9 (00006a40)     _ECap3Regs
00006a60     1a9 (00006a40)     _ECap4Regs

00006a80     1aa (00006a80)     _ECap5Regs
00006aa0     1aa (00006a80)     _ECap6Regs

00006b00     1ac (00006b00)     _EQep1Regs

00006b40     1ad (00006b40)     _EQep2Regs

00006f80     1be (00006f80)     _GpioCtrlRegs

00006fc0     1bf (00006fc0)     _GpioDataRegs
00006fe0     1bf (00006fc0)     _GpioIntRegs

00007010     1c0 (00007000)     _SysCtrlRegs

00007040     1c1 (00007040)     _SpiaRegs
00007050     1c1 (00007040)     _SciaRegs
00007070     1c1 (00007040)     _XIntruptRegs

00007100     1c4 (00007100)     _AdcRegs

00007750     1dd (00007740)     _ScibRegs
00007770     1dd (00007740)     _ScicRegs

00007900     1e4 (00007900)     _I2caRegs

0000c000     300 (0000c000)     _FLY_EN
0000c001     300 (0000c000)     _ct
0000c002     300 (0000c000)     _ThreeD_TMS
0000c003     300 (0000c000)     _ThreeD_EN
0000c004     300 (0000c000)     _maxx
0000c005     300 (0000c000)     _goback
0000c006     300 (0000c000)     _tt1
0000c007     300 (0000c000)     _GO_BACK_X_STR
0000c008     300 (0000c000)     _GO_BACK_Y_STR
0000c009     300 (0000c000)     _GO_BACK_X_CT
0000c00a     300 (0000c000)     _GO_BACK_Y_CT
0000c00b     300 (0000c000)     _Motion
0000c00c     300 (0000c000)     _tt2
0000c00d     300 (0000c000)     _Last_Motion
0000c00e     300 (0000c000)     _Motor4
0000c00f     300 (0000c000)     _Motor1_1
0000c010     300 (0000c000)     _Motor2
0000c011     300 (0000c000)     _Motor3
0000c012     300 (0000c000)     _Motor1
0000c013     300 (0000c000)     _yaw
0000c015     300 (0000c000)     _Motor3_1
0000c016     300 (0000c000)     _Motor4_1
0000c017     300 (0000c000)     _Motor2_1
0000c018     300 (0000c000)     _NOW_GO_BACK_X
0000c01a     300 (0000c000)     _Yaw_core_kp_out
0000c01c     300 (0000c000)     _t3
0000c01e     300 (0000c000)     _t1
0000c020     300 (0000c000)     _t2
0000c022     300 (0000c000)     _Roll_core_kd_out
0000c024     300 (0000c000)     _GO_BACK_X_VAL
0000c026     300 (0000c000)     _LAST_GO_BACK_Y
0000c028     300 (0000c000)     _NOW_GO_BACK_Y
0000c02a     300 (0000c000)     _LAST_GO_BACK_X
0000c02c     300 (0000c000)     _Exp_rate
0000c02e     300 (0000c000)     _Yaw_core_out
0000c030     300 (0000c000)     _Roll_core_out
0000c032     300 (0000c000)     _MPU6050_GYRO_LAST_X
0000c034     300 (0000c000)     _MPU6050_GYRO_LAST_Z
0000c036     300 (0000c000)     _MPU6050_GYRO_LAST_Y
0000c038     300 (0000c000)     _Gyro_radian_old_y
0000c03a     300 (0000c000)     _Gyro_radian_old_z
0000c03c     300 (0000c000)     _Yaw_core_ki_out
0000c03e     300 (0000c000)     _Pitch_core_out

0000c040     301 (0000c040)     _Yaw_core_kd_out
0000c042     301 (0000c040)     _Gyro_radian_old_x
0000c044     301 (0000c040)     _yaw_p
0000c046     301 (0000c040)     _yaw_d
0000c048     301 (0000c040)     _last_yaw_error
0000c04a     301 (0000c040)     _sum_gyr_x
0000c04c     301 (0000c040)     _yaw_error
0000c04e     301 (0000c040)     _last_gyr_x
0000c050     301 (0000c040)     _last_gyr_y
0000c052     301 (0000c040)     _turn_rate
0000c054     301 (0000c040)     _exp_yaw
0000c056     301 (0000c040)     _yaw_tmp
0000c058     301 (0000c040)     _sum_gyr_y
0000c05a     301 (0000c040)     _avg_exp_x
0000c05c     301 (0000c040)     _avg_exp_y
0000c05e     301 (0000c040)     _yaw_dt
0000c060     301 (0000c040)     _PI_MAX
0000c062     301 (0000c040)     _RI_MAX
0000c064     301 (0000c040)     _now_exp_y
0000c066     301 (0000c040)     _turn
0000c068     301 (0000c040)     _now_exp_x
0000c06a     301 (0000c040)     _last_exp_x
0000c06c     301 (0000c040)     _last_exp_y
0000c06e     301 (0000c040)     _RC_Yaw
0000c070     301 (0000c040)     _Pitch_i
0000c072     301 (0000c040)     _RC_Roll
0000c074     301 (0000c040)     _D2
0000c076     301 (0000c040)     _RC_Pitch
0000c078     301 (0000c040)     _Dynamic_PID_rate
0000c07a     301 (0000c040)     _Roll_shell_kp
0000c07c     301 (0000c040)     _Roll_shell_ki
0000c07e     301 (0000c040)     _Pitch_shell_ki

0000c080     302 (0000c080)     _Yaw_i
0000c082     302 (0000c080)     _Pitch_shell_kp
0000c084     302 (0000c080)     _YAW_INIT
0000c086     302 (0000c080)     _Pitch
0000c088     302 (0000c080)     _EXP_YAW
0000c08a     302 (0000c080)     _Roll_i
0000c08c     302 (0000c080)     _pitch
0000c08e     302 (0000c080)     _Yaw
0000c090     302 (0000c080)     _roll
0000c092     302 (0000c080)     _Yaw_core_kp
0000c094     302 (0000c080)     _Roll_core_kd
0000c096     302 (0000c080)     _Yaw_core_kd
0000c098     302 (0000c080)     _Roll_core_kp
0000c09a     302 (0000c080)     _Pitch_core_kd
0000c09c     302 (0000c080)     _Yaw_core_ki
0000c09e     302 (0000c080)     _Roll_core_kp_out
0000c0a0     302 (0000c080)     _pitch_core_kd_out
0000c0a2     302 (0000c080)     _GO_BACK_Y_VAL
0000c0a4     302 (0000c080)     _pitch_core_kp_out
0000c0a6     302 (0000c080)     _Roll_core_ki
0000c0a8     302 (0000c080)     _Roll_core_ki_out
0000c0aa     302 (0000c080)     _pitch_core_ki_out
0000c0ac     302 (0000c080)     _Yaw_shell_kp
0000c0ae     302 (0000c080)     _Roll
0000c0b0     302 (0000c080)     _Roll_shell_out
0000c0b2     302 (0000c080)     _Pitch_shell_ki_out
0000c0b4     302 (0000c080)     _Yaw_shell_ki
0000c0b6     302 (0000c080)     _Pitch_core_kp
0000c0b8     302 (0000c080)     _Pitch_core_ki
0000c0ba     302 (0000c080)     _Pitch_shell_out
0000c0bc     302 (0000c080)     _Yaw_shell_out
0000c0be     302 (0000c080)     _Roll_shell_ki_out

0000c0c0     303 (0000c0c0)     _GYR_OFFSET
0000c0c3     303 (0000c0c0)     _ACC
0000c0c6     303 (0000c0c0)     _GYR_RATE
0000c0c9     303 (0000c0c0)     _GYR
0000c0cc     303 (0000c0c0)     _ACC_OFFSET
0000c0cf     303 (0000c0c0)     _ACC_AVG
0000c0d2     303 (0000c0c0)     _GYR_CTR
0000c0d5     303 (0000c0c0)     _HMC
0000c0d8     303 (0000c0c0)     _COMD
0000c0dc     303 (0000c0c0)     _GYR_F_RATE
0000c0e2     303 (0000c0c0)     _Current_ERROR
0000c0e8     303 (0000c0c0)     _GYR_F
0000c0ee     303 (0000c0c0)     _GYR_F_AVG
0000c0f4     303 (0000c0c0)     _EXP_THTA

0000c100     304 (0000c100)     _PID_DATA
0000c10c     304 (0000c100)     _EXP_PID
0000c118     304 (0000c100)     _YAW_PID

0000c140     305 (0000c140)     _EXP_BUF_y

0000c1c0     307 (0000c1c0)     _EXP_BUF_x

0000c224     308 (0000c200)     _CpuTimer1
0000c22c     308 (0000c200)     _CpuTimer2
0000c234     308 (0000c200)     _CpuTimer0
0000c23c     308 (0000c200)     __unlock
0000c23e     308 (0000c200)     __lock

0000c240     309 (0000c240)     _k
0000c241     309 (0000c240)     _T_Z1
0000c242     309 (0000c240)     _k1
0000c243     309 (0000c240)     _sign
0000c244     309 (0000c240)     _k2
0000c245     309 (0000c240)     _check
0000c246     309 (0000c240)     _T_Y
0000c247     309 (0000c240)     _T_Z
0000c248     309 (0000c240)     _T_X
0000c249     309 (0000c240)     _T_X1
0000c24a     309 (0000c240)     _T_T
0000c24b     309 (0000c240)     _T_Y1
0000c24c     309 (0000c240)     _YAW_INIT_Z
0000c24d     309 (0000c240)     _YAW_INIT_Y
0000c24e     309 (0000c240)     _temp_out
0000c24f     309 (0000c240)     _iii
0000c250     309 (0000c240)     _jj
0000c251     309 (0000c240)     _temp
0000c252     309 (0000c240)     _s
0000c253     309 (0000c240)     _b1
0000c254     309 (0000c240)     _YAW_X
0000c255     309 (0000c240)     _YAW_Z
0000c256     309 (0000c240)     _YAW_Y
0000c257     309 (0000c240)     _YAW_INIT_X
0000c258     309 (0000c240)     _pwm_num2
0000c25a     309 (0000c240)     _pwm_num1
0000c25c     309 (0000c240)     _YAW_AVG_Z
0000c25e     309 (0000c240)     _YAW_Angle
0000c260     309 (0000c240)     _YAW_AVG_X
0000c262     309 (0000c240)     _YAW_AVG_Y
0000c264     309 (0000c240)     _pwm_num3
0000c266     309 (0000c240)     _buf_test1
0000c268     309 (0000c240)     _BUF_send2
0000c26e     309 (0000c240)     _BUF_send1
0000c274     309 (0000c240)     _TX_DATA

0000c280     30a (0000c280)     _readdata0
0000c289     30a (0000c280)     _buf_test
0000c293     30a (0000c280)     _BUF_1
0000c29d     30a (0000c280)     _f
0000c2aa     30a (0000c280)     _f_integral

0000c2c0     30b (0000c2c0)     _BUF_recv1
0000c2d2     30b (0000c2c0)     _BUF_recv
0000c2e4     30b (0000c2c0)     _BUF1

0000c300     30c (0000c300)     _BUF
0000c314     30c (0000c300)     _BUF_send

0000c340     30d (0000c340)     _flow1_
0000c35a     30d (0000c340)     _last_ACC
0000c35e     30d (0000c340)     _gyr_offset_f
0000c364     30d (0000c340)     _mpu6050_buffer
0000c372     30d (0000c340)     _mpu6050buffer

0000c382     30e (0000c380)     _Acc_int
0000c383     30e (0000c380)     _flag_Acc
0000c384     30e (0000c380)     _q1
0000c386     30e (0000c380)     _q0
0000c388     30e (0000c380)     _q2
0000c38a     30e (0000c380)     _q_0
0000c38c     30e (0000c380)     _q3
0000c38e     30e (0000c380)     _q_1
0000c390     30e (0000c380)     _twoKi
0000c392     30e (0000c380)     _twoKp
0000c394     30e (0000c380)     _dt
0000c396     30e (0000c380)     _integralFBy
0000c398     30e (0000c380)     _integralFBx
0000c39a     30e (0000c380)     _Accdt2
0000c39c     30e (0000c380)     _Accdt11
0000c39e     30e (0000c380)     _last_Alt_AVG
0000c3a0     30e (0000c380)     _Alt_AVG_V
0000c3a2     30e (0000c380)     _q_2
0000c3a4     30e (0000c380)     _integralFBz
0000c3a6     30e (0000c380)     _q_3
0000c3a8     30e (0000c380)     _Accdt
0000c3aa     30e (0000c380)     _Accdt1
0000c3ac     30e (0000c380)     _Acc
0000c3ae     30e (0000c380)     _YAW_Y_BUF

0000c3c0     30f (0000c3c0)     _YAW_Z_BUF
0000c3ca     30f (0000c3c0)     _YAW_X_BUF
0000c3d4     30f (0000c3c0)     _ACC_Y_BUF
0000c3de     30f (0000c3c0)     _ACC_Z_BUF
0000c3e8     30f (0000c3c0)     _ACC_X_BUF
0000c3f2     30f (0000c3c0)     _readdata
0000c3fb     30f (0000c3c0)     _errno
0000c3fc     30f (0000c3c0)     ___TI_cleanup_ptr
0000c3fe     30f (0000c3c0)     ___TI_dtors_ptr

0000c400     310 (0000c400)     _sta
0000c401     310 (0000c400)     _rdata
0000c402     310 (0000c400)     _FF1
0000c403     310 (0000c400)     _num1
0000c404     310 (0000c400)     _b
0000c405     310 (0000c400)     _e
0000c406     310 (0000c400)     _num
0000c407     310 (0000c400)     _a
0000c408     310 (0000c400)     _sta1
0000c409     310 (0000c400)     _d
0000c40a     310 (0000c400)     _c
0000c40b     310 (0000c400)     _DYN
0000c40c     310 (0000c400)     _VAL
0000c40d     310 (0000c400)     _sss
0000c40e     310 (0000c400)     _TX_ADDRESS
0000c413     310 (0000c400)     _buf
0000c418     310 (0000c400)     _RX_ADDRESS
0000c41d     310 (0000c400)     _buf1

0000c440     311 (0000c440)     _tmp_buf2
0000c460     311 (0000c440)     _test
0000c461     311 (0000c440)     _CY
0000c462     311 (0000c440)     _flow_

0000c480     312 (0000c480)     _Send_PID3
0000c481     312 (0000c480)     _Send_PID4
0000c482     312 (0000c480)     _Send_PID1
0000c483     312 (0000c480)     _Send_PID6
0000c484     312 (0000c480)     _Send_MotoPwm
0000c485     312 (0000c480)     _Send_PID2
0000c486     312 (0000c480)     _Send_Status
0000c487     312 (0000c480)     _Data_Check
0000c488     312 (0000c480)     _Send_Senser
0000c489     312 (0000c480)     _Send_Offset
0000c48a     312 (0000c480)     _Send_RCData
0000c48b     312 (0000c480)     _Send_PID5
0000c48c     312 (0000c480)     _data_to_send

0000c4c0     313 (0000c4c0)     _c4
0000c4c1     313 (0000c4c0)     _c3
0000c4c3     313 (0000c4c0)     _c5
0000c4c4     313 (0000c4c0)     _c2
0000c4c5     313 (0000c4c0)     _c1
0000c4c6     313 (0000c4c0)     _c6
0000c4c8     313 (0000c4c0)     _pressureAlt1
0000c4ca     313 (0000c4c0)     _pressureAlt
0000c4cc     313 (0000c4c0)     _Pressure_AVG
0000c4ce     313 (0000c4c0)     _p
0000c4d0     313 (0000c4c0)     _d1
0000c4d2     313 (0000c4c0)     _d2
0000c4d4     313 (0000c4c0)     _cc
0000c4d6     313 (0000c4c0)     _dd
0000c4d8     313 (0000c4c0)     _Alt_AVG
0000c4da     313 (0000c4c0)     _dT
0000c4de     313 (0000c4c0)     _Alt_BUF

0000c500     314 (0000c500)     _WARNING
0000c502     314 (0000c500)     _Time3on
0000c504     314 (0000c500)     _Time3off
0000c506     314 (0000c500)     _Time2on
0000c508     314 (0000c500)     _Time2off
0000c50a     314 (0000c500)     _Time5on
0000c50c     314 (0000c500)     _Time5off
0000c50e     314 (0000c500)     _Time4on
0000c510     314 (0000c500)     _Time4off
0000c512     314 (0000c500)     _T2
0000c514     314 (0000c500)     _T1
0000c516     314 (0000c500)     _T4
0000c518     314 (0000c500)     _T3
0000c51a     314 (0000c500)     _Time1on
0000c51c     314 (0000c500)     _Time1off
0000c51e     314 (0000c500)     _Time6off
0000c520     314 (0000c500)     _Time6on
0000c522     314 (0000c500)     _PieVectTableInit

0033fff8    cfff (0033ffc0)     _CsmPwl


GLOBAL SYMBOLS: SORTED ALPHABETICALLY BY Name 

address    name
--------   ----
00008000   .text
0000b14b   C$$EXIT
0000ac87   FS$$DIV
0000b065   FS$$TOLL
0000b0af   I$$DIV
0000b0c0   I$$MOD
0000afed   L$$DIV
0000affc   L$$MOD
0000b17a   LL$$MPY
0000b112   LL$$TOFS
0000b00a   UL$$DIV
0000b011   UL$$MOD
0000c0c3   _ACC
0000c0cf   _ACC_AVG
0000c0cc   _ACC_OFFSET
000089e3   _ACC_SMOOTH
0000c3e8   _ACC_X_BUF
0000c3d4   _ACC_Y_BUF
0000c3de   _ACC_Z_BUF
0000943e   _ADCINT_ISR
00380080   _ADC_cal
000092f0   _ADXL345_Get_Angle
0000c3ac   _Acc
0000c382   _Acc_int
0000c3a8   _Accdt
0000c3aa   _Accdt1
0000c39c   _Accdt11
0000c39a   _Accdt2
00000b00   _AdcMirror
00007100   _AdcRegs
0000c4d8   _Alt_AVG
0000c3a0   _Alt_AVG_V
0000c4de   _Alt_BUF
00009d25   _Alt_SMOOTH
0000c300   _BUF
0000c2e4   _BUF1
0000c293   _BUF_1
0000c2d2   _BUF_recv
0000c2c0   _BUF_recv1
0000c314   _BUF_send
0000c26e   _BUF_send1
0000c268   _BUF_send2
0000c0d8   _COMD
00008457   _CRASH_LANDING
0000c461   _CY
0000ad50   _ConfigCpuTimer
0000c234   _CpuTimer0
00000c00   _CpuTimer0Regs
0000c224   _CpuTimer1
00000c08   _CpuTimer1Regs
0000c22c   _CpuTimer2
00000c10   _CpuTimer2Regs
0033fff8   _CsmPwl
00000ae0   _CsmRegs
0000a85f   _CsmUnlock
0000c0e2   _Current_ERROR
0000c074   _D2
0000936c   _DATALOG_ISR
0000a538   _DATA_printf
00009560   _DINTCH1_ISR
0000956a   _DINTCH2_ISR
00009574   _DINTCH3_ISR
0000957e   _DINTCH4_ISR
00009588   _DINTCH5_ISR
00009592   _DINTCH6_ISR
0000b62a   _DSP28x_usDelay
0000c40b   _DYN
0000c487   _Data_Check
00009ed2   _Data_Send_Senser
00009df7   _Data_Send_Status
0000a676   _Delay
0000a67f   _Delayms
00000880   _DevEmuRegs
0000a7b0   _DisableDog
00001000   _DmaRegs
0000c078   _Dynamic_PID_rate
000095ec   _ECAN0INTA_ISR
00009600   _ECAN0INTB_ISR
000095f6   _ECAN1INTA_ISR
0000960a   _ECAN1INTB_ISR
000094d4   _ECAP1_INT_ISR
000094de   _ECAP2_INT_ISR
000094e8   _ECAP3_INT_ISR
000094f2   _ECAP4_INT_ISR
000094fc   _ECAP5_INT_ISR
00009506   _ECAP6_INT_ISR
00006040   _ECanaLAMRegs
000060c0   _ECanaMOTORegs
00006080   _ECanaMOTSRegs
00006100   _ECanaMboxes
00006000   _ECanaRegs
00006240   _ECanbLAMRegs
000062c0   _ECanbMOTORegs
00006280   _ECanbMOTSRegs
00006300   _ECanbMboxes
00006200   _ECanbRegs
00006a00   _ECap1Regs
00006a20   _ECap2Regs
00006a40   _ECap3Regs
00006a60   _ECap4Regs
00006a80   _ECap5Regs
00006aa0   _ECap6Regs
0000965a   _EMPTY_ISR
00009380   _EMUINT_ISR
00009498   _EPWM1_INT_ISR
0000945c   _EPWM1_TZINT_ISR
000094a2   _EPWM2_INT_ISR
00009466   _EPWM2_TZINT_ISR
000094ac   _EPWM3_INT_ISR
00009470   _EPWM3_TZINT_ISR
000094b6   _EPWM4_INT_ISR
0000947a   _EPWM4_TZINT_ISR
000094c0   _EPWM5_INT_ISR
00009484   _EPWM5_TZINT_ISR
000094ca   _EPWM6_INT_ISR
0000948e   _EPWM6_TZINT_ISR
00006800   _EPwm1Regs
00006840   _EPwm2Regs
00006880   _EPwm3Regs
000068c0   _EPwm4Regs
00006900   _EPwm5Regs
00006940   _EPwm6Regs
00009510   _EQEP1_INT_ISR
0000951a   _EQEP2_INT_ISR
00006b00   _EQep1Regs
00006b40   _EQep2Regs
0000c1c0   _EXP_BUF_x
0000c140   _EXP_BUF_y
0000c10c   _EXP_PID
0000805d   _EXP_SMOOTH
0000c0f4   _EXP_THTA
0000c088   _EXP_YAW
0000b036   _EnableInterrupts
0000c02c   _Exp_rate
0000c402   _FF1
0000c000   _FLY_EN
00000a80   _FlashRegs
0000c009   _GO_BACK_X_CT
0000c007   _GO_BACK_X_STR
0000c024   _GO_BACK_X_VAL
0000c00a   _GO_BACK_Y_CT
0000c008   _GO_BACK_Y_STR
0000c0a2   _GO_BACK_Y_VAL
0000a231   _GPIO_Conf_SPI
0000a695   _GPIO_Configuration
0000c0c9   _GYR
0000c0d2   _GYR_CTR
0000c0e8   _GYR_F
0000c0ee   _GYR_F_AVG
0000c0dc   _GYR_F_RATE
0000c0c0   _GYR_OFFSET
0000c0c6   _GYR_RATE
0000981f   _Get_OFFSET
00009dd0   _Get_Pressure_offset
000098af   _Get_YAW_INIT
00006f80   _GpioCtrlRegs
00006fc0   _GpioDataRegs
00006fe0   _GpioIntRegs
0000c042   _Gyro_radian_old_x
0000c038   _Gyro_radian_old_y
0000c03a   _Gyro_radian_old_z
0000c0d5   _HMC
0000959c   _I2CINT1A_ISR
000095a6   _I2CINT2A_ISR
0000a58a   _I2C_delay
0000a44f   _I2C_rrdy
0000a446   _I2C_xrdy
00007900   _I2caRegs
0000972e   _IICwriteBit
0000974f   _IICwriteBits
00009394   _ILLEGAL_ISR
00009358   _INT13_ISR
00009362   _INT14_ISR
0000aec2   _ISRExint1
0000ae71   _ISRTimer0
0000ad0f   _InitCpuTimers
0000aed6   _InitECap
0000aee4   _InitECap1Gpio
0000aef2   _InitECap2Gpio
0000af00   _InitECap3Gpio
0000af0e   _InitECap4Gpio
0000af1c   _InitECap5Gpio
0000af2a   _InitECap6Gpio
0000aed7   _InitECapGpio
0000a890   _InitECapture1
0000a8b8   _InitECapture2
0000a8e0   _InitECapture3
0000a908   _InitECapture4
0000a930   _InitECapture5
0000a958   _InitECapture6
0000abe6   _InitEPwm
0000a980   _InitEPwm1Example
0000abf4   _InitEPwm1Gpio
0000a9b0   _InitEPwm2Example
0000ac06   _InitEPwm2Gpio
0000ac18   _InitEPwm3Gpio
0000ac2c   _InitEPwm4Gpio
0000ac40   _InitEPwm5Gpio
0000ac52   _InitEPwm6Gpio
0000abe7   _InitEPwmGpio
0000ac64   _InitEPwmSyncGpio
0000b60f   _InitFlash
0000b03f   _InitI2C
0000b04f   _InitI2CGpio
0000a804   _InitPeripheralClocks
0000b017   _InitPieCtrl
0000b0f2   _InitPieVectTable
0000a7b8   _InitPll
0000af7e   _InitSci
0000af7f   _InitSciGpio
0000a624   _InitSci_cGpio
0000af82   _InitSciaGpio
0000af97   _InitScibGpio
0000afab   _InitScicGpio
0000afc1   _InitSpi
0000afc2   _InitSpiGpio
0000afc5   _InitSpiaGpio
0000a79d   _InitSysCtrl
0000ac78   _InitTzGpio
0000a6a7   _InitXintf
0000a743   _InitXintf16Gpio
0000a6fc   _InitXintf32Gpio
0000995b   _Init_MPU6050
0000c02a   _LAST_GO_BACK_X
0000c026   _LAST_GO_BACK_Y
00009650   _LUF_ISR
00009646   _LVF_ISR
0000c00d   _Last_Motion
00008470   _Limit_amplitude
0000967b   _MPU6050_CONVENT
000096ce   _MPU6050_CONVENT1
0000c032   _MPU6050_GYRO_LAST_X
0000c036   _MPU6050_GYRO_LAST_Y
0000c034   _MPU6050_GYRO_LAST_Z
000097d9   _MPU6050_INIT
00009726   _MPU6050_READ
00009784   _MPU6050_setClockSource
000097c3   _MPU6050_setDLPF
0000979a   _MPU6050_setFullScaleAccelRange
0000978f   _MPU6050_setFullScaleGyroRange
000097b9   _MPU6050_setI2CBypassEnabled
000097af   _MPU6050_setI2CMasterModeEnabled
000097ce   _MPU6050_setRATE
000097a5   _MPU6050_setSleepEnabled
0000954c   _MRINTA_ISR
00009538   _MRINTB_ISR
00009d5a   _MS5611_init
00009556   _MXINTA_ISR
00009542   _MXINTB_ISR
00008ddf   _MahonyAHRSupdate
00008af5   _MahonyIMUupdate
00005000   _McbspaRegs
00005040   _McbspbRegs
0000c00b   _Motion
0000c012   _Motor1
0000c00f   _Motor1_1
0000c010   _Motor2
0000c017   _Motor2_1
0000c011   _Motor3
0000c015   _Motor3_1
0000c00e   _Motor4
0000c016   _Motor4_1
0000938a   _NMI_ISR
0000c018   _NOW_GO_BACK_X
0000c028   _NOW_GO_BACK_Y
0000a399   _NRF24L01_Check
0000a24d   _NRF24L01_Init
0000a329   _NRF24L01_RX_Mode
0000a299   _NRF24L01_Read_Buf
0000a289   _NRF24L01_Read_Reg
0000a2c9   _NRF24L01_RxPacket
0000a35c   _NRF24L01_TX_Mode
0000a2f1   _NRF24L01_TxPacket
0000a2b4   _NRF24L01_Write_Buf
0000a27b   _NRF24L01_Write_Reg
0000c100   _PID_DATA
00008000   _PID_INIT
00009667   _PIE_RESERVED
0000c060   _PI_MAX
0000a9f7   _PWM_CH1
0000aa0f   _PWM_CH2
0000aa27   _PWM_CH3
0000aa3f   _PWM_CH4
00000ce0   _PieCtrlRegs
00000d00   _PieVectTable
0000c522   _PieVectTableInit
0000c086   _Pitch
0000c09a   _Pitch_core_kd
0000c0b8   _Pitch_core_ki
0000c0b6   _Pitch_core_kp
0000c03e   _Pitch_core_out
0000c070   _Pitch_i
0000c07e   _Pitch_shell_ki
0000c0b2   _Pitch_shell_ki_out
0000c082   _Pitch_shell_kp
0000c0ba   _Pitch_shell_out
0000c4cc   _Pressure_AVG
0000c076   _RC_Pitch
0000c072   _RC_Roll
0000c06e   _RC_Yaw
000080be   _READ_CONTROL_COMMAND
0000c062   _RI_MAX
00009376   _RTOSINT_ISR
0000c418   _RX_ADDRESS
0000a3ee   _ReadData
00008497   _Refresh_Or_STOP_MOTOR
0000c0ae   _Roll
0000c094   _Roll_core_kd
0000c022   _Roll_core_kd_out
0000c0a6   _Roll_core_ki
0000c0a8   _Roll_core_ki_out
0000c098   _Roll_core_kp
0000c09e   _Roll_core_kp_out
0000c030   _Roll_core_out
0000c08a   _Roll_i
0000c07c   _Roll_shell_ki
0000c0be   _Roll_shell_ki_out
0000c07a   _Roll_shell_kp
0000c0b0   _Roll_shell_out
000095c4   _SCIRXINTA_ISR
000095d8   _SCIRXINTB_ISR
000095b0   _SCIRXINTC_ISR
000095ce   _SCITXINTA_ISR
000095e2   _SCITXINTB_ISR
000095ba   _SCITXINTC_ISR
00009416   _SEQ1INT_ISR
00009420   _SEQ2INT_ISR
00009524   _SPIRXINTA_ISR
0000952e   _SPITXINTA_ISR
0000a25f   _SPI_ReadWriteByte
0000825c   _STABLE_WITH_PID
00007050   _SciaRegs
00007750   _ScibRegs
00007770   _ScicRegs
0000c484   _Send_MotoPwm
0000c489   _Send_Offset
0000c482   _Send_PID1
0000c485   _Send_PID2
0000c480   _Send_PID3
0000c481   _Send_PID4
0000c48b   _Send_PID5
0000c483   _Send_PID6
0000c48a   _Send_RCData
0000c488   _Send_Senser
0000c486   _Send_Status
00009923   _Send_data
00009941   _Send_msg
0000a7a6   _ServiceDog
00007040   _SpiaRegs
00007010   _SysCtrlRegs
0000c514   _T1
0000c512   _T2
0000c518   _T3
0000c516   _T4
00009448   _TINT0_ISR
0000c40e   _TX_ADDRESS
0000c274   _TX_DATA
0000c24a   _T_T
0000c248   _T_X
0000c249   _T_X1
0000c246   _T_Y
0000c24b   _T_Y1
0000c247   _T_Z
0000c241   _T_Z1
0000c003   _ThreeD_EN
0000c002   _ThreeD_TMS
0000c51c   _Time1off
0000c51a   _Time1on
0000c508   _Time2off
0000c506   _Time2on
0000c504   _Time3off
0000c502   _Time3on
0000c510   _Time4off
0000c50e   _Time4on
0000c50c   _Time5off
0000c50a   _Time5on
0000c51e   _Time6off
0000c520   _Time6on
000093f8   _USER10_ISR
00009402   _USER11_ISR
0000940c   _USER12_ISR
0000939e   _USER1_ISR
000093a8   _USER2_ISR
000093b2   _USER3_ISR
000093bc   _USER4_ISR
000093c6   _USER5_ISR
000093d0   _USER6_ISR
000093da   _USER7_ISR
000093e4   _USER8_ISR
000093ee   _USER9_ISR
0000a60e   _Uart1_Put_Buf
0000c40c   _VAL
00009452   _WAKEINT_ISR
0000c500   _WARNING
0000a3c5   _WriteData
0000942a   _XINT1_ISR
00009434   _XINT2_ISR
00009614   _XINT3_ISR
0000961e   _XINT4_ISR
00009628   _XINT5_ISR
00009632   _XINT6_ISR
0000963c   _XINT7_ISR
00007070   _XIntruptRegs
00000b20   _XintfRegs
0000c260   _YAW_AVG_X
0000c262   _YAW_AVG_Y
0000c25c   _YAW_AVG_Z
0000c25e   _YAW_Angle
0000c084   _YAW_INIT
0000c257   _YAW_INIT_X
0000c24d   _YAW_INIT_Y
0000c24c   _YAW_INIT_Z
0000c118   _YAW_PID
00008a9a   _YAW_SMOOTH
0000c254   _YAW_X
0000c3ca   _YAW_X_BUF
0000c256   _YAW_Y
0000c3ae   _YAW_Y_BUF
0000c255   _YAW_Z
0000c3c0   _YAW_Z_BUF
0000c08e   _Yaw
0000c096   _Yaw_core_kd
0000c040   _Yaw_core_kd_out
0000c09c   _Yaw_core_ki
0000c03c   _Yaw_core_ki_out
0000c092   _Yaw_core_kp
0000c01a   _Yaw_core_kp_out
0000c02e   _Yaw_core_out
0000c080   _Yaw_i
0000c0b4   _Yaw_shell_ki
0000c0ac   _Yaw_shell_kp
0000c0bc   _Yaw_shell_out
000007e8   __STACK_END
000003e8   __STACK_SIZE
00000001   __TI_args_main
0000c3fc   ___TI_cleanup_ptr
0000c3fe   ___TI_dtors_ptr
ffffffff   ___binit__
ffffffff   ___c_args__
0000b19f   ___cinit__
0000b19f   ___etext__
0000b0d1   ___memcpy_ff
ffffffff   ___pinit__
00008000   ___text__
0000b132   __args_main
0000c23e   __lock
0000b196   __nop
0000b192   __register_lock
0000b18e   __register_unlock
00000400   __stack
0000c23c   __unlock
0000c407   _a
0000b14b   _abort
0000ad8b   _asin
0000ae02   _atan
0000ab22   _atan2
0000c05a   _avg_exp_x
0000c05c   _avg_exp_y
0000c404   _b
0000c253   _b1
0000c413   _buf
0000c41d   _buf1
0000c289   _buf_test
0000c266   _buf_test1
0000c40a   _c
0000c4c5   _c1
0000c4c4   _c2
0000c4c1   _c3
0000c4c0   _c4
0000c4c3   _c5
0000c4c6   _c6
0000af38   _c_int00
00009c3c   _calculatePressureAltitude
00009c00   _calculateTemperature
0000c4d4   _cc
0000c245   _check
00009a5f   _configexgpio
000099fc   _configtestled
000084c4   _control
00008636   _control1
000086b5   _control2
0000c001   _ct
0000c409   _d
0000c4d0   _d1
0000c4d2   _d2
0000c4da   _dT
00009a79   _data_buf
0000c48c   _data_to_send
0000c4d6   _dd
0000a208   _delay
0000a59e   _delay10ms
0000a5bd   _delay14ms
0000a594   _delay5ms
0000a1f8   _delay_loop
0000c394   _dt
0000c405   _e
0000aa57   _ecap1_isr
0000aa76   _ecap2_isr
0000aa95   _ecap3_isr
0000aab4   _ecap4_isr
0000aad3   _ecap5_isr
0000ab03   _ecap6_isr
0000c3fb   _errno
0000a216   _error
0000b14d   _exit
0000c054   _exp_yaw
0000c29d   _f
0000c2aa   _f_integral
0000c383   _flag_Acc
0000c340   _flow1_
0000c462   _flow_
0000b164   _frexp
0000c005   _goback
0000c35e   _gyr_offset_f
0000928d   _high_acc_ms5611
0000a47b   _hw_Single_MS5611_Write
0000a458   _hw_Single_Write
0000a497   _hw_i2cRead
0000a4e9   _hw_i2cRead_Single
0000c24f   _iii
0000c398   _integralFBx
0000c396   _integralFBy
0000c3a4   _integralFBz
0000a1ce   _invSqrt
0000c250   _jj
0000c240   _k
0000c242   _k1
0000c244   _k2
0000c35a   _last_ACC
0000c39e   _last_Alt_AVG
0000c06a   _last_exp_x
0000c06c   _last_exp_y
0000c04e   _last_gyr_x
0000c050   _last_gyr_y
0000c048   _last_yaw_error
0000a225   _led_init
00009993   _main
0000c004   _maxx
0000c364   _mpu6050_buffer
0000c372   _mpu6050buffer
0000a060   _mx_sin
0000a002   _my_abs
0000a181   _my_asin
0000a0e5   _my_cos
0000a00c   _my_pow
0000a0bf   _my_sin
0000a015   _my_sqrt
0000c068   _now_exp_x
0000c064   _now_exp_y
0000c406   _num
0000c403   _num1
0000c4ce   _p
0000c08c   _pitch
0000c0a0   _pitch_core_kd_out
0000c0aa   _pitch_core_ki_out
0000c0a4   _pitch_core_kp_out
0000c4ca   _pressureAlt
0000c4c8   _pressureAlt1
0000a9e0   _pwm_init
0000c25a   _pwm_num1
0000c258   _pwm_num2
0000c264   _pwm_num3
0000c386   _q0
0000c384   _q1
0000c388   _q2
0000c38c   _q3
0000c38a   _q_0
0000c38e   _q_1
0000c3a2   _q_2
0000c3a6   _q_3
0000c401   _rdata
00009bb4   _readPressureRequestPressure
00009bd9   _readPressureRequestTemperature
00009b8d   _readTemperatureRequestPressure
00009a1c   _read_back
0000c3f2   _readdata
0000c280   _readdata0
0000c090   _roll
00009671   _rsvd_ISR
0000c252   _s
0000a5dc   _scib_echoback_init
0000a61f   _scib_fifo_init
0000a5f9   _scib_msg
0000a5ef   _scib_xmit
0000a642   _scic_echoback_init
0000a63a   _scic_fifo_init
0000a661   _scic_msg
0000a655   _scic_xmit
0000c243   _sign
0000a245   _spi_fifo_init
0000a218   _spi_init
0000a258   _spi_xmit
0000b08c   _sqrt
0000c40d   _sss
0000c400   _sta
0000c408   _sta1
0000c04a   _sum_gyr_x
0000c058   _sum_gyr_y
0000c01e   _t1
0000c020   _t2
0000c01c   _t3
0000c251   _temp
0000c24e   _temp_out
0000c460   _test
0000c440   _tmp_buf2
0000c006   _tt1
0000c00c   _tt2
0000c066   _turn
0000c052   _turn_rate
0000c390   _twoKi
0000c392   _twoKp
0000a116   _xatan
0000a148   _yatan
0000c013   _yaw
0000c046   _yaw_d
0000c05e   _yaw_dt
0000c04c   _yaw_error
0000c044   _yaw_p
0000c056   _yaw_tmp
ffffffff   binit
0000b19f   cinit
00000000   code_start
0000b19f   etext
ffffffff   pinit


GLOBAL SYMBOLS: SORTED BY Symbol Address 

address    name
--------   ----
00000000   code_start
00000001   __TI_args_main
000003e8   __STACK_SIZE
00000400   __stack
000007e8   __STACK_END
00000880   _DevEmuRegs
00000a80   _FlashRegs
00000ae0   _CsmRegs
00000b00   _AdcMirror
00000b20   _XintfRegs
00000c00   _CpuTimer0Regs
00000c08   _CpuTimer1Regs
00000c10   _CpuTimer2Regs
00000ce0   _PieCtrlRegs
00000d00   _PieVectTable
00001000   _DmaRegs
00005000   _McbspaRegs
00005040   _McbspbRegs
00006000   _ECanaRegs
00006040   _ECanaLAMRegs
00006080   _ECanaMOTSRegs
000060c0   _ECanaMOTORegs
00006100   _ECanaMboxes
00006200   _ECanbRegs
00006240   _ECanbLAMRegs
00006280   _ECanbMOTSRegs
000062c0   _ECanbMOTORegs
00006300   _ECanbMboxes
00006800   _EPwm1Regs
00006840   _EPwm2Regs
00006880   _EPwm3Regs
000068c0   _EPwm4Regs
00006900   _EPwm5Regs
00006940   _EPwm6Regs
00006a00   _ECap1Regs
00006a20   _ECap2Regs
00006a40   _ECap3Regs
00006a60   _ECap4Regs
00006a80   _ECap5Regs
00006aa0   _ECap6Regs
00006b00   _EQep1Regs
00006b40   _EQep2Regs
00006f80   _GpioCtrlRegs
00006fc0   _GpioDataRegs
00006fe0   _GpioIntRegs
00007010   _SysCtrlRegs
00007040   _SpiaRegs
00007050   _SciaRegs
00007070   _XIntruptRegs
00007100   _AdcRegs
00007750   _ScibRegs
00007770   _ScicRegs
00007900   _I2caRegs
00008000   .text
00008000   _PID_INIT
00008000   ___text__
0000805d   _EXP_SMOOTH
000080be   _READ_CONTROL_COMMAND
0000825c   _STABLE_WITH_PID
00008457   _CRASH_LANDING
00008470   _Limit_amplitude
00008497   _Refresh_Or_STOP_MOTOR
000084c4   _control
00008636   _control1
000086b5   _control2
000089e3   _ACC_SMOOTH
00008a9a   _YAW_SMOOTH
00008af5   _MahonyIMUupdate
00008ddf   _MahonyAHRSupdate
0000928d   _high_acc_ms5611
000092f0   _ADXL345_Get_Angle
00009358   _INT13_ISR
00009362   _INT14_ISR
0000936c   _DATALOG_ISR
00009376   _RTOSINT_ISR
00009380   _EMUINT_ISR
0000938a   _NMI_ISR
00009394   _ILLEGAL_ISR
0000939e   _USER1_ISR
000093a8   _USER2_ISR
000093b2   _USER3_ISR
000093bc   _USER4_ISR
000093c6   _USER5_ISR
000093d0   _USER6_ISR
000093da   _USER7_ISR
000093e4   _USER8_ISR
000093ee   _USER9_ISR
000093f8   _USER10_ISR
00009402   _USER11_ISR
0000940c   _USER12_ISR
00009416   _SEQ1INT_ISR
00009420   _SEQ2INT_ISR
0000942a   _XINT1_ISR
00009434   _XINT2_ISR
0000943e   _ADCINT_ISR
00009448   _TINT0_ISR
00009452   _WAKEINT_ISR
0000945c   _EPWM1_TZINT_ISR
00009466   _EPWM2_TZINT_ISR
00009470   _EPWM3_TZINT_ISR
0000947a   _EPWM4_TZINT_ISR
00009484   _EPWM5_TZINT_ISR
0000948e   _EPWM6_TZINT_ISR
00009498   _EPWM1_INT_ISR
000094a2   _EPWM2_INT_ISR
000094ac   _EPWM3_INT_ISR
000094b6   _EPWM4_INT_ISR
000094c0   _EPWM5_INT_ISR
000094ca   _EPWM6_INT_ISR
000094d4   _ECAP1_INT_ISR
000094de   _ECAP2_INT_ISR
000094e8   _ECAP3_INT_ISR
000094f2   _ECAP4_INT_ISR
000094fc   _ECAP5_INT_ISR
00009506   _ECAP6_INT_ISR
00009510   _EQEP1_INT_ISR
0000951a   _EQEP2_INT_ISR
00009524   _SPIRXINTA_ISR
0000952e   _SPITXINTA_ISR
00009538   _MRINTB_ISR
00009542   _MXINTB_ISR
0000954c   _MRINTA_ISR
00009556   _MXINTA_ISR
00009560   _DINTCH1_ISR
0000956a   _DINTCH2_ISR
00009574   _DINTCH3_ISR
0000957e   _DINTCH4_ISR
00009588   _DINTCH5_ISR
00009592   _DINTCH6_ISR
0000959c   _I2CINT1A_ISR
000095a6   _I2CINT2A_ISR
000095b0   _SCIRXINTC_ISR
000095ba   _SCITXINTC_ISR
000095c4   _SCIRXINTA_ISR
000095ce   _SCITXINTA_ISR
000095d8   _SCIRXINTB_ISR
000095e2   _SCITXINTB_ISR
000095ec   _ECAN0INTA_ISR
000095f6   _ECAN1INTA_ISR
00009600   _ECAN0INTB_ISR
0000960a   _ECAN1INTB_ISR
00009614   _XINT3_ISR
0000961e   _XINT4_ISR
00009628   _XINT5_ISR
00009632   _XINT6_ISR
0000963c   _XINT7_ISR
00009646   _LVF_ISR
00009650   _LUF_ISR
0000965a   _EMPTY_ISR
00009667   _PIE_RESERVED
00009671   _rsvd_ISR
0000967b   _MPU6050_CONVENT
000096ce   _MPU6050_CONVENT1
00009726   _MPU6050_READ
0000972e   _IICwriteBit
0000974f   _IICwriteBits
00009784   _MPU6050_setClockSource
0000978f   _MPU6050_setFullScaleGyroRange
0000979a   _MPU6050_setFullScaleAccelRange
000097a5   _MPU6050_setSleepEnabled
000097af   _MPU6050_setI2CMasterModeEnabled
000097b9   _MPU6050_setI2CBypassEnabled
000097c3   _MPU6050_setDLPF
000097ce   _MPU6050_setRATE
000097d9   _MPU6050_INIT
0000981f   _Get_OFFSET
000098af   _Get_YAW_INIT
00009923   _Send_data
00009941   _Send_msg
0000995b   _Init_MPU6050
00009993   _main
000099fc   _configtestled
00009a1c   _read_back
00009a5f   _configexgpio
00009a79   _data_buf
00009b8d   _readTemperatureRequestPressure
00009bb4   _readPressureRequestPressure
00009bd9   _readPressureRequestTemperature
00009c00   _calculateTemperature
00009c3c   _calculatePressureAltitude
00009d25   _Alt_SMOOTH
00009d5a   _MS5611_init
00009dd0   _Get_Pressure_offset
00009df7   _Data_Send_Status
00009ed2   _Data_Send_Senser
0000a002   _my_abs
0000a00c   _my_pow
0000a015   _my_sqrt
0000a060   _mx_sin
0000a0bf   _my_sin
0000a0e5   _my_cos
0000a116   _xatan
0000a148   _yatan
0000a181   _my_asin
0000a1ce   _invSqrt
0000a1f8   _delay_loop
0000a208   _delay
0000a216   _error
0000a218   _spi_init
0000a225   _led_init
0000a231   _GPIO_Conf_SPI
0000a245   _spi_fifo_init
0000a24d   _NRF24L01_Init
0000a258   _spi_xmit
0000a25f   _SPI_ReadWriteByte
0000a27b   _NRF24L01_Write_Reg
0000a289   _NRF24L01_Read_Reg
0000a299   _NRF24L01_Read_Buf
0000a2b4   _NRF24L01_Write_Buf
0000a2c9   _NRF24L01_RxPacket
0000a2f1   _NRF24L01_TxPacket
0000a329   _NRF24L01_RX_Mode
0000a35c   _NRF24L01_TX_Mode
0000a399   _NRF24L01_Check
0000a3c5   _WriteData
0000a3ee   _ReadData
0000a446   _I2C_xrdy
0000a44f   _I2C_rrdy
0000a458   _hw_Single_Write
0000a47b   _hw_Single_MS5611_Write
0000a497   _hw_i2cRead
0000a4e9   _hw_i2cRead_Single
0000a538   _DATA_printf
0000a58a   _I2C_delay
0000a594   _delay5ms
0000a59e   _delay10ms
0000a5bd   _delay14ms
0000a5dc   _scib_echoback_init
0000a5ef   _scib_xmit
0000a5f9   _scib_msg
0000a60e   _Uart1_Put_Buf
0000a61f   _scib_fifo_init
0000a624   _InitSci_cGpio
0000a63a   _scic_fifo_init
0000a642   _scic_echoback_init
0000a655   _scic_xmit
0000a661   _scic_msg
0000a676   _Delay
0000a67f   _Delayms
0000a695   _GPIO_Configuration
0000a6a7   _InitXintf
0000a6fc   _InitXintf32Gpio
0000a743   _InitXintf16Gpio
0000a79d   _InitSysCtrl
0000a7a6   _ServiceDog
0000a7b0   _DisableDog
0000a7b8   _InitPll
0000a804   _InitPeripheralClocks
0000a85f   _CsmUnlock
0000a890   _InitECapture1
0000a8b8   _InitECapture2
0000a8e0   _InitECapture3
0000a908   _InitECapture4
0000a930   _InitECapture5
0000a958   _InitECapture6
0000a980   _InitEPwm1Example
0000a9b0   _InitEPwm2Example
0000a9e0   _pwm_init
0000a9f7   _PWM_CH1
0000aa0f   _PWM_CH2
0000aa27   _PWM_CH3
0000aa3f   _PWM_CH4
0000aa57   _ecap1_isr
0000aa76   _ecap2_isr
0000aa95   _ecap3_isr
0000aab4   _ecap4_isr
0000aad3   _ecap5_isr
0000ab03   _ecap6_isr
0000ab22   _atan2
0000abe6   _InitEPwm
0000abe7   _InitEPwmGpio
0000abf4   _InitEPwm1Gpio
0000ac06   _InitEPwm2Gpio
0000ac18   _InitEPwm3Gpio
0000ac2c   _InitEPwm4Gpio
0000ac40   _InitEPwm5Gpio
0000ac52   _InitEPwm6Gpio
0000ac64   _InitEPwmSyncGpio
0000ac78   _InitTzGpio
0000ac87   FS$$DIV
0000ad0f   _InitCpuTimers
0000ad50   _ConfigCpuTimer
0000ad8b   _asin
0000ae02   _atan
0000ae71   _ISRTimer0
0000aec2   _ISRExint1
0000aed6   _InitECap
0000aed7   _InitECapGpio
0000aee4   _InitECap1Gpio
0000aef2   _InitECap2Gpio
0000af00   _InitECap3Gpio
0000af0e   _InitECap4Gpio
0000af1c   _InitECap5Gpio
0000af2a   _InitECap6Gpio
0000af38   _c_int00
0000af7e   _InitSci
0000af7f   _InitSciGpio
0000af82   _InitSciaGpio
0000af97   _InitScibGpio
0000afab   _InitScicGpio
0000afc1   _InitSpi
0000afc2   _InitSpiGpio
0000afc5   _InitSpiaGpio
0000afed   L$$DIV
0000affc   L$$MOD
0000b00a   UL$$DIV
0000b011   UL$$MOD
0000b017   _InitPieCtrl
0000b036   _EnableInterrupts
0000b03f   _InitI2C
0000b04f   _InitI2CGpio
0000b065   FS$$TOLL
0000b08c   _sqrt
0000b0af   I$$DIV
0000b0c0   I$$MOD
0000b0d1   ___memcpy_ff
0000b0f2   _InitPieVectTable
0000b112   LL$$TOFS
0000b132   __args_main
0000b14b   C$$EXIT
0000b14b   _abort
0000b14d   _exit
0000b164   _frexp
0000b17a   LL$$MPY
0000b18e   __register_unlock
0000b192   __register_lock
0000b196   __nop
0000b19f   ___cinit__
0000b19f   ___etext__
0000b19f   cinit
0000b19f   etext
0000b60f   _InitFlash
0000b62a   _DSP28x_usDelay
0000c000   _FLY_EN
0000c001   _ct
0000c002   _ThreeD_TMS
0000c003   _ThreeD_EN
0000c004   _maxx
0000c005   _goback
0000c006   _tt1
0000c007   _GO_BACK_X_STR
0000c008   _GO_BACK_Y_STR
0000c009   _GO_BACK_X_CT
0000c00a   _GO_BACK_Y_CT
0000c00b   _Motion
0000c00c   _tt2
0000c00d   _Last_Motion
0000c00e   _Motor4
0000c00f   _Motor1_1
0000c010   _Motor2
0000c011   _Motor3
0000c012   _Motor1
0000c013   _yaw
0000c015   _Motor3_1
0000c016   _Motor4_1
0000c017   _Motor2_1
0000c018   _NOW_GO_BACK_X
0000c01a   _Yaw_core_kp_out
0000c01c   _t3
0000c01e   _t1
0000c020   _t2
0000c022   _Roll_core_kd_out
0000c024   _GO_BACK_X_VAL
0000c026   _LAST_GO_BACK_Y
0000c028   _NOW_GO_BACK_Y
0000c02a   _LAST_GO_BACK_X
0000c02c   _Exp_rate
0000c02e   _Yaw_core_out
0000c030   _Roll_core_out
0000c032   _MPU6050_GYRO_LAST_X
0000c034   _MPU6050_GYRO_LAST_Z
0000c036   _MPU6050_GYRO_LAST_Y
0000c038   _Gyro_radian_old_y
0000c03a   _Gyro_radian_old_z
0000c03c   _Yaw_core_ki_out
0000c03e   _Pitch_core_out
0000c040   _Yaw_core_kd_out
0000c042   _Gyro_radian_old_x
0000c044   _yaw_p
0000c046   _yaw_d
0000c048   _last_yaw_error
0000c04a   _sum_gyr_x
0000c04c   _yaw_error
0000c04e   _last_gyr_x
0000c050   _last_gyr_y
0000c052   _turn_rate
0000c054   _exp_yaw
0000c056   _yaw_tmp
0000c058   _sum_gyr_y
0000c05a   _avg_exp_x
0000c05c   _avg_exp_y
0000c05e   _yaw_dt
0000c060   _PI_MAX
0000c062   _RI_MAX
0000c064   _now_exp_y
0000c066   _turn
0000c068   _now_exp_x
0000c06a   _last_exp_x
0000c06c   _last_exp_y
0000c06e   _RC_Yaw
0000c070   _Pitch_i
0000c072   _RC_Roll
0000c074   _D2
0000c076   _RC_Pitch
0000c078   _Dynamic_PID_rate
0000c07a   _Roll_shell_kp
0000c07c   _Roll_shell_ki
0000c07e   _Pitch_shell_ki
0000c080   _Yaw_i
0000c082   _Pitch_shell_kp
0000c084   _YAW_INIT
0000c086   _Pitch
0000c088   _EXP_YAW
0000c08a   _Roll_i
0000c08c   _pitch
0000c08e   _Yaw
0000c090   _roll
0000c092   _Yaw_core_kp
0000c094   _Roll_core_kd
0000c096   _Yaw_core_kd
0000c098   _Roll_core_kp
0000c09a   _Pitch_core_kd
0000c09c   _Yaw_core_ki
0000c09e   _Roll_core_kp_out
0000c0a0   _pitch_core_kd_out
0000c0a2   _GO_BACK_Y_VAL
0000c0a4   _pitch_core_kp_out
0000c0a6   _Roll_core_ki
0000c0a8   _Roll_core_ki_out
0000c0aa   _pitch_core_ki_out
0000c0ac   _Yaw_shell_kp
0000c0ae   _Roll
0000c0b0   _Roll_shell_out
0000c0b2   _Pitch_shell_ki_out
0000c0b4   _Yaw_shell_ki
0000c0b6   _Pitch_core_kp
0000c0b8   _Pitch_core_ki
0000c0ba   _Pitch_shell_out
0000c0bc   _Yaw_shell_out
0000c0be   _Roll_shell_ki_out
0000c0c0   _GYR_OFFSET
0000c0c3   _ACC
0000c0c6   _GYR_RATE
0000c0c9   _GYR
0000c0cc   _ACC_OFFSET
0000c0cf   _ACC_AVG
0000c0d2   _GYR_CTR
0000c0d5   _HMC
0000c0d8   _COMD
0000c0dc   _GYR_F_RATE
0000c0e2   _Current_ERROR
0000c0e8   _GYR_F
0000c0ee   _GYR_F_AVG
0000c0f4   _EXP_THTA
0000c100   _PID_DATA
0000c10c   _EXP_PID
0000c118   _YAW_PID
0000c140   _EXP_BUF_y
0000c1c0   _EXP_BUF_x
0000c224   _CpuTimer1
0000c22c   _CpuTimer2
0000c234   _CpuTimer0
0000c23c   __unlock
0000c23e   __lock
0000c240   _k
0000c241   _T_Z1
0000c242   _k1
0000c243   _sign
0000c244   _k2
0000c245   _check
0000c246   _T_Y
0000c247   _T_Z
0000c248   _T_X
0000c249   _T_X1
0000c24a   _T_T
0000c24b   _T_Y1
0000c24c   _YAW_INIT_Z
0000c24d   _YAW_INIT_Y
0000c24e   _temp_out
0000c24f   _iii
0000c250   _jj
0000c251   _temp
0000c252   _s
0000c253   _b1
0000c254   _YAW_X
0000c255   _YAW_Z
0000c256   _YAW_Y
0000c257   _YAW_INIT_X
0000c258   _pwm_num2
0000c25a   _pwm_num1
0000c25c   _YAW_AVG_Z
0000c25e   _YAW_Angle
0000c260   _YAW_AVG_X
0000c262   _YAW_AVG_Y
0000c264   _pwm_num3
0000c266   _buf_test1
0000c268   _BUF_send2
0000c26e   _BUF_send1
0000c274   _TX_DATA
0000c280   _readdata0
0000c289   _buf_test
0000c293   _BUF_1
0000c29d   _f
0000c2aa   _f_integral
0000c2c0   _BUF_recv1
0000c2d2   _BUF_recv
0000c2e4   _BUF1
0000c300   _BUF
0000c314   _BUF_send
0000c340   _flow1_
0000c35a   _last_ACC
0000c35e   _gyr_offset_f
0000c364   _mpu6050_buffer
0000c372   _mpu6050buffer
0000c382   _Acc_int
0000c383   _flag_Acc
0000c384   _q1
0000c386   _q0
0000c388   _q2
0000c38a   _q_0
0000c38c   _q3
0000c38e   _q_1
0000c390   _twoKi
0000c392   _twoKp
0000c394   _dt
0000c396   _integralFBy
0000c398   _integralFBx
0000c39a   _Accdt2
0000c39c   _Accdt11
0000c39e   _last_Alt_AVG
0000c3a0   _Alt_AVG_V
0000c3a2   _q_2
0000c3a4   _integralFBz
0000c3a6   _q_3
0000c3a8   _Accdt
0000c3aa   _Accdt1
0000c3ac   _Acc
0000c3ae   _YAW_Y_BUF
0000c3c0   _YAW_Z_BUF
0000c3ca   _YAW_X_BUF
0000c3d4   _ACC_Y_BUF
0000c3de   _ACC_Z_BUF
0000c3e8   _ACC_X_BUF
0000c3f2   _readdata
0000c3fb   _errno
0000c3fc   ___TI_cleanup_ptr
0000c3fe   ___TI_dtors_ptr
0000c400   _sta
0000c401   _rdata
0000c402   _FF1
0000c403   _num1
0000c404   _b
0000c405   _e
0000c406   _num
0000c407   _a
0000c408   _sta1
0000c409   _d
0000c40a   _c
0000c40b   _DYN
0000c40c   _VAL
0000c40d   _sss
0000c40e   _TX_ADDRESS
0000c413   _buf
0000c418   _RX_ADDRESS
0000c41d   _buf1
0000c440   _tmp_buf2
0000c460   _test
0000c461   _CY
0000c462   _flow_
0000c480   _Send_PID3
0000c481   _Send_PID4
0000c482   _Send_PID1
0000c483   _Send_PID6
0000c484   _Send_MotoPwm
0000c485   _Send_PID2
0000c486   _Send_Status
0000c487   _Data_Check
0000c488   _Send_Senser
0000c489   _Send_Offset
0000c48a   _Send_RCData
0000c48b   _Send_PID5
0000c48c   _data_to_send
0000c4c0   _c4
0000c4c1   _c3
0000c4c3   _c5
0000c4c4   _c2
0000c4c5   _c1
0000c4c6   _c6
0000c4c8   _pressureAlt1
0000c4ca   _pressureAlt
0000c4cc   _Pressure_AVG
0000c4ce   _p
0000c4d0   _d1
0000c4d2   _d2
0000c4d4   _cc
0000c4d6   _dd
0000c4d8   _Alt_AVG
0000c4da   _dT
0000c4de   _Alt_BUF
0000c500   _WARNING
0000c502   _Time3on
0000c504   _Time3off
0000c506   _Time2on
0000c508   _Time2off
0000c50a   _Time5on
0000c50c   _Time5off
0000c50e   _Time4on
0000c510   _Time4off
0000c512   _T2
0000c514   _T1
0000c516   _T4
0000c518   _T3
0000c51a   _Time1on
0000c51c   _Time1off
0000c51e   _Time6off
0000c520   _Time6on
0000c522   _PieVectTableInit
0033fff8   _CsmPwl
00380080   _ADC_cal
ffffffff   ___binit__
ffffffff   ___c_args__
ffffffff   ___pinit__
ffffffff   binit
ffffffff   pinit

[624 symbols]
